<html>
<body>
<pre>
<h1>礦ision Build Log</h1>
<h2>Tool Versions:</h2>
IDE-Version: μVision V5.14.0.0
Copyright (C) 2015 ARM Ltd and ARM Germany GmbH. All rights reserved.
License Information: cranelfy88 Windows, HP Inc., LIC=LJWGK-Z4NFM-LUA4M-XX4UA-DSA4U-P7Y40
 
Tool Versions:
Toolchain:       MDK-ARM Professional  Version: 5.14.0.0
Toolchain Path:  D:\software\ARM\ARMCC\Bin
C Compiler:      Armcc.exe V5.05 update 1 (build 106)
Assembler:       Armasm.exe V5.05 update 1 (build 106)
Linker/Locator:  ArmLink.exe V5.05 update 1 (build 106)
Library Manager: ArmAr.exe V5.05 update 1 (build 106)
Hex Converter:   FromElf.exe V5.05 update 1 (build 106)
CPU DLL:         SARMCM3.DLL V5.14.0.0
Dialog DLL:      DCM.DLL V1.13.1.0
Target DLL:      Segger\JL2CM3.dll V2.99.13.0
Dialog DLL:      TCM.DLL V1.14.4.0
 
<h2>Project:</h2>
D:\学习工作\TDT\Motor_Driver\测试\project\f405.uvprojx
Project File Date:  12/02/2018

<h2>Output:</h2>
Rebuild target 'f405'
compiling main.c...
compiling stm32f4xx_it.c...
compiling schedule.c...
compiling board.c...
compiling can1.c...
compiling usart1.c...
compiling can2.c...
compiling control.c...
compiling dbus.c...
compiling filter.c...
compiling led.c...
compiling mymath.c...
compiling parameter.c...
compiling time.c...
compiling Robomodule.c...
compiling timer.c...
compiling mlt8530.c...
compiling softiic1.c...
compiling softiic2.c...
compiling OLED_I2C.c...
compiling codetab.c...
compiling 485.c...
compiling timer485.c...
compiling mpu6050Top.c...
compiling imu.c...
compiling Engine_gpio.c...
compiling Distance.c...
compiling Camera.c...
compiling Distance_Voice.c...
compiling mpu6050Bot.c...
compiling model_ident.c...
compiling RingQueue.c...
compiling judgement.c...
compiling crc.c...
compiling data_send.c...
compiling DRV8305.c...
compiling spi.c...
compiling TIM1.c...
compiling AS5048.c...
compiling misc.c...
assembling startup_stm32f4xx.s...
compiling stm32f4xx_adc.c...
compiling stm32f4xx_can.c...
compiling stm32f4xx_crc.c...
compiling stm32f4xx_cryp.c...
compiling stm32f4xx_cryp_aes.c...
compiling stm32f4xx_cryp_des.c...
compiling stm32f4xx_cryp_tdes.c...
compiling stm32f4xx_dac.c...
compiling stm32f4xx_dbgmcu.c...
compiling stm32f4xx_dcmi.c...
compiling stm32f4xx_dma.c...
compiling stm32f4xx_exti.c...
compiling stm32f4xx_flash.c...
compiling stm32f4xx_fsmc.c...
compiling stm32f4xx_gpio.c...
compiling stm32f4xx_hash.c...
compiling stm32f4xx_hash_md5.c...
compiling stm32f4xx_hash_sha1.c...
compiling stm32f4xx_i2c.c...
compiling stm32f4xx_iwdg.c...
compiling stm32f4xx_pwr.c...
compiling stm32f4xx_rcc.c...
compiling stm32f4xx_rng.c...
compiling stm32f4xx_rtc.c...
compiling stm32f4xx_sdio.c...
compiling stm32f4xx_spi.c...
compiling stm32f4xx_syscfg.c...
compiling stm32f4xx_tim.c...
compiling stm32f4xx_usart.c...
compiling stm32f4xx_wwdg.c...
compiling system_stm32f4xx.c...
linking...
Program Size: Code=35072 RO-data=1520 RW-data=15952 ZI-data=4256  
".\Objects\f405.axf" - 0 Error(s), 0 Warning(s).

<h2>Collection of Component include folders:</h2>
  D:\学习工作\TDT\Motor_Driver\测试\project\RTE
  D:\software\ARM\PACK\Keil\STM32F4xx_DFP\2.7.0

<h2>Collection of Component Files used:</h2>
</pre>
</body>
</html>
