<html>
<body>
<pre>
<h1>礦ision Build Log</h1>
<h2>Tool Versions:</h2>
IDE-Version: μVision V5.14.0.0
Copyright (C) 2015 ARM Ltd and ARM Germany GmbH. All rights reserved.
License Information: cranelfy88 Windows, HP Inc., LIC=LJWGK-Z4NFM-LUA4M-XX4UA-DSA4U-P7Y40
 
Tool Versions:
Toolchain:       MDK-ARM Professional  Version: 5.14.0.0
Toolchain Path:  D:\software\ARM\ARMCC\Bin
C Compiler:      Armcc.exe V5.05 update 1 (build 106)
Assembler:       Armasm.exe V5.05 update 1 (build 106)
Linker/Locator:  ArmLink.exe V5.05 update 1 (build 106)
Library Manager: ArmAr.exe V5.05 update 1 (build 106)
Hex Converter:   FromElf.exe V5.05 update 1 (build 106)
CPU DLL:         SARMCM3.DLL V5.14.0.0
Dialog DLL:      DCM.DLL V1.13.1.0
Target DLL:      Segger\JL2CM3.dll V2.99.13.0
Dialog DLL:      TCM.DLL V1.14.4.0
 
<h2>Project:</h2>
D:\学习工作\TDT\Motor_Driver\F103_Demo\Project\STM32F103C.uvprojx
Project File Date:  01/13/2019

<h2>Output:</h2>
Rebuild target 'STM32F103C8T6'
compiling stm32f10x_it.c...
compiling main.c...
compiling schedule.c...
..\Mylib\schedule.c(4): warning:  #550-D: variable "loop_time_1000hz" was set but never used
        float loop_time_1000hz;
..\Mylib\schedule.c(12): warning:  #550-D: variable "loop_time_500hz" was set but never used
        float loop_time_500hz;
..\Mylib\schedule.c(28): warning:  #550-D: variable "loop_time_100hz" was set but never used
        float loop_time_100hz;
..\Mylib\schedule.c: 3 warnings, 0 errors
compiling board.c...
compiling key.c...
compiling delay.c...
compiling time.c...
compiling pwm.c...
compiling Input.c...
compiling SPI1.c...
compiling SPI2.c...
compiling TIM1.c...
compiling DRV8305.c...
compiling model_ident.c...
compiling SVPWM.c...
..\Mylib\SVPWM.c(37): warning:  #177-D: variable "temp" was declared but never referenced
    int t1,t2,temp,Sum_OverMod;
..\Mylib\SVPWM.c(38): warning:  #177-D: variable "m" was declared but never referenced
    float sqrt_3=1.7320508075689, m=1/*SVPWM调制比*/;
..\Mylib\SVPWM.c(40): warning:  #177-D: variable "mysin" was declared but never referenced
    static float mysin; 
..\Mylib\SVPWM.c: 3 warnings, 0 errors
compiling Foc.c...
compiling AS5048a.c...
compiling misc.c...
compiling stm32f10x_adc.c...
compiling stm32f10x_can.c...
compiling stm32f10x_gpio.c...
compiling stm32f10x_rcc.c...
compiling stm32f10x_tim.c...
compiling stm32f10x_usart.c...
compiling stm32f10x_dma.c...
compiling stm32f10x_flash.c...
compiling stm32f10x_exti.c...
compiling stm32f10x_spi.c...
assembling startup_stm32f10x_md.s...
compiling system_stm32f10x.c...
linking...
Program Size: Code=4696 RO-data=268 RW-data=36 ZI-data=1220  
FromELF: creating hex file...
".\Objects\STM32F103C.axf" - 0 Error(s), 6 Warning(s).

<h2>Software Packages used:</h2>

Package Vendor: ARM
                http://www.keil.com/pack/ARM.CMSIS.4.2.0.pack
                ARM::CMSIS:CORE:3.40.0
                CMSIS (Cortex Microcontroller Software Interface Standard)
   * Component: CORE Version: 3.40.0

Package Vendor: Keil
                http://www.keil.com/pack/Keil.STM32F1xx_DFP.2.1.0.pack
                Keil::Device:Startup:1.0.0
                STMicroelectronics STM32F1 Series Device Support, Drivers and Examples
   * Component: Startup Version: 1.0.0

<h2>Collection of Component include folders:</h2>
  D:\学习工作\TDT\Motor_Driver\F103_Demo\Project\RTE
  D:\学习工作\TDT\Motor_Driver\F103_Demo\Project\RTE\Device\STM32F103C8
  D:\software\ARM\PACK\ARM\CMSIS\4.2.0\CMSIS\Include
  D:\software\ARM\PACK\Keil\STM32F1xx_DFP\2.1.0
  D:\software\ARM\PACK\Keil\STM32F1xx_DFP\2.1.0\Device\Include

<h2>Collection of Component Files used:</h2>

   * Component: ARM::CMSIS:CORE:3.40.0
      Source file:   CMSIS\UserCodeTemplates\ARM\ITM_Retarget.c

   * Component: Keil::Device:Startup:1.0.0
      Source file:   Device\Source\ARM\STM32F1xx_OPT.s
      Source file:   Device\Source\system_stm32f10x.c
      Include file:  RTE_Driver\Config\RTE_Device.h
      Source file:   Device\Source\ARM\startup_stm32f10x_md.s
</pre>
</body>
</html>
