Component: ARM Compiler 5.05 update 1 (build 106) Tool: armlink [4d0efa]

==============================================================================

Section Cross References

    main.o(i.main) refers to pwm.o(i.PWM_Configuration) for PWM_Configuration
    main.o(i.main) refers to pwm.o(i.INH_Init) for INH_Init
    main.o(i.main) refers to parameter.o(i.Load_Parameters) for Load_Parameters
    main.o(i.main) refers to capture.o(i.TIM3_Cap_Init) for TIM3_Cap_Init
    main.o(i.main) refers to key.o(i.KEY_Configuration) for KEY_Configuration
    main.o(i.main) refers to systick.o(i.SysTick_Init) for SysTick_Init
    main.o(i.main) refers to filter.o(i.LPF2pSetCutoffFreq_1) for LPF2pSetCutoffFreq_1
    main.o(i.main) refers to pwm.o(i.Commutation) for Commutation
    main.o(i.main) refers to stm32f10x_gpio.o(i.GPIO_ResetBits) for GPIO_ResetBits
    main.o(i.main) refers to pwm.o(i.BLDC_U) for BLDC_U
    main.o(i.main) refers to pwm.o(i.BLDC_V) for BLDC_V
    main.o(i.main) refers to pwm.o(i.BLDC_W) for BLDC_W
    main.o(i.main) refers to stm32f10x_gpio.o(i.GPIO_SetBits) for GPIO_SetBits
    main.o(i.main) refers to control.o(.data) for runFlag
    main.o(i.main) refers to capture.o(.data) for TIM3CH3_CAPTURE_STA
    main.o(i.main) refers to main.o(.data) for BLDC_POSTION
    stm32f10x_it.o(i.EXTI0_IRQHandler) refers to stm32f10x_exti.o(i.EXTI_GetITStatus) for EXTI_GetITStatus
    stm32f10x_it.o(i.EXTI0_IRQHandler) refers to stm32f10x_gpio.o(i.GPIO_ReadInputDataBit) for GPIO_ReadInputDataBit
    stm32f10x_it.o(i.EXTI0_IRQHandler) refers to stm32f10x_exti.o(i.EXTI_ClearITPendingBit) for EXTI_ClearITPendingBit
    stm32f10x_it.o(i.EXTI0_IRQHandler) refers to encoder.o(.bss) for encoder
    stm32f10x_it.o(i.SysTick_Handler) refers to schedule.o(i.Loop) for Loop
    stm32f10x_it.o(i.SysTick_Handler) refers to schedule.o(.bss) for schedule
    stm32f10x_it.o(i.SysTick_Handler) refers to stm32f10x_it.o(.data) for sys_time_ms
    encoder.o(i.Encoder_Configuration) refers to stm32f10x_rcc.o(i.RCC_APB2PeriphClockCmd) for RCC_APB2PeriphClockCmd
    encoder.o(i.Encoder_Configuration) refers to encoder.o(i.NVIC_Configuration) for NVIC_Configuration
    encoder.o(i.Encoder_Configuration) refers to stm32f10x_gpio.o(i.GPIO_Init) for GPIO_Init
    encoder.o(i.Encoder_Configuration) refers to stm32f10x_gpio.o(i.GPIO_EXTILineConfig) for GPIO_EXTILineConfig
    encoder.o(i.Encoder_Configuration) refers to stm32f10x_exti.o(i.EXTI_Init) for EXTI_Init
    encoder.o(i.NVIC_Configuration) refers to misc.o(i.NVIC_PriorityGroupConfig) for NVIC_PriorityGroupConfig
    encoder.o(i.NVIC_Configuration) refers to misc.o(i.NVIC_Init) for NVIC_Init
    pwm.o(i.Commutation) refers to dflti.o(.text) for __aeabi_i2d
    pwm.o(i.Commutation) refers to cdrcmple.o(.text) for __aeabi_cdrcmple
    pwm.o(i.Commutation) refers to cdcmple.o(.text) for __aeabi_cdcmple
    pwm.o(i.Commutation) refers to ddiv.o(.text) for __aeabi_ddiv
    pwm.o(i.Commutation) refers to dadd.o(.text) for __aeabi_dsub
    pwm.o(i.Commutation) refers to main.o(.data) for BLDC_DIR_FLG
    pwm.o(i.Commutation) refers to parameter.o(.data) for BLDC_HALL_POS
    pwm.o(i.INH_Init) refers to stm32f10x_rcc.o(i.RCC_APB2PeriphClockCmd) for RCC_APB2PeriphClockCmd
    pwm.o(i.INH_Init) refers to stm32f10x_gpio.o(i.GPIO_Init) for GPIO_Init
    pwm.o(i.INH_Init) refers to stm32f10x_gpio.o(i.GPIO_ResetBits) for GPIO_ResetBits
    pwm.o(i.PWM_Configuration) refers to stm32f10x_rcc.o(i.RCC_APB2PeriphClockCmd) for RCC_APB2PeriphClockCmd
    pwm.o(i.PWM_Configuration) refers to stm32f10x_rcc.o(i.RCC_APB1PeriphClockCmd) for RCC_APB1PeriphClockCmd
    pwm.o(i.PWM_Configuration) refers to stm32f10x_gpio.o(i.GPIO_Init) for GPIO_Init
    pwm.o(i.PWM_Configuration) refers to stm32f10x_tim.o(i.TIM_TimeBaseInit) for TIM_TimeBaseInit
    pwm.o(i.PWM_Configuration) refers to stm32f10x_tim.o(i.TIM_OC1Init) for TIM_OC1Init
    pwm.o(i.PWM_Configuration) refers to stm32f10x_tim.o(i.TIM_OC2Init) for TIM_OC2Init
    pwm.o(i.PWM_Configuration) refers to stm32f10x_tim.o(i.TIM_ARRPreloadConfig) for TIM_ARRPreloadConfig
    pwm.o(i.PWM_Configuration) refers to stm32f10x_tim.o(i.TIM_CtrlPWMOutputs) for TIM_CtrlPWMOutputs
    pwm.o(i.PWM_Configuration) refers to stm32f10x_tim.o(i.TIM_Cmd) for TIM_Cmd
    usart2.o(i.DMA1_Channel6_IRQHandler) refers to stm32f10x_dma.o(i.DMA_GetITStatus) for DMA_GetITStatus
    usart2.o(i.DMA1_Channel6_IRQHandler) refers to stm32f10x_dma.o(i.DMA_ClearFlag) for DMA_ClearFlag
    usart2.o(i.DMA1_Channel6_IRQHandler) refers to stm32f10x_dma.o(i.DMA_ClearITPendingBit) for DMA_ClearITPendingBit
    usart2.o(i.USART2_Configuration) refers to stm32f10x_rcc.o(i.RCC_APB2PeriphClockCmd) for RCC_APB2PeriphClockCmd
    usart2.o(i.USART2_Configuration) refers to stm32f10x_rcc.o(i.RCC_APB1PeriphClockCmd) for RCC_APB1PeriphClockCmd
    usart2.o(i.USART2_Configuration) refers to stm32f10x_rcc.o(i.RCC_AHBPeriphClockCmd) for RCC_AHBPeriphClockCmd
[...]
    cdcmple.o(.text) refers (Special) to iusefp.o(.text) for __I$use$fp
    cdrcmple.o(.text) refers (Special) to iusefp.o(.text) for __I$use$fp
    d2f.o(.text) refers (Special) to iusefp.o(.text) for __I$use$fp
    d2f.o(.text) refers to fepilogue.o(.text) for _float_round
    cfcmple.o(.text) refers (Special) to iusefp.o(.text) for __I$use$fp
    cfrcmple.o(.text) refers (Special) to iusefp.o(.text) for __I$use$fp
    fpclassifyf.o(i.__ARM_fpclassifyf) refers (Special) to iusefp.o(.text) for __I$use$fp
    funder.o(i.__mathlib_flt_divzero) refers to fdiv.o(.text) for __aeabi_fdiv
    funder.o(i.__mathlib_flt_infnan) refers to fscalb.o(.text) for __ARM_scalbnf
    funder.o(i.__mathlib_flt_infnan2) refers to fadd.o(.text) for __aeabi_fadd
    funder.o(i.__mathlib_flt_invalid) refers to fdiv.o(.text) for __aeabi_fdiv
    funder.o(i.__mathlib_flt_overflow) refers to fscalb.o(.text) for __ARM_scalbnf
    funder.o(i.__mathlib_flt_posinfnan) refers to fmul.o(.text) for __aeabi_fmul
    funder.o(i.__mathlib_flt_underflow) refers to fscalb.o(.text) for __ARM_scalbnf
    rredf.o(i.__mathlib_rredf2) refers (Special) to iusefp.o(.text) for __I$use$fp
    rredf.o(i.__mathlib_rredf2) refers to fflti.o(.text) for __aeabi_i2f
    rredf.o(i.__mathlib_rredf2) refers to ffltui.o(.text) for __aeabi_ui2f
    rredf.o(i.__mathlib_rredf2) refers to fscalb.o(.text) for __ARM_scalbnf
    rredf.o(i.__mathlib_rredf2) refers to fadd.o(.text) for __aeabi_fadd
    rredf.o(i.__mathlib_rredf2) refers to fmul.o(.text) for __aeabi_fmul
    rredf.o(i.__mathlib_rredf2) refers to rredf.o(.constdata) for .constdata
    rredf.o(.constdata) refers (Special) to iusefp.o(.text) for __I$use$fp
    entry2.o(.ARM.Collect$$$$00000001) refers to entry2.o(.ARM.Collect$$$$00002712) for __lit__00000000
    entry2.o(.ARM.Collect$$$$00002712) refers to startup_stm32f10x_md.o(STACK) for __initial_sp
    entry2.o(__vectab_stack_and_reset_area) refers to startup_stm32f10x_md.o(STACK) for __initial_sp
    entry2.o(__vectab_stack_and_reset_area) refers to entry.o(.ARM.Collect$$$$00000000) for __main
    entry5.o(.ARM.Collect$$$$00000004) refers to init.o(.text) for __scatterload
    entry9a.o(.ARM.Collect$$$$0000000B) refers to main.o(i.main) for main
    entry9b.o(.ARM.Collect$$$$0000000C) refers to main.o(i.main) for main
    errno.o(i.__aeabi_errno_addr) refers to errno.o(.data) for .data
    errno.o(i.__read_errno) refers to errno.o(.data) for .data
    errno.o(i.__set_errno) refers to errno.o(.data) for .data
    frnd.o(.text) refers to fepilogue.o(.text) for _float_round
    depilogue.o(.text) refers to llshl.o(.text) for __aeabi_llsl
    depilogue.o(.text) refers to llushr.o(.text) for __aeabi_llsr
    init.o(.text) refers to entry5.o(.ARM.Collect$$$$00000004) for __main_after_scatterload
    ffltui.o(.text) refers to fepilogue.o(.text) for _float_epilogue


==============================================================================

Removing Unused input sections from the image.

    Removing encoder.o(i.Encoder_Configuration), (76 bytes).
    Removing encoder.o(i.Encoder_Get_CNT), (4 bytes).
    Removing encoder.o(i.NVIC_Configuration), (40 bytes).
    Removing pwm.o(i.PWM_OutSet), (56 bytes).
    Removing delay.o(i.delay_ms), (28 bytes).
    Removing delay.o(i.delay_us), (26 bytes).
    Removing usart2.o(i.USART2_Configuration), (260 bytes).
    Removing usart2.o(i.USART2_SendChar), (32 bytes).
    Removing usart2.o(i.fputc), (36 bytes).
    Removing usart2.o(.bss), (10 bytes).
    Removing can.o(i.CAN_Configuration), (296 bytes).
    Removing flash.o(i.Flash_Erase_Page), (20 bytes).
    Removing flash.o(i.Flash_Read_Word), (6 bytes).
    Removing flash.o(i.Flash_Write_HalfWold), (24 bytes).
    Removing flash.o(i.Flash_Write_Word), (24 bytes).
    Removing usartbroadcast.o(i.USART_Broadcast), (126 bytes).
    Removing usartbroadcast.o(i.USART_Send), (44 bytes).
    Removing control.o(i.Position_Control), (236 bytes).
    Removing filter.o(i.KalmanFilter), (184 bytes).
    Removing filter.o(i.LPF2pApply_2), (196 bytes).
    Removing filter.o(i.LPF2pApply_3), (196 bytes).
    Removing filter.o(i.LPF2pApply_4), (196 bytes).
    Removing filter.o(i.LPF2pApply_5), (196 bytes).
    Removing filter.o(i.LPF2pApply_6), (196 bytes).
    Removing filter.o(i.LPF2pSetCutoffFreq_2), (296 bytes).
    Removing filter.o(i.LPF2pSetCutoffFreq_3), (296 bytes).
    Removing filter.o(i.LPF2pSetCutoffFreq_4), (296 bytes).
    Removing filter.o(i.LPF2pSetCutoffFreq_5), (296 bytes).
    Removing filter.o(i.LPF2pSetCutoffFreq_6), (296 bytes).
    Removing misc.o(i.NVIC_PriorityGroupConfig), (20 bytes).
    Removing misc.o(i.NVIC_SetVectorTable), (20 bytes).
    Removing misc.o(i.NVIC_SystemLPConfig), (32 bytes).
    Removing misc.o(i.SysTick_CLKSourceConfig), (40 bytes).
    Removing stm32f10x_adc.o(i.ADC_AnalogWatchdogCmd), (20 bytes).
    Removing stm32f10x_adc.o(i.ADC_AnalogWatchdogSingleChannelConfig), (16 bytes).
    Removing stm32f10x_adc.o(i.ADC_AnalogWatchdogThresholdsConfig), (6 bytes).
    Removing stm32f10x_adc.o(i.ADC_AutoInjectedConvCmd), (22 bytes).
    Removing stm32f10x_adc.o(i.ADC_ClearFlag), (6 bytes).
    Removing stm32f10x_adc.o(i.ADC_ClearITPendingBit), (10 bytes).
    Removing stm32f10x_adc.o(i.ADC_Cmd), (22 bytes).
    Removing stm32f10x_adc.o(i.ADC_DMACmd), (22 bytes).
    Removing stm32f10x_adc.o(i.ADC_DeInit), (92 bytes).
    Removing stm32f10x_adc.o(i.ADC_DiscModeChannelCountConfig), (24 bytes).
    Removing stm32f10x_adc.o(i.ADC_DiscModeCmd), (22 bytes).
    Removing stm32f10x_adc.o(i.ADC_ExternalTrigConvCmd), (22 bytes).
    Removing stm32f10x_adc.o(i.ADC_ExternalTrigInjectedConvCmd), (22 bytes).
    Removing stm32f10x_adc.o(i.ADC_ExternalTrigInjectedConvConfig), (16 bytes).
    Removing stm32f10x_adc.o(i.ADC_GetCalibrationStatus), (20 bytes).
    Removing stm32f10x_adc.o(i.ADC_GetConversionValue), (8 bytes).
    Removing stm32f10x_adc.o(i.ADC_GetDualModeConversionValue), (12 bytes).
    Removing stm32f10x_adc.o(i.ADC_GetFlagStatus), (18 bytes).
    Removing stm32f10x_adc.o(i.ADC_GetITStatus), (36 bytes).
    Removing stm32f10x_adc.o(i.ADC_GetInjectedConversionValue), (28 bytes).
    Removing stm32f10x_adc.o(i.ADC_GetResetCalibrationStatus), (20 bytes).
    Removing stm32f10x_adc.o(i.ADC_GetSoftwareStartConvStatus), (20 bytes).
    Removing stm32f10x_adc.o(i.ADC_GetSoftwareStartInjectedConvCmdStatus), (20 bytes).
    Removing stm32f10x_adc.o(i.ADC_ITConfig), (24 bytes).
    Removing stm32f10x_adc.o(i.ADC_Init), (80 bytes).
    Removing stm32f10x_adc.o(i.ADC_InjectedChannelConfig), (130 bytes).
    Removing stm32f10x_adc.o(i.ADC_InjectedDiscModeCmd), (22 bytes).
    Removing stm32f10x_adc.o(i.ADC_InjectedSequencerLengthConfig), (24 bytes).
    Removing stm32f10x_adc.o(i.ADC_RegularChannelConfig), (184 bytes).
    Removing stm32f10x_adc.o(i.ADC_ResetCalibration), (10 bytes).
    Removing stm32f10x_adc.o(i.ADC_SetInjectedOffset), (20 bytes).
    Removing stm32f10x_adc.o(i.ADC_SoftwareStartConvCmd), (22 bytes).
    Removing stm32f10x_adc.o(i.ADC_SoftwareStartInjectedConvCmd), (22 bytes).
    Removing stm32f10x_adc.o(i.ADC_StartCalibration), (10 bytes).
    Removing stm32f10x_adc.o(i.ADC_StructInit), (18 bytes).
    Removing stm32f10x_adc.o(i.ADC_TempSensorVrefintCmd), (36 bytes).
    Removing stm32f10x_can.o(i.CAN_CancelTransmit), (48 bytes).
    Removing stm32f10x_can.o(i.CAN_ClearFlag), (56 bytes).
    Removing stm32f10x_can.o(i.CAN_DBGFreeze), (22 bytes).
    Removing stm32f10x_can.o(i.CAN_DeInit), (56 bytes).
    Removing stm32f10x_can.o(i.CAN_FIFORelease), (22 bytes).
    Removing stm32f10x_can.o(i.CAN_FilterInit), (264 bytes).
    Removing stm32f10x_can.o(i.CAN_GetFlagStatus), (120 bytes).
    Removing stm32f10x_can.o(i.CAN_GetLSBTransmitErrorCounter), (12 bytes).
    Removing stm32f10x_can.o(i.CAN_GetLastErrorCode), (12 bytes).
    Removing stm32f10x_can.o(i.CAN_GetReceiveErrorCounter), (10 bytes).
    Removing stm32f10x_can.o(i.CAN_ITConfig), (18 bytes).
    Removing stm32f10x_can.o(i.CAN_Init), (276 bytes).
    Removing stm32f10x_can.o(i.CAN_MessagePending), (30 bytes).
    Removing stm32f10x_can.o(i.CAN_OperatingModeRequest), (162 bytes).
    Removing stm32f10x_can.o(i.CAN_SlaveStartBank), (52 bytes).
    Removing stm32f10x_can.o(i.CAN_Sleep), (30 bytes).
    Removing stm32f10x_can.o(i.CAN_StructInit), (32 bytes).
    Removing stm32f10x_can.o(i.CAN_TTComModeCmd), (118 bytes).
    Removing stm32f10x_can.o(i.CAN_Transmit), (294 bytes).
    Removing stm32f10x_can.o(i.CAN_TransmitStatus), (160 bytes).
    Removing stm32f10x_can.o(i.CAN_WakeUp), (48 bytes).
    Removing stm32f10x_gpio.o(i.GPIO_AFIODeInit), (20 bytes).
    Removing stm32f10x_gpio.o(i.GPIO_DeInit), (200 bytes).
    Removing stm32f10x_gpio.o(i.GPIO_ETH_MediaInterfaceConfig), (12 bytes).
    Removing stm32f10x_gpio.o(i.GPIO_EventOutputCmd), (12 bytes).
    Removing stm32f10x_gpio.o(i.GPIO_EventOutputConfig), (32 bytes).
    Removing stm32f10x_gpio.o(i.GPIO_PinLockConfig), (18 bytes).
    Removing stm32f10x_gpio.o(i.GPIO_PinRemapConfig), (144 bytes).
    Removing stm32f10x_gpio.o(i.GPIO_ReadInputData), (8 bytes).
    Removing stm32f10x_gpio.o(i.GPIO_ReadOutputData), (8 bytes).
    Removing stm32f10x_gpio.o(i.GPIO_ReadOutputDataBit), (18 bytes).
    Removing stm32f10x_gpio.o(i.GPIO_StructInit), (16 bytes).
    Removing stm32f10x_gpio.o(i.GPIO_Write), (4 bytes).
    Removing stm32f10x_gpio.o(i.GPIO_WriteBit), (10 bytes).
    Removing stm32f10x_rcc.o(i.RCC_ADCCLKConfig), (24 bytes).
    Removing stm32f10x_rcc.o(i.RCC_AHBPeriphClockCmd), (32 bytes).
    Removing stm32f10x_rcc.o(i.RCC_APB1PeriphResetCmd), (32 bytes).
    Removing stm32f10x_rcc.o(i.RCC_APB2PeriphResetCmd), (32 bytes).
    Removing stm32f10x_rcc.o(i.RCC_AdjustHSICalibrationValue), (24 bytes).
    Removing stm32f10x_rcc.o(i.RCC_BackupResetCmd), (12 bytes).
    Removing stm32f10x_rcc.o(i.RCC_ClearFlag), (20 bytes).
    Removing stm32f10x_rcc.o(i.RCC_ClearITPendingBit), (12 bytes).
    Removing stm32f10x_rcc.o(i.RCC_ClockSecuritySystemCmd), (12 bytes).
    Removing stm32f10x_rcc.o(i.RCC_DeInit), (76 bytes).
    Removing stm32f10x_rcc.o(i.RCC_GetClocksFreq), (212 bytes).
    Removing stm32f10x_rcc.o(i.RCC_GetFlagStatus), (60 bytes).
    Removing stm32f10x_rcc.o(i.RCC_GetITStatus), (24 bytes).
    Removing stm32f10x_rcc.o(i.RCC_GetSYSCLKSource), (16 bytes).
    Removing stm32f10x_rcc.o(i.RCC_HCLKConfig), (24 bytes).
    Removing stm32f10x_rcc.o(i.RCC_HSEConfig), (76 bytes).
    Removing stm32f10x_rcc.o(i.RCC_HSICmd), (12 bytes).
    Removing stm32f10x_rcc.o(i.RCC_ITConfig), (32 bytes).
    Removing stm32f10x_rcc.o(i.RCC_LSEConfig), (52 bytes).
    Removing stm32f10x_rcc.o(i.RCC_LSICmd), (12 bytes).
    Removing stm32f10x_rcc.o(i.RCC_MCOConfig), (12 bytes).
    Removing stm32f10x_rcc.o(i.RCC_PCLK1Config), (24 bytes).
    Removing stm32f10x_rcc.o(i.RCC_PCLK2Config), (24 bytes).
    Removing stm32f10x_rcc.o(i.RCC_PLLCmd), (12 bytes).
    Removing stm32f10x_rcc.o(i.RCC_PLLConfig), (28 bytes).
    Removing stm32f10x_rcc.o(i.RCC_RTCCLKCmd), (12 bytes).
    Removing stm32f10x_rcc.o(i.RCC_RTCCLKConfig), (16 bytes).
    Removing stm32f10x_rcc.o(i.RCC_SYSCLKConfig), (24 bytes).
    Removing stm32f10x_rcc.o(i.RCC_USBCLKConfig), (12 bytes).
    Removing stm32f10x_rcc.o(i.RCC_WaitForHSEStartUp), (56 bytes).
    Removing stm32f10x_rcc.o(.data), (20 bytes).
    Removing stm32f10x_tim.o(i.TIM_BDTRConfig), (32 bytes).
    Removing stm32f10x_tim.o(i.TIM_BDTRStructInit), (18 bytes).
    Removing stm32f10x_tim.o(i.TIM_CCPreloadControl), (24 bytes).
    Removing stm32f10x_tim.o(i.TIM_CCxCmd), (30 bytes).
    Removing stm32f10x_tim.o(i.TIM_CCxNCmd), (30 bytes).
    Removing stm32f10x_tim.o(i.TIM_ClearFlag), (6 bytes).
    Removing stm32f10x_tim.o(i.TIM_ClearOC1Ref), (18 bytes).
    Removing stm32f10x_tim.o(i.TIM_ClearOC2Ref), (24 bytes).
    Removing stm32f10x_tim.o(i.TIM_ClearOC3Ref), (18 bytes).
    Removing stm32f10x_tim.o(i.TIM_ClearOC4Ref), (24 bytes).
    Removing stm32f10x_tim.o(i.TIM_CounterModeConfig), (18 bytes).
    Removing stm32f10x_tim.o(i.TIM_DMACmd), (18 bytes).
    Removing stm32f10x_tim.o(i.TIM_DMAConfig), (10 bytes).
    Removing stm32f10x_tim.o(i.TIM_DeInit), (488 bytes).
    Removing stm32f10x_tim.o(i.TIM_ETRClockMode1Config), (54 bytes).
    Removing stm32f10x_tim.o(i.TIM_ETRClockMode2Config), (32 bytes).
    Removing stm32f10x_tim.o(i.TIM_ETRConfig), (28 bytes).
    Removing stm32f10x_tim.o(i.TIM_EncoderInterfaceConfig), (66 bytes).
    Removing stm32f10x_tim.o(i.TIM_ForcedOC1Config), (18 bytes).
    Removing stm32f10x_tim.o(i.TIM_ForcedOC2Config), (26 bytes).
    Removing stm32f10x_tim.o(i.TIM_ForcedOC3Config), (18 bytes).
    Removing stm32f10x_tim.o(i.TIM_ForcedOC4Config), (26 bytes).
    Removing stm32f10x_tim.o(i.TIM_GenerateEvent), (4 bytes).
    Removing stm32f10x_tim.o(i.TIM_GetCapture1), (6 bytes).
    Removing stm32f10x_tim.o(i.TIM_GetCapture2), (6 bytes).
    Removing stm32f10x_tim.o(i.TIM_GetCapture4), (8 bytes).
    Removing stm32f10x_tim.o(i.TIM_GetCounter), (6 bytes).
    Removing stm32f10x_tim.o(i.TIM_GetFlagStatus), (18 bytes).
    Removing stm32f10x_tim.o(i.TIM_GetPrescaler), (6 bytes).
    Removing stm32f10x_tim.o(i.TIM_ICStructInit), (18 bytes).
    Removing stm32f10x_tim.o(i.TIM_ITRxExternalClockConfig), (24 bytes).
    Removing stm32f10x_tim.o(i.TIM_InternalClockConfig), (12 bytes).
    Removing stm32f10x_tim.o(i.TIM_OC1FastConfig), (18 bytes).
    Removing stm32f10x_tim.o(i.TIM_OC1NPolarityConfig), (18 bytes).
    Removing stm32f10x_tim.o(i.TIM_OC1PolarityConfig), (18 bytes).
    Removing stm32f10x_tim.o(i.TIM_OC1PreloadConfig), (18 bytes).
    Removing stm32f10x_tim.o(i.TIM_OC2FastConfig), (26 bytes).
    Removing stm32f10x_tim.o(i.TIM_OC2NPolarityConfig), (26 bytes).
    Removing stm32f10x_tim.o(i.TIM_OC2PolarityConfig), (26 bytes).
    Removing stm32f10x_tim.o(i.TIM_OC2PreloadConfig), (26 bytes).
    Removing stm32f10x_tim.o(i.TIM_OC3FastConfig), (18 bytes).
    Removing stm32f10x_tim.o(i.TIM_OC3Init), (160 bytes).
    Removing stm32f10x_tim.o(i.TIM_OC3NPolarityConfig), (26 bytes).
    Removing stm32f10x_tim.o(i.TIM_OC3PreloadConfig), (18 bytes).
    Removing stm32f10x_tim.o(i.TIM_OC4FastConfig), (26 bytes).
    Removing stm32f10x_tim.o(i.TIM_OC4Init), (124 bytes).
    Removing stm32f10x_tim.o(i.TIM_OC4PolarityConfig), (26 bytes).
    Removing stm32f10x_tim.o(i.TIM_OC4PreloadConfig), (26 bytes).
    Removing stm32f10x_tim.o(i.TIM_OCStructInit), (20 bytes).
    Removing stm32f10x_tim.o(i.TIM_PWMIConfig), (124 bytes).
    Removing stm32f10x_tim.o(i.TIM_PrescalerConfig), (6 bytes).
    Removing stm32f10x_tim.o(i.TIM_SelectCCDMA), (24 bytes).
    Removing stm32f10x_tim.o(i.TIM_SelectCOM), (24 bytes).
    Removing stm32f10x_tim.o(i.TIM_SelectHallSensor), (24 bytes).
    Removing stm32f10x_tim.o(i.TIM_SelectInputTrigger), (18 bytes).
    Removing stm32f10x_tim.o(i.TIM_SelectMasterSlaveMode), (18 bytes).
    Removing stm32f10x_tim.o(i.TIM_SelectOCxM), (82 bytes).
    Removing stm32f10x_tim.o(i.TIM_SelectOnePulseMode), (18 bytes).
    Removing stm32f10x_tim.o(i.TIM_SelectOutputTrigger), (18 bytes).
    Removing stm32f10x_tim.o(i.TIM_SelectSlaveMode), (18 bytes).
    Removing stm32f10x_tim.o(i.TIM_SetAutoreload), (4 bytes).
    Removing stm32f10x_tim.o(i.TIM_SetClockDivision), (18 bytes).
    Removing stm32f10x_tim.o(i.TIM_SetCompare1), (4 bytes).
    Removing stm32f10x_tim.o(i.TIM_SetCompare2), (4 bytes).
    Removing stm32f10x_tim.o(i.TIM_SetCompare3), (4 bytes).
    Removing stm32f10x_tim.o(i.TIM_SetCompare4), (6 bytes).
    Removing stm32f10x_tim.o(i.TIM_TIxExternalClockConfig), (62 bytes).
    Removing stm32f10x_tim.o(i.TIM_TimeBaseStructInit), (18 bytes).
    Removing stm32f10x_tim.o(i.TIM_UpdateDisableConfig), (24 bytes).
    Removing stm32f10x_tim.o(i.TIM_UpdateRequestConfig), (24 bytes).
    Removing stm32f10x_usart.o(i.USART_ClearFlag), (18 bytes).
    Removing stm32f10x_usart.o(i.USART_ClearITPendingBit), (30 bytes).
    Removing stm32f10x_usart.o(i.USART_ClockInit), (34 bytes).
    Removing stm32f10x_usart.o(i.USART_ClockStructInit), (12 bytes).
    Removing stm32f10x_usart.o(i.USART_Cmd), (24 bytes).
    Removing stm32f10x_usart.o(i.USART_DMACmd), (18 bytes).
    Removing stm32f10x_usart.o(i.USART_DeInit), (156 bytes).
    Removing stm32f10x_usart.o(i.USART_GetFlagStatus), (26 bytes).
    Removing stm32f10x_usart.o(i.USART_GetITStatus), (84 bytes).
    Removing stm32f10x_usart.o(i.USART_HalfDuplexCmd), (24 bytes).
    Removing stm32f10x_usart.o(i.USART_ITConfig), (74 bytes).
    Removing stm32f10x_usart.o(i.USART_Init), (216 bytes).
    Removing stm32f10x_usart.o(i.USART_IrDACmd), (24 bytes).
    Removing stm32f10x_usart.o(i.USART_IrDAConfig), (18 bytes).
    Removing stm32f10x_usart.o(i.USART_LINBreakDetectLengthConfig), (18 bytes).
    Removing stm32f10x_usart.o(i.USART_LINCmd), (24 bytes).
    Removing stm32f10x_usart.o(i.USART_OneBitMethodCmd), (24 bytes).
    Removing stm32f10x_usart.o(i.USART_OverSampling8Cmd), (22 bytes).
    Removing stm32f10x_usart.o(i.USART_ReceiveData), (10 bytes).
    Removing stm32f10x_usart.o(i.USART_ReceiverWakeUpCmd), (24 bytes).
    Removing stm32f10x_usart.o(i.USART_SendBreak), (10 bytes).
    Removing stm32f10x_usart.o(i.USART_SendData), (8 bytes).
    Removing stm32f10x_usart.o(i.USART_SetAddress), (18 bytes).
    Removing stm32f10x_usart.o(i.USART_SetGuardTime), (16 bytes).
    Removing stm32f10x_usart.o(i.USART_SetPrescaler), (16 bytes).
    Removing stm32f10x_usart.o(i.USART_SmartCardCmd), (24 bytes).
    Removing stm32f10x_usart.o(i.USART_SmartCardNACKCmd), (24 bytes).
    Removing stm32f10x_usart.o(i.USART_StructInit), (24 bytes).
    Removing stm32f10x_usart.o(i.USART_WakeUpConfig), (18 bytes).
    Removing stm32f10x_dma.o(i.DMA_Cmd), (24 bytes).
    Removing stm32f10x_dma.o(i.DMA_DeInit), (332 bytes).
    Removing stm32f10x_dma.o(i.DMA_GetCurrDataCounter), (8 bytes).
    Removing stm32f10x_dma.o(i.DMA_GetFlagStatus), (44 bytes).
    Removing stm32f10x_dma.o(i.DMA_ITConfig), (18 bytes).
    Removing stm32f10x_dma.o(i.DMA_Init), (60 bytes).
    Removing stm32f10x_dma.o(i.DMA_SetCurrDataCounter), (4 bytes).
    Removing stm32f10x_dma.o(i.DMA_StructInit), (26 bytes).
    Removing stm32f10x_flash.o(i.FLASH_ClearFlag), (12 bytes).
    Removing stm32f10x_flash.o(i.FLASH_EnableWriteProtection), (196 bytes).
    Removing stm32f10x_flash.o(i.FLASH_EraseAllBank1Pages), (72 bytes).
    Removing stm32f10x_flash.o(i.FLASH_EraseAllPages), (72 bytes).
    Removing stm32f10x_flash.o(i.FLASH_EraseOptionBytes), (168 bytes).
    Removing stm32f10x_flash.o(i.FLASH_ErasePage), (76 bytes).
    Removing stm32f10x_flash.o(i.FLASH_GetBank1Status), (52 bytes).
    Removing stm32f10x_flash.o(i.FLASH_GetFlagStatus), (48 bytes).
    Removing stm32f10x_flash.o(i.FLASH_GetPrefetchBufferStatus), (24 bytes).
    Removing stm32f10x_flash.o(i.FLASH_GetReadOutProtectionStatus), (24 bytes).
    Removing stm32f10x_flash.o(i.FLASH_GetStatus), (52 bytes).
    Removing stm32f10x_flash.o(i.FLASH_GetUserOptionByte), (12 bytes).
    Removing stm32f10x_flash.o(i.FLASH_GetWriteProtectionOptionByte), (12 bytes).
    Removing stm32f10x_flash.o(i.FLASH_HalfCycleAccessCmd), (28 bytes).
    Removing stm32f10x_flash.o(i.FLASH_ITConfig), (32 bytes).
    Removing stm32f10x_flash.o(i.FLASH_Lock), (20 bytes).
    Removing stm32f10x_flash.o(i.FLASH_LockBank1), (20 bytes).
    Removing stm32f10x_flash.o(i.FLASH_PrefetchBufferCmd), (28 bytes).
    Removing stm32f10x_flash.o(i.FLASH_ProgramHalfWord), (64 bytes).
    Removing stm32f10x_flash.o(i.FLASH_ProgramOptionByteData), (84 bytes).
    Removing stm32f10x_flash.o(i.FLASH_ProgramWord), (108 bytes).
    Removing stm32f10x_flash.o(i.FLASH_ReadOutProtection), (172 bytes).
    Removing stm32f10x_flash.o(i.FLASH_SetLatency), (24 bytes).
    Removing stm32f10x_flash.o(i.FLASH_Unlock), (24 bytes).
    Removing stm32f10x_flash.o(i.FLASH_UnlockBank1), (24 bytes).
    Removing stm32f10x_flash.o(i.FLASH_UserOptionByteConfig), (104 bytes).
    Removing stm32f10x_flash.o(i.FLASH_WaitForLastBank1Operation), (38 bytes).
    Removing stm32f10x_flash.o(i.FLASH_WaitForLastOperation), (38 bytes).
    Removing stm32f10x_exti.o(i.EXTI_ClearFlag), (12 bytes).
    Removing stm32f10x_exti.o(i.EXTI_DeInit), (36 bytes).
    Removing stm32f10x_exti.o(i.EXTI_GenerateSWInterrupt), (16 bytes).
    Removing stm32f10x_exti.o(i.EXTI_GetFlagStatus), (24 bytes).
    Removing stm32f10x_exti.o(i.EXTI_StructInit), (16 bytes).
    Removing core_cm3.o(.emb_text), (32 bytes).
    Removing system_stm32f10x.o(i.SystemCoreClockUpdate), (164 bytes).
    Removing startup_stm32f10x_md.o(HEAP), (512 bytes).

277 unused section(s) (total 14876 bytes) removed from the image.

==============================================================================

Image Symbol Table

    Local Symbols

    Symbol Name                              Value     Ov Type        Size  Object(Section)

    ../clib/../cmprslib/zerorunl2.c          0x00000000   Number         0  __dczerorl2.o ABSOLUTE
    ../clib/microlib/errno.c                 0x00000000   Number         0  errno.o ABSOLUTE
    ../clib/microlib/init/entry.s            0x00000000   Number         0  entry8b.o ABSOLUTE
    ../clib/microlib/init/entry.s            0x00000000   Number         0  entry7b.o ABSOLUTE
    ../clib/microlib/init/entry.s            0x00000000   Number         0  entry7a.o ABSOLUTE
    ../clib/microlib/init/entry.s            0x00000000   Number         0  entry.o ABSOLUTE
    ../clib/microlib/init/entry.s            0x00000000   Number         0  entry11b.o ABSOLUTE
    ../clib/microlib/init/entry.s            0x00000000   Number         0  entry11a.o ABSOLUTE
    ../clib/microlib/init/entry.s            0x00000000   Number         0  entry10b.o ABSOLUTE
    ../clib/microlib/init/entry.s            0x00000000   Number         0  entry10a.o ABSOLUTE
    ../clib/microlib/init/entry.s            0x00000000   Number         0  entry9b.o ABSOLUTE
    ../clib/microlib/init/entry.s            0x00000000   Number         0  entry9a.o ABSOLUTE
    ../clib/microlib/init/entry.s            0x00000000   Number         0  entry5.o ABSOLUTE
    ../clib/microlib/init/entry.s            0x00000000   Number         0  entry2.o ABSOLUTE
    ../clib/microlib/init/entry.s            0x00000000   Number         0  entry8a.o ABSOLUTE
    ../clib/microlib/longlong.c              0x00000000   Number         0  llushr.o ABSOLUTE
    ../clib/microlib/longlong.c              0x00000000   Number         0  llsshr.o ABSOLUTE
    ../clib/microlib/longlong.c              0x00000000   Number         0  llshl.o ABSOLUTE
    ../clib/microlib/stubs.s                 0x00000000   Number         0  iusefp.o ABSOLUTE
    ../fplib/microlib/d2f.c                  0x00000000   Number         0  d2f.o ABSOLUTE
    ../fplib/microlib/f2d.c                  0x00000000   Number         0  f2d.o ABSOLUTE
    ../fplib/microlib/fpadd.c                0x00000000   Number         0  fadd.o ABSOLUTE
    ../fplib/microlib/fpadd.c                0x00000000   Number         0  dadd.o ABSOLUTE
    ../fplib/microlib/fpdiv.c                0x00000000   Number         0  ddiv.o ABSOLUTE
    ../fplib/microlib/fpdiv.c                0x00000000   Number         0  fdiv.o ABSOLUTE
    ../fplib/microlib/fpepilogue.c           0x00000000   Number         0  depilogue.o ABSOLUTE
    ../fplib/microlib/fpepilogue.c           0x00000000   Number         0  fepilogue.o ABSOLUTE
    ../fplib/microlib/fpfix.c                0x00000000   Number         0  ffixi.o ABSOLUTE
    ../fplib/microlib/fpflt.c                0x00000000   Number         0  ffltui.o ABSOLUTE
    ../fplib/microlib/fpflt.c                0x00000000   Number         0  dflti.o ABSOLUTE
    ../fplib/microlib/fpflt.c                0x00000000   Number         0  fflti.o ABSOLUTE
    ../fplib/microlib/fpmul.c                0x00000000   Number         0  dmul.o ABSOLUTE
    ../fplib/microlib/fpmul.c                0x00000000   Number         0  fmul.o ABSOLUTE
    ../fplib/microlib/fprnd.c                0x00000000   Number         0  frnd.o ABSOLUTE
    ../fplib/microlib/fpscalb.c              0x00000000   Number         0  fscalb.o ABSOLUTE
    ../mathlib/cosf.c                        0x00000000   Number         0  cosf.o ABSOLUTE
    ../mathlib/cosf.c                        0x00000000   Number         0  cosf_x.o ABSOLUTE
    ../mathlib/fpclassifyf.c                 0x00000000   Number         0  fpclassifyf.o ABSOLUTE
    ../mathlib/funder.c                      0x00000000   Number         0  funder.o ABSOLUTE
    ../mathlib/rredf.c                       0x00000000   Number         0  rredf.o ABSOLUTE
    ../mathlib/tanf.c                        0x00000000   Number         0  tanf.o ABSOLUTE
    ../mathlib/tanf.c                        0x00000000   Number         0  tanf_x.o ABSOLUTE
    ..\CM3\core_cm3.c                        0x00000000   Number         0  core_cm3.o ABSOLUTE
    ..\CM3\startup_stm32f10x_md.s            0x00000000   Number         0  startup_stm32f10x_md.o ABSOLUTE
    ..\CM3\system_stm32f10x.c                0x00000000   Number         0  system_stm32f10x.o ABSOLUTE
    ..\Libraries\capture.c                   0x00000000   Number         0  capture.o ABSOLUTE
    ..\Libraries\misc.c                      0x00000000   Number         0  misc.o ABSOLUTE
    ..\Libraries\stm32f10x_adc.c             0x00000000   Number         0  stm32f10x_adc.o ABSOLUTE
    ..\Libraries\stm32f10x_can.c             0x00000000   Number         0  stm32f10x_can.o ABSOLUTE
    ..\Libraries\stm32f10x_dma.c             0x00000000   Number         0  stm32f10x_dma.o ABSOLUTE
    ..\Libraries\stm32f10x_exti.c            0x00000000   Number         0  stm32f10x_exti.o ABSOLUTE
    ..\Libraries\stm32f10x_flash.c           0x00000000   Number         0  stm32f10x_flash.o ABSOLUTE
    ..\Libraries\stm32f10x_gpio.c            0x00000000   Number         0  stm32f10x_gpio.o ABSOLUTE
    ..\Libraries\stm32f10x_rcc.c             0x00000000   Number         0  stm32f10x_rcc.o ABSOLUTE
    ..\Libraries\stm32f10x_tim.c             0x00000000   Number         0  stm32f10x_tim.o ABSOLUTE
    ..\Libraries\stm32f10x_usart.c           0x00000000   Number         0  stm32f10x_usart.o ABSOLUTE
    ..\Mylib\SysTick.c                       0x00000000   Number         0  systick.o ABSOLUTE
    ..\Mylib\can.c                           0x00000000   Number         0  can.o ABSOLUTE
    ..\Mylib\control.c                       0x00000000   Number         0  control.o ABSOLUTE
    ..\Mylib\delay.c                         0x00000000   Number         0  delay.o ABSOLUTE
    ..\Mylib\encoder.c                       0x00000000   Number         0  encoder.o ABSOLUTE
    ..\Mylib\filter.c                        0x00000000   Number         0  filter.o ABSOLUTE
    ..\Mylib\flash.c                         0x00000000   Number         0  flash.o ABSOLUTE
    ..\Mylib\key.c                           0x00000000   Number         0  key.o ABSOLUTE
    ..\Mylib\parameter.c                     0x00000000   Number         0  parameter.o ABSOLUTE
    ..\Mylib\pwm.c                           0x00000000   Number         0  pwm.o ABSOLUTE
    ..\Mylib\schedule.c                      0x00000000   Number         0  schedule.o ABSOLUTE
    ..\Mylib\usart2.c                        0x00000000   Number         0  usart2.o ABSOLUTE
    ..\Mylib\usartBroadcast.c                0x00000000   Number         0  usartbroadcast.o ABSOLUTE
    ..\User\main.c                           0x00000000   Number         0  main.o ABSOLUTE
    ..\User\stm32f10x_it.c                   0x00000000   Number         0  stm32f10x_it.o ABSOLUTE
    ..\\CM3\\core_cm3.c                      0x00000000   Number         0  core_cm3.o ABSOLUTE
    cdcmple.s                                0x00000000   Number         0  cdcmple.o ABSOLUTE
    cdrcmple.s                               0x00000000   Number         0  cdrcmple.o ABSOLUTE
    cfcmple.s                                0x00000000   Number         0  cfcmple.o ABSOLUTE
    cfrcmple.s                               0x00000000   Number         0  cfrcmple.o ABSOLUTE
    dc.s                                     0x00000000   Number         0  dc.o ABSOLUTE
    handlers.s                               0x00000000   Number         0  handlers.o ABSOLUTE
    init.s                                   0x00000000   Number         0  init.o ABSOLUTE
    RESET                                    0x08000000   Section      236  startup_stm32f10x_md.o(RESET)
    .ARM.Collect$$$$00000000                 0x080000ec   Section        0  entry.o(.ARM.Collect$$$$00000000)
    .ARM.Collect$$$$00000001                 0x080000ec   Section        4  entry2.o(.ARM.Collect$$$$00000001)
    .ARM.Collect$$$$00000004                 0x080000f0   Section        4  entry5.o(.ARM.Collect$$$$00000004)
    .ARM.Collect$$$$00000008                 0x080000f4   Section        0  entry7b.o(.ARM.Collect$$$$00000008)
    .ARM.Collect$$$$0000000A                 0x080000f4   Section        0  entry8b.o(.ARM.Collect$$$$0000000A)
    .ARM.Collect$$$$0000000B                 0x080000f4   Section        8  entry9a.o(.ARM.Collect$$$$0000000B)
    .ARM.Collect$$$$0000000D                 0x080000fc   Section        0  entry10a.o(.ARM.Collect$$$$0000000D)
    .ARM.Collect$$$$0000000F                 0x080000fc   Section        0  entry11a.o(.ARM.Collect$$$$0000000F)
    .ARM.Collect$$$$00002712                 0x080000fc   Section        4  entry2.o(.ARM.Collect$$$$00002712)
    __lit__00000000                          0x080000fc   Data           4  entry2.o(.ARM.Collect$$$$00002712)
    .text                                    0x08000100   Section       36  startup_stm32f10x_md.o(.text)
    .text                                    0x08000124   Section        0  fadd.o(.text)
    .text                                    0x080001d4   Section        0  fmul.o(.text)
    .text                                    0x08000238   Section        0  fdiv.o(.text)
    .text                                    0x080002b4   Section        0  dadd.o(.text)
    .text                                    0x08000402   Section        0  dmul.o(.text)
    .text                                    0x080004e6   Section        0  ddiv.o(.text)
    .text                                    0x080005c4   Section        0  fflti.o(.text)
    .text                                    0x080005d6   Section        0  dflti.o(.text)
    .text                                    0x080005f8   Section        0  ffixi.o(.text)
    .text                                    0x0800062a   Section        0  f2d.o(.text)
    .text                                    0x08000650   Section       48  cdcmple.o(.text)
    .text                                    0x08000680   Section       48  cdrcmple.o(.text)
    .text                                    0x080006b0   Section        0  d2f.o(.text)
    .text                                    0x080006e8   Section       20  cfcmple.o(.text)
    .text                                    0x080006fc   Section       20  cfrcmple.o(.text)
    .text                                    0x08000710   Section        0  llshl.o(.text)
    .text                                    0x0800072e   Section        0  llsshr.o(.text)
    .text                                    0x08000752   Section        0  fepilogue.o(.text)
    .text                                    0x08000752   Section        0  iusefp.o(.text)
    .text                                    0x080007c0   Section        0  frnd.o(.text)
    .text                                    0x080007fc   Section        0  depilogue.o(.text)
    .text                                    0x080008b8   Section       36  init.o(.text)
    .text                                    0x080008dc   Section        0  llushr.o(.text)
    .text                                    0x080008fc   Section        0  fscalb.o(.text)
    .text                                    0x08000914   Section        0  ffltui.o(.text)
    .text                                    0x0800091e   Section        0  __dczerorl2.o(.text)
    i.BLDC_Control                           0x08000974   Section        0  control.o(i.BLDC_Control)
    i.BLDC_U                                 0x08000a2c   Section        0  pwm.o(i.BLDC_U)
    i.BLDC_V                                 0x08000a4a   Section        0  pwm.o(i.BLDC_V)
    i.BLDC_W                                 0x08000a68   Section        0  pwm.o(i.BLDC_W)
    i.BusFault_Handler                       0x08000a88   Section        0  stm32f10x_it.o(i.BusFault_Handler)
    i.CAN_ClearITPendingBit                  0x08000a8c   Section        0  stm32f10x_can.o(i.CAN_ClearITPendingBit)
    i.CAN_GetITStatus                        0x08000b34   Section        0  stm32f10x_can.o(i.CAN_GetITStatus)
    i.CAN_Receive                            0x08000c54   Section        0  stm32f10x_can.o(i.CAN_Receive)
    i.CheckITStatus                          0x08000d44   Section        0  stm32f10x_can.o(i.CheckITStatus)
    CheckITStatus                            0x08000d45   Thumb Code    18  stm32f10x_can.o(i.CheckITStatus)
    i.Commutation                            0x08000d58   Section        0  pwm.o(i.Commutation)
    i.DMA1_Channel6_IRQHandler               0x08000f80   Section        0  usart2.o(i.DMA1_Channel6_IRQHandler)
    i.DMA_ClearFlag                          0x08000fa0   Section        0  stm32f10x_dma.o(i.DMA_ClearFlag)
    i.DMA_ClearITPendingBit                  0x08000fbc   Section        0  stm32f10x_dma.o(i.DMA_ClearITPendingBit)
    i.DMA_GetITStatus                        0x08000fd8   Section        0  stm32f10x_dma.o(i.DMA_GetITStatus)
    i.DebugMon_Handler                       0x08001004   Section        0  stm32f10x_it.o(i.DebugMon_Handler)
    i.EXTI0_IRQHandler                       0x08001008   Section        0  stm32f10x_it.o(i.EXTI0_IRQHandler)
    i.EXTI15_10_IRQHandler                   0x08001054   Section        0  key.o(i.EXTI15_10_IRQHandler)
    i.EXTI_ClearITPendingBit                 0x08001094   Section        0  stm32f10x_exti.o(i.EXTI_ClearITPendingBit)
    i.EXTI_GetITStatus                       0x080010a0   Section        0  stm32f10x_exti.o(i.EXTI_GetITStatus)
    i.EXTI_Init                              0x080010c8   Section        0  stm32f10x_exti.o(i.EXTI_Init)
    i.GPIO_EXTILineConfig                    0x0800115c   Section        0  stm32f10x_gpio.o(i.GPIO_EXTILineConfig)
    i.GPIO_Init                              0x0800119c   Section        0  stm32f10x_gpio.o(i.GPIO_Init)
    i.GPIO_ReadInputDataBit                  0x080012b2   Section        0  stm32f10x_gpio.o(i.GPIO_ReadInputDataBit)
    i.GPIO_ResetBits                         0x080012c4   Section        0  stm32f10x_gpio.o(i.GPIO_ResetBits)
    i.GPIO_SetBits                           0x080012c8   Section        0  stm32f10x_gpio.o(i.GPIO_SetBits)
    i.HardFault_Handler                      0x080012cc   Section        0  stm32f10x_it.o(i.HardFault_Handler)
    i.INH_Init                               0x080012d0   Section        0  pwm.o(i.INH_Init)
    i.KEY_Configuration                      0x08001344   Section        0  key.o(i.KEY_Configuration)
    i.LPF2pApply_1                           0x080013b4   Section        0  filter.o(i.LPF2pApply_1)
    i.LPF2pSetCutoffFreq_1                   0x08001478   Section        0  filter.o(i.LPF2pSetCutoffFreq_1)
    i.Load_Parameters                        0x080015a0   Section        0  parameter.o(i.Load_Parameters)
    i.Loop                                   0x080015d8   Section        0  schedule.o(i.Loop)
    i.Loop_1000Hz                            0x08001660   Section        0  schedule.o(i.Loop_1000Hz)
    i.Loop_100Hz                             0x08001764   Section        0  schedule.o(i.Loop_100Hz)
    i.Loop_10Hz                              0x08001766   Section        0  schedule.o(i.Loop_10Hz)
    i.Loop_200Hz                             0x08001768   Section        0  schedule.o(i.Loop_200Hz)
    i.Loop_20Hz                              0x0800176a   Section        0  schedule.o(i.Loop_20Hz)
    i.Loop_500Hz                             0x0800176c   Section        0  schedule.o(i.Loop_500Hz)
    i.Loop_50Hz                              0x0800176e   Section        0  schedule.o(i.Loop_50Hz)
    i.MemManage_Handler                      0x08001770   Section        0  stm32f10x_it.o(i.MemManage_Handler)
    i.NMI_Handler                            0x08001774   Section        0  stm32f10x_it.o(i.NMI_Handler)
    i.NVIC_Init                              0x08001778   Section        0  misc.o(i.NVIC_Init)
    i.PWM_Configuration                      0x080017e8   Section        0  pwm.o(i.PWM_Configuration)
    i.PendSV_Handler                         0x080018d4   Section        0  stm32f10x_it.o(i.PendSV_Handler)
    i.RCC_APB1PeriphClockCmd                 0x080018d8   Section        0  stm32f10x_rcc.o(i.RCC_APB1PeriphClockCmd)
    i.RCC_APB2PeriphClockCmd                 0x080018f8   Section        0  stm32f10x_rcc.o(i.RCC_APB2PeriphClockCmd)
    i.SVC_Handler                            0x08001918   Section        0  stm32f10x_it.o(i.SVC_Handler)
    i.SetSysClock                            0x0800191a   Section        0  system_stm32f10x.o(i.SetSysClock)
    SetSysClock                              0x0800191b   Thumb Code     8  system_stm32f10x.o(i.SetSysClock)
    i.SetSysClockTo72                        0x08001924   Section        0  system_stm32f10x.o(i.SetSysClockTo72)
    SetSysClockTo72                          0x08001925   Thumb Code   214  system_stm32f10x.o(i.SetSysClockTo72)
    i.SysTick_Handler                        0x08001a04   Section        0  stm32f10x_it.o(i.SysTick_Handler)
    i.SysTick_Init                           0x08001a68   Section        0  systick.o(i.SysTick_Init)
    i.SystemInit                             0x08001ad0   Section        0  system_stm32f10x.o(i.SystemInit)
    i.TDT_Get_PIDparameters                  0x08001b30   Section        0  parameter.o(i.TDT_Get_PIDparameters)
    i.TDT_bldc_InnerControl                  0x08001b74   Section        0  control.o(i.TDT_bldc_InnerControl)
    i.TDT_pos_OuterControl                   0x08001cd8   Section        0  control.o(i.TDT_pos_OuterControl)
    i.TI1_Config                             0x08001dc4   Section        0  stm32f10x_tim.o(i.TI1_Config)
    TI1_Config                               0x08001dc5   Thumb Code   108  stm32f10x_tim.o(i.TI1_Config)
    i.TI2_Config                             0x08001e44   Section        0  stm32f10x_tim.o(i.TI2_Config)
    TI2_Config                               0x08001e45   Thumb Code   130  stm32f10x_tim.o(i.TI2_Config)
    i.TI3_Config                             0x08001edc   Section        0  stm32f10x_tim.o(i.TI3_Config)
    TI3_Config                               0x08001edd   Thumb Code   122  stm32f10x_tim.o(i.TI3_Config)
    i.TI4_Config                             0x08001f6c   Section        0  stm32f10x_tim.o(i.TI4_Config)
    TI4_Config                               0x08001f6d   Thumb Code   130  stm32f10x_tim.o(i.TI4_Config)
    i.TIM3_Cap_Init                          0x08002004   Section        0  capture.o(i.TIM3_Cap_Init)
    i.TIM3_IRQHandler                        0x080020ac   Section        0  capture.o(i.TIM3_IRQHandler)
    i.TIM_ARRPreloadConfig                   0x0800216c   Section        0  stm32f10x_tim.o(i.TIM_ARRPreloadConfig)
    i.TIM_ClearITPendingBit                  0x08002184   Section        0  stm32f10x_tim.o(i.TIM_ClearITPendingBit)
    i.TIM_Cmd                                0x0800218a   Section        0  stm32f10x_tim.o(i.TIM_Cmd)
    i.TIM_CtrlPWMOutputs                     0x080021a2   Section        0  stm32f10x_tim.o(i.TIM_CtrlPWMOutputs)
    i.TIM_GetCapture3                        0x080021c0   Section        0  stm32f10x_tim.o(i.TIM_GetCapture3)
    i.TIM_GetITStatus                        0x080021c6   Section        0  stm32f10x_tim.o(i.TIM_GetITStatus)
    i.TIM_ICInit                             0x080021e8   Section        0  stm32f10x_tim.o(i.TIM_ICInit)
    i.TIM_ITConfig                           0x08002294   Section        0  stm32f10x_tim.o(i.TIM_ITConfig)
    i.TIM_OC1Init                            0x080022a8   Section        0  stm32f10x_tim.o(i.TIM_OC1Init)
    i.TIM_OC2Init                            0x08002340   Section        0  stm32f10x_tim.o(i.TIM_OC2Init)
    i.TIM_OC3PolarityConfig                  0x080023e4   Section        0  stm32f10x_tim.o(i.TIM_OC3PolarityConfig)
    i.TIM_SetCounter                         0x080023fe   Section        0  stm32f10x_tim.o(i.TIM_SetCounter)
    i.TIM_SetIC1Prescaler                    0x08002402   Section        0  stm32f10x_tim.o(i.TIM_SetIC1Prescaler)
    i.TIM_SetIC2Prescaler                    0x08002414   Section        0  stm32f10x_tim.o(i.TIM_SetIC2Prescaler)
    i.TIM_SetIC3Prescaler                    0x0800242e   Section        0  stm32f10x_tim.o(i.TIM_SetIC3Prescaler)
    i.TIM_SetIC4Prescaler                    0x08002440   Section        0  stm32f10x_tim.o(i.TIM_SetIC4Prescaler)
    i.TIM_TimeBaseInit                       0x0800245c   Section        0  stm32f10x_tim.o(i.TIM_TimeBaseInit)
    i.USB_HP_CAN1_TX_IRQHandler              0x08002500   Section        0  can.o(i.USB_HP_CAN1_TX_IRQHandler)
    i.USB_LP_CAN1_RX0_IRQHandler             0x0800251c   Section        0  can.o(i.USB_LP_CAN1_RX0_IRQHandler)
    i.UsageFault_Handler                     0x0800256c   Section        0  stm32f10x_it.o(i.UsageFault_Handler)
    i.__ARM_fpclassifyf                      0x08002570   Section        0  fpclassifyf.o(i.__ARM_fpclassifyf)
    i.__ARM_isinff                           0x08002596   Section        0  filter.o(i.__ARM_isinff)
    i.__ARM_isnanf                           0x080025aa   Section        0  filter.o(i.__ARM_isnanf)
    i.__mathlib_flt_infnan                   0x080025b8   Section        0  funder.o(i.__mathlib_flt_infnan)
    i.__mathlib_flt_invalid                  0x080025be   Section        0  funder.o(i.__mathlib_flt_invalid)
    i.__mathlib_flt_underflow                0x080025c6   Section        0  funder.o(i.__mathlib_flt_underflow)
    i.__mathlib_rredf2                       0x080025d0   Section        0  rredf.o(i.__mathlib_rredf2)
    i.__scatterload_copy                     0x08002738   Section       14  handlers.o(i.__scatterload_copy)
    i.__scatterload_null                     0x08002746   Section        2  handlers.o(i.__scatterload_null)
    i.__scatterload_zeroinit                 0x08002748   Section       14  handlers.o(i.__scatterload_zeroinit)
    i.__set_errno                            0x08002758   Section        0  errno.o(i.__set_errno)
    i.cosf                                   0x08002764   Section        0  cosf.o(i.cosf)
    i.main                                   0x080028e0   Section        0  main.o(i.main)
    i.tanf                                   0x08002b94   Section        0  tanf.o(i.tanf)
    .constdata                               0x08002d08   Section       32  rredf.o(.constdata)
    twooverpi                                0x08002d08   Data          32  rredf.o(.constdata)
    .data                                    0x20000000   Section       40  main.o(.data)
    BLDC_POSTION_last                        0x20000020   Data           4  main.o(.data)
    BLDC_flag_last                           0x20000024   Data           4  main.o(.data)
    .data                                    0x20000028   Section        4  stm32f10x_it.o(.data)
    .data                                    0x2000002c   Section        4  key.o(.data)
    .data                                    0x20000030   Section       32  schedule.o(.data)
    now_postion                              0x20000044   Data           4  schedule.o(.data)
    last_postion                             0x20000048   Data           4  schedule.o(.data)
    BLDC_SPEED_last                          0x2000004c   Data           4  schedule.o(.data)
    .data                                    0x20000050   Section       53  control.o(.data)
    paraLoadFlag                             0x20000078   Data           1  control.o(.data)
    outerControl                             0x20000079   Data           1  control.o(.data)
    outerSetValue                            0x2000007c   Data           4  control.o(.data)
    outerResult                              0x20000080   Data           4  control.o(.data)
    paraLoadFlag                             0x20000084   Data           1  control.o(.data)
    .data                                    0x20000086   Section      198  parameter.o(.data)
    .data                                    0x2000014c   Section        4  capture.o(.data)
    .data                                    0x20000150   Section      208  filter.o(.data)
    _cutoff_freq1                            0x20000150   Data           4  filter.o(.data)
    _a11                                     0x20000154   Data           4  filter.o(.data)
    _a21                                     0x20000158   Data           4  filter.o(.data)
    _b01                                     0x2000015c   Data           4  filter.o(.data)
    _b11                                     0x20000160   Data           4  filter.o(.data)
    _b21                                     0x20000164   Data           4  filter.o(.data)
    _delay_element_11                        0x20000168   Data           4  filter.o(.data)
    _delay_element_21                        0x2000016c   Data           4  filter.o(.data)
    _cutoff_freq2                            0x20000170   Data           4  filter.o(.data)
    _a12                                     0x20000174   Data           4  filter.o(.data)
    _a22                                     0x20000178   Data           4  filter.o(.data)
    _b02                                     0x2000017c   Data           4  filter.o(.data)
    _b12                                     0x20000180   Data           4  filter.o(.data)
    _b22                                     0x20000184   Data           4  filter.o(.data)
    _delay_element_12                        0x20000188   Data           4  filter.o(.data)
    _delay_element_22                        0x2000018c   Data           4  filter.o(.data)
    _cutoff_freq3                            0x20000190   Data           4  filter.o(.data)
    _a13                                     0x20000194   Data           4  filter.o(.data)
    _a23                                     0x20000198   Data           4  filter.o(.data)
    _b03                                     0x2000019c   Data           4  filter.o(.data)
    _b13                                     0x200001a0   Data           4  filter.o(.data)
    _b23                                     0x200001a4   Data           4  filter.o(.data)
    _delay_element_13                        0x200001a8   Data           4  filter.o(.data)
    _delay_element_23                        0x200001ac   Data           4  filter.o(.data)
    _cutoff_freq4                            0x200001b0   Data           4  filter.o(.data)
    _a14                                     0x200001b4   Data           4  filter.o(.data)
    _a24                                     0x200001b8   Data           4  filter.o(.data)
    _b04                                     0x200001bc   Data           4  filter.o(.data)
    _b14                                     0x200001c0   Data           4  filter.o(.data)
    _b24                                     0x200001c4   Data           4  filter.o(.data)
    _delay_element_14                        0x200001c8   Data           4  filter.o(.data)
    _delay_element_24                        0x200001cc   Data           4  filter.o(.data)
    _cutoff_freq5                            0x200001d0   Data           4  filter.o(.data)
    _a15                                     0x200001d4   Data           4  filter.o(.data)
    _a25                                     0x200001d8   Data           4  filter.o(.data)
    _b05                                     0x200001dc   Data           4  filter.o(.data)
    _b15                                     0x200001e0   Data           4  filter.o(.data)
    _b25                                     0x200001e4   Data           4  filter.o(.data)
    _delay_element_15                        0x200001e8   Data           4  filter.o(.data)
    _delay_element_25                        0x200001ec   Data           4  filter.o(.data)
    _cutoff_freq6                            0x200001f0   Data           4  filter.o(.data)
    _a16                                     0x200001f4   Data           4  filter.o(.data)
    _a26                                     0x200001f8   Data           4  filter.o(.data)
    _b06                                     0x200001fc   Data           4  filter.o(.data)
    _b16                                     0x20000200   Data           4  filter.o(.data)
    _b26                                     0x20000204   Data           4  filter.o(.data)
    _delay_element_16                        0x20000208   Data           4  filter.o(.data)
    _delay_element_26                        0x2000020c   Data           4  filter.o(.data)
    x_last                                   0x20000210   Data           8  filter.o(.data)
    p_last                                   0x20000218   Data           8  filter.o(.data)
    .data                                    0x20000220   Section       20  system_stm32f10x.o(.data)
    .data                                    0x20000234   Section        4  errno.o(.data)
    _errno                                   0x20000234   Data           4  errno.o(.data)
    .bss                                     0x20000238   Section       16  encoder.o(.bss)
    .bss                                     0x20000248   Section     4148  schedule.o(.bss)
    FILT_BUF                                 0x20001268   Data          20  schedule.o(.bss)
    .bss                                     0x2000127c   Section      184  control.o(.bss)
    posOuter                                 0x200012ac   Data          68  control.o(.bss)
    bldcInner                                0x200012f0   Data          68  control.o(.bss)
    .bss                                     0x20001334   Section       10  capture.o(.bss)
    STACK                                    0x20001340   Section     1024  startup_stm32f10x_md.o(STACK)

    Global Symbols

    Symbol Name                              Value     Ov Type        Size  Object(Section)

    BuildAttributes$$THM_ISAv4$P$D$K$B$S$PE$A:L22UL41UL21$X:L11$S22US41US21$IEEE1$IW$USESV6$~STKCKD$USESV7$~SHL$OTIME$ROPI$IEEEX$EBA8$MICROLIB$REQ8$PRES8$EABIv2 0x00000000   Number         0  anon$$obj.o ABSOLUTE
    __ARM_use_no_argv                        0x00000000   Number         0  main.o ABSOLUTE
    __cpp_initialize__aeabi_                  - Undefined Weak Reference
    __cxa_finalize                            - Undefined Weak Reference
    _clock_init                               - Undefined Weak Reference
    _microlib_exit                            - Undefined Weak Reference
    __Vectors_Size                           0x000000ec   Number         0  startup_stm32f10x_md.o ABSOLUTE
    __Vectors                                0x08000000   Data           4  startup_stm32f10x_md.o(RESET)
    __Vectors_End                            0x080000ec   Data           0  startup_stm32f10x_md.o(RESET)
    __main                                   0x080000ed   Thumb Code     0  entry.o(.ARM.Collect$$$$00000000)
    _main_stk                                0x080000ed   Thumb Code     0  entry2.o(.ARM.Collect$$$$00000001)
    _main_scatterload                        0x080000f1   Thumb Code     0  entry5.o(.ARM.Collect$$$$00000004)
    __main_after_scatterload                 0x080000f5   Thumb Code     0  entry5.o(.ARM.Collect$$$$00000004)
    _main_clock                              0x080000f5   Thumb Code     0  entry7b.o(.ARM.Collect$$$$00000008)
    _main_cpp_init                           0x080000f5   Thumb Code     0  entry8b.o(.ARM.Collect$$$$0000000A)
    _main_init                               0x080000f5   Thumb Code     0  entry9a.o(.ARM.Collect$$$$0000000B)
    __rt_final_cpp                           0x080000fd   Thumb Code     0  entry10a.o(.ARM.Collect$$$$0000000D)
    __rt_final_exit                          0x080000fd   Thumb Code     0  entry11a.o(.ARM.Collect$$$$0000000F)
    Reset_Handler                            0x08000101   Thumb Code     8  startup_stm32f10x_md.o(.text)
    ADC1_2_IRQHandler                        0x0800011b   Thumb Code     0  startup_stm32f10x_md.o(.text)
    CAN1_RX1_IRQHandler                      0x0800011b   Thumb Code     0  startup_stm32f10x_md.o(.text)
    CAN1_SCE_IRQHandler                      0x0800011b   Thumb Code     0  startup_stm32f10x_md.o(.text)
    DMA1_Channel1_IRQHandler                 0x0800011b   Thumb Code     0  startup_stm32f10x_md.o(.text)
    DMA1_Channel2_IRQHandler                 0x0800011b   Thumb Code     0  startup_stm32f10x_md.o(.text)
    DMA1_Channel3_IRQHandler                 0x0800011b   Thumb Code     0  startup_stm32f10x_md.o(.text)
    DMA1_Channel4_IRQHandler                 0x0800011b   Thumb Code     0  startup_stm32f10x_md.o(.text)
    DMA1_Channel5_IRQHandler                 0x0800011b   Thumb Code     0  startup_stm32f10x_md.o(.text)
    DMA1_Channel7_IRQHandler                 0x0800011b   Thumb Code     0  startup_stm32f10x_md.o(.text)
    EXTI1_IRQHandler                         0x0800011b   Thumb Code     0  startup_stm32f10x_md.o(.text)
    EXTI2_IRQHandler                         0x0800011b   Thumb Code     0  startup_stm32f10x_md.o(.text)
    EXTI3_IRQHandler                         0x0800011b   Thumb Code     0  startup_stm32f10x_md.o(.text)
    EXTI4_IRQHandler                         0x0800011b   Thumb Code     0  startup_stm32f10x_md.o(.text)
    EXTI9_5_IRQHandler                       0x0800011b   Thumb Code     0  startup_stm32f10x_md.o(.text)
    FLASH_IRQHandler                         0x0800011b   Thumb Code     0  startup_stm32f10x_md.o(.text)
    I2C1_ER_IRQHandler                       0x0800011b   Thumb Code     0  startup_stm32f10x_md.o(.text)
    I2C1_EV_IRQHandler                       0x0800011b   Thumb Code     0  startup_stm32f10x_md.o(.text)
    I2C2_ER_IRQHandler                       0x0800011b   Thumb Code     0  startup_stm32f10x_md.o(.text)
    I2C2_EV_IRQHandler                       0x0800011b   Thumb Code     0  startup_stm32f10x_md.o(.text)
    PVD_IRQHandler                           0x0800011b   Thumb Code     0  startup_stm32f10x_md.o(.text)
    RCC_IRQHandler                           0x0800011b   Thumb Code     0  startup_stm32f10x_md.o(.text)
    RTCAlarm_IRQHandler                      0x0800011b   Thumb Code     0  startup_stm32f10x_md.o(.text)
    RTC_IRQHandler                           0x0800011b   Thumb Code     0  startup_stm32f10x_md.o(.text)
    SPI1_IRQHandler                          0x0800011b   Thumb Code     0  startup_stm32f10x_md.o(.text)
    SPI2_IRQHandler                          0x0800011b   Thumb Code     0  startup_stm32f10x_md.o(.text)
    TAMPER_IRQHandler                        0x0800011b   Thumb Code     0  startup_stm32f10x_md.o(.text)
    TIM1_BRK_IRQHandler                      0x0800011b   Thumb Code     0  startup_stm32f10x_md.o(.text)
    TIM1_CC_IRQHandler                       0x0800011b   Thumb Code     0  startup_stm32f10x_md.o(.text)
    TIM1_TRG_COM_IRQHandler                  0x0800011b   Thumb Code     0  startup_stm32f10x_md.o(.text)
    TIM1_UP_IRQHandler                       0x0800011b   Thumb Code     0  startup_stm32f10x_md.o(.text)
    TIM2_IRQHandler                          0x0800011b   Thumb Code     0  startup_stm32f10x_md.o(.text)
    TIM4_IRQHandler                          0x0800011b   Thumb Code     0  startup_stm32f10x_md.o(.text)
    USART1_IRQHandler                        0x0800011b   Thumb Code     0  startup_stm32f10x_md.o(.text)
    USART2_IRQHandler                        0x0800011b   Thumb Code     0  startup_stm32f10x_md.o(.text)
    USART3_IRQHandler                        0x0800011b   Thumb Code     0  startup_stm32f10x_md.o(.text)
    USBWakeUp_IRQHandler                     0x0800011b   Thumb Code     0  startup_stm32f10x_md.o(.text)
    WWDG_IRQHandler                          0x0800011b   Thumb Code     0  startup_stm32f10x_md.o(.text)
    __aeabi_fadd                             0x08000125   Thumb Code   164  fadd.o(.text)
    __aeabi_fsub                             0x080001c9   Thumb Code     6  fadd.o(.text)
    __aeabi_frsub                            0x080001cf   Thumb Code     6  fadd.o(.text)
    __aeabi_fmul                             0x080001d5   Thumb Code   100  fmul.o(.text)
    __aeabi_fdiv                             0x08000239   Thumb Code   124  fdiv.o(.text)
    __aeabi_dadd                             0x080002b5   Thumb Code   322  dadd.o(.text)
    __aeabi_dsub                             0x080003f7   Thumb Code     6  dadd.o(.text)
    __aeabi_drsub                            0x080003fd   Thumb Code     6  dadd.o(.text)
    __aeabi_dmul                             0x08000403   Thumb Code   228  dmul.o(.text)
    __aeabi_ddiv                             0x080004e7   Thumb Code   222  ddiv.o(.text)
    __aeabi_i2f                              0x080005c5   Thumb Code    18  fflti.o(.text)
    __aeabi_i2d                              0x080005d7   Thumb Code    34  dflti.o(.text)
    __aeabi_f2iz                             0x080005f9   Thumb Code    50  ffixi.o(.text)
    __aeabi_f2d                              0x0800062b   Thumb Code    38  f2d.o(.text)
    __aeabi_cdcmpeq                          0x08000651   Thumb Code     0  cdcmple.o(.text)
    __aeabi_cdcmple                          0x08000651   Thumb Code    48  cdcmple.o(.text)
    __aeabi_cdrcmple                         0x08000681   Thumb Code    48  cdrcmple.o(.text)
    __aeabi_d2f                              0x080006b1   Thumb Code    56  d2f.o(.text)
    __aeabi_cfcmpeq                          0x080006e9   Thumb Code     0  cfcmple.o(.text)
    __aeabi_cfcmple                          0x080006e9   Thumb Code    20  cfcmple.o(.text)
    __aeabi_cfrcmple                         0x080006fd   Thumb Code    20  cfrcmple.o(.text)
    __aeabi_llsl                             0x08000711   Thumb Code    30  llshl.o(.text)
    _ll_shift_l                              0x08000711   Thumb Code     0  llshl.o(.text)
    __aeabi_lasr                             0x0800072f   Thumb Code    36  llsshr.o(.text)
    _ll_sshift_r                             0x0800072f   Thumb Code     0  llsshr.o(.text)
    __I$use$fp                               0x08000753   Thumb Code     0  iusefp.o(.text)
    _float_round                             0x08000753   Thumb Code    18  fepilogue.o(.text)
    _float_epilogue                          0x08000765   Thumb Code    92  fepilogue.o(.text)
    _frnd                                    0x080007c1   Thumb Code    60  frnd.o(.text)
    _double_round                            0x080007fd   Thumb Code    30  depilogue.o(.text)
    _double_epilogue                         0x0800081b   Thumb Code   156  depilogue.o(.text)
    __scatterload                            0x080008b9   Thumb Code    28  init.o(.text)
    __scatterload_rt2                        0x080008b9   Thumb Code     0  init.o(.text)
    __aeabi_llsr                             0x080008dd   Thumb Code    32  llushr.o(.text)
    _ll_ushift_r                             0x080008dd   Thumb Code     0  llushr.o(.text)
    __ARM_scalbnf                            0x080008fd   Thumb Code    24  fscalb.o(.text)
    scalbnf                                  0x080008fd   Thumb Code     0  fscalb.o(.text)
    __aeabi_ui2f                             0x08000915   Thumb Code    10  ffltui.o(.text)
    __decompress                             0x0800091f   Thumb Code     0  __dczerorl2.o(.text)
    __decompress1                            0x0800091f   Thumb Code    86  __dczerorl2.o(.text)
    BLDC_Control                             0x08000975   Thumb Code   144  control.o(i.BLDC_Control)
    BLDC_U                                   0x08000a2d   Thumb Code    30  pwm.o(i.BLDC_U)
    BLDC_V                                   0x08000a4b   Thumb Code    30  pwm.o(i.BLDC_V)
    BLDC_W                                   0x08000a69   Thumb Code    28  pwm.o(i.BLDC_W)
    BusFault_Handler                         0x08000a89   Thumb Code     4  stm32f10x_it.o(i.BusFault_Handler)
    CAN_ClearITPendingBit                    0x08000a8d   Thumb Code   162  stm32f10x_can.o(i.CAN_ClearITPendingBit)
    CAN_GetITStatus                          0x08000b35   Thumb Code   284  stm32f10x_can.o(i.CAN_GetITStatus)
    CAN_Receive                              0x08000c55   Thumb Code   240  stm32f10x_can.o(i.CAN_Receive)
    Commutation                              0x08000d59   Thumb Code   524  pwm.o(i.Commutation)
    DMA1_Channel6_IRQHandler                 0x08000f81   Thumb Code    30  usart2.o(i.DMA1_Channel6_IRQHandler)
    DMA_ClearFlag                            0x08000fa1   Thumb Code    18  stm32f10x_dma.o(i.DMA_ClearFlag)
    DMA_ClearITPendingBit                    0x08000fbd   Thumb Code    18  stm32f10x_dma.o(i.DMA_ClearITPendingBit)
    DMA_GetITStatus                          0x08000fd9   Thumb Code    36  stm32f10x_dma.o(i.DMA_GetITStatus)
    DebugMon_Handler                         0x08001005   Thumb Code     2  stm32f10x_it.o(i.DebugMon_Handler)
    EXTI0_IRQHandler                         0x08001009   Thumb Code    66  stm32f10x_it.o(i.EXTI0_IRQHandler)
    EXTI15_10_IRQHandler                     0x08001055   Thumb Code    52  key.o(i.EXTI15_10_IRQHandler)
    EXTI_ClearITPendingBit                   0x08001095   Thumb Code     6  stm32f10x_exti.o(i.EXTI_ClearITPendingBit)
    EXTI_GetITStatus                         0x080010a1   Thumb Code    34  stm32f10x_exti.o(i.EXTI_GetITStatus)
    EXTI_Init                                0x080010c9   Thumb Code   142  stm32f10x_exti.o(i.EXTI_Init)
    GPIO_EXTILineConfig                      0x0800115d   Thumb Code    60  stm32f10x_gpio.o(i.GPIO_EXTILineConfig)
    GPIO_Init                                0x0800119d   Thumb Code   278  stm32f10x_gpio.o(i.GPIO_Init)
    GPIO_ReadInputDataBit                    0x080012b3   Thumb Code    18  stm32f10x_gpio.o(i.GPIO_ReadInputDataBit)
    GPIO_ResetBits                           0x080012c5   Thumb Code     4  stm32f10x_gpio.o(i.GPIO_ResetBits)
    GPIO_SetBits                             0x080012c9   Thumb Code     4  stm32f10x_gpio.o(i.GPIO_SetBits)
    HardFault_Handler                        0x080012cd   Thumb Code     4  stm32f10x_it.o(i.HardFault_Handler)
    INH_Init                                 0x080012d1   Thumb Code   106  pwm.o(i.INH_Init)
    KEY_Configuration                        0x08001345   Thumb Code   106  key.o(i.KEY_Configuration)
    LPF2pApply_1                             0x080013b5   Thumb Code   162  filter.o(i.LPF2pApply_1)
    LPF2pSetCutoffFreq_1                     0x08001479   Thumb Code   262  filter.o(i.LPF2pSetCutoffFreq_1)
    Load_Parameters                          0x080015a1   Thumb Code    36  parameter.o(i.Load_Parameters)
    Loop                                     0x080015d9   Thumb Code   130  schedule.o(i.Loop)
    Loop_1000Hz                              0x08001661   Thumb Code   214  schedule.o(i.Loop_1000Hz)
    Loop_100Hz                               0x08001765   Thumb Code     2  schedule.o(i.Loop_100Hz)
    Loop_10Hz                                0x08001767   Thumb Code     2  schedule.o(i.Loop_10Hz)
    Loop_200Hz                               0x08001769   Thumb Code     2  schedule.o(i.Loop_200Hz)
    Loop_20Hz                                0x0800176b   Thumb Code     2  schedule.o(i.Loop_20Hz)
    Loop_500Hz                               0x0800176d   Thumb Code     2  schedule.o(i.Loop_500Hz)
    Loop_50Hz                                0x0800176f   Thumb Code     2  schedule.o(i.Loop_50Hz)
    MemManage_Handler                        0x08001771   Thumb Code     4  stm32f10x_it.o(i.MemManage_Handler)
    NMI_Handler                              0x08001775   Thumb Code     2  stm32f10x_it.o(i.NMI_Handler)
    NVIC_Init                                0x08001779   Thumb Code   100  misc.o(i.NVIC_Init)
    PWM_Configuration                        0x080017e9   Thumb Code   228  pwm.o(i.PWM_Configuration)
    PendSV_Handler                           0x080018d5   Thumb Code     2  stm32f10x_it.o(i.PendSV_Handler)
    RCC_APB1PeriphClockCmd                   0x080018d9   Thumb Code    26  stm32f10x_rcc.o(i.RCC_APB1PeriphClockCmd)
    RCC_APB2PeriphClockCmd                   0x080018f9   Thumb Code    26  stm32f10x_rcc.o(i.RCC_APB2PeriphClockCmd)
    SVC_Handler                              0x08001919   Thumb Code     2  stm32f10x_it.o(i.SVC_Handler)
    SysTick_Handler                          0x08001a05   Thumb Code    92  stm32f10x_it.o(i.SysTick_Handler)
    SysTick_Init                             0x08001a69   Thumb Code    92  systick.o(i.SysTick_Init)
    SystemInit                               0x08001ad1   Thumb Code    78  system_stm32f10x.o(i.SystemInit)
    TDT_Get_PIDparameters                    0x08001b31   Thumb Code    48  parameter.o(i.TDT_Get_PIDparameters)
    TDT_bldc_InnerControl                    0x08001b75   Thumb Code   338  control.o(i.TDT_bldc_InnerControl)
    TDT_pos_OuterControl                     0x08001cd9   Thumb Code   218  control.o(i.TDT_pos_OuterControl)
    TIM3_Cap_Init                            0x08002005   Thumb Code   156  capture.o(i.TIM3_Cap_Init)
    TIM3_IRQHandler                          0x080020ad   Thumb Code   178  capture.o(i.TIM3_IRQHandler)
    TIM_ARRPreloadConfig                     0x0800216d   Thumb Code    24  stm32f10x_tim.o(i.TIM_ARRPreloadConfig)
    TIM_ClearITPendingBit                    0x08002185   Thumb Code     6  stm32f10x_tim.o(i.TIM_ClearITPendingBit)
    TIM_Cmd                                  0x0800218b   Thumb Code    24  stm32f10x_tim.o(i.TIM_Cmd)
    TIM_CtrlPWMOutputs                       0x080021a3   Thumb Code    30  stm32f10x_tim.o(i.TIM_CtrlPWMOutputs)
    TIM_GetCapture3                          0x080021c1   Thumb Code     6  stm32f10x_tim.o(i.TIM_GetCapture3)
    TIM_GetITStatus                          0x080021c7   Thumb Code    34  stm32f10x_tim.o(i.TIM_GetITStatus)
    TIM_ICInit                               0x080021e9   Thumb Code   150  stm32f10x_tim.o(i.TIM_ICInit)
    TIM_ITConfig                             0x08002295   Thumb Code    18  stm32f10x_tim.o(i.TIM_ITConfig)
    TIM_OC1Init                              0x080022a9   Thumb Code   132  stm32f10x_tim.o(i.TIM_OC1Init)
    TIM_OC2Init                              0x08002341   Thumb Code   154  stm32f10x_tim.o(i.TIM_OC2Init)
    TIM_OC3PolarityConfig                    0x080023e5   Thumb Code    26  stm32f10x_tim.o(i.TIM_OC3PolarityConfig)
    TIM_SetCounter                           0x080023ff   Thumb Code     4  stm32f10x_tim.o(i.TIM_SetCounter)
    TIM_SetIC1Prescaler                      0x08002403   Thumb Code    18  stm32f10x_tim.o(i.TIM_SetIC1Prescaler)
    TIM_SetIC2Prescaler                      0x08002415   Thumb Code    26  stm32f10x_tim.o(i.TIM_SetIC2Prescaler)
    TIM_SetIC3Prescaler                      0x0800242f   Thumb Code    18  stm32f10x_tim.o(i.TIM_SetIC3Prescaler)
    TIM_SetIC4Prescaler                      0x08002441   Thumb Code    26  stm32f10x_tim.o(i.TIM_SetIC4Prescaler)
    TIM_TimeBaseInit                         0x0800245d   Thumb Code   122  stm32f10x_tim.o(i.TIM_TimeBaseInit)
    USB_HP_CAN1_TX_IRQHandler                0x08002501   Thumb Code    22  can.o(i.USB_HP_CAN1_TX_IRQHandler)
    USB_LP_CAN1_RX0_IRQHandler               0x0800251d   Thumb Code    72  can.o(i.USB_LP_CAN1_RX0_IRQHandler)
    UsageFault_Handler                       0x0800256d   Thumb Code     4  stm32f10x_it.o(i.UsageFault_Handler)
    __ARM_fpclassifyf                        0x08002571   Thumb Code    38  fpclassifyf.o(i.__ARM_fpclassifyf)
    __ARM_isinff                             0x08002597   Thumb Code    20  filter.o(i.__ARM_isinff)
    __ARM_isnanf                             0x080025ab   Thumb Code    14  filter.o(i.__ARM_isnanf)
    __mathlib_flt_infnan                     0x080025b9   Thumb Code     6  funder.o(i.__mathlib_flt_infnan)
    __mathlib_flt_invalid                    0x080025bf   Thumb Code     8  funder.o(i.__mathlib_flt_invalid)
    __mathlib_flt_underflow                  0x080025c7   Thumb Code    10  funder.o(i.__mathlib_flt_underflow)
    __mathlib_rredf2                         0x080025d1   Thumb Code   344  rredf.o(i.__mathlib_rredf2)
    __scatterload_copy                       0x08002739   Thumb Code    14  handlers.o(i.__scatterload_copy)
    __scatterload_null                       0x08002747   Thumb Code     2  handlers.o(i.__scatterload_null)
    __scatterload_zeroinit                   0x08002749   Thumb Code    14  handlers.o(i.__scatterload_zeroinit)
    __set_errno                              0x08002759   Thumb Code     6  errno.o(i.__set_errno)
    cosf                                     0x08002765   Thumb Code   328  cosf.o(i.cosf)
    main                                     0x080028e1   Thumb Code   626  main.o(i.main)
    tanf                                     0x08002b95   Thumb Code   314  tanf.o(i.tanf)
    Region$$Table$$Base                      0x08002d28   Number         0  anon$$obj.o(Region$$Table)
    Region$$Table$$Limit                     0x08002d48   Number         0  anon$$obj.o(Region$$Table)
    BLDC_POSTION                             0x20000000   Data           4  main.o(.data)
    temp_max                                 0x20000004   Data           4  main.o(.data)
    temp_min                                 0x20000008   Data           4  main.o(.data)
    BLDC_step                                0x2000000c   Data           4  main.o(.data)
    BLDC_pwm                                 0x20000010   Data           4  main.o(.data)
    BLDC_flag                                0x20000014   Data           4  main.o(.data)
    BLDC_DIR_FLG                             0x20000018   Data           1  main.o(.data)
    BLDC_POS_DIFF                            0x2000001c   Data           4  main.o(.data)
    sys_time_ms                              0x20000028   Data           4  stm32f10x_it.o(.data)
    last_time                                0x2000002c   Data           4  key.o(.data)
    BLDC_SPEED                               0x20000030   Data           4  schedule.o(.data)
    BLDC_SPEED_DIFF                          0x20000034   Data           4  schedule.o(.data)
    BLDC_SPEED_FILT                          0x20000038   Data           4  schedule.o(.data)
    BLDC_SPEED_FILT_scop                     0x2000003c   Data           4  schedule.o(.data)
    scop_sample                              0x20000040   Data           4  schedule.o(.data)
    runFlag                                  0x20000050   Data           8  control.o(.data)
    BLDC_set_speed                           0x20000058   Data           4  control.o(.data)
    aimPosition                              0x2000005c   Data          20  control.o(.data)
    set_postion                              0x20000070   Data           4  control.o(.data)
    set_speed_scop                           0x20000074   Data           4  control.o(.data)
    BLDC_HALL_POS                            0x20000086   Data         132  parameter.o(.data)
    BLDC_POS2STEP                            0x2000010a   Data          66  parameter.o(.data)
    TIM3CH3_CAPTURE_STA                      0x2000014c   Data           1  capture.o(.data)
    TIM3CH3_CAPTURE_VAL                      0x2000014e   Data           2  capture.o(.data)
    SystemCoreClock                          0x20000220   Data           4  system_stm32f10x.o(.data)
    AHBPrescTable                            0x20000224   Data          16  system_stm32f10x.o(.data)
    encoder                                  0x20000238   Data          16  encoder.o(.bss)
    schedule                                 0x20000248   Data          32  schedule.o(.bss)
    BLDC_postion                             0x20000268   Data        4096  schedule.o(.bss)
    position_pid                             0x2000127c   Data          48  control.o(.bss)
    TIM3_ICInitStructure                     0x20001334   Data          10  capture.o(.bss)
    __initial_sp                             0x20001740   Data           0  startup_stm32f10x_md.o(STACK)



==============================================================================

Memory Map of the image

  Image Entry point : 0x080000ed

  Load Region LR_IROM1 (Base: 0x08000000, Size: 0x00002f80, Max: 0x00010000, ABSOLUTE, COMPRESSED[0x00002e00])

    Execution Region ER_IROM1 (Base: 0x08000000, Size: 0x00002d48, Max: 0x00010000, ABSOLUTE)

    Base Addr    Size         Type   Attr      Idx    E Section Name        Object

    0x08000000   0x000000ec   Data   RO         2502    RESET               startup_stm32f10x_md.o
    0x080000ec   0x00000000   Code   RO         2523  * .ARM.Collect$$$$00000000  mc_w.l(entry.o)
    0x080000ec   0x00000004   Code   RO         2575    .ARM.Collect$$$$00000001  mc_w.l(entry2.o)
    0x080000f0   0x00000004   Code   RO         2578    .ARM.Collect$$$$00000004  mc_w.l(entry5.o)
    0x080000f4   0x00000000   Code   RO         2580    .ARM.Collect$$$$00000008  mc_w.l(entry7b.o)
    0x080000f4   0x00000000   Code   RO         2582    .ARM.Collect$$$$0000000A  mc_w.l(entry8b.o)
    0x080000f4   0x00000008   Code   RO         2583    .ARM.Collect$$$$0000000B  mc_w.l(entry9a.o)
    0x080000fc   0x00000000   Code   RO         2585    .ARM.Collect$$$$0000000D  mc_w.l(entry10a.o)
    0x080000fc   0x00000000   Code   RO         2587    .ARM.Collect$$$$0000000F  mc_w.l(entry11a.o)
    0x080000fc   0x00000004   Code   RO         2576    .ARM.Collect$$$$00002712  mc_w.l(entry2.o)
    0x08000100   0x00000024   Code   RO         2503    .text               startup_stm32f10x_md.o
    0x08000124   0x000000b0   Code   RO         2526    .text               mf_w.l(fadd.o)
    0x080001d4   0x00000064   Code   RO         2528    .text               mf_w.l(fmul.o)
    0x08000238   0x0000007c   Code   RO         2530    .text               mf_w.l(fdiv.o)
    0x080002b4   0x0000014e   Code   RO         2532    .text               mf_w.l(dadd.o)
    0x08000402   0x000000e4   Code   RO         2534    .text               mf_w.l(dmul.o)
    0x080004e6   0x000000de   Code   RO         2536    .text               mf_w.l(ddiv.o)
    0x080005c4   0x00000012   Code   RO         2538    .text               mf_w.l(fflti.o)
    0x080005d6   0x00000022   Code   RO         2540    .text               mf_w.l(dflti.o)
    0x080005f8   0x00000032   Code   RO         2542    .text               mf_w.l(ffixi.o)
    0x0800062a   0x00000026   Code   RO         2544    .text               mf_w.l(f2d.o)
    0x08000650   0x00000030   Code   RO         2546    .text               mf_w.l(cdcmple.o)
    0x08000680   0x00000030   Code   RO         2548    .text               mf_w.l(cdrcmple.o)
    0x080006b0   0x00000038   Code   RO         2550    .text               mf_w.l(d2f.o)
    0x080006e8   0x00000014   Code   RO         2552    .text               mf_w.l(cfcmple.o)
    0x080006fc   0x00000014   Code   RO         2554    .text               mf_w.l(cfrcmple.o)
    0x08000710   0x0000001e   Code   RO         2589    .text               mc_w.l(llshl.o)
    0x0800072e   0x00000024   Code   RO         2591    .text               mc_w.l(llsshr.o)
    0x08000752   0x00000000   Code   RO         2600    .text               mc_w.l(iusefp.o)
    0x08000752   0x0000006e   Code   RO         2601    .text               mf_w.l(fepilogue.o)
    0x080007c0   0x0000003c   Code   RO         2603    .text               mf_w.l(frnd.o)
    0x080007fc   0x000000ba   Code   RO         2605    .text               mf_w.l(depilogue.o)
    0x080008b6   0x00000002   PAD
    0x080008b8   0x00000024   Code   RO         2607    .text               mc_w.l(init.o)
    0x080008dc   0x00000020   Code   RO         2609    .text               mc_w.l(llushr.o)
    0x080008fc   0x00000018   Code   RO         2611    .text               mf_w.l(fscalb.o)
    0x08000914   0x0000000a   Code   RO         2613    .text               mf_w.l(ffltui.o)
    0x0800091e   0x00000056   Code   RO         2623    .text               mc_w.l(__dczerorl2.o)
    0x08000974   0x000000b8   Code   RO          508    i.BLDC_Control      control.o
    0x08000a2c   0x0000001e   Code   RO          239    i.BLDC_U            pwm.o
    0x08000a4a   0x0000001e   Code   RO          240    i.BLDC_V            pwm.o
    0x08000a68   0x00000020   Code   RO          241    i.BLDC_W            pwm.o
    0x08000a88   0x00000004   Code   RO          130    i.BusFault_Handler  stm32f10x_it.o
    0x08000a8c   0x000000a8   Code   RO          960    i.CAN_ClearITPendingBit  stm32f10x_can.o
    0x08000b34   0x00000120   Code   RO          966    i.CAN_GetITStatus   stm32f10x_can.o
    0x08000c54   0x000000f0   Code   RO          974    i.CAN_Receive       stm32f10x_can.o
    0x08000d44   0x00000012   Code   RO          982    i.CheckITStatus     stm32f10x_can.o
    0x08000d56   0x00000002   PAD
    0x08000d58   0x00000228   Code   RO          242    i.Commutation       pwm.o
    0x08000f80   0x0000001e   Code   RO          305    i.DMA1_Channel6_IRQHandler  usart2.o
    0x08000f9e   0x00000002   PAD
    0x08000fa0   0x0000001c   Code   RO         2155    i.DMA_ClearFlag     stm32f10x_dma.o
    0x08000fbc   0x0000001c   Code   RO         2156    i.DMA_ClearITPendingBit  stm32f10x_dma.o
    0x08000fd8   0x0000002c   Code   RO         2161    i.DMA_GetITStatus   stm32f10x_dma.o
    0x08001004   0x00000002   Code   RO          131    i.DebugMon_Handler  stm32f10x_it.o
    0x08001006   0x00000002   PAD
    0x08001008   0x0000004c   Code   RO          132    i.EXTI0_IRQHandler  stm32f10x_it.o
    0x08001054   0x00000040   Code   RO          392    i.EXTI15_10_IRQHandler  key.o
    0x08001094   0x0000000c   Code   RO         2402    i.EXTI_ClearITPendingBit  stm32f10x_exti.o
    0x080010a0   0x00000028   Code   RO         2406    i.EXTI_GetITStatus  stm32f10x_exti.o
    0x080010c8   0x00000094   Code   RO         2407    i.EXTI_Init         stm32f10x_exti.o
    0x0800115c   0x00000040   Code   RO         1116    i.GPIO_EXTILineConfig  stm32f10x_gpio.o
    0x0800119c   0x00000116   Code   RO         1119    i.GPIO_Init         stm32f10x_gpio.o
    0x080012b2   0x00000012   Code   RO         1123    i.GPIO_ReadInputDataBit  stm32f10x_gpio.o
    0x080012c4   0x00000004   Code   RO         1126    i.GPIO_ResetBits    stm32f10x_gpio.o
    0x080012c8   0x00000004   Code   RO         1127    i.GPIO_SetBits      stm32f10x_gpio.o
    0x080012cc   0x00000004   Code   RO          133    i.HardFault_Handler  stm32f10x_it.o
    0x080012d0   0x00000074   Code   RO          243    i.INH_Init          pwm.o
    0x08001344   0x00000070   Code   RO          393    i.KEY_Configuration  key.o
    0x080013b4   0x000000c4   Code   RO          595    i.LPF2pApply_1      filter.o
    0x08001478   0x00000128   Code   RO          601    i.LPF2pSetCutoffFreq_1  filter.o
    0x080015a0   0x00000038   Code   RO          545    i.Load_Parameters   parameter.o
    0x080015d8   0x00000088   Code   RO          429    i.Loop              schedule.o
    0x08001660   0x00000104   Code   RO          430    i.Loop_1000Hz       schedule.o
    0x08001764   0x00000002   Code   RO          431    i.Loop_100Hz        schedule.o
    0x08001766   0x00000002   Code   RO          432    i.Loop_10Hz         schedule.o
    0x08001768   0x00000002   Code   RO          433    i.Loop_200Hz        schedule.o
    0x0800176a   0x00000002   Code   RO          434    i.Loop_20Hz         schedule.o
    0x0800176c   0x00000002   Code   RO          435    i.Loop_500Hz        schedule.o
    0x0800176e   0x00000002   Code   RO          436    i.Loop_50Hz         schedule.o
    0x08001770   0x00000004   Code   RO          134    i.MemManage_Handler  stm32f10x_it.o
    0x08001774   0x00000002   Code   RO          135    i.NMI_Handler       stm32f10x_it.o
    0x08001776   0x00000002   PAD
    0x08001778   0x00000070   Code   RO          700    i.NVIC_Init         misc.o
    0x080017e8   0x000000ec   Code   RO          244    i.PWM_Configuration  pwm.o
    0x080018d4   0x00000002   Code   RO          136    i.PendSV_Handler    stm32f10x_it.o
    0x080018d6   0x00000002   PAD
    0x080018d8   0x00000020   Code   RO         1229    i.RCC_APB1PeriphClockCmd  stm32f10x_rcc.o
    0x080018f8   0x00000020   Code   RO         1231    i.RCC_APB2PeriphClockCmd  stm32f10x_rcc.o
    0x08001918   0x00000002   Code   RO          137    i.SVC_Handler       stm32f10x_it.o
    0x0800191a   0x00000008   Code   RO         2466    i.SetSysClock       system_stm32f10x.o
    0x08001922   0x00000002   PAD
    0x08001924   0x000000e0   Code   RO         2467    i.SetSysClockTo72   system_stm32f10x.o
    0x08001a04   0x00000064   Code   RO          138    i.SysTick_Handler   stm32f10x_it.o
    0x08001a68   0x00000068   Code   RO          413    i.SysTick_Init      systick.o
    0x08001ad0   0x00000060   Code   RO         2469    i.SystemInit        system_stm32f10x.o
    0x08001b30   0x00000044   Code   RO          546    i.TDT_Get_PIDparameters  parameter.o
    0x08001b74   0x00000164   Code   RO          510    i.TDT_bldc_InnerControl  control.o
    0x08001cd8   0x000000ec   Code   RO          511    i.TDT_pos_OuterControl  control.o
    0x08001dc4   0x00000080   Code   RO         1427    i.TI1_Config        stm32f10x_tim.o
    0x08001e44   0x00000098   Code   RO         1428    i.TI2_Config        stm32f10x_tim.o
    0x08001edc   0x00000090   Code   RO         1429    i.TI3_Config        stm32f10x_tim.o
    0x08001f6c   0x00000098   Code   RO         1430    i.TI4_Config        stm32f10x_tim.o
    0x08002004   0x000000a8   Code   RO          569    i.TIM3_Cap_Init     capture.o
    0x080020ac   0x000000c0   Code   RO          570    i.TIM3_IRQHandler   capture.o
    0x0800216c   0x00000018   Code   RO         1431    i.TIM_ARRPreloadConfig  stm32f10x_tim.o
    0x08002184   0x00000006   Code   RO         1438    i.TIM_ClearITPendingBit  stm32f10x_tim.o
    0x0800218a   0x00000018   Code   RO         1443    i.TIM_Cmd           stm32f10x_tim.o
    0x080021a2   0x0000001e   Code   RO         1445    i.TIM_CtrlPWMOutputs  stm32f10x_tim.o
    0x080021c0   0x00000006   Code   RO         1460    i.TIM_GetCapture3   stm32f10x_tim.o
    0x080021c6   0x00000022   Code   RO         1464    i.TIM_GetITStatus   stm32f10x_tim.o
    0x080021e8   0x000000ac   Code   RO         1466    i.TIM_ICInit        stm32f10x_tim.o
    0x08002294   0x00000012   Code   RO         1468    i.TIM_ITConfig      stm32f10x_tim.o
    0x080022a6   0x00000002   PAD
    0x080022a8   0x00000098   Code   RO         1472    i.TIM_OC1Init       stm32f10x_tim.o
    0x08002340   0x000000a4   Code   RO         1477    i.TIM_OC2Init       stm32f10x_tim.o
    0x080023e4   0x0000001a   Code   RO         1484    i.TIM_OC3PolarityConfig  stm32f10x_tim.o
    0x080023fe   0x00000004   Code   RO         1508    i.TIM_SetCounter    stm32f10x_tim.o
    0x08002402   0x00000012   Code   RO         1509    i.TIM_SetIC1Prescaler  stm32f10x_tim.o
    0x08002414   0x0000001a   Code   RO         1510    i.TIM_SetIC2Prescaler  stm32f10x_tim.o
    0x0800242e   0x00000012   Code   RO         1511    i.TIM_SetIC3Prescaler  stm32f10x_tim.o
    0x08002440   0x0000001a   Code   RO         1512    i.TIM_SetIC4Prescaler  stm32f10x_tim.o
    0x0800245a   0x00000002   PAD
    0x0800245c   0x000000a4   Code   RO         1514    i.TIM_TimeBaseInit  stm32f10x_tim.o
    0x08002500   0x0000001c   Code   RO          339    i.USB_HP_CAN1_TX_IRQHandler  can.o
    0x0800251c   0x00000050   Code   RO          340    i.USB_LP_CAN1_RX0_IRQHandler  can.o
    0x0800256c   0x00000004   Code   RO          139    i.UsageFault_Handler  stm32f10x_it.o
    0x08002570   0x00000026   Code   RO         2556    i.__ARM_fpclassifyf  m_ws.l(fpclassifyf.o)
    0x08002596   0x00000014   Code   RO          677    i.__ARM_isinff      filter.o
    0x080025aa   0x0000000e   Code   RO          682    i.__ARM_isnanf      filter.o
    0x080025b8   0x00000006   Code   RO         2559    i.__mathlib_flt_infnan  m_ws.l(funder.o)
    0x080025be   0x00000008   Code   RO         2561    i.__mathlib_flt_invalid  m_ws.l(funder.o)
    0x080025c6   0x0000000a   Code   RO         2564    i.__mathlib_flt_underflow  m_ws.l(funder.o)
    0x080025d0   0x00000168   Code   RO         2572    i.__mathlib_rredf2  m_ws.l(rredf.o)
    0x08002738   0x0000000e   Code   RO         2617    i.__scatterload_copy  mc_w.l(handlers.o)
    0x08002746   0x00000002   Code   RO         2618    i.__scatterload_null  mc_w.l(handlers.o)
    0x08002748   0x0000000e   Code   RO         2619    i.__scatterload_zeroinit  mc_w.l(handlers.o)
    0x08002756   0x00000002   PAD
    0x08002758   0x0000000c   Code   RO         2595    i.__set_errno       mc_w.l(errno.o)
    0x08002764   0x0000017c   Code   RO         2508    i.cosf              m_ws.l(cosf.o)
    0x080028e0   0x000002b4   Code   RO            1    i.main              main.o
    0x08002b94   0x00000174   Code   RO         2516    i.tanf              m_ws.l(tanf.o)
    0x08002d08   0x00000020   Data   RO         2573    .constdata          m_ws.l(rredf.o)
    0x08002d28   0x00000020   Data   RO         2615    Region$$Table       anon$$obj.o


    Execution Region RW_IRAM1 (Base: 0x20000000, Size: 0x00001740, Max: 0x00005000, ABSOLUTE, COMPRESSED[0x000000b8])

    Base Addr    Size         Type   Attr      Idx    E Section Name        Object

    0x20000000   0x00000028   Data   RW            2    .data               main.o
    0x20000028   0x00000004   Data   RW          140    .data               stm32f10x_it.o
    0x2000002c   0x00000004   Data   RW          394    .data               key.o
    0x20000030   0x00000020   Data   RW          438    .data               schedule.o
    0x20000050   0x00000035   Data   RW          513    .data               control.o
    0x20000085   0x00000001   PAD
    0x20000086   0x000000c6   Data   RW          547    .data               parameter.o
    0x2000014c   0x00000004   Data   RW          572    .data               capture.o
    0x20000150   0x000000d0   Data   RW          607    .data               filter.o
    0x20000220   0x00000014   Data   RW         2470    .data               system_stm32f10x.o
    0x20000234   0x00000004   Data   RW         2596    .data               mc_w.l(errno.o)
    0x20000238   0x00000010   Zero   RW          209    .bss                encoder.o
    0x20000248   0x00001034   Zero   RW          437    .bss                schedule.o
    0x2000127c   0x000000b8   Zero   RW          512    .bss                control.o
    0x20001334   0x0000000a   Zero   RW          571    .bss                capture.o
    0x2000133e   0x00000002   PAD
    0x20001340   0x00000400   Zero   RW         2500    STACK               startup_stm32f10x_md.o


==============================================================================

Image component sizes


      Code (inc. data)   RO Data    RW Data    ZI Data      Debug   Object Name

       108         14          0          0          0        993   can.o
       360         26          0          4         10       1621   capture.o
       776         76          0         53        184       4091   control.o
         0          0          0          0          0         32   core_cm3.o
         0          0          0          0         16        546   encoder.o
       526         68          0        208          0       4659   filter.o
       176         18          0          4          0       1215   key.o
       692         74          0         40          0     249434   main.o
       112         12          0          0          0        944   misc.o
       124         40          0        198          0       1540   parameter.o
       996         50          0          0          0       3352   pwm.o
       408         52          0         32       4148       4840   schedule.o
        36          8        236          0       1024        776   startup_stm32f10x_md.o
       714         10          0          0          0       3364   stm32f10x_can.o
       100         28          0          0          0       1542   stm32f10x_dma.o
       200         18          0          0          0       1956   stm32f10x_exti.o
       368          4          0          0          0       4050   stm32f10x_gpio.o
       200         18          0          4          0       4515   stm32f10x_it.o
        64         12          0          0          0       1082   stm32f10x_rcc.o
      1488        180          0          0          0      12886   stm32f10x_tim.o
       328         28          0         20          0       2093   system_stm32f10x.o
       104         12          0          0          0      15710   systick.o
        30          0          0          0          0        463   usart2.o

    ----------------------------------------------------------------------
      7926        748        268        564       5384     321704   Object Totals
         0          0         32          0          0          0   (incl. Generated)
        16          0          0          1          2          0   (incl. Padding)

    ----------------------------------------------------------------------

      Code (inc. data)   RO Data    RW Data    ZI Data      Debug   Library Member Name

       380         52          0          0          0        124   cosf.o
        38          0          0          0          0         68   fpclassifyf.o
        24          0          0          0          0        204   funder.o
       360         16         32          0          0         88   rredf.o
       372         58          0          0          0        124   tanf.o
        86          0          0          0          0          0   __dczerorl2.o
         0          0          0          0          0          0   entry.o
         0          0          0          0          0          0   entry10a.o
         0          0          0          0          0          0   entry11a.o
         8          4          0          0          0          0   entry2.o
         4          0          0          0          0          0   entry5.o
         0          0          0          0          0          0   entry7b.o
         0          0          0          0          0          0   entry8b.o
         8          4          0          0          0          0   entry9a.o
        12          6          0          4          0         68   errno.o
        30          0          0          0          0          0   handlers.o
        36          8          0          0          0         68   init.o
         0          0          0          0          0          0   iusefp.o
        30          0          0          0          0         68   llshl.o
        36          0          0          0          0         68   llsshr.o
        32          0          0          0          0         68   llushr.o
        48          0          0          0          0         68   cdcmple.o
        48          0          0          0          0         68   cdrcmple.o
        20          0          0          0          0         68   cfcmple.o
        20          0          0          0          0         68   cfrcmple.o
        56          0          0          0          0         88   d2f.o
       334          0          0          0          0        148   dadd.o
       222          0          0          0          0        100   ddiv.o
       186          0          0          0          0        176   depilogue.o
        34          0          0          0          0         76   dflti.o
       228          0          0          0          0         96   dmul.o
        38          0          0          0          0         68   f2d.o
       176          0          0          0          0        140   fadd.o
       124          0          0          0          0         88   fdiv.o
       110          0          0          0          0        168   fepilogue.o
        50          0          0          0          0         68   ffixi.o
        18          0          0          0          0         68   fflti.o
        10          0          0          0          0         68   ffltui.o
       100          0          0          0          0         76   fmul.o
        60          0          0          0          0         76   frnd.o
        24          0          0          0          0         68   fscalb.o

    ----------------------------------------------------------------------
      3366        148         32          4          0       2792   Library Totals
         4          0          0          0          0          0   (incl. Padding)

    ----------------------------------------------------------------------

      Code (inc. data)   RO Data    RW Data    ZI Data      Debug   Library Name

      1174        126         32          0          0        608   m_ws.l
       282         22          0          4          0        340   mc_w.l
      1906          0          0          0          0       1844   mf_w.l

    ----------------------------------------------------------------------
      3366        148         32          4          0       2792   Library Totals

    ----------------------------------------------------------------------

==============================================================================


      Code (inc. data)   RO Data    RW Data    ZI Data      Debug   

     11292        896        300        568       5384     319008   Grand Totals
     11292        896        300        184       5384     319008   ELF Image Totals (compressed)
     11292        896        300        184          0          0   ROM Totals

==============================================================================

    Total RO  Size (Code + RO Data)                11592 (  11.32kB)
    Total RW  Size (RW Data + ZI Data)              5952 (   5.81kB)
    Total ROM Size (Code + RO Data + RW Data)      11776 (  11.50kB)

==============================================================================

