Component: ARM Compiler 5.05 update 1 (build 106) Tool: armlink [4d0efa]

==============================================================================

Section Cross References

    main.o(.text) refers to board.o(.text) for Board_ALL_Init
    stm32f4xx_it.o(.text) refers to schedule.o(.text) for TDT_Loop
    stm32f4xx_it.o(.text) refers to board.o(.data) for sysTickUptime
    stm32f4xx_it.o(.text) refers to stm32f4xx_it.o(.bss) for infantrySchedule
    schedule.o(.text) refers to time.o(.text) for Get_Cycle_T
    schedule.o(.text) refers to drv8305.o(.text) for DRC8305_Driver_Control
    schedule.o(.text) refers to mlt8530.o(.text) for start_task
    schedule.o(.text) refers to schedule.o(.data) for Timer_BLDC
    schedule.o(.text) refers to drv8305.o(.data) for Step_Flag
    board.o(.text) refers to stm32f4xx_rcc.o(.text) for RCC_GetClocksFreq
    board.o(.text) refers to misc.o(.text) for SysTick_CLKSourceConfig
    board.o(.text) refers to led.o(.text) for Led_Init
    board.o(.text) refers to drv8305.o(.text) for DRV8305_Init
    board.o(.text) refers to board.o(.bss) for rcc_clocks
    board.o(.text) refers to board.o(.data) for sysTickUptime
    can1.o(.text) refers to stm32f4xx_rcc.o(.text) for RCC_AHB1PeriphClockCmd
    can1.o(.text) refers to stm32f4xx_gpio.o(.text) for GPIO_PinAFConfig
    can1.o(.text) refers to misc.o(.text) for NVIC_Init
    can1.o(.text) refers to stm32f4xx_can.o(.text) for CAN_DeInit
    can1.o(.text) refers to can1.o(.data) for can_tx_success_flag
    can1.o(.text) refers to can1.o(.bss) for CAN1_RX_MESSAGE
    can1.o(.text) refers to dbus.o(.bss) for RC
    usart1.o(.text) refers to stm32f4xx_rcc.o(.text) for RCC_AHB1PeriphClockCmd
    usart1.o(.text) refers to stm32f4xx_gpio.o(.text) for GPIO_PinAFConfig
    usart1.o(.text) refers to stm32f4xx_usart.o(.text) for USART_Init
    usart1.o(.text) refers to misc.o(.text) for NVIC_Init
    usart1.o(.text) refers to filter.o(.text) for LPF2pApply_3
    usart1.o(.text) refers to board.o(.text) for DelayUs
    usart1.o(.text) refers to usart1.o(.bss) for USART1_RX_BUF
    usart1.o(.text) refers to usart1.o(.data) for j
    can2.o(.text) refers to stm32f4xx_rcc.o(.text) for RCC_AHB1PeriphClockCmd
    can2.o(.text) refers to stm32f4xx_gpio.o(.text) for GPIO_PinAFConfig
    can2.o(.text) refers to misc.o(.text) for NVIC_Init
    can2.o(.text) refers to stm32f4xx_can.o(.text) for CAN_DeInit
    can2.o(.text) refers to can2.o(.bss) for CAN2_RX_MESSAGE
    can2.o(.text) refers to can1.o(.data) for can_tx_success_flag
    control.o(.text) refers to parameter.o(.text) for TDT_Get_PIDparameters
    control.o(.text) refers to f2d.o(.text) for __aeabi_f2d
    control.o(.text) refers to cdcmple.o(.text) for __aeabi_cdcmple
    control.o(.text) refers to dadd.o(.text) for __aeabi_dadd
    control.o(.text) refers to mymath.o(.text) for my_sin
    control.o(.text) refers to d2f.o(.text) for __aeabi_d2f
    control.o(.text) refers to control.o(.data) for paraLoadFlag
    control.o(.text) refers to control.o(.bss) for chassisMotor
    control.o(.text) refers to 485.o(.data) for Position_485Yaw
    control.o(.text) refers to dbus.o(.bss) for RC
    control.o(.text) refers to model_ident.o(.text) for model_ident_cos
    control.o(.text) refers to can1.o(.text) for TDT_Chassis_OutUpdate
    control.o(.text) refers to can1.o(.data) for can1_feedback
    control.o(.text) refers to mpu6050top.o(.bss) for mpu6050Top
    control.o(.text) refers to imu.o(.bss) for gimbalTopAngle
    control.o(.text) refers to timer485.o(.data) for DM50_SPEED_Pitch1
    control.o(.text) refers to dflti.o(.text) for __aeabi_i2d
    control.o(.text) refers to dmul.o(.text) for __aeabi_dmul
    control.o(.text) refers to ddiv.o(.text) for __aeabi_ddiv
    control.o(.text) refers to can2.o(.bss) for can2_feedback
    control.o(.text) refers to cdrcmple.o(.text) for __aeabi_cdrcmple
    control.o(.text) refers to can2.o(.text) for TDT_feedSprocket_OutUpdate
    dbus.o(.text) refers to stm32f4xx_rcc.o(.text) for RCC_AHB1PeriphClockCmd
    dbus.o(.text) refers to stm32f4xx_gpio.o(.text) for GPIO_PinAFConfig
    dbus.o(.text) refers to stm32f4xx_usart.o(.text) for USART_Init
    dbus.o(.text) refers to misc.o(.text) for NVIC_Init
    dbus.o(.text) refers to stm32f4xx_dma.o(.text) for DMA_DeInit
    dbus.o(.text) refers to mymath.o(.text) for my_deathzoom
    dbus.o(.text) refers to memseta.o(.text) for __aeabi_memclr4
    dbus.o(.text) refers to dbus.o(.bss) for sbus_rx_buffer
    dbus.o(.text) refers to dbus.o(.data) for Dbus_Updata_flag
    filter.o(.text) refers to tanf.o(i.__hardfp_tanf) for __hardfp_tanf
    filter.o(.text) refers to cosf.o(i.__hardfp_cosf) for __hardfp_cosf
    filter.o(.text) refers to filter.o(.data) for _cutoff_freq1
    filter.o(.text) refers to dadd.o(.text) for __aeabi_dadd
    filter.o(.text) refers to ddiv.o(.text) for __aeabi_ddiv
    filter.o(.text) refers to dmul.o(.text) for __aeabi_dmul
[...]
    ..\\Mylib\\OLED_I2C.c                    0x00000000   Number         0  oled_i2c.o ABSOLUTE
    ..\\Mylib\\Robomodule.c                  0x00000000   Number         0  robomodule.o ABSOLUTE
    ..\\Mylib\\board.c                       0x00000000   Number         0  board.o ABSOLUTE
    ..\\Mylib\\can1.c                        0x00000000   Number         0  can1.o ABSOLUTE
    ..\\Mylib\\can2.c                        0x00000000   Number         0  can2.o ABSOLUTE
    ..\\Mylib\\codetab.c                     0x00000000   Number         0  codetab.o ABSOLUTE
    ..\\Mylib\\control.c                     0x00000000   Number         0  control.o ABSOLUTE
    ..\\Mylib\\crc.c                         0x00000000   Number         0  crc.o ABSOLUTE
    ..\\Mylib\\data_send.c                   0x00000000   Number         0  data_send.o ABSOLUTE
    ..\\Mylib\\dbus.c                        0x00000000   Number         0  dbus.o ABSOLUTE
    ..\\Mylib\\filter.c                      0x00000000   Number         0  filter.o ABSOLUTE
    ..\\Mylib\\imu.c                         0x00000000   Number         0  imu.o ABSOLUTE
    ..\\Mylib\\judgement.c                   0x00000000   Number         0  judgement.o ABSOLUTE
    ..\\Mylib\\led.c                         0x00000000   Number         0  led.o ABSOLUTE
    ..\\Mylib\\mlt8530.c                     0x00000000   Number         0  mlt8530.o ABSOLUTE
    ..\\Mylib\\model_ident.c                 0x00000000   Number         0  model_ident.o ABSOLUTE
    ..\\Mylib\\mpu6050Bot.c                  0x00000000   Number         0  mpu6050bot.o ABSOLUTE
    ..\\Mylib\\mpu6050Top.c                  0x00000000   Number         0  mpu6050top.o ABSOLUTE
    ..\\Mylib\\mymath.c                      0x00000000   Number         0  mymath.o ABSOLUTE
    ..\\Mylib\\parameter.c                   0x00000000   Number         0  parameter.o ABSOLUTE
    ..\\Mylib\\schedule.c                    0x00000000   Number         0  schedule.o ABSOLUTE
    ..\\Mylib\\softiic1.c                    0x00000000   Number         0  softiic1.o ABSOLUTE
    ..\\Mylib\\softiic2.c                    0x00000000   Number         0  softiic2.o ABSOLUTE
    ..\\Mylib\\spi.c                         0x00000000   Number         0  spi.o ABSOLUTE
    ..\\Mylib\\time.c                        0x00000000   Number         0  time.o ABSOLUTE
    ..\\Mylib\\timer.c                       0x00000000   Number         0  timer.o ABSOLUTE
    ..\\Mylib\\timer485.c                    0x00000000   Number         0  timer485.o ABSOLUTE
    ..\\Mylib\\usart1.c                      0x00000000   Number         0  usart1.o ABSOLUTE
    ..\\User\\main.c                         0x00000000   Number         0  main.o ABSOLUTE
    ..\\User\\stm32f4xx_it.c                 0x00000000   Number         0  stm32f4xx_it.o ABSOLUTE
    cdcmple.s                                0x00000000   Number         0  cdcmple.o ABSOLUTE
    cdrcmple.s                               0x00000000   Number         0  cdrcmple.o ABSOLUTE
    dc.s                                     0x00000000   Number         0  dc.o ABSOLUTE
    handlers.s                               0x00000000   Number         0  handlers.o ABSOLUTE
    init.s                                   0x00000000   Number         0  init.o ABSOLUTE
    RESET                                    0x08000000   Section      392  startup_stm32f4xx.o(RESET)
    .ARM.Collect$$$$00000000                 0x08000188   Section        0  entry.o(.ARM.Collect$$$$00000000)
    .ARM.Collect$$$$00000001                 0x08000188   Section        4  entry2.o(.ARM.Collect$$$$00000001)
    .ARM.Collect$$$$00000004                 0x0800018c   Section        4  entry5.o(.ARM.Collect$$$$00000004)
    .ARM.Collect$$$$00000008                 0x08000190   Section        0  entry7b.o(.ARM.Collect$$$$00000008)
    .ARM.Collect$$$$0000000A                 0x08000190   Section        0  entry8b.o(.ARM.Collect$$$$0000000A)
    .ARM.Collect$$$$0000000B                 0x08000190   Section        8  entry9a.o(.ARM.Collect$$$$0000000B)
    .ARM.Collect$$$$0000000D                 0x08000198   Section        0  entry10a.o(.ARM.Collect$$$$0000000D)
    .ARM.Collect$$$$0000000F                 0x08000198   Section        0  entry11a.o(.ARM.Collect$$$$0000000F)
    .ARM.Collect$$$$00002712                 0x08000198   Section        4  entry2.o(.ARM.Collect$$$$00002712)
    __lit__00000000                          0x08000198   Data           4  entry2.o(.ARM.Collect$$$$00002712)
    .text                                    0x0800019c   Section        0  main.o(.text)
    .text                                    0x080001a4   Section        0  stm32f4xx_it.o(.text)
    .text                                    0x08000214   Section        0  schedule.o(.text)
    .text                                    0x08000330   Section        0  board.o(.text)
    .text                                    0x08000428   Section        0  can1.o(.text)
    .text                                    0x08000764   Section        0  usart1.o(.text)
    .text                                    0x080008ec   Section        0  can2.o(.text)
    .text                                    0x08000aec   Section        0  dbus.o(.text)
    .text                                    0x08001048   Section        0  filter.o(.text)
    __ARM_isinff                             0x08001bdf   Thumb Code    20  filter.o(.text)
    __ARM_isnanf                             0x08001bf3   Thumb Code    14  filter.o(.text)
    .text                                    0x08001c4c   Section        0  led.o(.text)
    .text                                    0x08001c84   Section        0  mymath.o(.text)
    .text                                    0x0800216c   Section        0  time.o(.text)
    .text                                    0x08002200   Section        0  timer.o(.text)
    .text                                    0x0800256c   Section        0  mlt8530.o(.text)
    .text                                    0x08002700   Section        0  485.o(.text)
    .text                                    0x08002c78   Section        0  timer485.o(.text)
    .text                                    0x08002da0   Section        0  distance.o(.text)
    .text                                    0x08003204   Section        0  camera.o(.text)
    .text                                    0x0800337c   Section        0  judgement.o(.text)
    .text                                    0x08003a80   Section        0  crc.o(.text)
    .text                                    0x08003b94   Section        0  drv8305.o(.text)
    .text                                    0x08003d50   Section        0  spi.o(.text)
    .text                                    0x08003ed8   Section        0  misc.o(.text)
    .text                                    0x08003fb8   Section       36  startup_stm32f4xx.o(.text)
    $v0                                      0x08003fb8   Number         0  startup_stm32f4xx.o(.text)
    .text                                    0x08003fdc   Section        0  stm32f4xx_can.o(.text)
    CheckITStatus                            0x080047df   Thumb Code    18  stm32f4xx_can.o(.text)
    .text                                    0x080049cc   Section        0  stm32f4xx_dma.o(.text)
    .text                                    0x08004d74   Section        0  stm32f4xx_gpio.o(.text)
    .text                                    0x08004fd0   Section        0  stm32f4xx_rcc.o(.text)
    .text                                    0x08005558   Section        0  stm32f4xx_spi.o(.text)
    .text                                    0x08005950   Section        0  stm32f4xx_tim.o(.text)
    TI4_Config                               0x080060ef   Thumb Code    80  stm32f4xx_tim.o(.text)
    TI3_Config                               0x08006151   Thumb Code    72  stm32f4xx_tim.o(.text)
    TI2_Config                               0x080061b3   Thumb Code    90  stm32f4xx_tim.o(.text)
    TI1_Config                               0x0800621f   Thumb Code    58  stm32f4xx_tim.o(.text)
    .text                                    0x080065f4   Section        0  stm32f4xx_usart.o(.text)
    .text                                    0x08006a10   Section        0  system_stm32f4xx.o(.text)
    SetSysClock                              0x08006a11   Thumb Code   216  system_stm32f4xx.o(.text)
    .text                                    0x08006c1c   Section        0  memcpya.o(.text)
    .text                                    0x08006c40   Section        0  memseta.o(.text)
    .text                                    0x08006c64   Section        0  dadd.o(.text)
    .text                                    0x08006db2   Section        0  dmul.o(.text)
    .text                                    0x08006e96   Section        0  ddiv.o(.text)
    .text                                    0x08006f74   Section        0  dflti.o(.text)
    .text                                    0x08006f96   Section        0  dfltui.o(.text)
    .text                                    0x08006fb0   Section       48  cdcmple.o(.text)
    .text                                    0x08006fe0   Section       48  cdrcmple.o(.text)
    .text                                    0x08007010   Section        0  d2f.o(.text)
    .text                                    0x08007048   Section        0  llshl.o(.text)
    .text                                    0x08007066   Section        0  llsshr.o(.text)
    .text                                    0x0800708a   Section        0  iusefp.o(.text)
    .text                                    0x0800708a   Section        0  fepilogue.o(.text)
    .text                                    0x080070f8   Section        0  depilogue.o(.text)
    .text                                    0x080071b4   Section       36  init.o(.text)
    .text                                    0x080071d8   Section        0  llushr.o(.text)
    .text                                    0x080071f8   Section        0  __dczerorl2.o(.text)
    i.__ARM_fpclassifyf                      0x0800724e   Section        0  fpclassifyf.o(i.__ARM_fpclassifyf)
    i.__hardfp_cosf                          0x08007274   Section        0  cosf.o(i.__hardfp_cosf)
    i.__hardfp_tanf                          0x080073c4   Section        0  tanf.o(i.__hardfp_tanf)
    i.__mathlib_flt_infnan                   0x08007540   Section        0  funder.o(i.__mathlib_flt_infnan)
    i.__mathlib_flt_invalid                  0x08007548   Section        0  funder.o(i.__mathlib_flt_invalid)
    i.__mathlib_flt_underflow                0x08007558   Section        0  funder.o(i.__mathlib_flt_underflow)
    i.__mathlib_rredf2                       0x08007568   Section        0  rredf.o(i.__mathlib_rredf2)
    i.__scatterload_copy                     0x080076bc   Section       14  handlers.o(i.__scatterload_copy)
    i.__scatterload_null                     0x080076ca   Section        2  handlers.o(i.__scatterload_null)
    i.__scatterload_zeroinit                 0x080076cc   Section       14  handlers.o(i.__scatterload_zeroinit)
    i.__set_errno                            0x080076dc   Section        0  errno.o(i.__set_errno)
    .constdata                               0x080076e8   Section      770  crc.o(.constdata)
    .constdata                               0x080079ec   Section       32  rredf.o(.constdata)
    twooverpi                                0x080079ec   Data          32  rredf.o(.constdata)
    .data                                    0x20000000   Section       39  schedule.o(.data)
    Timer_BLDC                               0x20000020   Data           4  schedule.o(.data)
    New_init                                 0x20000024   Data           1  schedule.o(.data)
    timer_10ms                               0x20000025   Data           1  schedule.o(.data)
    timer_50ms                               0x20000026   Data           1  schedule.o(.data)
    .data                                    0x20000028   Section       12  board.o(.data)
    .data                                    0x20000034   Section        9  can1.o(.data)
    .data                                    0x20000040   Section       13  usart1.o(.data)
    .data                                    0x20000050   Section       16  dbus.o(.data)
    .data                                    0x20000060   Section      208  filter.o(.data)
    _cutoff_freq1                            0x20000060   Data           4  filter.o(.data)
    _a11                                     0x20000064   Data           4  filter.o(.data)
    _a21                                     0x20000068   Data           4  filter.o(.data)
    _b01                                     0x2000006c   Data           4  filter.o(.data)
    _b11                                     0x20000070   Data           4  filter.o(.data)
    _b21                                     0x20000074   Data           4  filter.o(.data)
    _delay_element_11                        0x20000078   Data           4  filter.o(.data)
    _delay_element_21                        0x2000007c   Data           4  filter.o(.data)
    _cutoff_freq2                            0x20000080   Data           4  filter.o(.data)
    _a12                                     0x20000084   Data           4  filter.o(.data)
    _a22                                     0x20000088   Data           4  filter.o(.data)
    _b02                                     0x2000008c   Data           4  filter.o(.data)
    _b12                                     0x20000090   Data           4  filter.o(.data)
    _b22                                     0x20000094   Data           4  filter.o(.data)
    _delay_element_12                        0x20000098   Data           4  filter.o(.data)
    _delay_element_22                        0x2000009c   Data           4  filter.o(.data)
    _cutoff_freq3                            0x200000a0   Data           4  filter.o(.data)
    _a13                                     0x200000a4   Data           4  filter.o(.data)
    _a23                                     0x200000a8   Data           4  filter.o(.data)
    _b03                                     0x200000ac   Data           4  filter.o(.data)
    _b13                                     0x200000b0   Data           4  filter.o(.data)
    _b23                                     0x200000b4   Data           4  filter.o(.data)
    _delay_element_13                        0x200000b8   Data           4  filter.o(.data)
    _delay_element_23                        0x200000bc   Data           4  filter.o(.data)
    _cutoff_freq4                            0x200000c0   Data           4  filter.o(.data)
    _a14                                     0x200000c4   Data           4  filter.o(.data)
    _a24                                     0x200000c8   Data           4  filter.o(.data)
    _b04                                     0x200000cc   Data           4  filter.o(.data)
    _b14                                     0x200000d0   Data           4  filter.o(.data)
    _b24                                     0x200000d4   Data           4  filter.o(.data)
    _delay_element_14                        0x200000d8   Data           4  filter.o(.data)
    _delay_element_24                        0x200000dc   Data           4  filter.o(.data)
    _cutoff_freq5                            0x200000e0   Data           4  filter.o(.data)
    _a15                                     0x200000e4   Data           4  filter.o(.data)
    _a25                                     0x200000e8   Data           4  filter.o(.data)
    _b05                                     0x200000ec   Data           4  filter.o(.data)
    _b15                                     0x200000f0   Data           4  filter.o(.data)
    _b25                                     0x200000f4   Data           4  filter.o(.data)
    _delay_element_15                        0x200000f8   Data           4  filter.o(.data)
    _delay_element_25                        0x200000fc   Data           4  filter.o(.data)
    _cutoff_freq6                            0x20000100   Data           4  filter.o(.data)
    _a16                                     0x20000104   Data           4  filter.o(.data)
    _a26                                     0x20000108   Data           4  filter.o(.data)
    _b06                                     0x2000010c   Data           4  filter.o(.data)
    _b16                                     0x20000110   Data           4  filter.o(.data)
    _b26                                     0x20000114   Data           4  filter.o(.data)
    _delay_element_16                        0x20000118   Data           4  filter.o(.data)
    _delay_element_26                        0x2000011c   Data           4  filter.o(.data)
    x_last                                   0x20000120   Data           8  filter.o(.data)
    p_last                                   0x20000128   Data           8  filter.o(.data)
    .data                                    0x20000130   Section     1028  mymath.o(.data)
    .data                                    0x20000534   Section      164  mlt8530.o(.data)
    my_time                                  0x200005c4   Data           4  mlt8530.o(.data)
    step                                     0x200005c8   Data           4  mlt8530.o(.data)
    aim_time                                 0x200005cc   Data           4  mlt8530.o(.data)
    finished_flag                            0x200005d0   Data           4  mlt8530.o(.data)
    setp_last                                0x200005d4   Data           4  mlt8530.o(.data)
    .data                                    0x200005d8   Section       60  485.o(.data)
    DM50_POSITION_Yaw_Last                   0x20000608   Data           2  485.o(.data)
    DM50_POSITION_Pitch_Last                 0x2000060a   Data           2  485.o(.data)
    DM50_POSITION_Whiff_Last                 0x2000060c   Data           2  485.o(.data)
    zero_Yaw_flag                            0x2000060e   Data           1  485.o(.data)
    start_Yaw_flag                           0x2000060f   Data           1  485.o(.data)
    zero_Whiff_flag                          0x20000610   Data           1  485.o(.data)
    start_Whiff_flag                         0x20000611   Data           1  485.o(.data)
    zero_Pitch_flag                          0x20000612   Data           1  485.o(.data)
    start_Pitch_flag                         0x20000613   Data           1  485.o(.data)
    .data                                    0x20000614   Section       12  timer485.o(.data)
    .data                                    0x20000620   Section        4  camera.o(.data)
    .data                                    0x20000624   Section       32  judgement.o(.data)
    arrtemp                                  0x2000062c   Data           4  judgement.o(.data)
    rx_arr                                   0x20000630   Data           4  judgement.o(.data)
    err                                      0x20000634   Data           4  judgement.o(.data)
    rx_sum                                   0x20000638   Data           4  judgement.o(.data)
    read_arr                                 0x2000063c   Data           4  judgement.o(.data)
    read_arr_sum                             0x20000640   Data           4  judgement.o(.data)
    .data                                    0x20000644   Section        2  crc.o(.data)
    .data                                    0x20000646   Section        1  drv8305.o(.data)
    .data                                    0x20000647   Section       16  stm32f4xx_rcc.o(.data)
    APBAHBPrescTable                         0x20000647   Data          16  stm32f4xx_rcc.o(.data)
    .data                                    0x20000658   Section       20  system_stm32f4xx.o(.data)
    .data                                    0x2000066c   Section        4  errno.o(.data)
    _errno                                   0x2000066c   Data           4  errno.o(.data)
    .bss                                     0x20000670   Section       12  stm32f4xx_it.o(.bss)
    infantrySchedule                         0x20000670   Data          12  stm32f4xx_it.o(.bss)
    .bss                                     0x2000067c   Section       16  board.o(.bss)
    .bss                                     0x2000068c   Section       40  can1.o(.bss)
    .bss                                     0x200006b4   Section     1000  usart1.o(.bss)
    .bss                                     0x20000a9c   Section       92  can2.o(.bss)
    .bss                                     0x20000af8   Section      276  dbus.o(.bss)
    LastButtonJumpTick                       0x20000bd0   Data          60  dbus.o(.bss)
    .bss                                     0x20000c0c   Section      120  time.o(.bss)
    .bss                                     0x20000c84   Section     1074  485.o(.bss)
    .bss                                     0x200010b8   Section       80  distance.o(.bss)
    temp_cnt                                 0x200010f8   Data          16  distance.o(.bss)
    .bss                                     0x20001108   Section      358  judgement.o(.bss)
    dji_temp                                 0x2000121e   Data          80  judgement.o(.bss)
    .bss                                     0x20001270   Section       48  drv8305.o(.bss)
    STACK                                    0x200012a0   Section     1024  startup_stm32f4xx.o(STACK)

    Global Symbols

    Symbol Name                              Value     Ov Type        Size  Object(Section)

    BuildAttributes$$THM_ISAv4$E$P$D$K$B$S$7EM$VFPi3$EXTD16$VFPS$VFMA$PE$A:L22UL41UL21$X:L11$S22US41US21$IEEE1$IW$USESV6$~STKCKD$USESV7$~SHL$OTIME$ROPI$IEEEX$EBA8$MICROLIB$REQ8$PRES8$EABIv2 0x00000000   Number         0  anon$$obj.o ABSOLUTE
    __ARM_use_no_argv                        0x00000000   Number         0  main.o ABSOLUTE
    __cpp_initialize__aeabi_                  - Undefined Weak Reference
    __cxa_finalize                            - Undefined Weak Reference
    _clock_init                               - Undefined Weak Reference
    _microlib_exit                            - Undefined Weak Reference
    __Vectors_Size                           0x00000188   Number         0  startup_stm32f4xx.o ABSOLUTE
    __Vectors                                0x08000000   Data           4  startup_stm32f4xx.o(RESET)
    __Vectors_End                            0x08000188   Data           0  startup_stm32f4xx.o(RESET)
    __main                                   0x08000189   Thumb Code     0  entry.o(.ARM.Collect$$$$00000000)
    _main_stk                                0x08000189   Thumb Code     0  entry2.o(.ARM.Collect$$$$00000001)
    _main_scatterload                        0x0800018d   Thumb Code     0  entry5.o(.ARM.Collect$$$$00000004)
    __main_after_scatterload                 0x08000191   Thumb Code     0  entry5.o(.ARM.Collect$$$$00000004)
    _main_clock                              0x08000191   Thumb Code     0  entry7b.o(.ARM.Collect$$$$00000008)
    _main_cpp_init                           0x08000191   Thumb Code     0  entry8b.o(.ARM.Collect$$$$0000000A)
    _main_init                               0x08000191   Thumb Code     0  entry9a.o(.ARM.Collect$$$$0000000B)
    __rt_final_cpp                           0x08000199   Thumb Code     0  entry10a.o(.ARM.Collect$$$$0000000D)
    __rt_final_exit                          0x08000199   Thumb Code     0  entry11a.o(.ARM.Collect$$$$0000000F)
    main                                     0x0800019d   Thumb Code     8  main.o(.text)
    NMI_Handler                              0x080001a5   Thumb Code     2  stm32f4xx_it.o(.text)
    HardFault_Handler                        0x080001a7   Thumb Code     4  stm32f4xx_it.o(.text)
    MemManage_Handler                        0x080001ab   Thumb Code     4  stm32f4xx_it.o(.text)
    BusFault_Handler                         0x080001af   Thumb Code     4  stm32f4xx_it.o(.text)
    UsageFault_Handler                       0x080001b3   Thumb Code     4  stm32f4xx_it.o(.text)
    SVC_Handler                              0x080001b7   Thumb Code     2  stm32f4xx_it.o(.text)
    DebugMon_Handler                         0x080001b9   Thumb Code     2  stm32f4xx_it.o(.text)
    PendSV_Handler                           0x080001bb   Thumb Code     2  stm32f4xx_it.o(.text)
    SysTick_Handler                          0x080001bd   Thumb Code    76  stm32f4xx_it.o(.text)
    TDT_Loop_1000Hz                          0x08000215   Thumb Code    82  schedule.o(.text)
    TDT_Loop_500Hz                           0x08000267   Thumb Code    30  schedule.o(.text)
    TDT_Loop_200Hz                           0x08000285   Thumb Code     2  schedule.o(.text)
    TDT_Loop_100Hz                           0x08000287   Thumb Code    22  schedule.o(.text)
    TDT_Loop_50Hz                            0x0800029d   Thumb Code     2  schedule.o(.text)
    TDT_Loop_20Hz                            0x0800029f   Thumb Code    34  schedule.o(.text)
    TDT_Loop                                 0x080002c1   Thumb Code    90  schedule.o(.text)
    SysTick_Configuration                    0x08000331   Thumb Code   100  board.o(.text)
    GetSysTime_us                            0x08000395   Thumb Code    48  board.o(.text)
    DelayUs                                  0x080003c5   Thumb Code    24  board.o(.text)
    DelayMs                                  0x080003dd   Thumb Code    24  board.o(.text)
    Board_ALL_Init                           0x080003f5   Thumb Code    30  board.o(.text)
    CAN1_Configuration                       0x08000429   Thumb Code   266  can1.o(.text)
    CAN1_TX_IRQHandler                       0x08000533   Thumb Code    28  can1.o(.text)
    CAN1_RX0_IRQHandler                      0x0800054f   Thumb Code   276  can1.o(.text)
    TDT_Chassis_OutUpdate                    0x08000663   Thumb Code   232  can1.o(.text)
    Usart1_Distance_Init                     0x08000765   Thumb Code   186  usart1.o(.text)
    USART1_IRQHandler                        0x0800081f   Thumb Code   104  usart1.o(.text)
    Usart1_Send_Data                         0x08000887   Thumb Code    82  usart1.o(.text)
    CAN2_Configuration                       0x080008ed   Thumb Code   276  can2.o(.text)
    CAN2_RX0_IRQHandler                      0x08000a01   Thumb Code   100  can2.o(.text)
    CAN2_TX_IRQHandler                       0x08000a65   Thumb Code    36  can2.o(.text)
    TDT_feedSprocket_OutUpdate               0x08000a89   Thumb Code    80  can2.o(.text)
    Dbus_Config                              0x08000aed   Thumb Code   260  dbus.o(.text)
    Get_Keypress                             0x08000bf1   Thumb Code    20  dbus.o(.text)
    Handle_data                              0x08000c05   Thumb Code   876  dbus.o(.text)
    USART2_IRQHandler                        0x08000f71   Thumb Code    84  dbus.o(.text)
    DBUS_ButtonCheckJump                     0x08000fc5   Thumb Code   102  dbus.o(.text)
    LPF2pSetCutoffFreq_1                     0x08001049   Thumb Code   236  filter.o(.text)
    LPF2pApply_1                             0x08001135   Thumb Code   186  filter.o(.text)
    LPF2pSetCutoffFreq_2                     0x080011ef   Thumb Code   236  filter.o(.text)
    LPF2pApply_2                             0x080012db   Thumb Code   186  filter.o(.text)
    LPF2pSetCutoffFreq_3                     0x08001395   Thumb Code   330  filter.o(.text)
    LPF2pApply_3                             0x080014df   Thumb Code   186  filter.o(.text)
    LPF2pSetCutoffFreq_4                     0x08001599   Thumb Code   236  filter.o(.text)
    LPF2pApply_4                             0x08001685   Thumb Code   186  filter.o(.text)
    LPF2pSetCutoffFreq_5                     0x0800173f   Thumb Code   236  filter.o(.text)
    LPF2pApply_5                             0x0800182b   Thumb Code   286  filter.o(.text)
    LPF2pSetCutoffFreq_6                     0x08001949   Thumb Code   236  filter.o(.text)
    LPF2pApply_6                             0x08001a35   Thumb Code   186  filter.o(.text)
    KalmanFilter_x                           0x08001aef   Thumb Code   240  filter.o(.text)
    Led_Init                                 0x08001c4d   Thumb Code    52  led.o(.text)
    fast_atan2                               0x08001c85   Thumb Code   368  mymath.o(.text)
    my_atan                                  0x08001df5   Thumb Code    24  mymath.o(.text)
    my_pow                                   0x08001e0d   Thumb Code    10  mymath.o(.text)
    my_sqrt                                  0x08001e17   Thumb Code    88  mymath.o(.text)
    mx_sin                                   0x08001e6f   Thumb Code   292  mymath.o(.text)
    my_sin                                   0x08001f93   Thumb Code   108  mymath.o(.text)
    my_cos                                   0x08001fff   Thumb Code   234  mymath.o(.text)
    my_deathzoom                             0x080020e9   Thumb Code    62  mymath.o(.text)
    To_180_degrees                           0x08002127   Thumb Code    58  mymath.o(.text)
    Get_Cycle_T                              0x0800216d   Thumb Code   118  time.o(.text)
    Cycle_Time_Init                          0x080021e3   Thumb Code    22  time.o(.text)
    TDT_TIM3_PWM_Init                        0x08002201   Thumb Code   234  timer.o(.text)
    TDT_TIM4_PWM_Init                        0x080022eb   Thumb Code   234  timer.o(.text)
    TIM7_Key_Configuration                   0x080023d5   Thumb Code    90  timer.o(.text)
    TIM7_IRQHandler                          0x0800242f   Thumb Code   288  timer.o(.text)
    TDT_TIM5_PWM_Bell_Init                   0x0800256d   Thumb Code   164  mlt8530.o(.text)
    reconfig                                 0x08002611   Thumb Code    68  mlt8530.o(.text)
    start_task                               0x08002655   Thumb Code   138  mlt8530.o(.text)
    RS485_Init                               0x08002701   Thumb Code   244  485.o(.text)
    USART3_IRQHandler                        0x080027f5   Thumb Code   652  485.o(.text)
    RS485_Send_Data                          0x08002a81   Thumb Code    48  485.o(.text)
    MYDMA_Config                             0x08002ab1   Thumb Code   318  485.o(.text)
    MYDMA_Enable                             0x08002bef   Thumb Code    44  485.o(.text)
    DMA1_Stream3_IRQHandler                  0x08002c1b   Thumb Code    76  485.o(.text)
    Gimbal_TIM2_Init                         0x08002c79   Thumb Code    92  timer485.o(.text)
    TIM2_IRQHandler                          0x08002cd5   Thumb Code   172  timer485.o(.text)
    Collide_Switch_Init                      0x08002da1   Thumb Code    42  distance.o(.text)
    GY_53_Distance_Init                      0x08002dcb   Thumb Code   346  distance.o(.text)
    TIM4_IRQHandler                          0x08002f25   Thumb Code   732  distance.o(.text)
    Usart_Camera_Init                        0x08003205   Thumb Code   262  camera.o(.text)
    UART5_IRQHandler                         0x0800330b   Thumb Code    86  camera.o(.text)
    Judge_Uart5_Config                       0x0800337d   Thumb Code   306  judgement.o(.text)
    DMA1_Stream0_IRQHandler                  0x080034af   Thumb Code    40  judgement.o(.text)
    u8toflaot                                0x080034d7   Thumb Code    24  judgement.o(.text)
    get_judge_data                           0x080034ef   Thumb Code   794  judgement.o(.text)
    floattou8                                0x08003809   Thumb Code    42  judgement.o(.text)
    get_length                               0x08003833   Thumb Code    58  judgement.o(.text)
    judge_Ring_queue                         0x0800386d   Thumb Code   222  judgement.o(.text)
    Uart5_SendChar                           0x0800394b   Thumb Code    28  judgement.o(.text)
    Judge_sendbuffer                         0x08003967   Thumb Code   232  judgement.o(.text)
    Get_CRC8_Check_Sum                       0x08003a81   Thumb Code    30  crc.o(.text)
    Verify_CRC8_Check_Sum                    0x08003a9f   Thumb Code    46  crc.o(.text)
    Append_CRC8_Check_Sum                    0x08003acd   Thumb Code    36  crc.o(.text)
    Get_CRC16_Check_Sum                      0x08003af1   Thumb Code    46  crc.o(.text)
    Verify_CRC16_Check_Sum                   0x08003b1f   Thumb Code    60  crc.o(.text)
    Append_CRC16_Check_Sum                   0x08003b5b   Thumb Code    44  crc.o(.text)
    DRV8305_Init                             0x08003b95   Thumb Code    76  drv8305.o(.text)
    DRV8305_Output                           0x08003be1   Thumb Code    38  drv8305.o(.text)
    DRC8305_Driver_Control                   0x08003c07   Thumb Code   306  drv8305.o(.text)
    SPI2_Init                                0x08003d51   Thumb Code   256  spi.o(.text)
    SPI2_SetSpeed                            0x08003e51   Thumb Code    36  spi.o(.text)
    SPI2_ReadWriteByte                       0x08003e75   Thumb Code    48  spi.o(.text)
    Spi2_Function                            0x08003ea5   Thumb Code    38  spi.o(.text)
    NVIC_PriorityGroupConfig                 0x08003ed9   Thumb Code    10  misc.o(.text)
    NVIC_Init                                0x08003ee3   Thumb Code   106  misc.o(.text)
    NVIC_SetVectorTable                      0x08003f4d   Thumb Code    14  misc.o(.text)
    NVIC_SystemLPConfig                      0x08003f5b   Thumb Code    34  misc.o(.text)
    SysTick_CLKSourceConfig                  0x08003f7d   Thumb Code    40  misc.o(.text)
    Reset_Handler                            0x08003fb9   Thumb Code     8  startup_stm32f4xx.o(.text)
    ADC_IRQHandler                           0x08003fd3   Thumb Code     0  startup_stm32f4xx.o(.text)
    CAN1_RX1_IRQHandler                      0x08003fd3   Thumb Code     0  startup_stm32f4xx.o(.text)
    CAN1_SCE_IRQHandler                      0x08003fd3   Thumb Code     0  startup_stm32f4xx.o(.text)
    CAN2_RX1_IRQHandler                      0x08003fd3   Thumb Code     0  startup_stm32f4xx.o(.text)
    CAN2_SCE_IRQHandler                      0x08003fd3   Thumb Code     0  startup_stm32f4xx.o(.text)
    CRYP_IRQHandler                          0x08003fd3   Thumb Code     0  startup_stm32f4xx.o(.text)
    DCMI_IRQHandler                          0x08003fd3   Thumb Code     0  startup_stm32f4xx.o(.text)
    DMA1_Stream1_IRQHandler                  0x08003fd3   Thumb Code     0  startup_stm32f4xx.o(.text)
    DMA1_Stream2_IRQHandler                  0x08003fd3   Thumb Code     0  startup_stm32f4xx.o(.text)
    DMA1_Stream4_IRQHandler                  0x08003fd3   Thumb Code     0  startup_stm32f4xx.o(.text)
    DMA1_Stream5_IRQHandler                  0x08003fd3   Thumb Code     0  startup_stm32f4xx.o(.text)
    DMA1_Stream6_IRQHandler                  0x08003fd3   Thumb Code     0  startup_stm32f4xx.o(.text)
    DMA1_Stream7_IRQHandler                  0x08003fd3   Thumb Code     0  startup_stm32f4xx.o(.text)
    DMA2_Stream0_IRQHandler                  0x08003fd3   Thumb Code     0  startup_stm32f4xx.o(.text)
    DMA2_Stream1_IRQHandler                  0x08003fd3   Thumb Code     0  startup_stm32f4xx.o(.text)
    DMA2_Stream2_IRQHandler                  0x08003fd3   Thumb Code     0  startup_stm32f4xx.o(.text)
    DMA2_Stream3_IRQHandler                  0x08003fd3   Thumb Code     0  startup_stm32f4xx.o(.text)
    DMA2_Stream4_IRQHandler                  0x08003fd3   Thumb Code     0  startup_stm32f4xx.o(.text)
    DMA2_Stream5_IRQHandler                  0x08003fd3   Thumb Code     0  startup_stm32f4xx.o(.text)
    DMA2_Stream6_IRQHandler                  0x08003fd3   Thumb Code     0  startup_stm32f4xx.o(.text)
    DMA2_Stream7_IRQHandler                  0x08003fd3   Thumb Code     0  startup_stm32f4xx.o(.text)
    ETH_IRQHandler                           0x08003fd3   Thumb Code     0  startup_stm32f4xx.o(.text)
    ETH_WKUP_IRQHandler                      0x08003fd3   Thumb Code     0  startup_stm32f4xx.o(.text)
    EXTI0_IRQHandler                         0x08003fd3   Thumb Code     0  startup_stm32f4xx.o(.text)
    EXTI15_10_IRQHandler                     0x08003fd3   Thumb Code     0  startup_stm32f4xx.o(.text)
    EXTI1_IRQHandler                         0x08003fd3   Thumb Code     0  startup_stm32f4xx.o(.text)
    EXTI2_IRQHandler                         0x08003fd3   Thumb Code     0  startup_stm32f4xx.o(.text)
    EXTI3_IRQHandler                         0x08003fd3   Thumb Code     0  startup_stm32f4xx.o(.text)
    EXTI4_IRQHandler                         0x08003fd3   Thumb Code     0  startup_stm32f4xx.o(.text)
    EXTI9_5_IRQHandler                       0x08003fd3   Thumb Code     0  startup_stm32f4xx.o(.text)
    FLASH_IRQHandler                         0x08003fd3   Thumb Code     0  startup_stm32f4xx.o(.text)
    FPU_IRQHandler                           0x08003fd3   Thumb Code     0  startup_stm32f4xx.o(.text)
    FSMC_IRQHandler                          0x08003fd3   Thumb Code     0  startup_stm32f4xx.o(.text)
    HASH_RNG_IRQHandler                      0x08003fd3   Thumb Code     0  startup_stm32f4xx.o(.text)
    I2C1_ER_IRQHandler                       0x08003fd3   Thumb Code     0  startup_stm32f4xx.o(.text)
    I2C1_EV_IRQHandler                       0x08003fd3   Thumb Code     0  startup_stm32f4xx.o(.text)
    I2C2_ER_IRQHandler                       0x08003fd3   Thumb Code     0  startup_stm32f4xx.o(.text)
    I2C2_EV_IRQHandler                       0x08003fd3   Thumb Code     0  startup_stm32f4xx.o(.text)
    I2C3_ER_IRQHandler                       0x08003fd3   Thumb Code     0  startup_stm32f4xx.o(.text)
    I2C3_EV_IRQHandler                       0x08003fd3   Thumb Code     0  startup_stm32f4xx.o(.text)
    OTG_FS_IRQHandler                        0x08003fd3   Thumb Code     0  startup_stm32f4xx.o(.text)
    OTG_FS_WKUP_IRQHandler                   0x08003fd3   Thumb Code     0  startup_stm32f4xx.o(.text)
    OTG_HS_EP1_IN_IRQHandler                 0x08003fd3   Thumb Code     0  startup_stm32f4xx.o(.text)
    OTG_HS_EP1_OUT_IRQHandler                0x08003fd3   Thumb Code     0  startup_stm32f4xx.o(.text)
    OTG_HS_IRQHandler                        0x08003fd3   Thumb Code     0  startup_stm32f4xx.o(.text)
    OTG_HS_WKUP_IRQHandler                   0x08003fd3   Thumb Code     0  startup_stm32f4xx.o(.text)
    PVD_IRQHandler                           0x08003fd3   Thumb Code     0  startup_stm32f4xx.o(.text)
    RCC_IRQHandler                           0x08003fd3   Thumb Code     0  startup_stm32f4xx.o(.text)
    RTC_Alarm_IRQHandler                     0x08003fd3   Thumb Code     0  startup_stm32f4xx.o(.text)
    RTC_WKUP_IRQHandler                      0x08003fd3   Thumb Code     0  startup_stm32f4xx.o(.text)
    SDIO_IRQHandler                          0x08003fd3   Thumb Code     0  startup_stm32f4xx.o(.text)
    SPI1_IRQHandler                          0x08003fd3   Thumb Code     0  startup_stm32f4xx.o(.text)
    SPI2_IRQHandler                          0x08003fd3   Thumb Code     0  startup_stm32f4xx.o(.text)
    SPI3_IRQHandler                          0x08003fd3   Thumb Code     0  startup_stm32f4xx.o(.text)
    TAMP_STAMP_IRQHandler                    0x08003fd3   Thumb Code     0  startup_stm32f4xx.o(.text)
    TIM1_BRK_TIM9_IRQHandler                 0x08003fd3   Thumb Code     0  startup_stm32f4xx.o(.text)
    TIM1_CC_IRQHandler                       0x08003fd3   Thumb Code     0  startup_stm32f4xx.o(.text)
    TIM1_TRG_COM_TIM11_IRQHandler            0x08003fd3   Thumb Code     0  startup_stm32f4xx.o(.text)
    TIM1_UP_TIM10_IRQHandler                 0x08003fd3   Thumb Code     0  startup_stm32f4xx.o(.text)
    TIM3_IRQHandler                          0x08003fd3   Thumb Code     0  startup_stm32f4xx.o(.text)
    TIM5_IRQHandler                          0x08003fd3   Thumb Code     0  startup_stm32f4xx.o(.text)
    TIM6_DAC_IRQHandler                      0x08003fd3   Thumb Code     0  startup_stm32f4xx.o(.text)
    TIM8_BRK_TIM12_IRQHandler                0x08003fd3   Thumb Code     0  startup_stm32f4xx.o(.text)
    TIM8_CC_IRQHandler                       0x08003fd3   Thumb Code     0  startup_stm32f4xx.o(.text)
    TIM8_TRG_COM_TIM14_IRQHandler            0x08003fd3   Thumb Code     0  startup_stm32f4xx.o(.text)
    TIM8_UP_TIM13_IRQHandler                 0x08003fd3   Thumb Code     0  startup_stm32f4xx.o(.text)
    UART4_IRQHandler                         0x08003fd3   Thumb Code     0  startup_stm32f4xx.o(.text)
    USART6_IRQHandler                        0x08003fd3   Thumb Code     0  startup_stm32f4xx.o(.text)
    WWDG_IRQHandler                          0x08003fd3   Thumb Code     0  startup_stm32f4xx.o(.text)
    CAN_DeInit                               0x08003fdd   Thumb Code    50  stm32f4xx_can.o(.text)
    CAN_Init                                 0x0800400f   Thumb Code   276  stm32f4xx_can.o(.text)
    CAN_FilterInit                           0x08004123   Thumb Code   258  stm32f4xx_can.o(.text)
    CAN_StructInit                           0x08004225   Thumb Code    32  stm32f4xx_can.o(.text)
    CAN_SlaveStartBank                       0x08004245   Thumb Code    48  stm32f4xx_can.o(.text)
    CAN_DBGFreeze                            0x08004275   Thumb Code    22  stm32f4xx_can.o(.text)
    CAN_TTComModeCmd                         0x0800428b   Thumb Code   118  stm32f4xx_can.o(.text)
    CAN_Transmit                             0x08004301   Thumb Code   304  stm32f4xx_can.o(.text)
    CAN_TransmitStatus                       0x08004431   Thumb Code   138  stm32f4xx_can.o(.text)
    CAN_CancelTransmit                       0x080044bb   Thumb Code    48  stm32f4xx_can.o(.text)
    CAN_Receive                              0x080044eb   Thumb Code   240  stm32f4xx_can.o(.text)
    CAN_FIFORelease                          0x080045db   Thumb Code    22  stm32f4xx_can.o(.text)
    CAN_MessagePending                       0x080045f1   Thumb Code    30  stm32f4xx_can.o(.text)
    CAN_OperatingModeRequest                 0x0800460f   Thumb Code   162  stm32f4xx_can.o(.text)
    CAN_Sleep                                0x080046b1   Thumb Code    30  stm32f4xx_can.o(.text)
    CAN_WakeUp                               0x080046cf   Thumb Code    48  stm32f4xx_can.o(.text)
    CAN_GetLastErrorCode                     0x080046ff   Thumb Code    12  stm32f4xx_can.o(.text)
    CAN_GetReceiveErrorCounter               0x0800470b   Thumb Code    10  stm32f4xx_can.o(.text)
    CAN_GetLSBTransmitErrorCounter           0x08004715   Thumb Code    12  stm32f4xx_can.o(.text)
    CAN_ITConfig                             0x08004721   Thumb Code    18  stm32f4xx_can.o(.text)
    CAN_GetFlagStatus                        0x08004733   Thumb Code   120  stm32f4xx_can.o(.text)
    CAN_ClearFlag                            0x080047ab   Thumb Code    52  stm32f4xx_can.o(.text)
    CAN_GetITStatus                          0x080047f1   Thumb Code   310  stm32f4xx_can.o(.text)
    CAN_ClearITPendingBit                    0x08004927   Thumb Code   162  stm32f4xx_can.o(.text)
    DMA_DeInit                               0x080049cd   Thumb Code   324  stm32f4xx_dma.o(.text)
    DMA_Init                                 0x08004b11   Thumb Code    82  stm32f4xx_dma.o(.text)
    DMA_StructInit                           0x08004b63   Thumb Code    34  stm32f4xx_dma.o(.text)
    DMA_Cmd                                  0x08004b85   Thumb Code    22  stm32f4xx_dma.o(.text)
    DMA_PeriphIncOffsetSizeConfig            0x08004b9b   Thumb Code    22  stm32f4xx_dma.o(.text)
    DMA_FlowControllerConfig                 0x08004bb1   Thumb Code    22  stm32f4xx_dma.o(.text)
    DMA_SetCurrDataCounter                   0x08004bc7   Thumb Code     4  stm32f4xx_dma.o(.text)
    DMA_GetCurrDataCounter                   0x08004bcb   Thumb Code     8  stm32f4xx_dma.o(.text)
    DMA_DoubleBufferModeConfig               0x08004bd3   Thumb Code    24  stm32f4xx_dma.o(.text)
    DMA_DoubleBufferModeCmd                  0x08004beb   Thumb Code    22  stm32f4xx_dma.o(.text)
    DMA_MemoryTargetConfig                   0x08004c01   Thumb Code    10  stm32f4xx_dma.o(.text)
    DMA_GetCurrentMemoryTarget               0x08004c0b   Thumb Code    20  stm32f4xx_dma.o(.text)
    DMA_GetCmdStatus                         0x08004c1f   Thumb Code    20  stm32f4xx_dma.o(.text)
    DMA_GetFIFOStatus                        0x08004c33   Thumb Code    12  stm32f4xx_dma.o(.text)
    DMA_GetFlagStatus                        0x08004c3f   Thumb Code    56  stm32f4xx_dma.o(.text)
    DMA_ClearFlag                            0x08004c77   Thumb Code    40  stm32f4xx_dma.o(.text)
    DMA_ITConfig                             0x08004c9f   Thumb Code    58  stm32f4xx_dma.o(.text)
    DMA_GetITStatus                          0x08004cd9   Thumb Code    84  stm32f4xx_dma.o(.text)
    DMA_ClearITPendingBit                    0x08004d2d   Thumb Code    40  stm32f4xx_dma.o(.text)
    GPIO_DeInit                              0x08004d75   Thumb Code   220  stm32f4xx_gpio.o(.text)
    GPIO_Init                                0x08004e51   Thumb Code   144  stm32f4xx_gpio.o(.text)
    GPIO_StructInit                          0x08004ee1   Thumb Code    18  stm32f4xx_gpio.o(.text)
    GPIO_PinLockConfig                       0x08004ef3   Thumb Code    34  stm32f4xx_gpio.o(.text)
    GPIO_ReadInputDataBit                    0x08004f15   Thumb Code    18  stm32f4xx_gpio.o(.text)
    GPIO_ReadInputData                       0x08004f27   Thumb Code     8  stm32f4xx_gpio.o(.text)
    GPIO_ReadOutputDataBit                   0x08004f2f   Thumb Code    18  stm32f4xx_gpio.o(.text)
    GPIO_ReadOutputData                      0x08004f41   Thumb Code     8  stm32f4xx_gpio.o(.text)
    GPIO_SetBits                             0x08004f49   Thumb Code     4  stm32f4xx_gpio.o(.text)
    GPIO_ResetBits                           0x08004f4d   Thumb Code     4  stm32f4xx_gpio.o(.text)
    GPIO_WriteBit                            0x08004f51   Thumb Code    10  stm32f4xx_gpio.o(.text)
    GPIO_Write                               0x08004f5b   Thumb Code     4  stm32f4xx_gpio.o(.text)
    GPIO_ToggleBits                          0x08004f5f   Thumb Code     8  stm32f4xx_gpio.o(.text)
    GPIO_PinAFConfig                         0x08004f67   Thumb Code    70  stm32f4xx_gpio.o(.text)
    RCC_DeInit                               0x08004fd1   Thumb Code    60  stm32f4xx_rcc.o(.text)
    RCC_HSEConfig                            0x0800500d   Thumb Code    14  stm32f4xx_rcc.o(.text)
    RCC_GetFlagStatus                        0x0800501b   Thumb Code    60  stm32f4xx_rcc.o(.text)
    RCC_WaitForHSEStartUp                    0x08005057   Thumb Code    56  stm32f4xx_rcc.o(.text)
    RCC_AdjustHSICalibrationValue            0x0800508f   Thumb Code    20  stm32f4xx_rcc.o(.text)
    RCC_HSICmd                               0x080050a3   Thumb Code     6  stm32f4xx_rcc.o(.text)
    RCC_LSEConfig                            0x080050a9   Thumb Code    46  stm32f4xx_rcc.o(.text)
    RCC_LSICmd                               0x080050d7   Thumb Code     6  stm32f4xx_rcc.o(.text)
    RCC_PLLConfig                            0x080050dd   Thumb Code    32  stm32f4xx_rcc.o(.text)
    RCC_PLLCmd                               0x080050fd   Thumb Code     6  stm32f4xx_rcc.o(.text)
    RCC_PLLI2SConfig                         0x08005103   Thumb Code    14  stm32f4xx_rcc.o(.text)
    RCC_PLLI2SCmd                            0x08005111   Thumb Code     6  stm32f4xx_rcc.o(.text)
    RCC_ClockSecuritySystemCmd               0x08005117   Thumb Code     6  stm32f4xx_rcc.o(.text)
    RCC_MCO1Config                           0x0800511d   Thumb Code    28  stm32f4xx_rcc.o(.text)
    RCC_MCO2Config                           0x08005139   Thumb Code    28  stm32f4xx_rcc.o(.text)
    RCC_SYSCLKConfig                         0x08005155   Thumb Code    20  stm32f4xx_rcc.o(.text)
    RCC_GetSYSCLKSource                      0x08005169   Thumb Code    12  stm32f4xx_rcc.o(.text)
    RCC_HCLKConfig                           0x08005175   Thumb Code    20  stm32f4xx_rcc.o(.text)
    RCC_PCLK1Config                          0x08005189   Thumb Code    20  stm32f4xx_rcc.o(.text)
    RCC_PCLK2Config                          0x0800519d   Thumb Code    22  stm32f4xx_rcc.o(.text)
    RCC_GetClocksFreq                        0x080051b3   Thumb Code   222  stm32f4xx_rcc.o(.text)
    RCC_RTCCLKConfig                         0x08005291   Thumb Code    54  stm32f4xx_rcc.o(.text)
    RCC_RTCCLKCmd                            0x080052c7   Thumb Code     8  stm32f4xx_rcc.o(.text)
    RCC_BackupResetCmd                       0x080052cf   Thumb Code     8  stm32f4xx_rcc.o(.text)
    RCC_I2SCLKConfig                         0x080052d7   Thumb Code     6  stm32f4xx_rcc.o(.text)
    RCC_AHB1PeriphClockCmd                   0x080052dd   Thumb Code    34  stm32f4xx_rcc.o(.text)
    RCC_AHB2PeriphClockCmd                   0x080052ff   Thumb Code    34  stm32f4xx_rcc.o(.text)
    RCC_AHB3PeriphClockCmd                   0x08005321   Thumb Code    34  stm32f4xx_rcc.o(.text)
    RCC_APB1PeriphClockCmd                   0x08005343   Thumb Code    34  stm32f4xx_rcc.o(.text)
    RCC_APB2PeriphClockCmd                   0x08005365   Thumb Code    34  stm32f4xx_rcc.o(.text)
    RCC_AHB1PeriphResetCmd                   0x08005387   Thumb Code    34  stm32f4xx_rcc.o(.text)
    RCC_AHB2PeriphResetCmd                   0x080053a9   Thumb Code    72  stm32f4xx_rcc.o(.text)
    RCC_AHB3PeriphResetCmd                   0x080053f1   Thumb Code    34  stm32f4xx_rcc.o(.text)
    RCC_APB1PeriphResetCmd                   0x08005413   Thumb Code    34  stm32f4xx_rcc.o(.text)
    RCC_APB2PeriphResetCmd                   0x08005435   Thumb Code    34  stm32f4xx_rcc.o(.text)
    RCC_AHB1PeriphClockLPModeCmd             0x08005457   Thumb Code    34  stm32f4xx_rcc.o(.text)
    RCC_AHB2PeriphClockLPModeCmd             0x08005479   Thumb Code    34  stm32f4xx_rcc.o(.text)
    RCC_AHB3PeriphClockLPModeCmd             0x0800549b   Thumb Code    34  stm32f4xx_rcc.o(.text)
    RCC_APB1PeriphClockLPModeCmd             0x080054bd   Thumb Code    34  stm32f4xx_rcc.o(.text)
    RCC_APB2PeriphClockLPModeCmd             0x080054df   Thumb Code    34  stm32f4xx_rcc.o(.text)
    RCC_ITConfig                             0x08005501   Thumb Code    34  stm32f4xx_rcc.o(.text)
    RCC_ClearFlag                            0x08005523   Thumb Code    18  stm32f4xx_rcc.o(.text)
    RCC_GetITStatus                          0x08005535   Thumb Code    22  stm32f4xx_rcc.o(.text)
    RCC_ClearITPendingBit                    0x0800554b   Thumb Code     8  stm32f4xx_rcc.o(.text)
    SPI_I2S_DeInit                           0x08005559   Thumb Code    76  stm32f4xx_spi.o(.text)
    SPI_Init                                 0x080055a5   Thumb Code    60  stm32f4xx_spi.o(.text)
    I2S_Init                                 0x080055e1   Thumb Code   350  stm32f4xx_spi.o(.text)
    SPI_StructInit                           0x0800573f   Thumb Code    24  stm32f4xx_spi.o(.text)
    I2S_StructInit                           0x08005757   Thumb Code    20  stm32f4xx_spi.o(.text)
    SPI_Cmd                                  0x0800576b   Thumb Code    24  stm32f4xx_spi.o(.text)
    I2S_Cmd                                  0x08005783   Thumb Code    24  stm32f4xx_spi.o(.text)
    SPI_DataSizeConfig                       0x0800579b   Thumb Code    18  stm32f4xx_spi.o(.text)
    SPI_BiDirectionalLineConfig              0x080057ad   Thumb Code    28  stm32f4xx_spi.o(.text)
    SPI_NSSInternalSoftwareConfig            0x080057c9   Thumb Code    30  stm32f4xx_spi.o(.text)
    SPI_SSOutputCmd                          0x080057e7   Thumb Code    24  stm32f4xx_spi.o(.text)
    SPI_TIModeCmd                            0x080057ff   Thumb Code    24  stm32f4xx_spi.o(.text)
    I2S_FullDuplexConfig                     0x08005817   Thumb Code    80  stm32f4xx_spi.o(.text)
    SPI_I2S_ReceiveData                      0x08005867   Thumb Code     6  stm32f4xx_spi.o(.text)
    SPI_I2S_SendData                         0x0800586d   Thumb Code     4  stm32f4xx_spi.o(.text)
    SPI_CalculateCRC                         0x08005871   Thumb Code    24  stm32f4xx_spi.o(.text)
    SPI_TransmitCRC                          0x08005889   Thumb Code    10  stm32f4xx_spi.o(.text)
    SPI_GetCRC                               0x08005893   Thumb Code    16  stm32f4xx_spi.o(.text)
    SPI_GetCRCPolynomial                     0x080058a3   Thumb Code     6  stm32f4xx_spi.o(.text)
    SPI_I2S_DMACmd                           0x080058a9   Thumb Code    18  stm32f4xx_spi.o(.text)
    SPI_I2S_ITConfig                         0x080058bb   Thumb Code    32  stm32f4xx_spi.o(.text)
    SPI_I2S_GetFlagStatus                    0x080058db   Thumb Code    18  stm32f4xx_spi.o(.text)
    SPI_I2S_ClearFlag                        0x080058ed   Thumb Code     6  stm32f4xx_spi.o(.text)
    SPI_I2S_GetITStatus                      0x080058f3   Thumb Code    52  stm32f4xx_spi.o(.text)
    SPI_I2S_ClearITPendingBit                0x08005927   Thumb Code    42  stm32f4xx_spi.o(.text)
    TIM_DeInit                               0x08005951   Thumb Code   346  stm32f4xx_tim.o(.text)
    TIM_TimeBaseInit                         0x08005aab   Thumb Code   104  stm32f4xx_tim.o(.text)
    TIM_TimeBaseStructInit                   0x08005b13   Thumb Code    18  stm32f4xx_tim.o(.text)
    TIM_PrescalerConfig                      0x08005b25   Thumb Code     6  stm32f4xx_tim.o(.text)
    TIM_CounterModeConfig                    0x08005b2b   Thumb Code    18  stm32f4xx_tim.o(.text)
    TIM_SetCounter                           0x08005b3d   Thumb Code     4  stm32f4xx_tim.o(.text)
    TIM_SetAutoreload                        0x08005b41   Thumb Code     4  stm32f4xx_tim.o(.text)
    TIM_GetCounter                           0x08005b45   Thumb Code     6  stm32f4xx_tim.o(.text)
    TIM_GetPrescaler                         0x08005b4b   Thumb Code     6  stm32f4xx_tim.o(.text)
    TIM_UpdateDisableConfig                  0x08005b51   Thumb Code    24  stm32f4xx_tim.o(.text)
    TIM_UpdateRequestConfig                  0x08005b69   Thumb Code    24  stm32f4xx_tim.o(.text)
    TIM_ARRPreloadConfig                     0x08005b81   Thumb Code    24  stm32f4xx_tim.o(.text)
    TIM_SelectOnePulseMode                   0x08005b99   Thumb Code    18  stm32f4xx_tim.o(.text)
    TIM_SetClockDivision                     0x08005bab   Thumb Code    18  stm32f4xx_tim.o(.text)
    TIM_Cmd                                  0x08005bbd   Thumb Code    24  stm32f4xx_tim.o(.text)
    TIM_OC1Init                              0x08005bd5   Thumb Code   114  stm32f4xx_tim.o(.text)
    TIM_OC2Init                              0x08005c47   Thumb Code   154  stm32f4xx_tim.o(.text)
    TIM_OC3Init                              0x08005ce1   Thumb Code   204  stm32f4xx_tim.o(.text)
    TIM_OC4Init                              0x08005dad   Thumb Code   112  stm32f4xx_tim.o(.text)
    TIM_OCStructInit                         0x08005e1d   Thumb Code    20  stm32f4xx_tim.o(.text)
    TIM_SelectOCxM                           0x08005e31   Thumb Code    86  stm32f4xx_tim.o(.text)
    TIM_SetCompare1                          0x08005e87   Thumb Code     4  stm32f4xx_tim.o(.text)
    TIM_SetCompare2                          0x08005e8b   Thumb Code     4  stm32f4xx_tim.o(.text)
    TIM_SetCompare3                          0x08005e8f   Thumb Code     4  stm32f4xx_tim.o(.text)
    TIM_SetCompare4                          0x08005e93   Thumb Code     4  stm32f4xx_tim.o(.text)
    TIM_ForcedOC1Config                      0x08005e97   Thumb Code    18  stm32f4xx_tim.o(.text)
    TIM_ForcedOC2Config                      0x08005ea9   Thumb Code    26  stm32f4xx_tim.o(.text)
    TIM_ForcedOC3Config                      0x08005ec3   Thumb Code    18  stm32f4xx_tim.o(.text)
    TIM_ForcedOC4Config                      0x08005ed5   Thumb Code    26  stm32f4xx_tim.o(.text)
    TIM_OC1PreloadConfig                     0x08005eef   Thumb Code    18  stm32f4xx_tim.o(.text)
    TIM_OC2PreloadConfig                     0x08005f01   Thumb Code    26  stm32f4xx_tim.o(.text)
    TIM_OC3PreloadConfig                     0x08005f1b   Thumb Code    18  stm32f4xx_tim.o(.text)
    TIM_OC4PreloadConfig                     0x08005f2d   Thumb Code    26  stm32f4xx_tim.o(.text)
    TIM_OC1FastConfig                        0x08005f47   Thumb Code    18  stm32f4xx_tim.o(.text)
    TIM_OC2FastConfig                        0x08005f59   Thumb Code    26  stm32f4xx_tim.o(.text)
    TIM_OC3FastConfig                        0x08005f73   Thumb Code    18  stm32f4xx_tim.o(.text)
    TIM_OC4FastConfig                        0x08005f85   Thumb Code    26  stm32f4xx_tim.o(.text)
    TIM_ClearOC1Ref                          0x08005f9f   Thumb Code    18  stm32f4xx_tim.o(.text)
    TIM_ClearOC2Ref                          0x08005fb1   Thumb Code    24  stm32f4xx_tim.o(.text)
    TIM_ClearOC3Ref                          0x08005fc9   Thumb Code    18  stm32f4xx_tim.o(.text)
    TIM_ClearOC4Ref                          0x08005fdb   Thumb Code    24  stm32f4xx_tim.o(.text)
    TIM_OC1PolarityConfig                    0x08005ff3   Thumb Code    18  stm32f4xx_tim.o(.text)
    TIM_OC1NPolarityConfig                   0x08006005   Thumb Code    18  stm32f4xx_tim.o(.text)
    TIM_OC2PolarityConfig                    0x08006017   Thumb Code    26  stm32f4xx_tim.o(.text)
    TIM_OC2NPolarityConfig                   0x08006031   Thumb Code    26  stm32f4xx_tim.o(.text)
    TIM_OC3PolarityConfig                    0x0800604b   Thumb Code    26  stm32f4xx_tim.o(.text)
    TIM_OC3NPolarityConfig                   0x08006065   Thumb Code    26  stm32f4xx_tim.o(.text)
    TIM_OC4PolarityConfig                    0x0800607f   Thumb Code    26  stm32f4xx_tim.o(.text)
    TIM_CCxCmd                               0x08006099   Thumb Code    30  stm32f4xx_tim.o(.text)
    TIM_CCxNCmd                              0x080060b7   Thumb Code    30  stm32f4xx_tim.o(.text)
    TIM_SetIC4Prescaler                      0x080060d5   Thumb Code    26  stm32f4xx_tim.o(.text)
    TIM_SetIC3Prescaler                      0x0800613f   Thumb Code    18  stm32f4xx_tim.o(.text)
    TIM_SetIC2Prescaler                      0x08006199   Thumb Code    26  stm32f4xx_tim.o(.text)
    TIM_SetIC1Prescaler                      0x0800620d   Thumb Code    18  stm32f4xx_tim.o(.text)
    TIM_ICInit                               0x08006259   Thumb Code   110  stm32f4xx_tim.o(.text)
    TIM_ICStructInit                         0x080062c7   Thumb Code    18  stm32f4xx_tim.o(.text)
    TIM_PWMIConfig                           0x080062d9   Thumb Code   124  stm32f4xx_tim.o(.text)
    TIM_GetCapture1                          0x08006355   Thumb Code     6  stm32f4xx_tim.o(.text)
    TIM_GetCapture2                          0x0800635b   Thumb Code     6  stm32f4xx_tim.o(.text)
    TIM_GetCapture3                          0x08006361   Thumb Code     6  stm32f4xx_tim.o(.text)
    TIM_GetCapture4                          0x08006367   Thumb Code     6  stm32f4xx_tim.o(.text)
    TIM_BDTRConfig                           0x0800636d   Thumb Code    32  stm32f4xx_tim.o(.text)
    TIM_BDTRStructInit                       0x0800638d   Thumb Code    18  stm32f4xx_tim.o(.text)
    TIM_CtrlPWMOutputs                       0x0800639f   Thumb Code    30  stm32f4xx_tim.o(.text)
    TIM_SelectCOM                            0x080063bd   Thumb Code    24  stm32f4xx_tim.o(.text)
    TIM_CCPreloadControl                     0x080063d5   Thumb Code    24  stm32f4xx_tim.o(.text)
    TIM_ITConfig                             0x080063ed   Thumb Code    18  stm32f4xx_tim.o(.text)
    TIM_GenerateEvent                        0x080063ff   Thumb Code     4  stm32f4xx_tim.o(.text)
    TIM_GetFlagStatus                        0x08006403   Thumb Code    18  stm32f4xx_tim.o(.text)
    TIM_ClearFlag                            0x08006415   Thumb Code     6  stm32f4xx_tim.o(.text)
    TIM_GetITStatus                          0x0800641b   Thumb Code    34  stm32f4xx_tim.o(.text)
    TIM_ClearITPendingBit                    0x0800643d   Thumb Code     6  stm32f4xx_tim.o(.text)
    TIM_DMAConfig                            0x08006443   Thumb Code    10  stm32f4xx_tim.o(.text)
    TIM_DMACmd                               0x0800644d   Thumb Code    18  stm32f4xx_tim.o(.text)
    TIM_SelectCCDMA                          0x0800645f   Thumb Code    24  stm32f4xx_tim.o(.text)
    TIM_InternalClockConfig                  0x08006477   Thumb Code    12  stm32f4xx_tim.o(.text)
    TIM_SelectInputTrigger                   0x08006483   Thumb Code    18  stm32f4xx_tim.o(.text)
    TIM_ITRxExternalClockConfig              0x08006495   Thumb Code    24  stm32f4xx_tim.o(.text)
    TIM_TIxExternalClockConfig               0x080064ad   Thumb Code    62  stm32f4xx_tim.o(.text)
    TIM_ETRConfig                            0x080064eb   Thumb Code    28  stm32f4xx_tim.o(.text)
    TIM_ETRClockMode1Config                  0x08006507   Thumb Code    54  stm32f4xx_tim.o(.text)
    TIM_ETRClockMode2Config                  0x0800653d   Thumb Code    32  stm32f4xx_tim.o(.text)
    TIM_SelectOutputTrigger                  0x0800655d   Thumb Code    18  stm32f4xx_tim.o(.text)
    TIM_SelectSlaveMode                      0x0800656f   Thumb Code    18  stm32f4xx_tim.o(.text)
    TIM_SelectMasterSlaveMode                0x08006581   Thumb Code    18  stm32f4xx_tim.o(.text)
    TIM_EncoderInterfaceConfig               0x08006593   Thumb Code    66  stm32f4xx_tim.o(.text)
    TIM_SelectHallSensor                     0x080065d5   Thumb Code    24  stm32f4xx_tim.o(.text)
    TIM_RemapConfig                          0x080065ed   Thumb Code     6  stm32f4xx_tim.o(.text)
    USART_DeInit                             0x080065f5   Thumb Code   156  stm32f4xx_usart.o(.text)
    USART_Init                               0x08006691   Thumb Code   204  stm32f4xx_usart.o(.text)
    USART_StructInit                         0x0800675d   Thumb Code    24  stm32f4xx_usart.o(.text)
    USART_ClockInit                          0x08006775   Thumb Code    32  stm32f4xx_usart.o(.text)
    USART_ClockStructInit                    0x08006795   Thumb Code    12  stm32f4xx_usart.o(.text)
    USART_Cmd                                0x080067a1   Thumb Code    24  stm32f4xx_usart.o(.text)
    USART_SetPrescaler                       0x080067b9   Thumb Code    16  stm32f4xx_usart.o(.text)
    USART_OverSampling8Cmd                   0x080067c9   Thumb Code    22  stm32f4xx_usart.o(.text)
    USART_OneBitMethodCmd                    0x080067df   Thumb Code    24  stm32f4xx_usart.o(.text)
    USART_SendData                           0x080067f7   Thumb Code     8  stm32f4xx_usart.o(.text)
    USART_ReceiveData                        0x080067ff   Thumb Code    10  stm32f4xx_usart.o(.text)
    USART_SetAddress                         0x08006809   Thumb Code    18  stm32f4xx_usart.o(.text)
    USART_ReceiverWakeUpCmd                  0x0800681b   Thumb Code    24  stm32f4xx_usart.o(.text)
    USART_WakeUpConfig                       0x08006833   Thumb Code    18  stm32f4xx_usart.o(.text)
    USART_LINBreakDetectLengthConfig         0x08006845   Thumb Code    18  stm32f4xx_usart.o(.text)
    USART_LINCmd                             0x08006857   Thumb Code    24  stm32f4xx_usart.o(.text)
    USART_SendBreak                          0x0800686f   Thumb Code    10  stm32f4xx_usart.o(.text)
    USART_HalfDuplexCmd                      0x08006879   Thumb Code    24  stm32f4xx_usart.o(.text)
    USART_SetGuardTime                       0x08006891   Thumb Code    16  stm32f4xx_usart.o(.text)
    USART_SmartCardCmd                       0x080068a1   Thumb Code    24  stm32f4xx_usart.o(.text)
    USART_SmartCardNACKCmd                   0x080068b9   Thumb Code    24  stm32f4xx_usart.o(.text)
    USART_IrDAConfig                         0x080068d1   Thumb Code    18  stm32f4xx_usart.o(.text)
    USART_IrDACmd                            0x080068e3   Thumb Code    24  stm32f4xx_usart.o(.text)
    USART_DMACmd                             0x080068fb   Thumb Code    18  stm32f4xx_usart.o(.text)
    USART_ITConfig                           0x0800690d   Thumb Code    74  stm32f4xx_usart.o(.text)
    USART_GetFlagStatus                      0x08006957   Thumb Code    26  stm32f4xx_usart.o(.text)
    USART_ClearFlag                          0x08006971   Thumb Code    18  stm32f4xx_usart.o(.text)
    USART_GetITStatus                        0x08006983   Thumb Code   110  stm32f4xx_usart.o(.text)
    USART_ClearITPendingBit                  0x080069f1   Thumb Code    30  stm32f4xx_usart.o(.text)
    SystemInit                               0x08006ae9   Thumb Code    88  system_stm32f4xx.o(.text)
    SystemCoreClockUpdate                    0x08006b41   Thumb Code   174  system_stm32f4xx.o(.text)
    __aeabi_memcpy                           0x08006c1d   Thumb Code    36  memcpya.o(.text)
    __aeabi_memcpy4                          0x08006c1d   Thumb Code     0  memcpya.o(.text)
    __aeabi_memcpy8                          0x08006c1d   Thumb Code     0  memcpya.o(.text)
    __aeabi_memset                           0x08006c41   Thumb Code    14  memseta.o(.text)
    __aeabi_memset4                          0x08006c41   Thumb Code     0  memseta.o(.text)
    __aeabi_memset8                          0x08006c41   Thumb Code     0  memseta.o(.text)
    __aeabi_memclr                           0x08006c4f   Thumb Code     4  memseta.o(.text)
    __aeabi_memclr4                          0x08006c4f   Thumb Code     0  memseta.o(.text)
    __aeabi_memclr8                          0x08006c4f   Thumb Code     0  memseta.o(.text)
    _memset$wrapper                          0x08006c53   Thumb Code    18  memseta.o(.text)
    __aeabi_dadd                             0x08006c65   Thumb Code   322  dadd.o(.text)
    __aeabi_dsub                             0x08006da7   Thumb Code     6  dadd.o(.text)
    __aeabi_drsub                            0x08006dad   Thumb Code     6  dadd.o(.text)
    __aeabi_dmul                             0x08006db3   Thumb Code   228  dmul.o(.text)
    __aeabi_ddiv                             0x08006e97   Thumb Code   222  ddiv.o(.text)
    __aeabi_i2d                              0x08006f75   Thumb Code    34  dflti.o(.text)
    __aeabi_ui2d                             0x08006f97   Thumb Code    26  dfltui.o(.text)
    __aeabi_cdcmpeq                          0x08006fb1   Thumb Code     0  cdcmple.o(.text)
    __aeabi_cdcmple                          0x08006fb1   Thumb Code    48  cdcmple.o(.text)
    __aeabi_cdrcmple                         0x08006fe1   Thumb Code    48  cdrcmple.o(.text)
    __aeabi_d2f                              0x08007011   Thumb Code    56  d2f.o(.text)
    __aeabi_llsl                             0x08007049   Thumb Code    30  llshl.o(.text)
    _ll_shift_l                              0x08007049   Thumb Code     0  llshl.o(.text)
    __aeabi_lasr                             0x08007067   Thumb Code    36  llsshr.o(.text)
    _ll_sshift_r                             0x08007067   Thumb Code     0  llsshr.o(.text)
    __I$use$fp                               0x0800708b   Thumb Code     0  iusefp.o(.text)
    _float_round                             0x0800708b   Thumb Code    18  fepilogue.o(.text)
    _float_epilogue                          0x0800709d   Thumb Code    92  fepilogue.o(.text)
    _double_round                            0x080070f9   Thumb Code    30  depilogue.o(.text)
    _double_epilogue                         0x08007117   Thumb Code   156  depilogue.o(.text)
    __scatterload                            0x080071b5   Thumb Code    28  init.o(.text)
    __scatterload_rt2                        0x080071b5   Thumb Code     0  init.o(.text)
    __aeabi_llsr                             0x080071d9   Thumb Code    32  llushr.o(.text)
    _ll_ushift_r                             0x080071d9   Thumb Code     0  llushr.o(.text)
    __decompress                             0x080071f9   Thumb Code     0  __dczerorl2.o(.text)
    __decompress1                            0x080071f9   Thumb Code    86  __dczerorl2.o(.text)
    __ARM_fpclassifyf                        0x0800724f   Thumb Code    38  fpclassifyf.o(i.__ARM_fpclassifyf)
    __hardfp_cosf                            0x08007275   Thumb Code   280  cosf.o(i.__hardfp_cosf)
    __hardfp_tanf                            0x080073c5   Thumb Code   322  tanf.o(i.__hardfp_tanf)
    __mathlib_flt_infnan                     0x08007541   Thumb Code     6  funder.o(i.__mathlib_flt_infnan)
    __mathlib_flt_invalid                    0x08007549   Thumb Code    10  funder.o(i.__mathlib_flt_invalid)
    __mathlib_flt_underflow                  0x08007559   Thumb Code    10  funder.o(i.__mathlib_flt_underflow)
    __mathlib_rredf2                         0x08007569   Thumb Code   316  rredf.o(i.__mathlib_rredf2)
    __scatterload_copy                       0x080076bd   Thumb Code    14  handlers.o(i.__scatterload_copy)
    __scatterload_null                       0x080076cb   Thumb Code     2  handlers.o(i.__scatterload_null)
    __scatterload_zeroinit                   0x080076cd   Thumb Code    14  handlers.o(i.__scatterload_zeroinit)
    __set_errno                              0x080076dd   Thumb Code     6  errno.o(i.__set_errno)
    CRC8_INIT                                0x080076e8   Data           1  crc.o(.constdata)
    CRC8_TAB                                 0x080076e9   Data         256  crc.o(.constdata)
    wCRC_Table                               0x080077ea   Data         512  crc.o(.constdata)
    Region$$Table$$Base                      0x08007a0c   Number         0  anon$$obj.o(Region$$Table)
    Region$$Table$$Limit                     0x08007a2c   Number         0  anon$$obj.o(Region$$Table)
    aim                                      0x20000000   Data           4  schedule.o(.data)
    zhi_2006                                 0x20000004   Data           4  schedule.o(.data)
    zhi_3510                                 0x20000008   Data           4  schedule.o(.data)
    zhi_robo                                 0x2000000c   Data           4  schedule.o(.data)
    speed_robo                               0x20000010   Data           4  schedule.o(.data)
    shoot1                                   0x20000014   Data           4  schedule.o(.data)
    shoot2                                   0x20000018   Data           4  schedule.o(.data)
    DanStart_flag                            0x2000001c   Data           1  schedule.o(.data)
    flag_Up                                  0x2000001d   Data           1  schedule.o(.data)
    flag_Down                                0x2000001e   Data           1  schedule.o(.data)
    Init_OK                                  0x20000028   Data           1  board.o(.data)
    i                                        0x2000002c   Data           4  board.o(.data)
    sysTickUptime                            0x20000030   Data           4  board.o(.data)
    can1_feedback                            0x20000034   Data           8  can1.o(.data)
    can_tx_success_flag                      0x2000003c   Data           1  can1.o(.data)
    Voice_distance                           0x20000040   Data           4  usart1.o(.data)
    Voice_distance_last                      0x20000044   Data           4  usart1.o(.data)
    VoiceStart_Flag                          0x20000048   Data           4  usart1.o(.data)
    j                                        0x2000004c   Data           1  usart1.o(.data)
    Position_set                             0x20000050   Data           8  dbus.o(.data)
    keyBoard_jumpkey_code                    0x20000058   Data           2  dbus.o(.data)
    Dbus_Updata_flag                         0x2000005c   Data           4  dbus.o(.data)
    fast_atan_table                          0x20000130   Data        1028  mymath.o(.data)
    DJI                                      0x20000534   Data          72  mlt8530.o(.data)
    DJI_time                                 0x2000057c   Data          72  mlt8530.o(.data)
    Position_485Yaw                          0x200005d8   Data           4  485.o(.data)
    Position_485Whiff_Last                   0x200005dc   Data           4  485.o(.data)
    Position_485Whiff                        0x200005e0   Data           4  485.o(.data)
    Position_485Pitch                        0x200005e4   Data           4  485.o(.data)
    Speed_485Whiff                           0x200005e8   Data           4  485.o(.data)
    START_Position_Yaw                       0x200005ec   Data           4  485.o(.data)
    START_Position_Whiff                     0x200005f0   Data           4  485.o(.data)
    START_Position_Pitch                     0x200005f4   Data           4  485.o(.data)
    DM50_POSITION_Pitch                      0x200005f8   Data           2  485.o(.data)
    DM50_POSITION_Whiff                      0x200005fa   Data           2  485.o(.data)
    DM50_POSITION_Yaw                        0x200005fc   Data           2  485.o(.data)
    RS485_RX_CNT                             0x200005fe   Data           1  485.o(.data)
    dif_yaw                                  0x20000600   Data           4  485.o(.data)
    pro                                      0x20000604   Data           4  485.o(.data)
    DM50_SPEED_Yaw                           0x20000614   Data           4  timer485.o(.data)
    DM50_SPEED_Pitch1                        0x20000618   Data           4  timer485.o(.data)
    DM50_SPEED_Pitch2                        0x2000061c   Data           4  timer485.o(.data)
    Position_box                             0x20000620   Data           2  camera.o(.data)
    camera_rx_buffer                         0x20000622   Data           2  camera.o(.data)
    full_count                               0x20000624   Data           4  judgement.o(.data)
    judge_cmd_id                             0x20000628   Data           2  judgement.o(.data)
    CRC_INIT                                 0x20000644   Data           2  crc.o(.data)
    Step_Flag                                0x20000646   Data           1  drv8305.o(.data)
    SystemCoreClock                          0x20000658   Data           4  system_stm32f4xx.o(.data)
    AHBPrescTable                            0x2000065c   Data          16  system_stm32f4xx.o(.data)
    rcc_clocks                               0x2000067c   Data          16  board.o(.bss)
    CAN1_RX_MESSAGE                          0x2000068c   Data          20  can1.o(.bss)
    CAN1_TX_MESSAGE                          0x200006a0   Data          20  can1.o(.bss)
    USART1_RX_BUF                            0x200006b4   Data        1000  usart1.o(.bss)
    can2_rx_message                          0x20000a9c   Data          20  can2.o(.bss)
    can2_tx_message                          0x20000ab0   Data          20  can2.o(.bss)
    can2_feedback                            0x20000ac4   Data          12  can2.o(.bss)
    CAN2_RX_MESSAGE                          0x20000ad0   Data          20  can2.o(.bss)
    CAN2_TX_MESSAGE                          0x20000ae4   Data          20  can2.o(.bss)
    RC                                       0x20000af8   Data         168  dbus.o(.bss)
    sbus_rx_buffer                           0x20000ba0   Data          18  dbus.o(.bss)
    sbus_decode_buffer                       0x20000bb2   Data          30  dbus.o(.bss)
    Cycle_T                                  0x20000c0c   Data         120  time.o(.bss)
    RS485_RX_BUF                             0x20000c84   Data          64  485.o(.bss)
    SendBuff                                 0x20000cc4   Data          10  485.o(.bss)
    RxBuff                                   0x20000cce   Data        1000  485.o(.bss)
    distance                                 0x200010b8   Data          16  distance.o(.bss)
    GY_53                                    0x200010c8   Data          16  distance.o(.bss)
    RC_PPM_CH                                0x200010d8   Data          32  distance.o(.bss)
    JudgeDataBuffer                          0x20001108   Data         200  judgement.o(.bss)
    JudgeSendData                            0x200011d0   Data          13  judgement.o(.bss)
    judge_rece_mesg                          0x200011de   Data          64  judgement.o(.bss)
    DRV8305                                  0x20001270   Data          24  drv8305.o(.bss)
    Output                                   0x20001288   Data          24  drv8305.o(.bss)
    __initial_sp                             0x200016a0   Data           0  startup_stm32f4xx.o(STACK)



==============================================================================

Memory Map of the image

  Image Entry point : 0x08000189

  Load Region LR_IROM1 (Base: 0x08000000, Size: 0x0000809c, Max: 0x00100000, ABSOLUTE, COMPRESSED[0x00007e78])

    Execution Region ER_IROM1 (Base: 0x08000000, Size: 0x00007a2c, Max: 0x00100000, ABSOLUTE)

    Base Addr    Size         Type   Attr      Idx    E Section Name        Object

    0x08000000   0x00000188   Data   RO         1132    RESET               startup_stm32f4xx.o
    0x08000188   0x00000000   Code   RO         1872  * .ARM.Collect$$$$00000000  mc_w.l(entry.o)
    0x08000188   0x00000004   Code   RO         1968    .ARM.Collect$$$$00000001  mc_w.l(entry2.o)
    0x0800018c   0x00000004   Code   RO         1971    .ARM.Collect$$$$00000004  mc_w.l(entry5.o)
    0x08000190   0x00000000   Code   RO         1973    .ARM.Collect$$$$00000008  mc_w.l(entry7b.o)
    0x08000190   0x00000000   Code   RO         1975    .ARM.Collect$$$$0000000A  mc_w.l(entry8b.o)
    0x08000190   0x00000008   Code   RO         1976    .ARM.Collect$$$$0000000B  mc_w.l(entry9a.o)
    0x08000198   0x00000000   Code   RO         1978    .ARM.Collect$$$$0000000D  mc_w.l(entry10a.o)
    0x08000198   0x00000000   Code   RO         1980    .ARM.Collect$$$$0000000F  mc_w.l(entry11a.o)
    0x08000198   0x00000004   Code   RO         1969    .ARM.Collect$$$$00002712  mc_w.l(entry2.o)
    0x0800019c   0x00000008   Code   RO            3    .text               main.o
    0x080001a4   0x00000070   Code   RO          221    .text               stm32f4xx_it.o
    0x08000214   0x0000011c   Code   RO          250    .text               schedule.o
    0x08000330   0x000000f8   Code   RO          277    .text               board.o
    0x08000428   0x0000033c   Code   RO          309    .text               can1.o
    0x08000764   0x00000188   Code   RO          336    .text               usart1.o
    0x080008ec   0x00000200   Code   RO          363    .text               can2.o
    0x08000aec   0x0000055c   Code   RO          417    .text               dbus.o
    0x08001048   0x00000c04   Code   RO          444    .text               filter.o
    0x08001c4c   0x00000038   Code   RO          470    .text               led.o
    0x08001c84   0x000004e8   Code   RO          490    .text               mymath.o
    0x0800216c   0x00000094   Code   RO          536    .text               time.o
    0x08002200   0x0000036c   Code   RO          585    .text               timer.o
    0x0800256c   0x00000194   Code   RO          605    .text               mlt8530.o
    0x08002700   0x00000578   Code   RO          721    .text               485.o
    0x08002c78   0x00000128   Code   RO          748    .text               timer485.o
    0x08002da0   0x00000464   Code   RO          855    .text               distance.o
    0x08003204   0x00000178   Code   RO          882    .text               camera.o
    0x0800337c   0x00000704   Code   RO          994    .text               judgement.o
    0x08003a80   0x00000114   Code   RO         1021    .text               crc.o
    0x08003b94   0x000001bc   Code   RO         1065    .text               drv8305.o
    0x08003d50   0x00000188   Code   RO         1092    .text               spi.o
    0x08003ed8   0x000000e0   Code   RO         1112    .text               misc.o
    0x08003fb8   0x00000024   Code   RO         1133    .text               startup_stm32f4xx.o
    0x08003fdc   0x000009f0   Code   RO         1159    .text               stm32f4xx_can.o
    0x080049cc   0x000003a8   Code   RO         1354    .text               stm32f4xx_dma.o
    0x08004d74   0x0000025c   Code   RO         1440    .text               stm32f4xx_gpio.o
    0x08004fd0   0x00000588   Code   RO         1592    .text               stm32f4xx_rcc.o
    0x08005558   0x000003f8   Code   RO         1683    .text               stm32f4xx_spi.o
    0x08005950   0x00000ca2   Code   RO         1723    .text               stm32f4xx_tim.o
    0x080065f2   0x00000002   PAD
    0x080065f4   0x0000041a   Code   RO         1743    .text               stm32f4xx_usart.o
    0x08006a0e   0x00000002   PAD
    0x08006a10   0x0000020c   Code   RO         1786    .text               system_stm32f4xx.o
    0x08006c1c   0x00000024   Code   RO         1875    .text               mc_w.l(memcpya.o)
    0x08006c40   0x00000024   Code   RO         1877    .text               mc_w.l(memseta.o)
    0x08006c64   0x0000014e   Code   RO         1881    .text               mf_w.l(dadd.o)
    0x08006db2   0x000000e4   Code   RO         1883    .text               mf_w.l(dmul.o)
    0x08006e96   0x000000de   Code   RO         1885    .text               mf_w.l(ddiv.o)
    0x08006f74   0x00000022   Code   RO         1887    .text               mf_w.l(dflti.o)
    0x08006f96   0x0000001a   Code   RO         1889    .text               mf_w.l(dfltui.o)
    0x08006fb0   0x00000030   Code   RO         1893    .text               mf_w.l(cdcmple.o)
    0x08006fe0   0x00000030   Code   RO         1895    .text               mf_w.l(cdrcmple.o)
    0x08007010   0x00000038   Code   RO         1897    .text               mf_w.l(d2f.o)
    0x08007048   0x0000001e   Code   RO         1982    .text               mc_w.l(llshl.o)
    0x08007066   0x00000024   Code   RO         1984    .text               mc_w.l(llsshr.o)
    0x0800708a   0x00000000   Code   RO         1993    .text               mc_w.l(iusefp.o)
    0x0800708a   0x0000006e   Code   RO         1994    .text               mf_w.l(fepilogue.o)
    0x080070f8   0x000000ba   Code   RO         1996    .text               mf_w.l(depilogue.o)
    0x080071b2   0x00000002   PAD
    0x080071b4   0x00000024   Code   RO         2000    .text               mc_w.l(init.o)
    0x080071d8   0x00000020   Code   RO         2002    .text               mc_w.l(llushr.o)
    0x080071f8   0x00000056   Code   RO         2016    .text               mc_w.l(__dczerorl2.o)
    0x0800724e   0x00000026   Code   RO         1924    i.__ARM_fpclassifyf  m_wm.l(fpclassifyf.o)
    0x08007274   0x00000150   Code   RO         1836    i.__hardfp_cosf     m_wm.l(cosf.o)
    0x080073c4   0x0000017c   Code   RO         1860    i.__hardfp_tanf     m_wm.l(tanf.o)
    0x08007540   0x00000006   Code   RO         1927    i.__mathlib_flt_infnan  m_wm.l(funder.o)
    0x08007546   0x00000002   PAD
    0x08007548   0x00000010   Code   RO         1929    i.__mathlib_flt_invalid  m_wm.l(funder.o)
    0x08007558   0x00000010   Code   RO         1932    i.__mathlib_flt_underflow  m_wm.l(funder.o)
    0x08007568   0x00000154   Code   RO         1947    i.__mathlib_rredf2  m_wm.l(rredf.o)
    0x080076bc   0x0000000e   Code   RO         2010    i.__scatterload_copy  mc_w.l(handlers.o)
    0x080076ca   0x00000002   Code   RO         2011    i.__scatterload_null  mc_w.l(handlers.o)
    0x080076cc   0x0000000e   Code   RO         2012    i.__scatterload_zeroinit  mc_w.l(handlers.o)
    0x080076da   0x00000002   PAD
    0x080076dc   0x0000000c   Code   RO         1988    i.__set_errno       mc_w.l(errno.o)
    0x080076e8   0x00000302   Data   RO         1022    .constdata          crc.o
    0x080079ea   0x00000002   PAD
    0x080079ec   0x00000020   Data   RO         1948    .constdata          m_wm.l(rredf.o)
    0x08007a0c   0x00000020   Data   RO         2008    Region$$Table       anon$$obj.o


    Execution Region RW_IRAM1 (Base: 0x20000000, Size: 0x000016a0, Max: 0x00020000, ABSOLUTE, COMPRESSED[0x0000044c])

    Base Addr    Size         Type   Attr      Idx    E Section Name        Object

    0x20000000   0x00000027   Data   RW          251    .data               schedule.o
    0x20000027   0x00000001   PAD
    0x20000028   0x0000000c   Data   RW          279    .data               board.o
    0x20000034   0x00000009   Data   RW          311    .data               can1.o
    0x2000003d   0x00000003   PAD
    0x20000040   0x0000000d   Data   RW          338    .data               usart1.o
    0x2000004d   0x00000003   PAD
    0x20000050   0x00000010   Data   RW          419    .data               dbus.o
    0x20000060   0x000000d0   Data   RW          445    .data               filter.o
    0x20000130   0x00000404   Data   RW          491    .data               mymath.o
    0x20000534   0x000000a4   Data   RW          606    .data               mlt8530.o
    0x200005d8   0x0000003c   Data   RW          723    .data               485.o
    0x20000614   0x0000000c   Data   RW          749    .data               timer485.o
    0x20000620   0x00000004   Data   RW          883    .data               camera.o
    0x20000624   0x00000020   Data   RW          996    .data               judgement.o
    0x20000644   0x00000002   Data   RW         1023    .data               crc.o
    0x20000646   0x00000001   Data   RW         1067    .data               drv8305.o
    0x20000647   0x00000010   Data   RW         1593    .data               stm32f4xx_rcc.o
    0x20000657   0x00000001   PAD
    0x20000658   0x00000014   Data   RW         1787    .data               system_stm32f4xx.o
    0x2000066c   0x00000004   Data   RW         1989    .data               mc_w.l(errno.o)
    0x20000670   0x0000000c   Zero   RW          222    .bss                stm32f4xx_it.o
    0x2000067c   0x00000010   Zero   RW          278    .bss                board.o
    0x2000068c   0x00000028   Zero   RW          310    .bss                can1.o
    0x200006b4   0x000003e8   Zero   RW          337    .bss                usart1.o
    0x20000a9c   0x0000005c   Zero   RW          364    .bss                can2.o
    0x20000af8   0x00000114   Zero   RW          418    .bss                dbus.o
    0x20000c0c   0x00000078   Zero   RW          537    .bss                time.o
    0x20000c84   0x00000432   Zero   RW          722    .bss                485.o
    0x200010b6   0x00000002   PAD
    0x200010b8   0x00000050   Zero   RW          856    .bss                distance.o
    0x20001108   0x00000166   Zero   RW          995    .bss                judgement.o
    0x2000126e   0x00000002   PAD
    0x20001270   0x00000030   Zero   RW         1066    .bss                drv8305.o
    0x200012a0   0x00000400   Zero   RW         1130    STACK               startup_stm32f4xx.o


==============================================================================

Image component sizes


      Code (inc. data)   RO Data    RW Data    ZI Data      Debug   Object Name

      1400         90          0         60       1074       4026   485.o
       248         22          0         12         16      28477   board.o
       376         28          0          4          0       1849   camera.o
       828         26          0          9         40       2510   can1.o
       512         20          0          0         92       2211   can2.o
       276         14        770          2          0       2904   crc.o
      1372         62          0         16        276       2813   dbus.o
      1124         52          0          0         80       2053   distance.o
       444         32          0          1         48       2692   drv8305.o
      3076        266          0        208          0      12064   filter.o
      1796        112          0         32        358       6244   judgement.o
        56          4          0          0          0        507   led.o
         8          0          0          0          0     290523   main.o
       224         20          0          0          0       1821   misc.o
       404         34          0        164          0       1736   mlt8530.o
      1256        110          0       1028          0       4019   mymath.o
       284         22          0         39          0       3102   schedule.o
       392         14          0          0          0       1663   spi.o
        36          8        392          0       1024        824   startup_stm32f4xx.o
      2544         38          0          0          0       7972   stm32f4xx_can.o
       936         32          0          0          0       6297   stm32f4xx_dma.o
       604         36          0          0          0       4069   stm32f4xx_gpio.o
       112         12          0          0         12       1426   stm32f4xx_it.o
      1416         48          0         16          0      10951   stm32f4xx_rcc.o
      1016         22          0          0          0       6781   stm32f4xx_spi.o
      3234         60          0          0          0      22300   stm32f4xx_tim.o
      1050         26          0          0          0       7772   stm32f4xx_usart.o
       524         46          0         20          0       1851   system_stm32f4xx.o
       148          8          0          0        120       1176   time.o
       876         30          0          0          0       1517   timer.o
       296         32          0         12          0       1204   timer485.o
       392         20          0         13       1000       1747   usart1.o

    ----------------------------------------------------------------------
     27264       1346       1196       1644       4144     447101   Object Totals
         0          0         32          0          0          0   (incl. Generated)
         4          0          2          8          4          0   (incl. Padding)

    ----------------------------------------------------------------------

      Code (inc. data)   RO Data    RW Data    ZI Data      Debug   Library Member Name

       336         56          0          0          0        136   cosf.o
        38          0          0          0          0        116   fpclassifyf.o
        38         12          0          0          0        348   funder.o
       340         24         32          0          0        160   rredf.o
       380         58          0          0          0        200   tanf.o
        86          0          0          0          0          0   __dczerorl2.o
         0          0          0          0          0          0   entry.o
         0          0          0          0          0          0   entry10a.o
         0          0          0          0          0          0   entry11a.o
         8          4          0          0          0          0   entry2.o
         4          0          0          0          0          0   entry5.o
         0          0          0          0          0          0   entry7b.o
         0          0          0          0          0          0   entry8b.o
         8          4          0          0          0          0   entry9a.o
        12          6          0          4          0         68   errno.o
        30          0          0          0          0          0   handlers.o
        36          8          0          0          0         68   init.o
         0          0          0          0          0          0   iusefp.o
        30          0          0          0          0         68   llshl.o
        36          0          0          0          0         68   llsshr.o
        32          0          0          0          0         68   llushr.o
        36          0          0          0          0         68   memcpya.o
        36          0          0          0          0        108   memseta.o
        48          0          0          0          0         68   cdcmple.o
        48          0          0          0          0         68   cdrcmple.o
        56          0          0          0          0         88   d2f.o
       334          0          0          0          0        148   dadd.o
       222          0          0          0          0        100   ddiv.o
       186          0          0          0          0        176   depilogue.o
        34          0          0          0          0         76   dflti.o
        26          0          0          0          0         76   dfltui.o
       228          0          0          0          0         96   dmul.o
       110          0          0          0          0        168   fepilogue.o

    ----------------------------------------------------------------------
      2784        172         32          4          0       2540   Library Totals
         6          0          0          0          0          0   (incl. Padding)

    ----------------------------------------------------------------------

      Code (inc. data)   RO Data    RW Data    ZI Data      Debug   Library Name

      1132        150         32          0          0        960   m_wm.l
       354         22          0          4          0        516   mc_w.l
      1292          0          0          0          0       1064   mf_w.l

    ----------------------------------------------------------------------
      2784        172         32          4          0       2540   Library Totals

    ----------------------------------------------------------------------

==============================================================================


      Code (inc. data)   RO Data    RW Data    ZI Data      Debug   

     30048       1518       1228       1648       4144     442945   Grand Totals
     30048       1518       1228       1100       4144     442945   ELF Image Totals (compressed)
     30048       1518       1228       1100          0          0   ROM Totals

==============================================================================

    Total RO  Size (Code + RO Data)                31276 (  30.54kB)
    Total RW  Size (RW Data + ZI Data)              5792 (   5.66kB)
    Total ROM Size (Code + RO Data + RW Data)      32376 (  31.62kB)

==============================================================================

