Component: ARM Compiler 5.05 update 1 (build 106) Tool: armlink [4d0efa]

==============================================================================

Section Cross References

    main.o(i.main) refers to led.o(i.LED_Configuration) for LED_Configuration
    main.o(i.main) refers to spi1.o(i.SPI1_Init) for SPI1_Init
    main.o(i.main) refers to spi2.o(i.SPI2_Init) for SPI2_Init
    main.o(i.main) refers to as5048.o(i.AS5048_Init) for AS5048_Init
    main.o(i.main) refers to filter.o(i.LPF2pSetCutoffFreq_1) for LPF2pSetCutoffFreq_1
    main.o(i.main) refers to filter.o(i.LPF2pSetCutoffFreq_2) for LPF2pSetCutoffFreq_2
    main.o(i.main) refers to systick.o(i.SysTick_Init) for SysTick_Init
    main.o(i.main) refers to can.o(i.CAN_Configuration) for CAN_Configuration
    main.o(i.main) refers to pwm.o(i.PWM_Configuration) for PWM_Configuration
    main.o(i.main) refers to main.o(.data) for Init_ok
    stm32f10x_it.o(i.SysTick_Handler) refers to schedule.o(i.Loop) for Loop
    stm32f10x_it.o(i.SysTick_Handler) refers to schedule.o(.bss) for schedule
    stm32f10x_it.o(i.SysTick_Handler) refers to main.o(.data) for Init_ok
    encoder.o(i.Encoder_Configuration) refers to stm32f10x_rcc.o(i.RCC_APB2PeriphClockCmd) for RCC_APB2PeriphClockCmd
    encoder.o(i.Encoder_Configuration) refers to encoder.o(i.NVIC_Configuration) for NVIC_Configuration
    encoder.o(i.Encoder_Configuration) refers to stm32f10x_gpio.o(i.GPIO_Init) for GPIO_Init
    encoder.o(i.Encoder_Configuration) refers to stm32f10x_gpio.o(i.GPIO_EXTILineConfig) for GPIO_EXTILineConfig
    encoder.o(i.Encoder_Configuration) refers to stm32f10x_exti.o(i.EXTI_Init) for EXTI_Init
    encoder.o(i.NVIC_Configuration) refers to misc.o(i.NVIC_PriorityGroupConfig) for NVIC_PriorityGroupConfig
    encoder.o(i.NVIC_Configuration) refers to misc.o(i.NVIC_Init) for NVIC_Init
    pwm.o(i.DIR_Configuration) refers to stm32f10x_rcc.o(i.RCC_APB2PeriphClockCmd) for RCC_APB2PeriphClockCmd
    pwm.o(i.DIR_Configuration) refers to stm32f10x_gpio.o(i.GPIO_Init) for GPIO_Init
    pwm.o(i.DIR_Configuration) refers to stm32f10x_gpio.o(i.GPIO_SetBits) for GPIO_SetBits
    pwm.o(i.PWM_Configuration) refers to stm32f10x_rcc.o(i.RCC_APB2PeriphClockCmd) for RCC_APB2PeriphClockCmd
    pwm.o(i.PWM_Configuration) refers to stm32f10x_gpio.o(i.GPIO_Init) for GPIO_Init
    pwm.o(i.PWM_Configuration) refers to stm32f10x_tim.o(i.TIM_TimeBaseInit) for TIM_TimeBaseInit
    pwm.o(i.PWM_Configuration) refers to stm32f10x_tim.o(i.TIM_OC1Init) for TIM_OC1Init
    pwm.o(i.PWM_Configuration) refers to stm32f10x_tim.o(i.TIM_OC2Init) for TIM_OC2Init
    pwm.o(i.PWM_Configuration) refers to stm32f10x_tim.o(i.TIM_ARRPreloadConfig) for TIM_ARRPreloadConfig
    pwm.o(i.PWM_Configuration) refers to stm32f10x_tim.o(i.TIM_CtrlPWMOutputs) for TIM_CtrlPWMOutputs
    pwm.o(i.PWM_Configuration) refers to stm32f10x_tim.o(i.TIM_Cmd) for TIM_Cmd
    pwm.o(i.PWM_Configuration) refers to delay.o(i.delay_ms) for delay_ms
    usart2.o(i.DMA1_Channel6_IRQHandler) refers to stm32f10x_dma.o(i.DMA_GetITStatus) for DMA_GetITStatus
    usart2.o(i.DMA1_Channel6_IRQHandler) refers to stm32f10x_dma.o(i.DMA_ClearFlag) for DMA_ClearFlag
    usart2.o(i.DMA1_Channel6_IRQHandler) refers to stm32f10x_dma.o(i.DMA_ClearITPendingBit) for DMA_ClearITPendingBit
    usart2.o(i.USART2_Configuration) refers to stm32f10x_rcc.o(i.RCC_APB2PeriphClockCmd) for RCC_APB2PeriphClockCmd
    usart2.o(i.USART2_Configuration) refers to stm32f10x_rcc.o(i.RCC_APB1PeriphClockCmd) for RCC_APB1PeriphClockCmd
    usart2.o(i.USART2_Configuration) refers to stm32f10x_rcc.o(i.RCC_AHBPeriphClockCmd) for RCC_AHBPeriphClockCmd
    usart2.o(i.USART2_Configuration) refers to stm32f10x_gpio.o(i.GPIO_Init) for GPIO_Init
    usart2.o(i.USART2_Configuration) refers to stm32f10x_usart.o(i.USART_DeInit) for USART_DeInit
    usart2.o(i.USART2_Configuration) refers to stm32f10x_usart.o(i.USART_Init) for USART_Init
    usart2.o(i.USART2_Configuration) refers to stm32f10x_usart.o(i.USART_Cmd) for USART_Cmd
    usart2.o(i.USART2_Configuration) refers to stm32f10x_usart.o(i.USART_DMACmd) for USART_DMACmd
    usart2.o(i.USART2_Configuration) refers to stm32f10x_dma.o(i.DMA_Init) for DMA_Init
    usart2.o(i.USART2_Configuration) refers to stm32f10x_dma.o(i.DMA_ITConfig) for DMA_ITConfig
    usart2.o(i.USART2_Configuration) refers to misc.o(i.NVIC_Init) for NVIC_Init
    usart2.o(i.USART2_Configuration) refers to stm32f10x_dma.o(i.DMA_Cmd) for DMA_Cmd
    usart2.o(i.USART2_Configuration) refers to usart2.o(.bss) for rx_buffer
    usart2.o(i.USART2_SendChar) refers to stm32f10x_usart.o(i.USART_GetFlagStatus) for USART_GetFlagStatus
    usart2.o(i.USART2_SendChar) refers to stm32f10x_usart.o(i.USART_SendData) for USART_SendData
    usart2.o(i.fputc) refers to stm32f10x_usart.o(i.USART_GetFlagStatus) for USART_GetFlagStatus
    usart2.o(i.fputc) refers to stm32f10x_usart.o(i.USART_SendData) for USART_SendData
[...]
    tanf.o(i.tanf) refers to funder.o(i.__mathlib_flt_underflow) for __mathlib_flt_underflow
    tanf.o(i.tanf) refers to errno.o(i.__set_errno) for __set_errno
    tanf.o(i.tanf) refers to funder.o(i.__mathlib_flt_invalid) for __mathlib_flt_invalid
    tanf.o(i.tanf) refers to funder.o(i.__mathlib_flt_infnan) for __mathlib_flt_infnan
    tanf_x.o(i.____softfp_tanf$lsc) refers (Special) to iusefp.o(.text) for __I$use$fp
    tanf_x.o(i.____softfp_tanf$lsc) refers to tanf_x.o(i.__tanf$lsc) for __tanf$lsc
    tanf_x.o(i.__tanf$lsc) refers (Special) to iusefp.o(.text) for __I$use$fp
    tanf_x.o(i.__tanf$lsc) refers to fmul.o(.text) for __aeabi_fmul
    tanf_x.o(i.__tanf$lsc) refers to frnd.o(.text) for _frnd
    tanf_x.o(i.__tanf$lsc) refers to ffixi.o(.text) for __aeabi_f2iz
    tanf_x.o(i.__tanf$lsc) refers to fadd.o(.text) for __aeabi_frsub
    tanf_x.o(i.__tanf$lsc) refers to fdiv.o(.text) for __aeabi_fdiv
    tanf_x.o(i.__tanf$lsc) refers to rredf.o(i.__mathlib_rredf2) for __mathlib_rredf2
    tanf_x.o(i.__tanf$lsc) refers to errno.o(i.__set_errno) for __set_errno
    tanf_x.o(i.__tanf$lsc) refers to funder.o(i.__mathlib_flt_infnan) for __mathlib_flt_infnan
    entry.o(.ARM.Collect$$$$00000000) refers (Special) to entry10a.o(.ARM.Collect$$$$0000000D) for __rt_final_cpp
    entry.o(.ARM.Collect$$$$00000000) refers (Special) to entry11a.o(.ARM.Collect$$$$0000000F) for __rt_final_exit
    entry.o(.ARM.Collect$$$$00000000) refers (Special) to entry7b.o(.ARM.Collect$$$$00000008) for _main_clock
    entry.o(.ARM.Collect$$$$00000000) refers (Special) to entry8b.o(.ARM.Collect$$$$0000000A) for _main_cpp_init
    entry.o(.ARM.Collect$$$$00000000) refers (Special) to entry9a.o(.ARM.Collect$$$$0000000B) for _main_init
    entry.o(.ARM.Collect$$$$00000000) refers (Special) to entry5.o(.ARM.Collect$$$$00000004) for _main_scatterload
    entry.o(.ARM.Collect$$$$00000000) refers (Special) to entry2.o(.ARM.Collect$$$$00000001) for _main_stk
    fadd.o(.text) refers (Special) to iusefp.o(.text) for __I$use$fp
    fadd.o(.text) refers to fepilogue.o(.text) for _float_epilogue
    fmul.o(.text) refers (Special) to iusefp.o(.text) for __I$use$fp
    fdiv.o(.text) refers (Special) to iusefp.o(.text) for __I$use$fp
    fdiv.o(.text) refers to fepilogue.o(.text) for _float_round
    dadd.o(.text) refers (Special) to iusefp.o(.text) for __I$use$fp
    dadd.o(.text) refers to llshl.o(.text) for __aeabi_llsl
    dadd.o(.text) refers to llsshr.o(.text) for __aeabi_lasr
    dadd.o(.text) refers to depilogue.o(.text) for _double_epilogue
    dmul.o(.text) refers (Special) to iusefp.o(.text) for __I$use$fp
    dmul.o(.text) refers to depilogue.o(.text) for _double_epilogue
    ddiv.o(.text) refers (Special) to iusefp.o(.text) for __I$use$fp
    ddiv.o(.text) refers to depilogue.o(.text) for _double_round
    fflti.o(.text) refers (Special) to iusefp.o(.text) for __I$use$fp
    fflti.o(.text) refers to fepilogue.o(.text) for _float_epilogue
    dflti.o(.text) refers (Special) to iusefp.o(.text) for __I$use$fp
    dflti.o(.text) refers to depilogue.o(.text) for _double_epilogue
    dfltl.o(.text) refers (Special) to iusefp.o(.text) for __I$use$fp
    dfltl.o(.text) refers to depilogue.o(.text) for _double_epilogue
    ffixi.o(.text) refers (Special) to iusefp.o(.text) for __I$use$fp
    cdcmple.o(.text) refers (Special) to iusefp.o(.text) for __I$use$fp
    cdrcmple.o(.text) refers (Special) to iusefp.o(.text) for __I$use$fp
    d2f.o(.text) refers (Special) to iusefp.o(.text) for __I$use$fp
    d2f.o(.text) refers to fepilogue.o(.text) for _float_round
    cfcmple.o(.text) refers (Special) to iusefp.o(.text) for __I$use$fp
    cfrcmple.o(.text) refers (Special) to iusefp.o(.text) for __I$use$fp
    fpclassifyf.o(i.__ARM_fpclassifyf) refers (Special) to iusefp.o(.text) for __I$use$fp
    funder.o(i.__mathlib_flt_divzero) refers to fdiv.o(.text) for __aeabi_fdiv
    funder.o(i.__mathlib_flt_infnan) refers to fscalb.o(.text) for __ARM_scalbnf
    funder.o(i.__mathlib_flt_infnan2) refers to fadd.o(.text) for __aeabi_fadd
    funder.o(i.__mathlib_flt_invalid) refers to fdiv.o(.text) for __aeabi_fdiv
    funder.o(i.__mathlib_flt_overflow) refers to fscalb.o(.text) for __ARM_scalbnf
    funder.o(i.__mathlib_flt_posinfnan) refers to fmul.o(.text) for __aeabi_fmul
    funder.o(i.__mathlib_flt_underflow) refers to fscalb.o(.text) for __ARM_scalbnf
    rredf.o(i.__mathlib_rredf2) refers (Special) to iusefp.o(.text) for __I$use$fp
    rredf.o(i.__mathlib_rredf2) refers to fflti.o(.text) for __aeabi_i2f
    rredf.o(i.__mathlib_rredf2) refers to ffltui.o(.text) for __aeabi_ui2f
    rredf.o(i.__mathlib_rredf2) refers to fscalb.o(.text) for __ARM_scalbnf
    rredf.o(i.__mathlib_rredf2) refers to fadd.o(.text) for __aeabi_fadd
    rredf.o(i.__mathlib_rredf2) refers to fmul.o(.text) for __aeabi_fmul
    rredf.o(i.__mathlib_rredf2) refers to rredf.o(.constdata) for .constdata
    rredf.o(.constdata) refers (Special) to iusefp.o(.text) for __I$use$fp
    entry2.o(.ARM.Collect$$$$00000001) refers to entry2.o(.ARM.Collect$$$$00002712) for __lit__00000000
    entry2.o(.ARM.Collect$$$$00002712) refers to startup_stm32f10x_md.o(STACK) for __initial_sp
    entry2.o(__vectab_stack_and_reset_area) refers to startup_stm32f10x_md.o(STACK) for __initial_sp
    entry2.o(__vectab_stack_and_reset_area) refers to entry.o(.ARM.Collect$$$$00000000) for __main
    entry5.o(.ARM.Collect$$$$00000004) refers to init.o(.text) for __scatterload
    entry9a.o(.ARM.Collect$$$$0000000B) refers to main.o(i.main) for main
    entry9b.o(.ARM.Collect$$$$0000000C) refers to main.o(i.main) for main
    errno.o(i.__aeabi_errno_addr) refers to errno.o(.data) for .data
    errno.o(i.__read_errno) refers to errno.o(.data) for .data
    errno.o(i.__set_errno) refers to errno.o(.data) for .data
    frnd.o(.text) refers to fepilogue.o(.text) for _float_round
    depilogue.o(.text) refers to llshl.o(.text) for __aeabi_llsl
    depilogue.o(.text) refers to llushr.o(.text) for __aeabi_llsr
    init.o(.text) refers to entry5.o(.ARM.Collect$$$$00000004) for __main_after_scatterload
    ffltui.o(.text) refers to fepilogue.o(.text) for _float_epilogue


==============================================================================

Removing Unused input sections from the image.

    Removing encoder.o(i.Encoder_Configuration), (76 bytes).
    Removing encoder.o(i.Encoder_Get_CNT), (4 bytes).
    Removing encoder.o(i.NVIC_Configuration), (40 bytes).
    Removing encoder.o(.bss), (16 bytes).
    Removing pwm.o(i.DIR_Configuration), (68 bytes).
    Removing pwm.o(i.PWM_OutSet), (56 bytes).
    Removing delay.o(i.delay_us), (26 bytes).
    Removing usart2.o(i.USART2_Configuration), (260 bytes).
    Removing usart2.o(i.USART2_SendChar), (32 bytes).
    Removing usart2.o(i.fputc), (36 bytes).
    Removing usart2.o(.bss), (10 bytes).
    Removing flash.o(i.Flash_Erase_Page), (20 bytes).
    Removing flash.o(i.Flash_Read_Word), (6 bytes).
    Removing flash.o(i.Flash_Write_HalfWold), (24 bytes).
    Removing flash.o(i.Flash_Write_Word), (24 bytes).
    Removing usartbroadcast.o(i.USART_Broadcast), (126 bytes).
    Removing usartbroadcast.o(i.USART_Send), (44 bytes).
    Removing as5048.o(i.as5048_read_angle), (128 bytes).
    Removing filter.o(i.KalmanFilter), (184 bytes).
    Removing filter.o(i.LPF2pApply_3), (196 bytes).
    Removing filter.o(i.LPF2pApply_4), (196 bytes).
    Removing filter.o(i.LPF2pApply_5), (196 bytes).
    Removing filter.o(i.LPF2pApply_6), (196 bytes).
    Removing filter.o(i.LPF2pSetCutoffFreq_3), (296 bytes).
    Removing filter.o(i.LPF2pSetCutoffFreq_4), (296 bytes).
    Removing filter.o(i.LPF2pSetCutoffFreq_5), (296 bytes).
    Removing filter.o(i.LPF2pSetCutoffFreq_6), (296 bytes).
    Removing mymath.o(i.To_180_degrees), (60 bytes).
    Removing mymath.o(i.fast_atan2), (388 bytes).
    Removing mymath.o(i.mx_sin), (248 bytes).
    Removing mymath.o(i.my_atan), (16 bytes).
    Removing mymath.o(i.my_cos), (116 bytes).
    Removing mymath.o(i.my_deathzoom), (66 bytes).
    Removing mymath.o(i.my_pow), (14 bytes).
    Removing mymath.o(i.my_sin), (88 bytes).
    Removing mymath.o(i.my_sqrt), (120 bytes).
    Removing mymath.o(.data), (1028 bytes).
    Removing misc.o(i.NVIC_PriorityGroupConfig), (20 bytes).
    Removing misc.o(i.NVIC_SetVectorTable), (20 bytes).
    Removing misc.o(i.NVIC_SystemLPConfig), (32 bytes).
    Removing misc.o(i.SysTick_CLKSourceConfig), (40 bytes).
    Removing stm32f10x_adc.o(i.ADC_AnalogWatchdogCmd), (20 bytes).
    Removing stm32f10x_adc.o(i.ADC_AnalogWatchdogSingleChannelConfig), (16 bytes).
    Removing stm32f10x_adc.o(i.ADC_AnalogWatchdogThresholdsConfig), (6 bytes).
    Removing stm32f10x_adc.o(i.ADC_AutoInjectedConvCmd), (22 bytes).
    Removing stm32f10x_adc.o(i.ADC_ClearFlag), (6 bytes).
    Removing stm32f10x_adc.o(i.ADC_ClearITPendingBit), (10 bytes).
    Removing stm32f10x_adc.o(i.ADC_Cmd), (22 bytes).
    Removing stm32f10x_adc.o(i.ADC_DMACmd), (22 bytes).
    Removing stm32f10x_adc.o(i.ADC_DeInit), (92 bytes).
    Removing stm32f10x_adc.o(i.ADC_DiscModeChannelCountConfig), (24 bytes).
    Removing stm32f10x_adc.o(i.ADC_DiscModeCmd), (22 bytes).
    Removing stm32f10x_adc.o(i.ADC_ExternalTrigConvCmd), (22 bytes).
    Removing stm32f10x_adc.o(i.ADC_ExternalTrigInjectedConvCmd), (22 bytes).
    Removing stm32f10x_adc.o(i.ADC_ExternalTrigInjectedConvConfig), (16 bytes).
    Removing stm32f10x_adc.o(i.ADC_GetCalibrationStatus), (20 bytes).
    Removing stm32f10x_adc.o(i.ADC_GetConversionValue), (8 bytes).
    Removing stm32f10x_adc.o(i.ADC_GetDualModeConversionValue), (12 bytes).
    Removing stm32f10x_adc.o(i.ADC_GetFlagStatus), (18 bytes).
    Removing stm32f10x_adc.o(i.ADC_GetITStatus), (36 bytes).
    Removing stm32f10x_adc.o(i.ADC_GetInjectedConversionValue), (28 bytes).
    Removing stm32f10x_adc.o(i.ADC_GetResetCalibrationStatus), (20 bytes).
    Removing stm32f10x_adc.o(i.ADC_GetSoftwareStartConvStatus), (20 bytes).
    Removing stm32f10x_adc.o(i.ADC_GetSoftwareStartInjectedConvCmdStatus), (20 bytes).
    Removing stm32f10x_adc.o(i.ADC_ITConfig), (24 bytes).
    Removing stm32f10x_adc.o(i.ADC_Init), (80 bytes).
    Removing stm32f10x_adc.o(i.ADC_InjectedChannelConfig), (130 bytes).
    Removing stm32f10x_adc.o(i.ADC_InjectedDiscModeCmd), (22 bytes).
    Removing stm32f10x_adc.o(i.ADC_InjectedSequencerLengthConfig), (24 bytes).
    Removing stm32f10x_adc.o(i.ADC_RegularChannelConfig), (184 bytes).
    Removing stm32f10x_adc.o(i.ADC_ResetCalibration), (10 bytes).
    Removing stm32f10x_adc.o(i.ADC_SetInjectedOffset), (20 bytes).
    Removing stm32f10x_adc.o(i.ADC_SoftwareStartConvCmd), (22 bytes).
    Removing stm32f10x_adc.o(i.ADC_SoftwareStartInjectedConvCmd), (22 bytes).
    Removing stm32f10x_adc.o(i.ADC_StartCalibration), (10 bytes).
    Removing stm32f10x_adc.o(i.ADC_StructInit), (18 bytes).
    Removing stm32f10x_adc.o(i.ADC_TempSensorVrefintCmd), (36 bytes).
    Removing stm32f10x_can.o(i.CAN_CancelTransmit), (48 bytes).
    Removing stm32f10x_can.o(i.CAN_ClearFlag), (56 bytes).
    Removing stm32f10x_can.o(i.CAN_DBGFreeze), (22 bytes).
    Removing stm32f10x_can.o(i.CAN_FIFORelease), (22 bytes).
    Removing stm32f10x_can.o(i.CAN_GetFlagStatus), (120 bytes).
    Removing stm32f10x_can.o(i.CAN_GetLSBTransmitErrorCounter), (12 bytes).
    Removing stm32f10x_can.o(i.CAN_GetLastErrorCode), (12 bytes).
    Removing stm32f10x_can.o(i.CAN_GetReceiveErrorCounter), (10 bytes).
    Removing stm32f10x_can.o(i.CAN_MessagePending), (30 bytes).
    Removing stm32f10x_can.o(i.CAN_OperatingModeRequest), (162 bytes).
    Removing stm32f10x_can.o(i.CAN_SlaveStartBank), (52 bytes).
    Removing stm32f10x_can.o(i.CAN_Sleep), (30 bytes).
    Removing stm32f10x_can.o(i.CAN_StructInit), (32 bytes).
    Removing stm32f10x_can.o(i.CAN_TTComModeCmd), (118 bytes).
    Removing stm32f10x_can.o(i.CAN_Transmit), (294 bytes).
    Removing stm32f10x_can.o(i.CAN_TransmitStatus), (160 bytes).
    Removing stm32f10x_can.o(i.CAN_WakeUp), (48 bytes).
    Removing stm32f10x_gpio.o(i.GPIO_AFIODeInit), (20 bytes).
    Removing stm32f10x_gpio.o(i.GPIO_DeInit), (200 bytes).
    Removing stm32f10x_gpio.o(i.GPIO_ETH_MediaInterfaceConfig), (12 bytes).
    Removing stm32f10x_gpio.o(i.GPIO_EXTILineConfig), (64 bytes).
    Removing stm32f10x_gpio.o(i.GPIO_EventOutputCmd), (12 bytes).
    Removing stm32f10x_gpio.o(i.GPIO_EventOutputConfig), (32 bytes).
    Removing stm32f10x_gpio.o(i.GPIO_PinLockConfig), (18 bytes).
    Removing stm32f10x_gpio.o(i.GPIO_ReadInputData), (8 bytes).
    Removing stm32f10x_gpio.o(i.GPIO_ReadInputDataBit), (18 bytes).
    Removing stm32f10x_gpio.o(i.GPIO_ReadOutputData), (8 bytes).
    Removing stm32f10x_gpio.o(i.GPIO_ReadOutputDataBit), (18 bytes).
    Removing stm32f10x_gpio.o(i.GPIO_StructInit), (16 bytes).
    Removing stm32f10x_gpio.o(i.GPIO_Write), (4 bytes).
    Removing stm32f10x_gpio.o(i.GPIO_WriteBit), (10 bytes).
    Removing stm32f10x_rcc.o(i.RCC_ADCCLKConfig), (24 bytes).
    Removing stm32f10x_rcc.o(i.RCC_AHBPeriphClockCmd), (32 bytes).
    Removing stm32f10x_rcc.o(i.RCC_APB2PeriphResetCmd), (32 bytes).
    Removing stm32f10x_rcc.o(i.RCC_AdjustHSICalibrationValue), (24 bytes).
    Removing stm32f10x_rcc.o(i.RCC_BackupResetCmd), (12 bytes).
    Removing stm32f10x_rcc.o(i.RCC_ClearFlag), (20 bytes).
    Removing stm32f10x_rcc.o(i.RCC_ClearITPendingBit), (12 bytes).
    Removing stm32f10x_rcc.o(i.RCC_ClockSecuritySystemCmd), (12 bytes).
    Removing stm32f10x_rcc.o(i.RCC_DeInit), (76 bytes).
    Removing stm32f10x_rcc.o(i.RCC_GetFlagStatus), (60 bytes).
    Removing stm32f10x_rcc.o(i.RCC_GetITStatus), (24 bytes).
    Removing stm32f10x_rcc.o(i.RCC_GetSYSCLKSource), (16 bytes).
    Removing stm32f10x_rcc.o(i.RCC_HCLKConfig), (24 bytes).
    Removing stm32f10x_rcc.o(i.RCC_HSEConfig), (76 bytes).
    Removing stm32f10x_rcc.o(i.RCC_HSICmd), (12 bytes).
    Removing stm32f10x_rcc.o(i.RCC_ITConfig), (32 bytes).
    Removing stm32f10x_rcc.o(i.RCC_LSEConfig), (52 bytes).
    Removing stm32f10x_rcc.o(i.RCC_LSICmd), (12 bytes).
    Removing stm32f10x_rcc.o(i.RCC_MCOConfig), (12 bytes).
    Removing stm32f10x_rcc.o(i.RCC_PCLK1Config), (24 bytes).
    Removing stm32f10x_rcc.o(i.RCC_PCLK2Config), (24 bytes).
    Removing stm32f10x_rcc.o(i.RCC_PLLCmd), (12 bytes).
    Removing stm32f10x_rcc.o(i.RCC_PLLConfig), (28 bytes).
    Removing stm32f10x_rcc.o(i.RCC_RTCCLKCmd), (12 bytes).
    Removing stm32f10x_rcc.o(i.RCC_RTCCLKConfig), (16 bytes).
    Removing stm32f10x_rcc.o(i.RCC_SYSCLKConfig), (24 bytes).
    Removing stm32f10x_rcc.o(i.RCC_USBCLKConfig), (12 bytes).
    Removing stm32f10x_rcc.o(i.RCC_WaitForHSEStartUp), (56 bytes).
    Removing stm32f10x_tim.o(i.TI1_Config), (128 bytes).
    Removing stm32f10x_tim.o(i.TI2_Config), (152 bytes).
    Removing stm32f10x_tim.o(i.TI3_Config), (144 bytes).
    Removing stm32f10x_tim.o(i.TI4_Config), (152 bytes).
    Removing stm32f10x_tim.o(i.TIM_BDTRConfig), (32 bytes).
    Removing stm32f10x_tim.o(i.TIM_BDTRStructInit), (18 bytes).
    Removing stm32f10x_tim.o(i.TIM_CCPreloadControl), (24 bytes).
    Removing stm32f10x_tim.o(i.TIM_CCxCmd), (30 bytes).
    Removing stm32f10x_tim.o(i.TIM_CCxNCmd), (30 bytes).
    Removing stm32f10x_tim.o(i.TIM_ClearFlag), (6 bytes).
    Removing stm32f10x_tim.o(i.TIM_ClearITPendingBit), (6 bytes).
    Removing stm32f10x_tim.o(i.TIM_ClearOC1Ref), (18 bytes).
    Removing stm32f10x_tim.o(i.TIM_ClearOC2Ref), (24 bytes).
    Removing stm32f10x_tim.o(i.TIM_ClearOC3Ref), (18 bytes).
    Removing stm32f10x_tim.o(i.TIM_ClearOC4Ref), (24 bytes).
    Removing stm32f10x_tim.o(i.TIM_CounterModeConfig), (18 bytes).
    Removing stm32f10x_tim.o(i.TIM_DMACmd), (18 bytes).
    Removing stm32f10x_tim.o(i.TIM_DMAConfig), (10 bytes).
    Removing stm32f10x_tim.o(i.TIM_DeInit), (488 bytes).
    Removing stm32f10x_tim.o(i.TIM_ETRClockMode1Config), (54 bytes).
    Removing stm32f10x_tim.o(i.TIM_ETRClockMode2Config), (32 bytes).
    Removing stm32f10x_tim.o(i.TIM_ETRConfig), (28 bytes).
    Removing stm32f10x_tim.o(i.TIM_EncoderInterfaceConfig), (66 bytes).
    Removing stm32f10x_tim.o(i.TIM_ForcedOC1Config), (18 bytes).
    Removing stm32f10x_tim.o(i.TIM_ForcedOC2Config), (26 bytes).
    Removing stm32f10x_tim.o(i.TIM_ForcedOC3Config), (18 bytes).
    Removing stm32f10x_tim.o(i.TIM_ForcedOC4Config), (26 bytes).
    Removing stm32f10x_tim.o(i.TIM_GenerateEvent), (4 bytes).
    Removing stm32f10x_tim.o(i.TIM_GetCapture1), (6 bytes).
    Removing stm32f10x_tim.o(i.TIM_GetCapture2), (6 bytes).
    Removing stm32f10x_tim.o(i.TIM_GetCapture3), (6 bytes).
    Removing stm32f10x_tim.o(i.TIM_GetCapture4), (8 bytes).
    Removing stm32f10x_tim.o(i.TIM_GetCounter), (6 bytes).
    Removing stm32f10x_tim.o(i.TIM_GetFlagStatus), (18 bytes).
    Removing stm32f10x_tim.o(i.TIM_GetITStatus), (34 bytes).
    Removing stm32f10x_tim.o(i.TIM_GetPrescaler), (6 bytes).
    Removing stm32f10x_tim.o(i.TIM_ICInit), (172 bytes).
    Removing stm32f10x_tim.o(i.TIM_ICStructInit), (18 bytes).
    Removing stm32f10x_tim.o(i.TIM_ITConfig), (18 bytes).
    Removing stm32f10x_tim.o(i.TIM_ITRxExternalClockConfig), (24 bytes).
    Removing stm32f10x_tim.o(i.TIM_InternalClockConfig), (12 bytes).
    Removing stm32f10x_tim.o(i.TIM_OC1FastConfig), (18 bytes).
    Removing stm32f10x_tim.o(i.TIM_OC1NPolarityConfig), (18 bytes).
    Removing stm32f10x_tim.o(i.TIM_OC1PolarityConfig), (18 bytes).
    Removing stm32f10x_tim.o(i.TIM_OC1PreloadConfig), (18 bytes).
    Removing stm32f10x_tim.o(i.TIM_OC2FastConfig), (26 bytes).
    Removing stm32f10x_tim.o(i.TIM_OC2NPolarityConfig), (26 bytes).
    Removing stm32f10x_tim.o(i.TIM_OC2PolarityConfig), (26 bytes).
    Removing stm32f10x_tim.o(i.TIM_OC2PreloadConfig), (26 bytes).
    Removing stm32f10x_tim.o(i.TIM_OC3FastConfig), (18 bytes).
    Removing stm32f10x_tim.o(i.TIM_OC3Init), (160 bytes).
    Removing stm32f10x_tim.o(i.TIM_OC3NPolarityConfig), (26 bytes).
    Removing stm32f10x_tim.o(i.TIM_OC3PolarityConfig), (26 bytes).
    Removing stm32f10x_tim.o(i.TIM_OC3PreloadConfig), (18 bytes).
    Removing stm32f10x_tim.o(i.TIM_OC4FastConfig), (26 bytes).
    Removing stm32f10x_tim.o(i.TIM_OC4Init), (124 bytes).
    Removing stm32f10x_tim.o(i.TIM_OC4PolarityConfig), (26 bytes).
    Removing stm32f10x_tim.o(i.TIM_OC4PreloadConfig), (26 bytes).
    Removing stm32f10x_tim.o(i.TIM_OCStructInit), (20 bytes).
    Removing stm32f10x_tim.o(i.TIM_PWMIConfig), (124 bytes).
    Removing stm32f10x_tim.o(i.TIM_PrescalerConfig), (6 bytes).
    Removing stm32f10x_tim.o(i.TIM_SelectCCDMA), (24 bytes).
    Removing stm32f10x_tim.o(i.TIM_SelectCOM), (24 bytes).
    Removing stm32f10x_tim.o(i.TIM_SelectHallSensor), (24 bytes).
    Removing stm32f10x_tim.o(i.TIM_SelectInputTrigger), (18 bytes).
    Removing stm32f10x_tim.o(i.TIM_SelectMasterSlaveMode), (18 bytes).
    Removing stm32f10x_tim.o(i.TIM_SelectOCxM), (82 bytes).
    Removing stm32f10x_tim.o(i.TIM_SelectOnePulseMode), (18 bytes).
    Removing stm32f10x_tim.o(i.TIM_SelectOutputTrigger), (18 bytes).
    Removing stm32f10x_tim.o(i.TIM_SelectSlaveMode), (18 bytes).
    Removing stm32f10x_tim.o(i.TIM_SetAutoreload), (4 bytes).
    Removing stm32f10x_tim.o(i.TIM_SetClockDivision), (18 bytes).
    Removing stm32f10x_tim.o(i.TIM_SetCompare1), (4 bytes).
    Removing stm32f10x_tim.o(i.TIM_SetCompare2), (4 bytes).
    Removing stm32f10x_tim.o(i.TIM_SetCompare3), (4 bytes).
    Removing stm32f10x_tim.o(i.TIM_SetCompare4), (6 bytes).
    Removing stm32f10x_tim.o(i.TIM_SetCounter), (4 bytes).
    Removing stm32f10x_tim.o(i.TIM_SetIC1Prescaler), (18 bytes).
    Removing stm32f10x_tim.o(i.TIM_SetIC2Prescaler), (26 bytes).
    Removing stm32f10x_tim.o(i.TIM_SetIC3Prescaler), (18 bytes).
    Removing stm32f10x_tim.o(i.TIM_SetIC4Prescaler), (26 bytes).
    Removing stm32f10x_tim.o(i.TIM_TIxExternalClockConfig), (62 bytes).
    Removing stm32f10x_tim.o(i.TIM_TimeBaseStructInit), (18 bytes).
    Removing stm32f10x_tim.o(i.TIM_UpdateDisableConfig), (24 bytes).
    Removing stm32f10x_tim.o(i.TIM_UpdateRequestConfig), (24 bytes).
    Removing stm32f10x_usart.o(i.USART_ClearFlag), (18 bytes).
    Removing stm32f10x_usart.o(i.USART_ClearITPendingBit), (30 bytes).
    Removing stm32f10x_usart.o(i.USART_ClockInit), (34 bytes).
    Removing stm32f10x_usart.o(i.USART_ClockStructInit), (12 bytes).
    Removing stm32f10x_usart.o(i.USART_Cmd), (24 bytes).
    Removing stm32f10x_usart.o(i.USART_DMACmd), (18 bytes).
    Removing stm32f10x_usart.o(i.USART_DeInit), (156 bytes).
    Removing stm32f10x_usart.o(i.USART_GetFlagStatus), (26 bytes).
    Removing stm32f10x_usart.o(i.USART_GetITStatus), (84 bytes).
    Removing stm32f10x_usart.o(i.USART_HalfDuplexCmd), (24 bytes).
    Removing stm32f10x_usart.o(i.USART_ITConfig), (74 bytes).
    Removing stm32f10x_usart.o(i.USART_Init), (216 bytes).
    Removing stm32f10x_usart.o(i.USART_IrDACmd), (24 bytes).
    Removing stm32f10x_usart.o(i.USART_IrDAConfig), (18 bytes).
    Removing stm32f10x_usart.o(i.USART_LINBreakDetectLengthConfig), (18 bytes).
    Removing stm32f10x_usart.o(i.USART_LINCmd), (24 bytes).
    Removing stm32f10x_usart.o(i.USART_OneBitMethodCmd), (24 bytes).
    Removing stm32f10x_usart.o(i.USART_OverSampling8Cmd), (22 bytes).
    Removing stm32f10x_usart.o(i.USART_ReceiveData), (10 bytes).
    Removing stm32f10x_usart.o(i.USART_ReceiverWakeUpCmd), (24 bytes).
    Removing stm32f10x_usart.o(i.USART_SendBreak), (10 bytes).
    Removing stm32f10x_usart.o(i.USART_SendData), (8 bytes).
    Removing stm32f10x_usart.o(i.USART_SetAddress), (18 bytes).
    Removing stm32f10x_usart.o(i.USART_SetGuardTime), (16 bytes).
    Removing stm32f10x_usart.o(i.USART_SetPrescaler), (16 bytes).
    Removing stm32f10x_usart.o(i.USART_SmartCardCmd), (24 bytes).
    Removing stm32f10x_usart.o(i.USART_SmartCardNACKCmd), (24 bytes).
    Removing stm32f10x_usart.o(i.USART_StructInit), (24 bytes).
    Removing stm32f10x_usart.o(i.USART_WakeUpConfig), (18 bytes).
    Removing stm32f10x_dma.o(i.DMA_Cmd), (24 bytes).
    Removing stm32f10x_dma.o(i.DMA_DeInit), (332 bytes).
    Removing stm32f10x_dma.o(i.DMA_GetCurrDataCounter), (8 bytes).
    Removing stm32f10x_dma.o(i.DMA_GetFlagStatus), (44 bytes).
    Removing stm32f10x_dma.o(i.DMA_ITConfig), (18 bytes).
    Removing stm32f10x_dma.o(i.DMA_Init), (60 bytes).
    Removing stm32f10x_dma.o(i.DMA_SetCurrDataCounter), (4 bytes).
    Removing stm32f10x_dma.o(i.DMA_StructInit), (26 bytes).
    Removing stm32f10x_flash.o(i.FLASH_ClearFlag), (12 bytes).
    Removing stm32f10x_flash.o(i.FLASH_EnableWriteProtection), (196 bytes).
    Removing stm32f10x_flash.o(i.FLASH_EraseAllBank1Pages), (72 bytes).
    Removing stm32f10x_flash.o(i.FLASH_EraseAllPages), (72 bytes).
    Removing stm32f10x_flash.o(i.FLASH_EraseOptionBytes), (168 bytes).
    Removing stm32f10x_flash.o(i.FLASH_ErasePage), (76 bytes).
    Removing stm32f10x_flash.o(i.FLASH_GetBank1Status), (52 bytes).
    Removing stm32f10x_flash.o(i.FLASH_GetFlagStatus), (48 bytes).
    Removing stm32f10x_flash.o(i.FLASH_GetPrefetchBufferStatus), (24 bytes).
    Removing stm32f10x_flash.o(i.FLASH_GetReadOutProtectionStatus), (24 bytes).
    Removing stm32f10x_flash.o(i.FLASH_GetStatus), (52 bytes).
    Removing stm32f10x_flash.o(i.FLASH_GetUserOptionByte), (12 bytes).
    Removing stm32f10x_flash.o(i.FLASH_GetWriteProtectionOptionByte), (12 bytes).
    Removing stm32f10x_flash.o(i.FLASH_HalfCycleAccessCmd), (28 bytes).
    Removing stm32f10x_flash.o(i.FLASH_ITConfig), (32 bytes).
    Removing stm32f10x_flash.o(i.FLASH_Lock), (20 bytes).
    Removing stm32f10x_flash.o(i.FLASH_LockBank1), (20 bytes).
    Removing stm32f10x_flash.o(i.FLASH_PrefetchBufferCmd), (28 bytes).
    Removing stm32f10x_flash.o(i.FLASH_ProgramHalfWord), (64 bytes).
    Removing stm32f10x_flash.o(i.FLASH_ProgramOptionByteData), (84 bytes).
    Removing stm32f10x_flash.o(i.FLASH_ProgramWord), (108 bytes).
    Removing stm32f10x_flash.o(i.FLASH_ReadOutProtection), (172 bytes).
    Removing stm32f10x_flash.o(i.FLASH_SetLatency), (24 bytes).
    Removing stm32f10x_flash.o(i.FLASH_Unlock), (24 bytes).
    Removing stm32f10x_flash.o(i.FLASH_UnlockBank1), (24 bytes).
    Removing stm32f10x_flash.o(i.FLASH_UserOptionByteConfig), (104 bytes).
    Removing stm32f10x_flash.o(i.FLASH_WaitForLastBank1Operation), (38 bytes).
    Removing stm32f10x_flash.o(i.FLASH_WaitForLastOperation), (38 bytes).
    Removing stm32f10x_exti.o(i.EXTI_ClearFlag), (12 bytes).
    Removing stm32f10x_exti.o(i.EXTI_ClearITPendingBit), (12 bytes).
    Removing stm32f10x_exti.o(i.EXTI_DeInit), (36 bytes).
    Removing stm32f10x_exti.o(i.EXTI_GenerateSWInterrupt), (16 bytes).
    Removing stm32f10x_exti.o(i.EXTI_GetFlagStatus), (24 bytes).
    Removing stm32f10x_exti.o(i.EXTI_GetITStatus), (40 bytes).
    Removing stm32f10x_exti.o(i.EXTI_Init), (148 bytes).
    Removing stm32f10x_exti.o(i.EXTI_StructInit), (16 bytes).
    Removing stm32f10x_spi.o(i.I2S_Cmd), (24 bytes).
    Removing stm32f10x_spi.o(i.I2S_Init), (232 bytes).
    Removing stm32f10x_spi.o(i.I2S_StructInit), (20 bytes).
    Removing stm32f10x_spi.o(i.SPI_BiDirectionalLineConfig), (28 bytes).
    Removing stm32f10x_spi.o(i.SPI_CalculateCRC), (24 bytes).
    Removing stm32f10x_spi.o(i.SPI_DataSizeConfig), (18 bytes).
    Removing stm32f10x_spi.o(i.SPI_GetCRC), (16 bytes).
    Removing stm32f10x_spi.o(i.SPI_GetCRCPolynomial), (6 bytes).
    Removing stm32f10x_spi.o(i.SPI_I2S_ClearFlag), (6 bytes).
    Removing stm32f10x_spi.o(i.SPI_I2S_ClearITPendingBit), (20 bytes).
    Removing stm32f10x_spi.o(i.SPI_I2S_DMACmd), (18 bytes).
    Removing stm32f10x_spi.o(i.SPI_I2S_DeInit), (88 bytes).
    Removing stm32f10x_spi.o(i.SPI_I2S_GetITStatus), (52 bytes).
    Removing stm32f10x_spi.o(i.SPI_I2S_ITConfig), (32 bytes).
    Removing stm32f10x_spi.o(i.SPI_NSSInternalSoftwareConfig), (30 bytes).
    Removing stm32f10x_spi.o(i.SPI_SSOutputCmd), (24 bytes).
    Removing stm32f10x_spi.o(i.SPI_StructInit), (24 bytes).
    Removing stm32f10x_spi.o(i.SPI_TransmitCRC), (10 bytes).
    Removing startup_stm32f10x_md.o(HEAP), (512 bytes).
    Removing system_stm32f10x.o(i.SystemCoreClockUpdate), (164 bytes).
    Removing dadd.o(.text), (334 bytes).
    Removing dflti.o(.text), (34 bytes).
    Removing cdcmple.o(.text), (48 bytes).
    Removing cdrcmple.o(.text), (48 bytes).

318 unused section(s) (total 17474 bytes) removed from the image.

==============================================================================

Image Symbol Table

    Local Symbols

    Symbol Name                              Value     Ov Type        Size  Object(Section)

    ../clib/../cmprslib/zerorunl2.c          0x00000000   Number         0  __dczerorl2.o ABSOLUTE
    ../clib/microlib/errno.c                 0x00000000   Number         0  errno.o ABSOLUTE
    ../clib/microlib/init/entry.s            0x00000000   Number         0  entry11b.o ABSOLUTE
    ../clib/microlib/init/entry.s            0x00000000   Number         0  entry11a.o ABSOLUTE
    ../clib/microlib/init/entry.s            0x00000000   Number         0  entry.o ABSOLUTE
    ../clib/microlib/init/entry.s            0x00000000   Number         0  entry10b.o ABSOLUTE
    ../clib/microlib/init/entry.s            0x00000000   Number         0  entry7b.o ABSOLUTE
    ../clib/microlib/init/entry.s            0x00000000   Number         0  entry10a.o ABSOLUTE
    ../clib/microlib/init/entry.s            0x00000000   Number         0  entry9a.o ABSOLUTE
    ../clib/microlib/init/entry.s            0x00000000   Number         0  entry2.o ABSOLUTE
    ../clib/microlib/init/entry.s            0x00000000   Number         0  entry9b.o ABSOLUTE
    ../clib/microlib/init/entry.s            0x00000000   Number         0  entry5.o ABSOLUTE
    ../clib/microlib/init/entry.s            0x00000000   Number         0  entry7a.o ABSOLUTE
    ../clib/microlib/init/entry.s            0x00000000   Number         0  entry8b.o ABSOLUTE
    ../clib/microlib/init/entry.s            0x00000000   Number         0  entry8a.o ABSOLUTE
    ../clib/microlib/longlong.c              0x00000000   Number         0  llsshr.o ABSOLUTE
    ../clib/microlib/longlong.c              0x00000000   Number         0  llshl.o ABSOLUTE
    ../clib/microlib/longlong.c              0x00000000   Number         0  llushr.o ABSOLUTE
    ../clib/microlib/stubs.s                 0x00000000   Number         0  iusefp.o ABSOLUTE
    ../fplib/microlib/d2f.c                  0x00000000   Number         0  d2f.o ABSOLUTE
    ../fplib/microlib/fpadd.c                0x00000000   Number         0  fadd.o ABSOLUTE
    ../fplib/microlib/fpadd.c                0x00000000   Number         0  dadd.o ABSOLUTE
    ../fplib/microlib/fpdiv.c                0x00000000   Number         0  ddiv.o ABSOLUTE
    ../fplib/microlib/fpdiv.c                0x00000000   Number         0  fdiv.o ABSOLUTE
    ../fplib/microlib/fpepilogue.c           0x00000000   Number         0  depilogue.o ABSOLUTE
    ../fplib/microlib/fpepilogue.c           0x00000000   Number         0  fepilogue.o ABSOLUTE
    ../fplib/microlib/fpfix.c                0x00000000   Number         0  ffixi.o ABSOLUTE
    ../fplib/microlib/fpflt.c                0x00000000   Number         0  dfltl.o ABSOLUTE
    ../fplib/microlib/fpflt.c                0x00000000   Number         0  ffltui.o ABSOLUTE
    ../fplib/microlib/fpflt.c                0x00000000   Number         0  dflti.o ABSOLUTE
    ../fplib/microlib/fpflt.c                0x00000000   Number         0  fflti.o ABSOLUTE
    ../fplib/microlib/fpmul.c                0x00000000   Number         0  fmul.o ABSOLUTE
    ../fplib/microlib/fpmul.c                0x00000000   Number         0  dmul.o ABSOLUTE
    ../fplib/microlib/fprnd.c                0x00000000   Number         0  frnd.o ABSOLUTE
    ../fplib/microlib/fpscalb.c              0x00000000   Number         0  fscalb.o ABSOLUTE
    ../mathlib/cosf.c                        0x00000000   Number         0  cosf.o ABSOLUTE
    ../mathlib/cosf.c                        0x00000000   Number         0  cosf_x.o ABSOLUTE
    ../mathlib/fpclassifyf.c                 0x00000000   Number         0  fpclassifyf.o ABSOLUTE
    ../mathlib/funder.c                      0x00000000   Number         0  funder.o ABSOLUTE
    ../mathlib/rredf.c                       0x00000000   Number         0  rredf.o ABSOLUTE
    ../mathlib/tanf.c                        0x00000000   Number         0  tanf.o ABSOLUTE
    ../mathlib/tanf.c                        0x00000000   Number         0  tanf_x.o ABSOLUTE
    ..\Libraries\misc.c                      0x00000000   Number         0  misc.o ABSOLUTE
    ..\Libraries\stm32f10x_adc.c             0x00000000   Number         0  stm32f10x_adc.o ABSOLUTE
    ..\Libraries\stm32f10x_can.c             0x00000000   Number         0  stm32f10x_can.o ABSOLUTE
    ..\Libraries\stm32f10x_dma.c             0x00000000   Number         0  stm32f10x_dma.o ABSOLUTE
    ..\Libraries\stm32f10x_exti.c            0x00000000   Number         0  stm32f10x_exti.o ABSOLUTE
    ..\Libraries\stm32f10x_flash.c           0x00000000   Number         0  stm32f10x_flash.o ABSOLUTE
    ..\Libraries\stm32f10x_gpio.c            0x00000000   Number         0  stm32f10x_gpio.o ABSOLUTE
    ..\Libraries\stm32f10x_rcc.c             0x00000000   Number         0  stm32f10x_rcc.o ABSOLUTE
    ..\Libraries\stm32f10x_spi.c             0x00000000   Number         0  stm32f10x_spi.o ABSOLUTE
    ..\Libraries\stm32f10x_tim.c             0x00000000   Number         0  stm32f10x_tim.o ABSOLUTE
    ..\Libraries\stm32f10x_usart.c           0x00000000   Number         0  stm32f10x_usart.o ABSOLUTE
    ..\Mylib\AS5048.c                        0x00000000   Number         0  as5048.o ABSOLUTE
    ..\Mylib\SysTick.c                       0x00000000   Number         0  systick.o ABSOLUTE
    ..\Mylib\can.c                           0x00000000   Number         0  can.o ABSOLUTE
    ..\Mylib\control.c                       0x00000000   Number         0  control.o ABSOLUTE
    ..\Mylib\delay.c                         0x00000000   Number         0  delay.o ABSOLUTE
    ..\Mylib\encoder.c                       0x00000000   Number         0  encoder.o ABSOLUTE
    ..\Mylib\filter.c                        0x00000000   Number         0  filter.o ABSOLUTE
    ..\Mylib\flash.c                         0x00000000   Number         0  flash.o ABSOLUTE
    ..\Mylib\led.c                           0x00000000   Number         0  led.o ABSOLUTE
    ..\Mylib\mymath.c                        0x00000000   Number         0  mymath.o ABSOLUTE
    ..\Mylib\parameter.c                     0x00000000   Number         0  parameter.o ABSOLUTE
    ..\Mylib\pwm.c                           0x00000000   Number         0  pwm.o ABSOLUTE
    ..\Mylib\schedule.c                      0x00000000   Number         0  schedule.o ABSOLUTE
    ..\Mylib\spi1.c                          0x00000000   Number         0  spi1.o ABSOLUTE
    ..\Mylib\spi2.c                          0x00000000   Number         0  spi2.o ABSOLUTE
    ..\Mylib\usart2.c                        0x00000000   Number         0  usart2.o ABSOLUTE
    ..\Mylib\usartBroadcast.c                0x00000000   Number         0  usartbroadcast.o ABSOLUTE
    ..\User\main.c                           0x00000000   Number         0  main.o ABSOLUTE
    ..\User\stm32f10x_it.c                   0x00000000   Number         0  stm32f10x_it.o ABSOLUTE
    RTE\Device\STM32F103C8\startup_stm32f10x_md.s 0x00000000   Number         0  startup_stm32f10x_md.o ABSOLUTE
    RTE\Device\STM32F103C8\system_stm32f10x.c 0x00000000   Number         0  system_stm32f10x.o ABSOLUTE
    cdcmple.s                                0x00000000   Number         0  cdcmple.o ABSOLUTE
    cdrcmple.s                               0x00000000   Number         0  cdrcmple.o ABSOLUTE
    cfcmple.s                                0x00000000   Number         0  cfcmple.o ABSOLUTE
    cfrcmple.s                               0x00000000   Number         0  cfrcmple.o ABSOLUTE
    dc.s                                     0x00000000   Number         0  dc.o ABSOLUTE
    handlers.s                               0x00000000   Number         0  handlers.o ABSOLUTE
    init.s                                   0x00000000   Number         0  init.o ABSOLUTE
    RESET                                    0x08000000   Section      236  startup_stm32f10x_md.o(RESET)
    .ARM.Collect$$$$00000000                 0x080000ec   Section        0  entry.o(.ARM.Collect$$$$00000000)
    .ARM.Collect$$$$00000001                 0x080000ec   Section        4  entry2.o(.ARM.Collect$$$$00000001)
    .ARM.Collect$$$$00000004                 0x080000f0   Section        4  entry5.o(.ARM.Collect$$$$00000004)
    .ARM.Collect$$$$00000008                 0x080000f4   Section        0  entry7b.o(.ARM.Collect$$$$00000008)
    .ARM.Collect$$$$0000000A                 0x080000f4   Section        0  entry8b.o(.ARM.Collect$$$$0000000A)
    .ARM.Collect$$$$0000000B                 0x080000f4   Section        8  entry9a.o(.ARM.Collect$$$$0000000B)
    .ARM.Collect$$$$0000000D                 0x080000fc   Section        0  entry10a.o(.ARM.Collect$$$$0000000D)
    .ARM.Collect$$$$0000000F                 0x080000fc   Section        0  entry11a.o(.ARM.Collect$$$$0000000F)
    .ARM.Collect$$$$00002712                 0x080000fc   Section        4  entry2.o(.ARM.Collect$$$$00002712)
    __lit__00000000                          0x080000fc   Data           4  entry2.o(.ARM.Collect$$$$00002712)
    .text                                    0x08000100   Section       36  startup_stm32f10x_md.o(.text)
    .text                                    0x08000124   Section        0  fadd.o(.text)
    .text                                    0x080001d4   Section        0  fmul.o(.text)
    .text                                    0x08000238   Section        0  fdiv.o(.text)
    .text                                    0x080002b4   Section        0  dmul.o(.text)
    .text                                    0x08000398   Section        0  ddiv.o(.text)
    .text                                    0x08000476   Section        0  fflti.o(.text)
    .text                                    0x08000488   Section        0  dfltl.o(.text)
    .text                                    0x080004b0   Section        0  ffixi.o(.text)
    .text                                    0x080004e2   Section        0  d2f.o(.text)
    .text                                    0x0800051c   Section       20  cfcmple.o(.text)
    .text                                    0x08000530   Section       20  cfrcmple.o(.text)
    .text                                    0x08000544   Section        0  llshl.o(.text)
    .text                                    0x08000562   Section        0  fepilogue.o(.text)
    .text                                    0x08000562   Section        0  iusefp.o(.text)
    .text                                    0x080005d0   Section        0  frnd.o(.text)
    .text                                    0x0800060c   Section        0  depilogue.o(.text)
    .text                                    0x080006c8   Section       36  init.o(.text)
    .text                                    0x080006ec   Section        0  llushr.o(.text)
    .text                                    0x0800070c   Section        0  fscalb.o(.text)
    .text                                    0x08000724   Section        0  ffltui.o(.text)
    .text                                    0x0800072e   Section        0  __dczerorl2.o(.text)
    i.AS5048_Init                            0x08000784   Section        0  as5048.o(i.AS5048_Init)
    i.BusFault_Handler                       0x080007e4   Section        0  stm32f10x_it.o(i.BusFault_Handler)
    i.CAN_ClearITPendingBit                  0x080007e8   Section        0  stm32f10x_can.o(i.CAN_ClearITPendingBit)
    i.CAN_Configuration                      0x08000890   Section        0  can.o(i.CAN_Configuration)
    i.CAN_DeInit                             0x080009b8   Section        0  stm32f10x_can.o(i.CAN_DeInit)
    i.CAN_FilterInit                         0x080009f0   Section        0  stm32f10x_can.o(i.CAN_FilterInit)
    i.CAN_GetITStatus                        0x08000af8   Section        0  stm32f10x_can.o(i.CAN_GetITStatus)
    i.CAN_ITConfig                           0x08000c18   Section        0  stm32f10x_can.o(i.CAN_ITConfig)
    i.CAN_Init                               0x08000c2a   Section        0  stm32f10x_can.o(i.CAN_Init)
    i.CAN_Receive                            0x08000d3e   Section        0  stm32f10x_can.o(i.CAN_Receive)
    i.CheckITStatus                          0x08000e2e   Section        0  stm32f10x_can.o(i.CheckITStatus)
    CheckITStatus                            0x08000e2f   Thumb Code    18  stm32f10x_can.o(i.CheckITStatus)
    i.DMA1_Channel6_IRQHandler               0x08000e40   Section        0  usart2.o(i.DMA1_Channel6_IRQHandler)
    i.DMA_ClearFlag                          0x08000e60   Section        0  stm32f10x_dma.o(i.DMA_ClearFlag)
    i.DMA_ClearITPendingBit                  0x08000e7c   Section        0  stm32f10x_dma.o(i.DMA_ClearITPendingBit)
    i.DMA_GetITStatus                        0x08000e98   Section        0  stm32f10x_dma.o(i.DMA_GetITStatus)
    i.DebugMon_Handler                       0x08000ec4   Section        0  stm32f10x_it.o(i.DebugMon_Handler)
    i.GPIO_Init                              0x08000ec6   Section        0  stm32f10x_gpio.o(i.GPIO_Init)
    i.GPIO_PinRemapConfig                    0x08000fdc   Section        0  stm32f10x_gpio.o(i.GPIO_PinRemapConfig)
    i.GPIO_ResetBits                         0x0800106c   Section        0  stm32f10x_gpio.o(i.GPIO_ResetBits)
    i.GPIO_SetBits                           0x08001070   Section        0  stm32f10x_gpio.o(i.GPIO_SetBits)
    i.HardFault_Handler                      0x08001074   Section        0  stm32f10x_it.o(i.HardFault_Handler)
    i.LED_Configuration                      0x08001078   Section        0  led.o(i.LED_Configuration)
    i.LED_State                              0x080010f0   Section        0  led.o(i.LED_State)
    i.LPF2pApply_1                           0x080011ec   Section        0  filter.o(i.LPF2pApply_1)
    i.LPF2pApply_2                           0x080012b0   Section        0  filter.o(i.LPF2pApply_2)
    i.LPF2pSetCutoffFreq_1                   0x08001374   Section        0  filter.o(i.LPF2pSetCutoffFreq_1)
    i.LPF2pSetCutoffFreq_2                   0x0800149c   Section        0  filter.o(i.LPF2pSetCutoffFreq_2)
    i.Loop                                   0x080015c4   Section        0  schedule.o(i.Loop)
    i.Loop_1000Hz                            0x0800164c   Section        0  schedule.o(i.Loop_1000Hz)
    i.Loop_100Hz                             0x08001684   Section        0  schedule.o(i.Loop_100Hz)
    i.Loop_10Hz                              0x08001686   Section        0  schedule.o(i.Loop_10Hz)
    i.Loop_200Hz                             0x08001688   Section        0  schedule.o(i.Loop_200Hz)
    i.Loop_20Hz                              0x08001720   Section        0  schedule.o(i.Loop_20Hz)
    i.Loop_500Hz                             0x0800174c   Section        0  schedule.o(i.Loop_500Hz)
    i.Loop_50Hz                              0x0800174e   Section        0  schedule.o(i.Loop_50Hz)
    i.MemManage_Handler                      0x08001750   Section        0  stm32f10x_it.o(i.MemManage_Handler)
    i.NMI_Handler                            0x08001754   Section        0  stm32f10x_it.o(i.NMI_Handler)
    i.NVIC_Init                              0x08001758   Section        0  misc.o(i.NVIC_Init)
    i.PWM_Configuration                      0x080017c8   Section        0  pwm.o(i.PWM_Configuration)
    i.PendSV_Handler                         0x0800189c   Section        0  stm32f10x_it.o(i.PendSV_Handler)
    i.RCC_APB1PeriphClockCmd                 0x080018a0   Section        0  stm32f10x_rcc.o(i.RCC_APB1PeriphClockCmd)
    i.RCC_APB1PeriphResetCmd                 0x080018c0   Section        0  stm32f10x_rcc.o(i.RCC_APB1PeriphResetCmd)
    i.RCC_APB2PeriphClockCmd                 0x080018e0   Section        0  stm32f10x_rcc.o(i.RCC_APB2PeriphClockCmd)
    i.RCC_GetClocksFreq                      0x08001900   Section        0  stm32f10x_rcc.o(i.RCC_GetClocksFreq)
    i.SPI1_Init                              0x080019d4   Section        0  spi1.o(i.SPI1_Init)
    i.SPI1_ReadWrite16Bit                    0x08001a54   Section        0  spi1.o(i.SPI1_ReadWrite16Bit)
    i.SPI2_Init                              0x08001a88   Section        0  spi2.o(i.SPI2_Init)
    i.SPI2_ReadWrite16Bit                    0x08001b08   Section        0  spi2.o(i.SPI2_ReadWrite16Bit)
    i.SPI_Cmd                                0x08001b3c   Section        0  stm32f10x_spi.o(i.SPI_Cmd)
    i.SPI_I2S_GetFlagStatus                  0x08001b54   Section        0  stm32f10x_spi.o(i.SPI_I2S_GetFlagStatus)
    i.SPI_I2S_ReceiveData                    0x08001b66   Section        0  stm32f10x_spi.o(i.SPI_I2S_ReceiveData)
    i.SPI_I2S_SendData                       0x08001b6c   Section        0  stm32f10x_spi.o(i.SPI_I2S_SendData)
    i.SPI_Init                               0x08001b70   Section        0  stm32f10x_spi.o(i.SPI_Init)
    i.SVC_Handler                            0x08001bac   Section        0  stm32f10x_it.o(i.SVC_Handler)
    i.SetSysClock                            0x08001bae   Section        0  system_stm32f10x.o(i.SetSysClock)
    SetSysClock                              0x08001baf   Thumb Code     8  system_stm32f10x.o(i.SetSysClock)
    i.SetSysClockTo72                        0x08001bb8   Section        0  system_stm32f10x.o(i.SetSysClockTo72)
    SetSysClockTo72                          0x08001bb9   Thumb Code   214  system_stm32f10x.o(i.SetSysClockTo72)
    i.SysTick_Handler                        0x08001c98   Section        0  stm32f10x_it.o(i.SysTick_Handler)
    i.SysTick_Init                           0x08001cfc   Section        0  systick.o(i.SysTick_Init)
    i.SystemInit                             0x08001d70   Section        0  system_stm32f10x.o(i.SystemInit)
    i.TDT_Friction_PidControl                0x08001dd0   Section        0  control.o(i.TDT_Friction_PidControl)
    i.TDT_Get_PIDparameters                  0x08001fdc   Section        0  parameter.o(i.TDT_Get_PIDparameters)
    i.TIM_ARRPreloadConfig                   0x08001ffc   Section        0  stm32f10x_tim.o(i.TIM_ARRPreloadConfig)
    i.TIM_Cmd                                0x08002014   Section        0  stm32f10x_tim.o(i.TIM_Cmd)
    i.TIM_CtrlPWMOutputs                     0x0800202c   Section        0  stm32f10x_tim.o(i.TIM_CtrlPWMOutputs)
    i.TIM_OC1Init                            0x0800204c   Section        0  stm32f10x_tim.o(i.TIM_OC1Init)
    i.TIM_OC2Init                            0x080020e4   Section        0  stm32f10x_tim.o(i.TIM_OC2Init)
    i.TIM_TimeBaseInit                       0x08002188   Section        0  stm32f10x_tim.o(i.TIM_TimeBaseInit)
    i.USB_HP_CAN1_TX_IRQHandler              0x0800222c   Section        0  can.o(i.USB_HP_CAN1_TX_IRQHandler)
    i.USB_LP_CAN1_RX0_IRQHandler             0x08002248   Section        0  can.o(i.USB_LP_CAN1_RX0_IRQHandler)
    i.UsageFault_Handler                     0x080022c4   Section        0  stm32f10x_it.o(i.UsageFault_Handler)
    i.__ARM_fpclassifyf                      0x080022c8   Section        0  fpclassifyf.o(i.__ARM_fpclassifyf)
    i.__ARM_isinff                           0x080022ee   Section        0  filter.o(i.__ARM_isinff)
    i.__ARM_isnanf                           0x08002302   Section        0  filter.o(i.__ARM_isnanf)
    i.__mathlib_flt_infnan                   0x08002310   Section        0  funder.o(i.__mathlib_flt_infnan)
    i.__mathlib_flt_invalid                  0x08002316   Section        0  funder.o(i.__mathlib_flt_invalid)
    i.__mathlib_flt_underflow                0x0800231e   Section        0  funder.o(i.__mathlib_flt_underflow)
    i.__mathlib_rredf2                       0x08002328   Section        0  rredf.o(i.__mathlib_rredf2)
    i.__scatterload_copy                     0x08002490   Section       14  handlers.o(i.__scatterload_copy)
    i.__scatterload_null                     0x0800249e   Section        2  handlers.o(i.__scatterload_null)
    i.__scatterload_zeroinit                 0x080024a0   Section       14  handlers.o(i.__scatterload_zeroinit)
    i.__set_errno                            0x080024b0   Section        0  errno.o(i.__set_errno)
    i.as5048_data_prepare                    0x080024bc   Section        0  as5048.o(i.as5048_data_prepare)
    i.as5048_singelread_angle                0x08002664   Section        0  as5048.o(i.as5048_singelread_angle)
    i.cosf                                   0x080026bc   Section        0  cosf.o(i.cosf)
    i.delay_ms                               0x08002838   Section        0  delay.o(i.delay_ms)
    i.main                                   0x08002854   Section        0  main.o(i.main)
    i.tanf                                   0x0800289c   Section        0  tanf.o(i.tanf)
    .constdata                               0x08002a10   Section       32  rredf.o(.constdata)
    twooverpi                                0x08002a10   Data          32  rredf.o(.constdata)
    .data                                    0x20000000   Section        1  main.o(.data)
    .data                                    0x20000002   Section        4  can.o(.data)
    .data                                    0x20000006   Section        7  schedule.o(.data)
    timer_50ms                               0x2000000c   Data           1  schedule.o(.data)
    .data                                    0x2000000d   Section        1  control.o(.data)
    paraLoadFlag                             0x2000000d   Data           1  control.o(.data)
    .data                                    0x20000010   Section       40  as5048.o(.data)
    pos_last_A                               0x20000014   Data           4  as5048.o(.data)
    cnt_A                                    0x20000018   Data           4  as5048.o(.data)
    pos_sum_last_A                           0x20000020   Data           8  as5048.o(.data)
    pos_last_B                               0x20000028   Data           4  as5048.o(.data)
    cnt_B                                    0x2000002c   Data           4  as5048.o(.data)
    pos_sum_last_B                           0x20000030   Data           8  as5048.o(.data)
    .data                                    0x20000038   Section      208  filter.o(.data)
    _cutoff_freq1                            0x20000038   Data           4  filter.o(.data)
    _a11                                     0x2000003c   Data           4  filter.o(.data)
    _a21                                     0x20000040   Data           4  filter.o(.data)
    _b01                                     0x20000044   Data           4  filter.o(.data)
    _b11                                     0x20000048   Data           4  filter.o(.data)
    _b21                                     0x2000004c   Data           4  filter.o(.data)
    _delay_element_11                        0x20000050   Data           4  filter.o(.data)
    _delay_element_21                        0x20000054   Data           4  filter.o(.data)
    _cutoff_freq2                            0x20000058   Data           4  filter.o(.data)
    _a12                                     0x2000005c   Data           4  filter.o(.data)
    _a22                                     0x20000060   Data           4  filter.o(.data)
    _b02                                     0x20000064   Data           4  filter.o(.data)
    _b12                                     0x20000068   Data           4  filter.o(.data)
    _b22                                     0x2000006c   Data           4  filter.o(.data)
    _delay_element_12                        0x20000070   Data           4  filter.o(.data)
    _delay_element_22                        0x20000074   Data           4  filter.o(.data)
    _cutoff_freq3                            0x20000078   Data           4  filter.o(.data)
    _a13                                     0x2000007c   Data           4  filter.o(.data)
    _a23                                     0x20000080   Data           4  filter.o(.data)
    _b03                                     0x20000084   Data           4  filter.o(.data)
    _b13                                     0x20000088   Data           4  filter.o(.data)
    _b23                                     0x2000008c   Data           4  filter.o(.data)
    _delay_element_13                        0x20000090   Data           4  filter.o(.data)
    _delay_element_23                        0x20000094   Data           4  filter.o(.data)
    _cutoff_freq4                            0x20000098   Data           4  filter.o(.data)
    _a14                                     0x2000009c   Data           4  filter.o(.data)
    _a24                                     0x200000a0   Data           4  filter.o(.data)
    _b04                                     0x200000a4   Data           4  filter.o(.data)
    _b14                                     0x200000a8   Data           4  filter.o(.data)
    _b24                                     0x200000ac   Data           4  filter.o(.data)
    _delay_element_14                        0x200000b0   Data           4  filter.o(.data)
    _delay_element_24                        0x200000b4   Data           4  filter.o(.data)
    _cutoff_freq5                            0x200000b8   Data           4  filter.o(.data)
    _a15                                     0x200000bc   Data           4  filter.o(.data)
    _a25                                     0x200000c0   Data           4  filter.o(.data)
    _b05                                     0x200000c4   Data           4  filter.o(.data)
    _b15                                     0x200000c8   Data           4  filter.o(.data)
    _b25                                     0x200000cc   Data           4  filter.o(.data)
    _delay_element_15                        0x200000d0   Data           4  filter.o(.data)
    _delay_element_25                        0x200000d4   Data           4  filter.o(.data)
    _cutoff_freq6                            0x200000d8   Data           4  filter.o(.data)
    _a16                                     0x200000dc   Data           4  filter.o(.data)
    _a26                                     0x200000e0   Data           4  filter.o(.data)
    _b06                                     0x200000e4   Data           4  filter.o(.data)
    _b16                                     0x200000e8   Data           4  filter.o(.data)
    _b26                                     0x200000ec   Data           4  filter.o(.data)
    _delay_element_16                        0x200000f0   Data           4  filter.o(.data)
    _delay_element_26                        0x200000f4   Data           4  filter.o(.data)
    x_last                                   0x200000f8   Data           8  filter.o(.data)
    p_last                                   0x20000100   Data           8  filter.o(.data)
    .data                                    0x20000108   Section       16  led.o(.data)
    time_ch3                                 0x20000108   Data           4  led.o(.data)
    time_ch4                                 0x2000010c   Data           4  led.o(.data)
    set_ch3                                  0x20000110   Data           4  led.o(.data)
    set_ch4                                  0x20000114   Data           4  led.o(.data)
    .data                                    0x20000118   Section       20  stm32f10x_rcc.o(.data)
    APBAHBPrescTable                         0x20000118   Data          16  stm32f10x_rcc.o(.data)
    ADCPrescTable                            0x20000128   Data           4  stm32f10x_rcc.o(.data)
    .data                                    0x2000012c   Section       20  system_stm32f10x.o(.data)
    .data                                    0x20000140   Section        4  errno.o(.data)
    _errno                                   0x20000140   Data           4  errno.o(.data)
    .bss                                     0x20000144   Section       20  systick.o(.bss)
    .bss                                     0x20000158   Section       32  schedule.o(.bss)
    .bss                                     0x20000178   Section      112  control.o(.bss)
    frictionMotor                            0x20000178   Data         112  control.o(.bss)
    .bss                                     0x200001e8   Section       40  as5048.o(.bss)
    STACK                                    0x20000210   Section     1024  startup_stm32f10x_md.o(STACK)

    Global Symbols

    Symbol Name                              Value     Ov Type        Size  Object(Section)

    BuildAttributes$$THM_ISAv4$P$D$K$B$S$PE$A:L22UL41UL21$X:L11$S22US41US21$IEEE1$IW$USESV6$~STKCKD$USESV7$~SHL$OTIME$ROPI$IEEEX$EBA8$MICROLIB$REQ8$PRES8$EABIv2 0x00000000   Number         0  anon$$obj.o ABSOLUTE
    __ARM_use_no_argv                        0x00000000   Number         0  main.o ABSOLUTE
    __cpp_initialize__aeabi_                  - Undefined Weak Reference
    __cxa_finalize                            - Undefined Weak Reference
    _clock_init                               - Undefined Weak Reference
    _microlib_exit                            - Undefined Weak Reference
    __Vectors_Size                           0x000000ec   Number         0  startup_stm32f10x_md.o ABSOLUTE
    __Vectors                                0x08000000   Data           4  startup_stm32f10x_md.o(RESET)
    __Vectors_End                            0x080000ec   Data           0  startup_stm32f10x_md.o(RESET)
    __main                                   0x080000ed   Thumb Code     0  entry.o(.ARM.Collect$$$$00000000)
    _main_stk                                0x080000ed   Thumb Code     0  entry2.o(.ARM.Collect$$$$00000001)
    _main_scatterload                        0x080000f1   Thumb Code     0  entry5.o(.ARM.Collect$$$$00000004)
    __main_after_scatterload                 0x080000f5   Thumb Code     0  entry5.o(.ARM.Collect$$$$00000004)
    _main_clock                              0x080000f5   Thumb Code     0  entry7b.o(.ARM.Collect$$$$00000008)
    _main_cpp_init                           0x080000f5   Thumb Code     0  entry8b.o(.ARM.Collect$$$$0000000A)
    _main_init                               0x080000f5   Thumb Code     0  entry9a.o(.ARM.Collect$$$$0000000B)
    __rt_final_cpp                           0x080000fd   Thumb Code     0  entry10a.o(.ARM.Collect$$$$0000000D)
    __rt_final_exit                          0x080000fd   Thumb Code     0  entry11a.o(.ARM.Collect$$$$0000000F)
    Reset_Handler                            0x08000101   Thumb Code     8  startup_stm32f10x_md.o(.text)
    ADC1_2_IRQHandler                        0x0800011b   Thumb Code     0  startup_stm32f10x_md.o(.text)
    CAN1_RX1_IRQHandler                      0x0800011b   Thumb Code     0  startup_stm32f10x_md.o(.text)
    CAN1_SCE_IRQHandler                      0x0800011b   Thumb Code     0  startup_stm32f10x_md.o(.text)
    DMA1_Channel1_IRQHandler                 0x0800011b   Thumb Code     0  startup_stm32f10x_md.o(.text)
    DMA1_Channel2_IRQHandler                 0x0800011b   Thumb Code     0  startup_stm32f10x_md.o(.text)
    DMA1_Channel3_IRQHandler                 0x0800011b   Thumb Code     0  startup_stm32f10x_md.o(.text)
    DMA1_Channel4_IRQHandler                 0x0800011b   Thumb Code     0  startup_stm32f10x_md.o(.text)
    DMA1_Channel5_IRQHandler                 0x0800011b   Thumb Code     0  startup_stm32f10x_md.o(.text)
    DMA1_Channel7_IRQHandler                 0x0800011b   Thumb Code     0  startup_stm32f10x_md.o(.text)
    EXTI0_IRQHandler                         0x0800011b   Thumb Code     0  startup_stm32f10x_md.o(.text)
    EXTI15_10_IRQHandler                     0x0800011b   Thumb Code     0  startup_stm32f10x_md.o(.text)
    EXTI1_IRQHandler                         0x0800011b   Thumb Code     0  startup_stm32f10x_md.o(.text)
    EXTI2_IRQHandler                         0x0800011b   Thumb Code     0  startup_stm32f10x_md.o(.text)
    EXTI3_IRQHandler                         0x0800011b   Thumb Code     0  startup_stm32f10x_md.o(.text)
    EXTI4_IRQHandler                         0x0800011b   Thumb Code     0  startup_stm32f10x_md.o(.text)
    EXTI9_5_IRQHandler                       0x0800011b   Thumb Code     0  startup_stm32f10x_md.o(.text)
    FLASH_IRQHandler                         0x0800011b   Thumb Code     0  startup_stm32f10x_md.o(.text)
    I2C1_ER_IRQHandler                       0x0800011b   Thumb Code     0  startup_stm32f10x_md.o(.text)
    I2C1_EV_IRQHandler                       0x0800011b   Thumb Code     0  startup_stm32f10x_md.o(.text)
    I2C2_ER_IRQHandler                       0x0800011b   Thumb Code     0  startup_stm32f10x_md.o(.text)
    I2C2_EV_IRQHandler                       0x0800011b   Thumb Code     0  startup_stm32f10x_md.o(.text)
    PVD_IRQHandler                           0x0800011b   Thumb Code     0  startup_stm32f10x_md.o(.text)
    RCC_IRQHandler                           0x0800011b   Thumb Code     0  startup_stm32f10x_md.o(.text)
    RTCAlarm_IRQHandler                      0x0800011b   Thumb Code     0  startup_stm32f10x_md.o(.text)
    RTC_IRQHandler                           0x0800011b   Thumb Code     0  startup_stm32f10x_md.o(.text)
    SPI1_IRQHandler                          0x0800011b   Thumb Code     0  startup_stm32f10x_md.o(.text)
    SPI2_IRQHandler                          0x0800011b   Thumb Code     0  startup_stm32f10x_md.o(.text)
    TAMPER_IRQHandler                        0x0800011b   Thumb Code     0  startup_stm32f10x_md.o(.text)
    TIM1_BRK_IRQHandler                      0x0800011b   Thumb Code     0  startup_stm32f10x_md.o(.text)
    TIM1_CC_IRQHandler                       0x0800011b   Thumb Code     0  startup_stm32f10x_md.o(.text)
    TIM1_TRG_COM_IRQHandler                  0x0800011b   Thumb Code     0  startup_stm32f10x_md.o(.text)
    TIM1_UP_IRQHandler                       0x0800011b   Thumb Code     0  startup_stm32f10x_md.o(.text)
    TIM2_IRQHandler                          0x0800011b   Thumb Code     0  startup_stm32f10x_md.o(.text)
    TIM3_IRQHandler                          0x0800011b   Thumb Code     0  startup_stm32f10x_md.o(.text)
    TIM4_IRQHandler                          0x0800011b   Thumb Code     0  startup_stm32f10x_md.o(.text)
    USART1_IRQHandler                        0x0800011b   Thumb Code     0  startup_stm32f10x_md.o(.text)
    USART2_IRQHandler                        0x0800011b   Thumb Code     0  startup_stm32f10x_md.o(.text)
    USART3_IRQHandler                        0x0800011b   Thumb Code     0  startup_stm32f10x_md.o(.text)
    USBWakeUp_IRQHandler                     0x0800011b   Thumb Code     0  startup_stm32f10x_md.o(.text)
    WWDG_IRQHandler                          0x0800011b   Thumb Code     0  startup_stm32f10x_md.o(.text)
    __aeabi_fadd                             0x08000125   Thumb Code   164  fadd.o(.text)
    __aeabi_fsub                             0x080001c9   Thumb Code     6  fadd.o(.text)
    __aeabi_frsub                            0x080001cf   Thumb Code     6  fadd.o(.text)
    __aeabi_fmul                             0x080001d5   Thumb Code   100  fmul.o(.text)
    __aeabi_fdiv                             0x08000239   Thumb Code   124  fdiv.o(.text)
    __aeabi_dmul                             0x080002b5   Thumb Code   228  dmul.o(.text)
    __aeabi_ddiv                             0x08000399   Thumb Code   222  ddiv.o(.text)
    __aeabi_i2f                              0x08000477   Thumb Code    18  fflti.o(.text)
    __aeabi_l2d                              0x08000489   Thumb Code    40  dfltl.o(.text)
    __aeabi_f2iz                             0x080004b1   Thumb Code    50  ffixi.o(.text)
    __aeabi_d2f                              0x080004e3   Thumb Code    56  d2f.o(.text)
    __aeabi_cfcmpeq                          0x0800051d   Thumb Code     0  cfcmple.o(.text)
    __aeabi_cfcmple                          0x0800051d   Thumb Code    20  cfcmple.o(.text)
    __aeabi_cfrcmple                         0x08000531   Thumb Code    20  cfrcmple.o(.text)
    __aeabi_llsl                             0x08000545   Thumb Code    30  llshl.o(.text)
    _ll_shift_l                              0x08000545   Thumb Code     0  llshl.o(.text)
    __I$use$fp                               0x08000563   Thumb Code     0  iusefp.o(.text)
    _float_round                             0x08000563   Thumb Code    18  fepilogue.o(.text)
    _float_epilogue                          0x08000575   Thumb Code    92  fepilogue.o(.text)
    _frnd                                    0x080005d1   Thumb Code    60  frnd.o(.text)
    _double_round                            0x0800060d   Thumb Code    30  depilogue.o(.text)
    _double_epilogue                         0x0800062b   Thumb Code   156  depilogue.o(.text)
    __scatterload                            0x080006c9   Thumb Code    28  init.o(.text)
    __scatterload_rt2                        0x080006c9   Thumb Code     0  init.o(.text)
    __aeabi_llsr                             0x080006ed   Thumb Code    32  llushr.o(.text)
    _ll_ushift_r                             0x080006ed   Thumb Code     0  llushr.o(.text)
    __ARM_scalbnf                            0x0800070d   Thumb Code    24  fscalb.o(.text)
    scalbnf                                  0x0800070d   Thumb Code     0  fscalb.o(.text)
    __aeabi_ui2f                             0x08000725   Thumb Code    10  ffltui.o(.text)
    __decompress                             0x0800072f   Thumb Code     0  __dczerorl2.o(.text)
    __decompress1                            0x0800072f   Thumb Code    86  __dczerorl2.o(.text)
    AS5048_Init                              0x08000785   Thumb Code    86  as5048.o(i.AS5048_Init)
    BusFault_Handler                         0x080007e5   Thumb Code     4  stm32f10x_it.o(i.BusFault_Handler)
    CAN_ClearITPendingBit                    0x080007e9   Thumb Code   162  stm32f10x_can.o(i.CAN_ClearITPendingBit)
    CAN_Configuration                        0x08000891   Thumb Code   286  can.o(i.CAN_Configuration)
    CAN_DeInit                               0x080009b9   Thumb Code    50  stm32f10x_can.o(i.CAN_DeInit)
    CAN_FilterInit                           0x080009f1   Thumb Code   258  stm32f10x_can.o(i.CAN_FilterInit)
    CAN_GetITStatus                          0x08000af9   Thumb Code   284  stm32f10x_can.o(i.CAN_GetITStatus)
    CAN_ITConfig                             0x08000c19   Thumb Code    18  stm32f10x_can.o(i.CAN_ITConfig)
    CAN_Init                                 0x08000c2b   Thumb Code   276  stm32f10x_can.o(i.CAN_Init)
    CAN_Receive                              0x08000d3f   Thumb Code   240  stm32f10x_can.o(i.CAN_Receive)
    DMA1_Channel6_IRQHandler                 0x08000e41   Thumb Code    30  usart2.o(i.DMA1_Channel6_IRQHandler)
    DMA_ClearFlag                            0x08000e61   Thumb Code    18  stm32f10x_dma.o(i.DMA_ClearFlag)
    DMA_ClearITPendingBit                    0x08000e7d   Thumb Code    18  stm32f10x_dma.o(i.DMA_ClearITPendingBit)
    DMA_GetITStatus                          0x08000e99   Thumb Code    36  stm32f10x_dma.o(i.DMA_GetITStatus)
    DebugMon_Handler                         0x08000ec5   Thumb Code     2  stm32f10x_it.o(i.DebugMon_Handler)
    GPIO_Init                                0x08000ec7   Thumb Code   278  stm32f10x_gpio.o(i.GPIO_Init)
    GPIO_PinRemapConfig                      0x08000fdd   Thumb Code   138  stm32f10x_gpio.o(i.GPIO_PinRemapConfig)
    GPIO_ResetBits                           0x0800106d   Thumb Code     4  stm32f10x_gpio.o(i.GPIO_ResetBits)
    GPIO_SetBits                             0x08001071   Thumb Code     4  stm32f10x_gpio.o(i.GPIO_SetBits)
    HardFault_Handler                        0x08001075   Thumb Code     4  stm32f10x_it.o(i.HardFault_Handler)
    LED_Configuration                        0x08001079   Thumb Code   106  led.o(i.LED_Configuration)
    LED_State                                0x080010f1   Thumb Code   222  led.o(i.LED_State)
    LPF2pApply_1                             0x080011ed   Thumb Code   162  filter.o(i.LPF2pApply_1)
    LPF2pApply_2                             0x080012b1   Thumb Code   162  filter.o(i.LPF2pApply_2)
    LPF2pSetCutoffFreq_1                     0x08001375   Thumb Code   262  filter.o(i.LPF2pSetCutoffFreq_1)
    LPF2pSetCutoffFreq_2                     0x0800149d   Thumb Code   262  filter.o(i.LPF2pSetCutoffFreq_2)
    Loop                                     0x080015c5   Thumb Code   130  schedule.o(i.Loop)
    Loop_1000Hz                              0x0800164d   Thumb Code    42  schedule.o(i.Loop_1000Hz)
    Loop_100Hz                               0x08001685   Thumb Code     2  schedule.o(i.Loop_100Hz)
    Loop_10Hz                                0x08001687   Thumb Code     2  schedule.o(i.Loop_10Hz)
    Loop_200Hz                               0x08001689   Thumb Code   126  schedule.o(i.Loop_200Hz)
    Loop_20Hz                                0x08001721   Thumb Code    34  schedule.o(i.Loop_20Hz)
    Loop_500Hz                               0x0800174d   Thumb Code     2  schedule.o(i.Loop_500Hz)
    Loop_50Hz                                0x0800174f   Thumb Code     2  schedule.o(i.Loop_50Hz)
    MemManage_Handler                        0x08001751   Thumb Code     4  stm32f10x_it.o(i.MemManage_Handler)
    NMI_Handler                              0x08001755   Thumb Code     2  stm32f10x_it.o(i.NMI_Handler)
    NVIC_Init                                0x08001759   Thumb Code   100  misc.o(i.NVIC_Init)
    PWM_Configuration                        0x080017c9   Thumb Code   204  pwm.o(i.PWM_Configuration)
    PendSV_Handler                           0x0800189d   Thumb Code     2  stm32f10x_it.o(i.PendSV_Handler)
    RCC_APB1PeriphClockCmd                   0x080018a1   Thumb Code    26  stm32f10x_rcc.o(i.RCC_APB1PeriphClockCmd)
    RCC_APB1PeriphResetCmd                   0x080018c1   Thumb Code    26  stm32f10x_rcc.o(i.RCC_APB1PeriphResetCmd)
    RCC_APB2PeriphClockCmd                   0x080018e1   Thumb Code    26  stm32f10x_rcc.o(i.RCC_APB2PeriphClockCmd)
    RCC_GetClocksFreq                        0x08001901   Thumb Code   192  stm32f10x_rcc.o(i.RCC_GetClocksFreq)
    SPI1_Init                                0x080019d5   Thumb Code   118  spi1.o(i.SPI1_Init)
    SPI1_ReadWrite16Bit                      0x08001a55   Thumb Code    48  spi1.o(i.SPI1_ReadWrite16Bit)
    SPI2_Init                                0x08001a89   Thumb Code   120  spi2.o(i.SPI2_Init)
    SPI2_ReadWrite16Bit                      0x08001b09   Thumb Code    48  spi2.o(i.SPI2_ReadWrite16Bit)
    SPI_Cmd                                  0x08001b3d   Thumb Code    24  stm32f10x_spi.o(i.SPI_Cmd)
    SPI_I2S_GetFlagStatus                    0x08001b55   Thumb Code    18  stm32f10x_spi.o(i.SPI_I2S_GetFlagStatus)
    SPI_I2S_ReceiveData                      0x08001b67   Thumb Code     6  stm32f10x_spi.o(i.SPI_I2S_ReceiveData)
    SPI_I2S_SendData                         0x08001b6d   Thumb Code     4  stm32f10x_spi.o(i.SPI_I2S_SendData)
    SPI_Init                                 0x08001b71   Thumb Code    60  stm32f10x_spi.o(i.SPI_Init)
    SVC_Handler                              0x08001bad   Thumb Code     2  stm32f10x_it.o(i.SVC_Handler)
    SysTick_Handler                          0x08001c99   Thumb Code    90  stm32f10x_it.o(i.SysTick_Handler)
    SysTick_Init                             0x08001cfd   Thumb Code    98  systick.o(i.SysTick_Init)
    SystemInit                               0x08001d71   Thumb Code    78  system_stm32f10x.o(i.SystemInit)
    TDT_Friction_PidControl                  0x08001dd1   Thumb Code   506  control.o(i.TDT_Friction_PidControl)
    TDT_Get_PIDparameters                    0x08001fdd   Thumb Code    22  parameter.o(i.TDT_Get_PIDparameters)
    TIM_ARRPreloadConfig                     0x08001ffd   Thumb Code    24  stm32f10x_tim.o(i.TIM_ARRPreloadConfig)
    TIM_Cmd                                  0x08002015   Thumb Code    24  stm32f10x_tim.o(i.TIM_Cmd)
    TIM_CtrlPWMOutputs                       0x0800202d   Thumb Code    30  stm32f10x_tim.o(i.TIM_CtrlPWMOutputs)
    TIM_OC1Init                              0x0800204d   Thumb Code   132  stm32f10x_tim.o(i.TIM_OC1Init)
    TIM_OC2Init                              0x080020e5   Thumb Code   154  stm32f10x_tim.o(i.TIM_OC2Init)
    TIM_TimeBaseInit                         0x08002189   Thumb Code   122  stm32f10x_tim.o(i.TIM_TimeBaseInit)
    USB_HP_CAN1_TX_IRQHandler                0x0800222d   Thumb Code    22  can.o(i.USB_HP_CAN1_TX_IRQHandler)
    USB_LP_CAN1_RX0_IRQHandler               0x08002249   Thumb Code   106  can.o(i.USB_LP_CAN1_RX0_IRQHandler)
    UsageFault_Handler                       0x080022c5   Thumb Code     4  stm32f10x_it.o(i.UsageFault_Handler)
    __ARM_fpclassifyf                        0x080022c9   Thumb Code    38  fpclassifyf.o(i.__ARM_fpclassifyf)
    __ARM_isinff                             0x080022ef   Thumb Code    20  filter.o(i.__ARM_isinff)
    __ARM_isnanf                             0x08002303   Thumb Code    14  filter.o(i.__ARM_isnanf)
    __mathlib_flt_infnan                     0x08002311   Thumb Code     6  funder.o(i.__mathlib_flt_infnan)
    __mathlib_flt_invalid                    0x08002317   Thumb Code     8  funder.o(i.__mathlib_flt_invalid)
    __mathlib_flt_underflow                  0x0800231f   Thumb Code    10  funder.o(i.__mathlib_flt_underflow)
    __mathlib_rredf2                         0x08002329   Thumb Code   344  rredf.o(i.__mathlib_rredf2)
    __scatterload_copy                       0x08002491   Thumb Code    14  handlers.o(i.__scatterload_copy)
    __scatterload_null                       0x0800249f   Thumb Code     2  handlers.o(i.__scatterload_null)
    __scatterload_zeroinit                   0x080024a1   Thumb Code    14  handlers.o(i.__scatterload_zeroinit)
    __set_errno                              0x080024b1   Thumb Code     6  errno.o(i.__set_errno)
    as5048_data_prepare                      0x080024bd   Thumb Code   380  as5048.o(i.as5048_data_prepare)
    as5048_singelread_angle                  0x08002665   Thumb Code    70  as5048.o(i.as5048_singelread_angle)
    cosf                                     0x080026bd   Thumb Code   328  cosf.o(i.cosf)
    delay_ms                                 0x08002839   Thumb Code    28  delay.o(i.delay_ms)
    main                                     0x08002855   Thumb Code    58  main.o(i.main)
    tanf                                     0x0800289d   Thumb Code   314  tanf.o(i.tanf)
    Region$$Table$$Base                      0x08002a30   Number         0  anon$$obj.o(Region$$Table)
    Region$$Table$$Limit                     0x08002a50   Number         0  anon$$obj.o(Region$$Table)
    Init_ok                                  0x20000000   Data           1  main.o(.data)
    canFeedback                              0x20000002   Data           4  can.o(.data)
    set_speed1                               0x20000006   Data           2  schedule.o(.data)
    set_speed2                               0x20000008   Data           2  schedule.o(.data)
    speed_error                              0x2000000a   Data           2  schedule.o(.data)
    pRxData                                  0x20000010   Data           2  as5048.o(.data)
    SystemCoreClock                          0x2000012c   Data           4  system_stm32f10x.o(.data)
    AHBPrescTable                            0x20000130   Data          16  system_stm32f10x.o(.data)
    rcc_clocks                               0x20000144   Data          20  systick.o(.bss)
    schedule                                 0x20000158   Data          32  schedule.o(.bss)
    as5048_A                                 0x200001e8   Data          20  as5048.o(.bss)
    as5048_B                                 0x200001fc   Data          20  as5048.o(.bss)
    __initial_sp                             0x20000610   Data           0  startup_stm32f10x_md.o(STACK)



==============================================================================

Memory Map of the image

  Image Entry point : 0x080000ed

  Load Region LR_IROM1 (Base: 0x08000000, Size: 0x00002b94, Max: 0x00010000, ABSOLUTE, COMPRESSED[0x00002a74])

    Execution Region ER_IROM1 (Base: 0x08000000, Size: 0x00002a50, Max: 0x00010000, ABSOLUTE)

    Base Addr    Size         Type   Attr      Idx    E Section Name        Object

    0x08000000   0x000000ec   Data   RO         2665    RESET               startup_stm32f10x_md.o
    0x080000ec   0x00000000   Code   RO         2721  * .ARM.Collect$$$$00000000  mc_w.l(entry.o)
    0x080000ec   0x00000004   Code   RO         2773    .ARM.Collect$$$$00000001  mc_w.l(entry2.o)
    0x080000f0   0x00000004   Code   RO         2776    .ARM.Collect$$$$00000004  mc_w.l(entry5.o)
    0x080000f4   0x00000000   Code   RO         2778    .ARM.Collect$$$$00000008  mc_w.l(entry7b.o)
    0x080000f4   0x00000000   Code   RO         2780    .ARM.Collect$$$$0000000A  mc_w.l(entry8b.o)
    0x080000f4   0x00000008   Code   RO         2781    .ARM.Collect$$$$0000000B  mc_w.l(entry9a.o)
    0x080000fc   0x00000000   Code   RO         2783    .ARM.Collect$$$$0000000D  mc_w.l(entry10a.o)
    0x080000fc   0x00000000   Code   RO         2785    .ARM.Collect$$$$0000000F  mc_w.l(entry11a.o)
    0x080000fc   0x00000004   Code   RO         2774    .ARM.Collect$$$$00002712  mc_w.l(entry2.o)
    0x08000100   0x00000024   Code   RO         2666    .text               startup_stm32f10x_md.o
    0x08000124   0x000000b0   Code   RO         2724    .text               mf_w.l(fadd.o)
    0x080001d4   0x00000064   Code   RO         2726    .text               mf_w.l(fmul.o)
    0x08000238   0x0000007c   Code   RO         2728    .text               mf_w.l(fdiv.o)
    0x080002b4   0x000000e4   Code   RO         2732    .text               mf_w.l(dmul.o)
    0x08000398   0x000000de   Code   RO         2734    .text               mf_w.l(ddiv.o)
    0x08000476   0x00000012   Code   RO         2736    .text               mf_w.l(fflti.o)
    0x08000488   0x00000028   Code   RO         2740    .text               mf_w.l(dfltl.o)
    0x080004b0   0x00000032   Code   RO         2742    .text               mf_w.l(ffixi.o)
    0x080004e2   0x00000038   Code   RO         2748    .text               mf_w.l(d2f.o)
    0x0800051a   0x00000002   PAD
    0x0800051c   0x00000014   Code   RO         2750    .text               mf_w.l(cfcmple.o)
    0x08000530   0x00000014   Code   RO         2752    .text               mf_w.l(cfrcmple.o)
    0x08000544   0x0000001e   Code   RO         2787    .text               mc_w.l(llshl.o)
    0x08000562   0x00000000   Code   RO         2798    .text               mc_w.l(iusefp.o)
    0x08000562   0x0000006e   Code   RO         2799    .text               mf_w.l(fepilogue.o)
    0x080005d0   0x0000003c   Code   RO         2801    .text               mf_w.l(frnd.o)
    0x0800060c   0x000000ba   Code   RO         2803    .text               mf_w.l(depilogue.o)
    0x080006c6   0x00000002   PAD
    0x080006c8   0x00000024   Code   RO         2805    .text               mc_w.l(init.o)
    0x080006ec   0x00000020   Code   RO         2807    .text               mc_w.l(llushr.o)
    0x0800070c   0x00000018   Code   RO         2809    .text               mf_w.l(fscalb.o)
    0x08000724   0x0000000a   Code   RO         2811    .text               mf_w.l(ffltui.o)
    0x0800072e   0x00000056   Code   RO         2821    .text               mc_w.l(__dczerorl2.o)
    0x08000784   0x00000060   Code   RO          536    i.AS5048_Init       as5048.o
    0x080007e4   0x00000004   Code   RO          145    i.BusFault_Handler  stm32f10x_it.o
    0x080007e8   0x000000a8   Code   RO         1024    i.CAN_ClearITPendingBit  stm32f10x_can.o
    0x08000890   0x00000128   Code   RO          316    i.CAN_Configuration  can.o
    0x080009b8   0x00000038   Code   RO         1026    i.CAN_DeInit        stm32f10x_can.o
    0x080009f0   0x00000108   Code   RO         1028    i.CAN_FilterInit    stm32f10x_can.o
    0x08000af8   0x00000120   Code   RO         1030    i.CAN_GetITStatus   stm32f10x_can.o
    0x08000c18   0x00000012   Code   RO         1034    i.CAN_ITConfig      stm32f10x_can.o
    0x08000c2a   0x00000114   Code   RO         1035    i.CAN_Init          stm32f10x_can.o
    0x08000d3e   0x000000f0   Code   RO         1038    i.CAN_Receive       stm32f10x_can.o
    0x08000e2e   0x00000012   Code   RO         1046    i.CheckITStatus     stm32f10x_can.o
    0x08000e40   0x0000001e   Code   RO          283    i.DMA1_Channel6_IRQHandler  usart2.o
    0x08000e5e   0x00000002   PAD
    0x08000e60   0x0000001c   Code   RO         2219    i.DMA_ClearFlag     stm32f10x_dma.o
    0x08000e7c   0x0000001c   Code   RO         2220    i.DMA_ClearITPendingBit  stm32f10x_dma.o
    0x08000e98   0x0000002c   Code   RO         2225    i.DMA_GetITStatus   stm32f10x_dma.o
    0x08000ec4   0x00000002   Code   RO          146    i.DebugMon_Handler  stm32f10x_it.o
    0x08000ec6   0x00000116   Code   RO         1183    i.GPIO_Init         stm32f10x_gpio.o
    0x08000fdc   0x00000090   Code   RO         1185    i.GPIO_PinRemapConfig  stm32f10x_gpio.o
    0x0800106c   0x00000004   Code   RO         1190    i.GPIO_ResetBits    stm32f10x_gpio.o
    0x08001070   0x00000004   Code   RO         1191    i.GPIO_SetBits      stm32f10x_gpio.o
    0x08001074   0x00000004   Code   RO          147    i.HardFault_Handler  stm32f10x_it.o
    0x08001078   0x00000078   Code   RO          745    i.LED_Configuration  led.o
    0x080010f0   0x000000fc   Code   RO          746    i.LED_State         led.o
    0x080011ec   0x000000c4   Code   RO          574    i.LPF2pApply_1      filter.o
    0x080012b0   0x000000c4   Code   RO          575    i.LPF2pApply_2      filter.o
    0x08001374   0x00000128   Code   RO          580    i.LPF2pSetCutoffFreq_1  filter.o
    0x0800149c   0x00000128   Code   RO          581    i.LPF2pSetCutoffFreq_2  filter.o
    0x080015c4   0x00000088   Code   RO          395    i.Loop              schedule.o
    0x0800164c   0x00000038   Code   RO          396    i.Loop_1000Hz       schedule.o
    0x08001684   0x00000002   Code   RO          397    i.Loop_100Hz        schedule.o
    0x08001686   0x00000002   Code   RO          398    i.Loop_10Hz         schedule.o
    0x08001688   0x00000098   Code   RO          399    i.Loop_200Hz        schedule.o
    0x08001720   0x0000002c   Code   RO          400    i.Loop_20Hz         schedule.o
    0x0800174c   0x00000002   Code   RO          401    i.Loop_500Hz        schedule.o
    0x0800174e   0x00000002   Code   RO          402    i.Loop_50Hz         schedule.o
    0x08001750   0x00000004   Code   RO          148    i.MemManage_Handler  stm32f10x_it.o
    0x08001754   0x00000002   Code   RO          149    i.NMI_Handler       stm32f10x_it.o
    0x08001756   0x00000002   PAD
    0x08001758   0x00000070   Code   RO          764    i.NVIC_Init         misc.o
    0x080017c8   0x000000d4   Code   RO          242    i.PWM_Configuration  pwm.o
    0x0800189c   0x00000002   Code   RO          150    i.PendSV_Handler    stm32f10x_it.o
    0x0800189e   0x00000002   PAD
    0x080018a0   0x00000020   Code   RO         1293    i.RCC_APB1PeriphClockCmd  stm32f10x_rcc.o
    0x080018c0   0x00000020   Code   RO         1294    i.RCC_APB1PeriphResetCmd  stm32f10x_rcc.o
    0x080018e0   0x00000020   Code   RO         1295    i.RCC_APB2PeriphClockCmd  stm32f10x_rcc.o
    0x08001900   0x000000d4   Code   RO         1303    i.RCC_GetClocksFreq  stm32f10x_rcc.o
    0x080019d4   0x00000080   Code   RO          500    i.SPI1_Init         spi1.o
    0x08001a54   0x00000034   Code   RO          501    i.SPI1_ReadWrite16Bit  spi1.o
    0x08001a88   0x00000080   Code   RO          518    i.SPI2_Init         spi2.o
    0x08001b08   0x00000034   Code   RO          519    i.SPI2_ReadWrite16Bit  spi2.o
    0x08001b3c   0x00000018   Code   RO         2524    i.SPI_Cmd           stm32f10x_spi.o
    0x08001b54   0x00000012   Code   RO         2532    i.SPI_I2S_GetFlagStatus  stm32f10x_spi.o
    0x08001b66   0x00000006   Code   RO         2535    i.SPI_I2S_ReceiveData  stm32f10x_spi.o
    0x08001b6c   0x00000004   Code   RO         2536    i.SPI_I2S_SendData  stm32f10x_spi.o
    0x08001b70   0x0000003c   Code   RO         2537    i.SPI_Init          stm32f10x_spi.o
    0x08001bac   0x00000002   Code   RO          151    i.SVC_Handler       stm32f10x_it.o
    0x08001bae   0x00000008   Code   RO         2671    i.SetSysClock       system_stm32f10x.o
    0x08001bb6   0x00000002   PAD
    0x08001bb8   0x000000e0   Code   RO         2672    i.SetSysClockTo72   system_stm32f10x.o
    0x08001c98   0x00000064   Code   RO          152    i.SysTick_Handler   stm32f10x_it.o
    0x08001cfc   0x00000074   Code   RO          376    i.SysTick_Init      systick.o
    0x08001d70   0x00000060   Code   RO         2674    i.SystemInit        system_stm32f10x.o
    0x08001dd0   0x0000020c   Code   RO          474    i.TDT_Friction_PidControl  control.o
    0x08001fdc   0x00000020   Code   RO          488    i.TDT_Get_PIDparameters  parameter.o
    0x08001ffc   0x00000018   Code   RO         1495    i.TIM_ARRPreloadConfig  stm32f10x_tim.o
    0x08002014   0x00000018   Code   RO         1507    i.TIM_Cmd           stm32f10x_tim.o
    0x0800202c   0x0000001e   Code   RO         1509    i.TIM_CtrlPWMOutputs  stm32f10x_tim.o
    0x0800204a   0x00000002   PAD
    0x0800204c   0x00000098   Code   RO         1536    i.TIM_OC1Init       stm32f10x_tim.o
    0x080020e4   0x000000a4   Code   RO         1541    i.TIM_OC2Init       stm32f10x_tim.o
    0x08002188   0x000000a4   Code   RO         1578    i.TIM_TimeBaseInit  stm32f10x_tim.o
    0x0800222c   0x0000001c   Code   RO          317    i.USB_HP_CAN1_TX_IRQHandler  can.o
    0x08002248   0x0000007c   Code   RO          318    i.USB_LP_CAN1_RX0_IRQHandler  can.o
    0x080022c4   0x00000004   Code   RO          153    i.UsageFault_Handler  stm32f10x_it.o
    0x080022c8   0x00000026   Code   RO         2754    i.__ARM_fpclassifyf  m_ws.l(fpclassifyf.o)
    0x080022ee   0x00000014   Code   RO          656    i.__ARM_isinff      filter.o
    0x08002302   0x0000000e   Code   RO          661    i.__ARM_isnanf      filter.o
    0x08002310   0x00000006   Code   RO         2757    i.__mathlib_flt_infnan  m_ws.l(funder.o)
    0x08002316   0x00000008   Code   RO         2759    i.__mathlib_flt_invalid  m_ws.l(funder.o)
    0x0800231e   0x0000000a   Code   RO         2762    i.__mathlib_flt_underflow  m_ws.l(funder.o)
    0x08002328   0x00000168   Code   RO         2770    i.__mathlib_rredf2  m_ws.l(rredf.o)
    0x08002490   0x0000000e   Code   RO         2815    i.__scatterload_copy  mc_w.l(handlers.o)
    0x0800249e   0x00000002   Code   RO         2816    i.__scatterload_null  mc_w.l(handlers.o)
    0x080024a0   0x0000000e   Code   RO         2817    i.__scatterload_zeroinit  mc_w.l(handlers.o)
    0x080024ae   0x00000002   PAD
    0x080024b0   0x0000000c   Code   RO         2793    i.__set_errno       mc_w.l(errno.o)
    0x080024bc   0x000001a8   Code   RO          537    i.as5048_data_prepare  as5048.o
    0x08002664   0x00000058   Code   RO          539    i.as5048_singelread_angle  as5048.o
    0x080026bc   0x0000017c   Code   RO         2706    i.cosf              m_ws.l(cosf.o)
    0x08002838   0x0000001c   Code   RO          265    i.delay_ms          delay.o
    0x08002854   0x00000048   Code   RO            1    i.main              main.o
    0x0800289c   0x00000174   Code   RO         2714    i.tanf              m_ws.l(tanf.o)
    0x08002a10   0x00000020   Data   RO         2771    .constdata          m_ws.l(rredf.o)
    0x08002a30   0x00000020   Data   RO         2813    Region$$Table       anon$$obj.o


    Execution Region RW_IRAM1 (Base: 0x20000000, Size: 0x00000610, Max: 0x00005000, ABSOLUTE, COMPRESSED[0x00000024])

    Base Addr    Size         Type   Attr      Idx    E Section Name        Object

    0x20000000   0x00000001   Data   RW            2    .data               main.o
    0x20000001   0x00000001   PAD
    0x20000002   0x00000004   Data   RW          319    .data               can.o
    0x20000006   0x00000007   Data   RW          404    .data               schedule.o
    0x2000000d   0x00000001   Data   RW          476    .data               control.o
    0x2000000e   0x00000002   PAD
    0x20000010   0x00000028   Data   RW          541    .data               as5048.o
    0x20000038   0x000000d0   Data   RW          586    .data               filter.o
    0x20000108   0x00000010   Data   RW          747    .data               led.o
    0x20000118   0x00000014   Data   RW         1323    .data               stm32f10x_rcc.o
    0x2000012c   0x00000014   Data   RW         2675    .data               system_stm32f10x.o
    0x20000140   0x00000004   Data   RW         2794    .data               mc_w.l(errno.o)
    0x20000144   0x00000014   Zero   RW          377    .bss                systick.o
    0x20000158   0x00000020   Zero   RW          403    .bss                schedule.o
    0x20000178   0x00000070   Zero   RW          475    .bss                control.o
    0x200001e8   0x00000028   Zero   RW          540    .bss                as5048.o
    0x20000210   0x00000400   Zero   RW         2663    STACK               startup_stm32f10x_md.o


==============================================================================

Image component sizes


      Code (inc. data)   RO Data    RW Data    ZI Data      Debug   Object Name

       608         72          0         40         40       3150   as5048.o
       448         34          0          4          0       2443   can.o
       524         18          0          1        112       1202   control.o
        28          0          0          0          0        583   delay.o
      1018        136          0        208          0       6289   filter.o
       372         44          0         16          0       1268   led.o
        72         14          0          1          0     261913   main.o
       112         12          0          0          0       1020   misc.o
        32         10          0          0          0        864   parameter.o
       212          8          0          0          0        700   pwm.o
       396         56          0          7         32       4697   schedule.o
       180         14          0          0          0       1162   spi1.o
       180         12          0          0          0       1162   spi2.o
        36          8        236          0       1024        880   startup_stm32f10x_md.o
      1328         22          0          0          0       6184   stm32f10x_can.o
       100         28          0          0          0       1658   stm32f10x_dma.o
       430          6          0          0          0       3870   stm32f10x_gpio.o
       124         10          0          0          0       4162   stm32f10x_it.o
       308         38          0         20          0       5043   stm32f10x_rcc.o
       112          0          0          0          0       3834   stm32f10x_spi.o
       558         72          0          0          0       4333   stm32f10x_tim.o
       328         28          0         20          0       2417   system_stm32f10x.o
       116         18          0          0         20      16043   systick.o
        30          0          0          0          0        503   usart2.o

    ----------------------------------------------------------------------
      7662        660        268        320       1228     335380   Object Totals
         0          0         32          0          0          0   (incl. Generated)
        10          0          0          3          0          0   (incl. Padding)

    ----------------------------------------------------------------------

      Code (inc. data)   RO Data    RW Data    ZI Data      Debug   Library Member Name

       380         52          0          0          0        124   cosf.o
        38          0          0          0          0         68   fpclassifyf.o
        24          0          0          0          0        204   funder.o
       360         16         32          0          0         88   rredf.o
       372         58          0          0          0        124   tanf.o
        86          0          0          0          0          0   __dczerorl2.o
         0          0          0          0          0          0   entry.o
         0          0          0          0          0          0   entry10a.o
         0          0          0          0          0          0   entry11a.o
         8          4          0          0          0          0   entry2.o
         4          0          0          0          0          0   entry5.o
         0          0          0          0          0          0   entry7b.o
         0          0          0          0          0          0   entry8b.o
         8          4          0          0          0          0   entry9a.o
        12          6          0          4          0         68   errno.o
        30          0          0          0          0          0   handlers.o
        36          8          0          0          0         68   init.o
         0          0          0          0          0          0   iusefp.o
        30          0          0          0          0         68   llshl.o
        32          0          0          0          0         68   llushr.o
        20          0          0          0          0         68   cfcmple.o
        20          0          0          0          0         68   cfrcmple.o
        56          0          0          0          0         88   d2f.o
       222          0          0          0          0        100   ddiv.o
       186          0          0          0          0        176   depilogue.o
        40          0          0          0          0         80   dfltl.o
       228          0          0          0          0         96   dmul.o
       176          0          0          0          0        140   fadd.o
       124          0          0          0          0         88   fdiv.o
       110          0          0          0          0        168   fepilogue.o
        50          0          0          0          0         68   ffixi.o
        18          0          0          0          0         68   fflti.o
        10          0          0          0          0         68   ffltui.o
       100          0          0          0          0         76   fmul.o
        60          0          0          0          0         76   frnd.o
        24          0          0          0          0         68   fscalb.o

    ----------------------------------------------------------------------
      2870        148         32          4          0       2376   Library Totals
         6          0          0          0          0          0   (incl. Padding)

    ----------------------------------------------------------------------

      Code (inc. data)   RO Data    RW Data    ZI Data      Debug   Library Name

      1174        126         32          0          0        608   m_ws.l
       246         22          0          4          0        272   mc_w.l
      1444          0          0          0          0       1496   mf_w.l

    ----------------------------------------------------------------------
      2870        148         32          4          0       2376   Library Totals

    ----------------------------------------------------------------------

==============================================================================


      Code (inc. data)   RO Data    RW Data    ZI Data      Debug   

     10532        808        300        324       1228     332944   Grand Totals
     10532        808        300         36       1228     332944   ELF Image Totals (compressed)
     10532        808        300         36          0          0   ROM Totals

==============================================================================

    Total RO  Size (Code + RO Data)                10832 (  10.58kB)
    Total RW  Size (RW Data + ZI Data)              1552 (   1.52kB)
    Total ROM Size (Code + RO Data + RW Data)      10868 (  10.61kB)

==============================================================================

