Component: ARM Compiler 5.06 update 6 (build 750) Tool: armlink [4d35ed]

==============================================================================

Section Cross References

    stm32f10x_it.o(i.SysTick_Handler) refers to schedule.o(i.TDT_Loop) for TDT_Loop
    stm32f10x_it.o(i.SysTick_Handler) refers to board.o(.data) for sysTickUptime
    stm32f10x_it.o(i.SysTick_Handler) refers to stm32f10x_it.o(.bss) for infantrySchedule
    main.o(i.main) refers to board.o(i.Board_ALL_Init) for Board_ALL_Init
    schedule.o(i.TDT_Loop) refers to schedule.o(i.TDT_Loop_10000Hz) for TDT_Loop_10000Hz
    schedule.o(i.TDT_Loop) refers to schedule.o(i.TDT_Loop_1000Hz) for TDT_Loop_1000Hz
    schedule.o(i.TDT_Loop) refers to schedule.o(i.TDT_Loop_500Hz) for TDT_Loop_500Hz
    schedule.o(i.TDT_Loop) refers to schedule.o(i.TDT_Loop_200Hz) for TDT_Loop_200Hz
    schedule.o(i.TDT_Loop) refers to schedule.o(i.TDT_Loop_100Hz) for TDT_Loop_100Hz
    schedule.o(i.TDT_Loop) refers to schedule.o(i.TDT_Loop_50Hz) for TDT_Loop_50Hz
    schedule.o(i.TDT_Loop) refers to schedule.o(i.TDT_Loop_20Hz) for TDT_Loop_20Hz
    schedule.o(i.TDT_Loop_10000Hz) refers to time.o(i.Get_Cycle_T) for Get_Cycle_T
    schedule.o(i.TDT_Loop_10000Hz) refers to as5048a.o(i.as5048_singelread_angle) for as5048_singelread_angle
    schedule.o(i.TDT_Loop_10000Hz) refers to dfltui.o(.text) for __aeabi_ui2d
    schedule.o(i.TDT_Loop_10000Hz) refers to ddiv.o(.text) for __aeabi_ddiv
    schedule.o(i.TDT_Loop_10000Hz) refers to dmul.o(.text) for __aeabi_dmul
    schedule.o(i.TDT_Loop_10000Hz) refers to dadd.o(.text) for __aeabi_dadd
    schedule.o(i.TDT_Loop_10000Hz) refers to dfixi.o(.text) for __aeabi_d2iz
    schedule.o(i.TDT_Loop_10000Hz) refers to foc.o(i.Clarke_Trans) for Clarke_Trans
    schedule.o(i.TDT_Loop_10000Hz) refers to foc.o(i.Park_Trans) for Park_Trans
    schedule.o(i.TDT_Loop_10000Hz) refers to foc.o(i.Id_PI_Controller) for Id_PI_Controller
    schedule.o(i.TDT_Loop_10000Hz) refers to foc.o(i.Iq_PI_Controller) for Iq_PI_Controller
    schedule.o(i.TDT_Loop_10000Hz) refers to svpwm.o(i.Anti_Park_Calc) for Anti_Park_Calc
    schedule.o(i.TDT_Loop_10000Hz) refers to svpwm.o(i.Svpwm_Module) for Svpwm_Module
    schedule.o(i.TDT_Loop_10000Hz) refers to as5048a.o(.bss) for as5048_A
    schedule.o(i.TDT_Loop_10000Hz) refers to schedule.o(.data) for Feedback_Theta
    schedule.o(i.TDT_Loop_10000Hz) refers to foc.o(.bss) for DRV8305
    schedule.o(i.TDT_Loop_1000Hz) refers to time.o(i.Get_Cycle_T) for Get_Cycle_T
    schedule.o(i.TDT_Loop_100Hz) refers to time.o(i.Get_Cycle_T) for Get_Cycle_T
    schedule.o(i.TDT_Loop_20Hz) refers to schedule.o(.data) for timer_50ms
    schedule.o(i.TDT_Loop_500Hz) refers to time.o(i.Get_Cycle_T) for Get_Cycle_T
    board.o(i.Board_ALL_Init) refers to misc.o(i.NVIC_PriorityGroupConfig) for NVIC_PriorityGroupConfig
    board.o(i.Board_ALL_Init) refers to board.o(i.SysTick_Configuration) for SysTick_Configuration
    board.o(i.Board_ALL_Init) refers to key.o(i.LED_Configuration) for LED_Configuration
    board.o(i.Board_ALL_Init) refers to time.o(i.Cycle_Time_Init) for Cycle_Time_Init
    board.o(i.Board_ALL_Init) refers to tim1.o(i.TIM1_Init) for TIM1_Init
    board.o(i.Board_ALL_Init) refers to drv8305.o(i.DRV8305_Init) for DRV8305_Init
    board.o(i.Board_ALL_Init) refers to as5048a.o(i.AS5048_Init) for AS5048_Init
    board.o(i.Board_ALL_Init) refers to stm32f10x_gpio.o(i.GPIO_ResetBits) for GPIO_ResetBits
    board.o(i.Board_ALL_Init) refers to spi1.o(i.SPI1_ReadWriteByte) for SPI1_ReadWriteByte
    board.o(i.Board_ALL_Init) refers to stm32f10x_gpio.o(i.GPIO_SetBits) for GPIO_SetBits
    board.o(i.Board_ALL_Init) refers to board.o(i.DelayMs) for DelayMs
    board.o(i.Board_ALL_Init) refers to adc.o(i.Protect_AdcInit) for Protect_AdcInit
    board.o(i.Board_ALL_Init) refers to nvic_irq.o(i.R3LM1_Init) for R3LM1_Init
    board.o(i.Board_ALL_Init) refers to nvic_irq.o(i.FOC_NIVC_IRQ) for FOC_NIVC_IRQ
    board.o(i.Board_ALL_Init) refers to filter.o(i.lpf_k_init) for lpf_k_init
    board.o(i.Board_ALL_Init) refers to board.o(i.Parameter_Init) for Parameter_Init
    board.o(i.Board_ALL_Init) refers to board.o(.data) for DRV
    board.o(i.DelayMs) refers to board.o(i.DelayUs) for DelayUs
    board.o(i.DelayUs) refers to board.o(i.GetSysTime_us) for GetSysTime_us
    board.o(i.GetSysTime_us) refers to board.o(.data) for sysTickUptime
    board.o(i.Parameter_Init) refers to foc.o(.data) for Outmax_Id
    board.o(i.Parameter_Init) refers to foc.o(.bss) for DRV8305
    board.o(i.SysTick_Configuration) refers to stm32f10x_rcc.o(i.RCC_GetClocksFreq) for RCC_GetClocksFreq
    board.o(i.SysTick_Configuration) refers to misc.o(i.SysTick_CLKSourceConfig) for SysTick_CLKSourceConfig
    board.o(i.SysTick_Configuration) refers to board.o(.bss) for rcc_clocks
    key.o(i.LED_Configuration) refers to stm32f10x_rcc.o(i.RCC_APB2PeriphClockCmd) for RCC_APB2PeriphClockCmd
[...]
    Removing stm32f10x_rcc.o(i.RCC_BackupResetCmd), (12 bytes).
    Removing stm32f10x_rcc.o(i.RCC_ClearFlag), (20 bytes).
    Removing stm32f10x_rcc.o(i.RCC_ClearITPendingBit), (12 bytes).
    Removing stm32f10x_rcc.o(i.RCC_ClockSecuritySystemCmd), (12 bytes).
    Removing stm32f10x_rcc.o(i.RCC_DeInit), (76 bytes).
    Removing stm32f10x_rcc.o(i.RCC_GetFlagStatus), (60 bytes).
    Removing stm32f10x_rcc.o(i.RCC_GetITStatus), (24 bytes).
    Removing stm32f10x_rcc.o(i.RCC_GetSYSCLKSource), (16 bytes).
    Removing stm32f10x_rcc.o(i.RCC_HCLKConfig), (24 bytes).
    Removing stm32f10x_rcc.o(i.RCC_HSEConfig), (76 bytes).
    Removing stm32f10x_rcc.o(i.RCC_HSICmd), (12 bytes).
    Removing stm32f10x_rcc.o(i.RCC_ITConfig), (32 bytes).
    Removing stm32f10x_rcc.o(i.RCC_LSEConfig), (52 bytes).
    Removing stm32f10x_rcc.o(i.RCC_LSICmd), (12 bytes).
    Removing stm32f10x_rcc.o(i.RCC_MCOConfig), (12 bytes).
    Removing stm32f10x_rcc.o(i.RCC_PCLK1Config), (24 bytes).
    Removing stm32f10x_rcc.o(i.RCC_PCLK2Config), (24 bytes).
    Removing stm32f10x_rcc.o(i.RCC_PLLCmd), (12 bytes).
    Removing stm32f10x_rcc.o(i.RCC_PLLConfig), (28 bytes).
    Removing stm32f10x_rcc.o(i.RCC_RTCCLKCmd), (12 bytes).
    Removing stm32f10x_rcc.o(i.RCC_RTCCLKConfig), (16 bytes).
    Removing stm32f10x_rcc.o(i.RCC_SYSCLKConfig), (24 bytes).
    Removing stm32f10x_rcc.o(i.RCC_USBCLKConfig), (12 bytes).
    Removing stm32f10x_rcc.o(i.RCC_WaitForHSEStartUp), (56 bytes).
    Removing stm32f10x_tim.o(i.TI1_Config), (128 bytes).
    Removing stm32f10x_tim.o(i.TI2_Config), (152 bytes).
    Removing stm32f10x_tim.o(i.TI3_Config), (144 bytes).
    Removing stm32f10x_tim.o(i.TI4_Config), (152 bytes).
    Removing stm32f10x_tim.o(i.TIM_BDTRStructInit), (18 bytes).
    Removing stm32f10x_tim.o(i.TIM_CCPreloadControl), (24 bytes).
    Removing stm32f10x_tim.o(i.TIM_CCxCmd), (30 bytes).
    Removing stm32f10x_tim.o(i.TIM_CCxNCmd), (30 bytes).
    Removing stm32f10x_tim.o(i.TIM_ClearFlag), (6 bytes).
    Removing stm32f10x_tim.o(i.TIM_ClearOC1Ref), (18 bytes).
    Removing stm32f10x_tim.o(i.TIM_ClearOC2Ref), (24 bytes).
    Removing stm32f10x_tim.o(i.TIM_ClearOC3Ref), (18 bytes).
    Removing stm32f10x_tim.o(i.TIM_ClearOC4Ref), (24 bytes).
    Removing stm32f10x_tim.o(i.TIM_CounterModeConfig), (18 bytes).
    Removing stm32f10x_tim.o(i.TIM_DMACmd), (18 bytes).
    Removing stm32f10x_tim.o(i.TIM_DMAConfig), (10 bytes).
    Removing stm32f10x_tim.o(i.TIM_ETRClockMode1Config), (54 bytes).
    Removing stm32f10x_tim.o(i.TIM_ETRClockMode2Config), (32 bytes).
    Removing stm32f10x_tim.o(i.TIM_ETRConfig), (28 bytes).
    Removing stm32f10x_tim.o(i.TIM_EncoderInterfaceConfig), (66 bytes).
    Removing stm32f10x_tim.o(i.TIM_ForcedOC1Config), (18 bytes).
    Removing stm32f10x_tim.o(i.TIM_ForcedOC2Config), (26 bytes).
    Removing stm32f10x_tim.o(i.TIM_ForcedOC3Config), (18 bytes).
    Removing stm32f10x_tim.o(i.TIM_ForcedOC4Config), (26 bytes).
    Removing stm32f10x_tim.o(i.TIM_GetCapture1), (6 bytes).
    Removing stm32f10x_tim.o(i.TIM_GetCapture2), (6 bytes).
    Removing stm32f10x_tim.o(i.TIM_GetCapture3), (6 bytes).
    Removing stm32f10x_tim.o(i.TIM_GetCapture4), (8 bytes).
    Removing stm32f10x_tim.o(i.TIM_GetCounter), (6 bytes).
    Removing stm32f10x_tim.o(i.TIM_GetFlagStatus), (18 bytes).
    Removing stm32f10x_tim.o(i.TIM_GetPrescaler), (6 bytes).
    Removing stm32f10x_tim.o(i.TIM_ICInit), (172 bytes).
    Removing stm32f10x_tim.o(i.TIM_ICStructInit), (18 bytes).
    Removing stm32f10x_tim.o(i.TIM_ITRxExternalClockConfig), (24 bytes).
    Removing stm32f10x_tim.o(i.TIM_InternalClockConfig), (12 bytes).
    Removing stm32f10x_tim.o(i.TIM_OC1FastConfig), (18 bytes).
    Removing stm32f10x_tim.o(i.TIM_OC1NPolarityConfig), (18 bytes).
    Removing stm32f10x_tim.o(i.TIM_OC1PolarityConfig), (18 bytes).
    Removing stm32f10x_tim.o(i.TIM_OC2FastConfig), (26 bytes).
    Removing stm32f10x_tim.o(i.TIM_OC2NPolarityConfig), (26 bytes).
    Removing stm32f10x_tim.o(i.TIM_OC2PolarityConfig), (26 bytes).
    Removing stm32f10x_tim.o(i.TIM_OC3FastConfig), (18 bytes).
    Removing stm32f10x_tim.o(i.TIM_OC3NPolarityConfig), (26 bytes).
    Removing stm32f10x_tim.o(i.TIM_OC3PolarityConfig), (26 bytes).
    Removing stm32f10x_tim.o(i.TIM_OC4FastConfig), (26 bytes).
    Removing stm32f10x_tim.o(i.TIM_OCStructInit), (20 bytes).
    Removing stm32f10x_tim.o(i.TIM_PWMIConfig), (124 bytes).
    Removing stm32f10x_tim.o(i.TIM_PrescalerConfig), (6 bytes).
    Removing stm32f10x_tim.o(i.TIM_SelectCCDMA), (24 bytes).
    Removing stm32f10x_tim.o(i.TIM_SelectCOM), (24 bytes).
    Removing stm32f10x_tim.o(i.TIM_SelectHallSensor), (24 bytes).
    Removing stm32f10x_tim.o(i.TIM_SelectOCxM), (82 bytes).
    Removing stm32f10x_tim.o(i.TIM_SelectOnePulseMode), (18 bytes).
    Removing stm32f10x_tim.o(i.TIM_SetAutoreload), (4 bytes).
    Removing stm32f10x_tim.o(i.TIM_SetClockDivision), (18 bytes).
    Removing stm32f10x_tim.o(i.TIM_SetCompare1), (4 bytes).
    Removing stm32f10x_tim.o(i.TIM_SetCompare2), (4 bytes).
    Removing stm32f10x_tim.o(i.TIM_SetCompare3), (4 bytes).
    Removing stm32f10x_tim.o(i.TIM_SetCompare4), (6 bytes).
    Removing stm32f10x_tim.o(i.TIM_SetCounter), (4 bytes).
    Removing stm32f10x_tim.o(i.TIM_SetIC1Prescaler), (18 bytes).
    Removing stm32f10x_tim.o(i.TIM_SetIC2Prescaler), (26 bytes).
    Removing stm32f10x_tim.o(i.TIM_SetIC3Prescaler), (18 bytes).
    Removing stm32f10x_tim.o(i.TIM_SetIC4Prescaler), (26 bytes).
    Removing stm32f10x_tim.o(i.TIM_TIxExternalClockConfig), (62 bytes).
    Removing stm32f10x_tim.o(i.TIM_TimeBaseStructInit), (18 bytes).
    Removing stm32f10x_tim.o(i.TIM_UpdateDisableConfig), (24 bytes).
    Removing stm32f10x_tim.o(i.TIM_UpdateRequestConfig), (24 bytes).
    Removing stm32f10x_usart.o(i.USART_ClearFlag), (18 bytes).
    Removing stm32f10x_usart.o(i.USART_ClearITPendingBit), (30 bytes).
    Removing stm32f10x_usart.o(i.USART_ClockInit), (34 bytes).
    Removing stm32f10x_usart.o(i.USART_ClockStructInit), (12 bytes).
    Removing stm32f10x_usart.o(i.USART_Cmd), (24 bytes).
    Removing stm32f10x_usart.o(i.USART_DMACmd), (18 bytes).
    Removing stm32f10x_usart.o(i.USART_DeInit), (156 bytes).
    Removing stm32f10x_usart.o(i.USART_GetFlagStatus), (26 bytes).
    Removing stm32f10x_usart.o(i.USART_GetITStatus), (84 bytes).
    Removing stm32f10x_usart.o(i.USART_HalfDuplexCmd), (24 bytes).
    Removing stm32f10x_usart.o(i.USART_ITConfig), (74 bytes).
    Removing stm32f10x_usart.o(i.USART_Init), (216 bytes).
    Removing stm32f10x_usart.o(i.USART_IrDACmd), (24 bytes).
    Removing stm32f10x_usart.o(i.USART_IrDAConfig), (18 bytes).
    Removing stm32f10x_usart.o(i.USART_LINBreakDetectLengthConfig), (18 bytes).
    Removing stm32f10x_usart.o(i.USART_LINCmd), (24 bytes).
    Removing stm32f10x_usart.o(i.USART_OneBitMethodCmd), (24 bytes).
    Removing stm32f10x_usart.o(i.USART_OverSampling8Cmd), (22 bytes).
    Removing stm32f10x_usart.o(i.USART_ReceiveData), (10 bytes).
    Removing stm32f10x_usart.o(i.USART_ReceiverWakeUpCmd), (24 bytes).
    Removing stm32f10x_usart.o(i.USART_SendBreak), (10 bytes).
    Removing stm32f10x_usart.o(i.USART_SendData), (8 bytes).
    Removing stm32f10x_usart.o(i.USART_SetAddress), (18 bytes).
    Removing stm32f10x_usart.o(i.USART_SetGuardTime), (16 bytes).
    Removing stm32f10x_usart.o(i.USART_SetPrescaler), (16 bytes).
    Removing stm32f10x_usart.o(i.USART_SmartCardCmd), (24 bytes).
    Removing stm32f10x_usart.o(i.USART_SmartCardNACKCmd), (24 bytes).
    Removing stm32f10x_usart.o(i.USART_StructInit), (24 bytes).
    Removing stm32f10x_usart.o(i.USART_WakeUpConfig), (18 bytes).
    Removing stm32f10x_dma.o(i.DMA_ClearFlag), (28 bytes).
    Removing stm32f10x_dma.o(i.DMA_ClearITPendingBit), (28 bytes).
    Removing stm32f10x_dma.o(i.DMA_Cmd), (24 bytes).
    Removing stm32f10x_dma.o(i.DMA_DeInit), (332 bytes).
    Removing stm32f10x_dma.o(i.DMA_GetCurrDataCounter), (8 bytes).
    Removing stm32f10x_dma.o(i.DMA_GetFlagStatus), (44 bytes).
    Removing stm32f10x_dma.o(i.DMA_GetITStatus), (44 bytes).
    Removing stm32f10x_dma.o(i.DMA_ITConfig), (18 bytes).
    Removing stm32f10x_dma.o(i.DMA_Init), (60 bytes).
    Removing stm32f10x_dma.o(i.DMA_SetCurrDataCounter), (4 bytes).
    Removing stm32f10x_dma.o(i.DMA_StructInit), (26 bytes).
    Removing stm32f10x_flash.o(i.FLASH_ClearFlag), (12 bytes).
    Removing stm32f10x_flash.o(i.FLASH_EnableWriteProtection), (196 bytes).
    Removing stm32f10x_flash.o(i.FLASH_EraseAllBank1Pages), (72 bytes).
    Removing stm32f10x_flash.o(i.FLASH_EraseAllPages), (72 bytes).
    Removing stm32f10x_flash.o(i.FLASH_EraseOptionBytes), (168 bytes).
    Removing stm32f10x_flash.o(i.FLASH_ErasePage), (76 bytes).
    Removing stm32f10x_flash.o(i.FLASH_GetBank1Status), (52 bytes).
    Removing stm32f10x_flash.o(i.FLASH_GetFlagStatus), (48 bytes).
    Removing stm32f10x_flash.o(i.FLASH_GetPrefetchBufferStatus), (24 bytes).
    Removing stm32f10x_flash.o(i.FLASH_GetReadOutProtectionStatus), (24 bytes).
    Removing stm32f10x_flash.o(i.FLASH_GetStatus), (52 bytes).
    Removing stm32f10x_flash.o(i.FLASH_GetUserOptionByte), (12 bytes).
    Removing stm32f10x_flash.o(i.FLASH_GetWriteProtectionOptionByte), (12 bytes).
    Removing stm32f10x_flash.o(i.FLASH_HalfCycleAccessCmd), (28 bytes).
    Removing stm32f10x_flash.o(i.FLASH_ITConfig), (32 bytes).
    Removing stm32f10x_flash.o(i.FLASH_Lock), (20 bytes).
    Removing stm32f10x_flash.o(i.FLASH_LockBank1), (20 bytes).
    Removing stm32f10x_flash.o(i.FLASH_PrefetchBufferCmd), (28 bytes).
    Removing stm32f10x_flash.o(i.FLASH_ProgramHalfWord), (64 bytes).
    Removing stm32f10x_flash.o(i.FLASH_ProgramOptionByteData), (84 bytes).
    Removing stm32f10x_flash.o(i.FLASH_ProgramWord), (108 bytes).
    Removing stm32f10x_flash.o(i.FLASH_ReadOutProtection), (172 bytes).
    Removing stm32f10x_flash.o(i.FLASH_SetLatency), (24 bytes).
    Removing stm32f10x_flash.o(i.FLASH_Unlock), (24 bytes).
    Removing stm32f10x_flash.o(i.FLASH_UnlockBank1), (24 bytes).
    Removing stm32f10x_flash.o(i.FLASH_UserOptionByteConfig), (104 bytes).
    Removing stm32f10x_flash.o(i.FLASH_WaitForLastBank1Operation), (38 bytes).
    Removing stm32f10x_flash.o(i.FLASH_WaitForLastOperation), (38 bytes).
    Removing stm32f10x_exti.o(i.EXTI_ClearFlag), (12 bytes).
    Removing stm32f10x_exti.o(i.EXTI_ClearITPendingBit), (12 bytes).
    Removing stm32f10x_exti.o(i.EXTI_DeInit), (36 bytes).
    Removing stm32f10x_exti.o(i.EXTI_GenerateSWInterrupt), (16 bytes).
    Removing stm32f10x_exti.o(i.EXTI_GetFlagStatus), (24 bytes).
    Removing stm32f10x_exti.o(i.EXTI_GetITStatus), (40 bytes).
    Removing stm32f10x_exti.o(i.EXTI_Init), (148 bytes).
    Removing stm32f10x_exti.o(i.EXTI_StructInit), (16 bytes).
    Removing stm32f10x_spi.o(i.I2S_Cmd), (24 bytes).
    Removing stm32f10x_spi.o(i.I2S_Init), (232 bytes).
    Removing stm32f10x_spi.o(i.I2S_StructInit), (20 bytes).
    Removing stm32f10x_spi.o(i.SPI_BiDirectionalLineConfig), (28 bytes).
    Removing stm32f10x_spi.o(i.SPI_CalculateCRC), (24 bytes).
    Removing stm32f10x_spi.o(i.SPI_DataSizeConfig), (18 bytes).
    Removing stm32f10x_spi.o(i.SPI_GetCRC), (16 bytes).
    Removing stm32f10x_spi.o(i.SPI_GetCRCPolynomial), (6 bytes).
    Removing stm32f10x_spi.o(i.SPI_I2S_ClearFlag), (6 bytes).
    Removing stm32f10x_spi.o(i.SPI_I2S_ClearITPendingBit), (20 bytes).
    Removing stm32f10x_spi.o(i.SPI_I2S_DMACmd), (18 bytes).
    Removing stm32f10x_spi.o(i.SPI_I2S_DeInit), (88 bytes).
    Removing stm32f10x_spi.o(i.SPI_I2S_GetITStatus), (52 bytes).
    Removing stm32f10x_spi.o(i.SPI_I2S_ITConfig), (32 bytes).
    Removing stm32f10x_spi.o(i.SPI_NSSInternalSoftwareConfig), (30 bytes).
    Removing stm32f10x_spi.o(i.SPI_SSOutputCmd), (24 bytes).
    Removing stm32f10x_spi.o(i.SPI_StructInit), (24 bytes).
    Removing stm32f10x_spi.o(i.SPI_TransmitCRC), (10 bytes).
    Removing startup_stm32f10x_md.o(HEAP), (512 bytes).
    Removing system_stm32f10x.o(i.SystemCoreClockUpdate), (164 bytes).
    Removing system_stm32f10x.o(.data), (20 bytes).
    Removing ffixui.o(.text), (40 bytes).
    Removing f2d.o(.text), (38 bytes).
    Removing d2f.o(.text), (56 bytes).
    Removing dscalb.o(.text), (46 bytes).

270 unused section(s) (total 13446 bytes) removed from the image.

==============================================================================

Image Symbol Table

    Local Symbols

    Symbol Name                              Value     Ov Type        Size  Object(Section)

    ../clib/microlib/errno.c                 0x00000000   Number         0  errno.o ABSOLUTE
    ../clib/microlib/init/entry.s            0x00000000   Number         0  entry7a.o ABSOLUTE
    ../clib/microlib/init/entry.s            0x00000000   Number         0  entry9a.o ABSOLUTE
    ../clib/microlib/init/entry.s            0x00000000   Number         0  entry7b.o ABSOLUTE
    ../clib/microlib/init/entry.s            0x00000000   Number         0  entry8b.o ABSOLUTE
    ../clib/microlib/init/entry.s            0x00000000   Number         0  entry8a.o ABSOLUTE
    ../clib/microlib/init/entry.s            0x00000000   Number         0  entry2.o ABSOLUTE
    ../clib/microlib/init/entry.s            0x00000000   Number         0  entry9b.o ABSOLUTE
    ../clib/microlib/init/entry.s            0x00000000   Number         0  entry11b.o ABSOLUTE
    ../clib/microlib/init/entry.s            0x00000000   Number         0  entry.o ABSOLUTE
    ../clib/microlib/init/entry.s            0x00000000   Number         0  entry5.o ABSOLUTE
    ../clib/microlib/init/entry.s            0x00000000   Number         0  entry11a.o ABSOLUTE
    ../clib/microlib/init/entry.s            0x00000000   Number         0  entry10b.o ABSOLUTE
    ../clib/microlib/init/entry.s            0x00000000   Number         0  entry10a.o ABSOLUTE
    ../clib/microlib/longlong.c              0x00000000   Number         0  llushr.o ABSOLUTE
    ../clib/microlib/longlong.c              0x00000000   Number         0  llshl.o ABSOLUTE
    ../clib/microlib/longlong.c              0x00000000   Number         0  llsshr.o ABSOLUTE
    ../clib/microlib/stubs.s                 0x00000000   Number         0  iusefp.o ABSOLUTE
    ../fplib/microlib/d2f.c                  0x00000000   Number         0  d2f.o ABSOLUTE
    ../fplib/microlib/f2d.c                  0x00000000   Number         0  f2d.o ABSOLUTE
    ../fplib/microlib/fpadd.c                0x00000000   Number         0  fadd.o ABSOLUTE
    ../fplib/microlib/fpadd.c                0x00000000   Number         0  dadd.o ABSOLUTE
    ../fplib/microlib/fpdiv.c                0x00000000   Number         0  fdiv.o ABSOLUTE
    ../fplib/microlib/fpdiv.c                0x00000000   Number         0  ddiv.o ABSOLUTE
    ../fplib/microlib/fpepilogue.c           0x00000000   Number         0  depilogue.o ABSOLUTE
    ../fplib/microlib/fpepilogue.c           0x00000000   Number         0  fepilogue.o ABSOLUTE
    ../fplib/microlib/fpfix.c                0x00000000   Number         0  dfixi.o ABSOLUTE
    ../fplib/microlib/fpfix.c                0x00000000   Number         0  ffixi.o ABSOLUTE
    ../fplib/microlib/fpfix.c                0x00000000   Number         0  ffixui.o ABSOLUTE
    ../fplib/microlib/fpflt.c                0x00000000   Number         0  dflti.o ABSOLUTE
    ../fplib/microlib/fpflt.c                0x00000000   Number         0  fflti.o ABSOLUTE
    ../fplib/microlib/fpflt.c                0x00000000   Number         0  ffltui.o ABSOLUTE
    ../fplib/microlib/fpflt.c                0x00000000   Number         0  dfltui.o ABSOLUTE
    ../fplib/microlib/fpmul.c                0x00000000   Number         0  fmul.o ABSOLUTE
    ../fplib/microlib/fpmul.c                0x00000000   Number         0  dmul.o ABSOLUTE
    ../fplib/microlib/fprnd.c                0x00000000   Number         0  frnd.o ABSOLUTE
    ../fplib/microlib/fpscalb.c              0x00000000   Number         0  fscalb.o ABSOLUTE
    ../fplib/microlib/fpscalb.c              0x00000000   Number         0  dscalb.o ABSOLUTE
    ../mathlib/cos.c                         0x00000000   Number         0  cos_x.o ABSOLUTE
    ../mathlib/cos.c                         0x00000000   Number         0  cos.o ABSOLUTE
    ../mathlib/cos_i.c                       0x00000000   Number         0  cos_i.o ABSOLUTE
    ../mathlib/cosf.c                        0x00000000   Number         0  cosf_x.o ABSOLUTE
    ../mathlib/cosf.c                        0x00000000   Number         0  cosf.o ABSOLUTE
    ../mathlib/dunder.c                      0x00000000   Number         0  dunder.o ABSOLUTE
    ../mathlib/fpclassify.c                  0x00000000   Number         0  fpclassify.o ABSOLUTE
    ../mathlib/fpclassifyf.c                 0x00000000   Number         0  fpclassifyf.o ABSOLUTE
    ../mathlib/funder.c                      0x00000000   Number         0  funder.o ABSOLUTE
    ../mathlib/poly.c                        0x00000000   Number         0  poly.o ABSOLUTE
    ../mathlib/rred.c                        0x00000000   Number         0  rred.o ABSOLUTE
    ../mathlib/rredf.c                       0x00000000   Number         0  rredf.o ABSOLUTE
    ../mathlib/sin.c                         0x00000000   Number         0  sin.o ABSOLUTE
    ../mathlib/sin.c                         0x00000000   Number         0  sin_x.o ABSOLUTE
    ../mathlib/sin_i.c                       0x00000000   Number         0  sin_i.o ABSOLUTE
    ../mathlib/sin_i.c                       0x00000000   Number         0  sin_i_x.o ABSOLUTE
    ../mathlib/tanf.c                        0x00000000   Number         0  tanf_x.o ABSOLUTE
    ../mathlib/tanf.c                        0x00000000   Number         0  tanf.o ABSOLUTE
    ..\Libraries\misc.c                      0x00000000   Number         0  misc.o ABSOLUTE
    ..\Libraries\stm32f10x_adc.c             0x00000000   Number         0  stm32f10x_adc.o ABSOLUTE
    ..\Libraries\stm32f10x_can.c             0x00000000   Number         0  stm32f10x_can.o ABSOLUTE
    ..\Libraries\stm32f10x_dma.c             0x00000000   Number         0  stm32f10x_dma.o ABSOLUTE
    ..\Libraries\stm32f10x_exti.c            0x00000000   Number         0  stm32f10x_exti.o ABSOLUTE
    ..\Libraries\stm32f10x_flash.c           0x00000000   Number         0  stm32f10x_flash.o ABSOLUTE
    ..\Libraries\stm32f10x_gpio.c            0x00000000   Number         0  stm32f10x_gpio.o ABSOLUTE
    ..\Libraries\stm32f10x_rcc.c             0x00000000   Number         0  stm32f10x_rcc.o ABSOLUTE
    ..\Libraries\stm32f10x_spi.c             0x00000000   Number         0  stm32f10x_spi.o ABSOLUTE
    ..\Libraries\stm32f10x_tim.c             0x00000000   Number         0  stm32f10x_tim.o ABSOLUTE
    ..\Libraries\stm32f10x_usart.c           0x00000000   Number         0  stm32f10x_usart.o ABSOLUTE
    ..\Mylib\ADC.c                           0x00000000   Number         0  adc.o ABSOLUTE
    ..\Mylib\AS5048a.c                       0x00000000   Number         0  as5048a.o ABSOLUTE
    ..\Mylib\DRV8305.c                       0x00000000   Number         0  drv8305.o ABSOLUTE
    ..\Mylib\Filter.c                        0x00000000   Number         0  filter.o ABSOLUTE
    ..\Mylib\Foc.c                           0x00000000   Number         0  foc.o ABSOLUTE
    ..\Mylib\Input.c                         0x00000000   Number         0  input.o ABSOLUTE
    ..\Mylib\NVIC_IRQ.c                      0x00000000   Number         0  nvic_irq.o ABSOLUTE
    ..\Mylib\SPI1.c                          0x00000000   Number         0  spi1.o ABSOLUTE
    ..\Mylib\SPI2.c                          0x00000000   Number         0  spi2.o ABSOLUTE
    ..\Mylib\SVPWM.c                         0x00000000   Number         0  svpwm.o ABSOLUTE
    ..\Mylib\TIM1.c                          0x00000000   Number         0  tim1.o ABSOLUTE
    ..\Mylib\board.c                         0x00000000   Number         0  board.o ABSOLUTE
    ..\Mylib\delay.c                         0x00000000   Number         0  delay.o ABSOLUTE
    ..\Mylib\key.c                           0x00000000   Number         0  key.o ABSOLUTE
    ..\Mylib\model_ident.c                   0x00000000   Number         0  model_ident.o ABSOLUTE
    ..\Mylib\pwm.c                           0x00000000   Number         0  pwm.o ABSOLUTE
    ..\Mylib\schedule.c                      0x00000000   Number         0  schedule.o ABSOLUTE
    ..\Mylib\time.c                          0x00000000   Number         0  time.o ABSOLUTE
    ..\User\main.c                           0x00000000   Number         0  main.o ABSOLUTE
    ..\User\stm32f10x_it.c                   0x00000000   Number         0  stm32f10x_it.o ABSOLUTE
    RTE\Device\STM32F103C8\startup_stm32f10x_md.s 0x00000000   Number         0  startup_stm32f10x_md.o ABSOLUTE
    RTE\Device\STM32F103C8\system_stm32f10x.c 0x00000000   Number         0  system_stm32f10x.o ABSOLUTE
    cfcmple.s                                0x00000000   Number         0  cfcmple.o ABSOLUTE
    cfrcmple.s                               0x00000000   Number         0  cfrcmple.o ABSOLUTE
    dc.s                                     0x00000000   Number         0  dc.o ABSOLUTE
    handlers.s                               0x00000000   Number         0  handlers.o ABSOLUTE
    init.s                                   0x00000000   Number         0  init.o ABSOLUTE
    RESET                                    0x08000000   Section      236  startup_stm32f10x_md.o(RESET)
    .ARM.Collect$$$$00000000                 0x080000ec   Section        0  entry.o(.ARM.Collect$$$$00000000)
    .ARM.Collect$$$$00000001                 0x080000ec   Section        4  entry2.o(.ARM.Collect$$$$00000001)
    .ARM.Collect$$$$00000004                 0x080000f0   Section        4  entry5.o(.ARM.Collect$$$$00000004)
    .ARM.Collect$$$$00000008                 0x080000f4   Section        0  entry7b.o(.ARM.Collect$$$$00000008)
    .ARM.Collect$$$$0000000A                 0x080000f4   Section        0  entry8b.o(.ARM.Collect$$$$0000000A)
    .ARM.Collect$$$$0000000B                 0x080000f4   Section        8  entry9a.o(.ARM.Collect$$$$0000000B)
    .ARM.Collect$$$$0000000D                 0x080000fc   Section        0  entry10a.o(.ARM.Collect$$$$0000000D)
    .ARM.Collect$$$$0000000F                 0x080000fc   Section        0  entry11a.o(.ARM.Collect$$$$0000000F)
    .ARM.Collect$$$$00002712                 0x080000fc   Section        4  entry2.o(.ARM.Collect$$$$00002712)
    __lit__00000000                          0x080000fc   Data           4  entry2.o(.ARM.Collect$$$$00002712)
    .text                                    0x08000100   Section       36  startup_stm32f10x_md.o(.text)
    .text                                    0x08000124   Section        0  fadd.o(.text)
    .text                                    0x080001d4   Section        0  fmul.o(.text)
    .text                                    0x08000238   Section        0  fdiv.o(.text)
    .text                                    0x080002b4   Section        0  dadd.o(.text)
    .text                                    0x08000402   Section        0  dmul.o(.text)
    .text                                    0x080004e6   Section        0  ddiv.o(.text)
    .text                                    0x080005c4   Section        0  fflti.o(.text)
    .text                                    0x080005d6   Section        0  ffltui.o(.text)
    .text                                    0x080005e0   Section        0  dflti.o(.text)
    .text                                    0x08000602   Section        0  dfltui.o(.text)
    .text                                    0x0800061c   Section        0  ffixi.o(.text)
    .text                                    0x0800064e   Section        0  dfixi.o(.text)
    .text                                    0x0800068c   Section       20  cfcmple.o(.text)
    .text                                    0x080006a0   Section       20  cfrcmple.o(.text)
    .text                                    0x080006b4   Section        0  llshl.o(.text)
    .text                                    0x080006d2   Section        0  llushr.o(.text)
    .text                                    0x080006f2   Section        0  llsshr.o(.text)
    .text                                    0x08000716   Section        0  iusefp.o(.text)
    .text                                    0x08000716   Section        0  fepilogue.o(.text)
    .text                                    0x08000784   Section        0  frnd.o(.text)
    .text                                    0x080007c0   Section        0  depilogue.o(.text)
    .text                                    0x0800087c   Section       36  init.o(.text)
    .text                                    0x080008a0   Section        0  fscalb.o(.text)
    i.ADC1_2_IRQHandler                      0x080008b8   Section        0  adc.o(i.ADC1_2_IRQHandler)
    i.ADC_AutoInjectedConvCmd                0x08000a38   Section        0  stm32f10x_adc.o(i.ADC_AutoInjectedConvCmd)
    i.ADC_ClearITPendingBit                  0x08000a4e   Section        0  stm32f10x_adc.o(i.ADC_ClearITPendingBit)
    i.ADC_Cmd                                0x08000a58   Section        0  stm32f10x_adc.o(i.ADC_Cmd)
    i.ADC_DeInit                             0x08000a70   Section        0  stm32f10x_adc.o(i.ADC_DeInit)
    i.ADC_DiscModeCmd                        0x08000acc   Section        0  stm32f10x_adc.o(i.ADC_DiscModeCmd)
    i.ADC_ExternalTrigInjectedConvCmd        0x08000ae2   Section        0  stm32f10x_adc.o(i.ADC_ExternalTrigInjectedConvCmd)
    i.ADC_ExternalTrigInjectedConvConfig     0x08000af8   Section        0  stm32f10x_adc.o(i.ADC_ExternalTrigInjectedConvConfig)
    i.ADC_GetITStatus                        0x08000b08   Section        0  stm32f10x_adc.o(i.ADC_GetITStatus)
    i.ADC_GetResetCalibrationStatus          0x08000b2c   Section        0  stm32f10x_adc.o(i.ADC_GetResetCalibrationStatus)
    i.ADC_ITConfig                           0x08000b40   Section        0  stm32f10x_adc.o(i.ADC_ITConfig)
    i.ADC_Init                               0x08000b58   Section        0  stm32f10x_adc.o(i.ADC_Init)
    i.ADC_InjectedChannelConfig              0x08000ba8   Section        0  stm32f10x_adc.o(i.ADC_InjectedChannelConfig)
    i.ADC_InjectedDiscModeCmd                0x08000c2a   Section        0  stm32f10x_adc.o(i.ADC_InjectedDiscModeCmd)
    i.ADC_InjectedSequencerLengthConfig      0x08000c40   Section        0  stm32f10x_adc.o(i.ADC_InjectedSequencerLengthConfig)
    i.ADC_ResetCalibration                   0x08000c58   Section        0  stm32f10x_adc.o(i.ADC_ResetCalibration)
    i.ADC_SetInjectedOffset                  0x08000c62   Section        0  stm32f10x_adc.o(i.ADC_SetInjectedOffset)
    i.ADC_SoftwareStartConvCmd               0x08000c76   Section        0  stm32f10x_adc.o(i.ADC_SoftwareStartConvCmd)
    i.ADC_StartCalibration                   0x08000c8c   Section        0  stm32f10x_adc.o(i.ADC_StartCalibration)
    i.AS5048_Init                            0x08000c98   Section        0  as5048a.o(i.AS5048_Init)
    i.Anti_Park_Calc                         0x08000cd4   Section        0  svpwm.o(i.Anti_Park_Calc)
    i.Board_ALL_Init                         0x08000d58   Section        0  board.o(i.Board_ALL_Init)
    i.BusFault_Handler                       0x08000dd0   Section        0  stm32f10x_it.o(i.BusFault_Handler)
    i.Clarke_Trans                           0x08000dd4   Section        0  foc.o(i.Clarke_Trans)
    i.Cycle_Time_Init                        0x08000e18   Section        0  time.o(i.Cycle_Time_Init)
    i.DRV8305_Init                           0x08000e30   Section        0  drv8305.o(i.DRV8305_Init)
    i.DebugMon_Handler                       0x08000e74   Section        0  stm32f10x_it.o(i.DebugMon_Handler)
    i.DelayMs                                0x08000e76   Section        0  board.o(i.DelayMs)
    i.DelayUs                                0x08000e8e   Section        0  board.o(i.DelayUs)
    i.FOC_NIVC_IRQ                           0x08000ea6   Section        0  nvic_irq.o(i.FOC_NIVC_IRQ)
    i.GPIO_AFIODeInit                        0x08000f00   Section        0  stm32f10x_gpio.o(i.GPIO_AFIODeInit)
    i.GPIO_Init                              0x08000f14   Section        0  stm32f10x_gpio.o(i.GPIO_Init)
    i.GPIO_PinRemapConfig                    0x0800102c   Section        0  stm32f10x_gpio.o(i.GPIO_PinRemapConfig)
    i.GPIO_ResetBits                         0x080010bc   Section        0  stm32f10x_gpio.o(i.GPIO_ResetBits)
    i.GPIO_SetBits                           0x080010c0   Section        0  stm32f10x_gpio.o(i.GPIO_SetBits)
    i.GetSysTime_us                          0x080010c4   Section        0  board.o(i.GetSysTime_us)
    i.Get_Cycle_T                            0x080010f8   Section        0  time.o(i.Get_Cycle_T)
    i.HardFault_Handler                      0x08001168   Section        0  stm32f10x_it.o(i.HardFault_Handler)
    i.Id_PI_Controller                       0x0800116c   Section        0  foc.o(i.Id_PI_Controller)
    i.Iq_PI_Controller                       0x08001220   Section        0  foc.o(i.Iq_PI_Controller)
    i.LED_Configuration                      0x080012d4   Section        0  key.o(i.LED_Configuration)
    i.LPF2pApply                             0x08001300   Section        0  filter.o(i.LPF2pApply)
    i.LPF2pSetCutoffFreq                     0x080013a8   Section        0  filter.o(i.LPF2pSetCutoffFreq)
    i.MemManage_Handler                      0x080014b8   Section        0  stm32f10x_it.o(i.MemManage_Handler)
    i.NMI_Handler                            0x080014bc   Section        0  stm32f10x_it.o(i.NMI_Handler)
    i.NVIC_Init                              0x080014c0   Section        0  misc.o(i.NVIC_Init)
    i.NVIC_PriorityGroupConfig               0x08001530   Section        0  misc.o(i.NVIC_PriorityGroupConfig)
    i.Parameter_Init                         0x08001544   Section        0  board.o(i.Parameter_Init)
    i.Park_Trans                             0x08001580   Section        0  foc.o(i.Park_Trans)
    i.PendSV_Handler                         0x08001640   Section        0  stm32f10x_it.o(i.PendSV_Handler)
    i.Protect_AdcInit                        0x08001644   Section        0  adc.o(i.Protect_AdcInit)
    i.R3LM1_Init                             0x080017b8   Section        0  nvic_irq.o(i.R3LM1_Init)
    i.R3LM1_SetADCSampPointSect1             0x08001848   Section        0  nvic_irq.o(i.R3LM1_SetADCSampPointSect1)
    i.R3LM1_SetADCSampPointSect2             0x080018e8   Section        0  nvic_irq.o(i.R3LM1_SetADCSampPointSect2)
    i.R3LM1_SetADCSampPointSect3             0x08001988   Section        0  nvic_irq.o(i.R3LM1_SetADCSampPointSect3)
    i.R3LM1_SetADCSampPointSect4             0x08001a28   Section        0  nvic_irq.o(i.R3LM1_SetADCSampPointSect4)
    i.R3LM1_SetADCSampPointSect5             0x08001ac8   Section        0  nvic_irq.o(i.R3LM1_SetADCSampPointSect5)
    i.R3LM1_SetADCSampPointSect6             0x08001b68   Section        0  nvic_irq.o(i.R3LM1_SetADCSampPointSect6)
    i.RCC_ADCCLKConfig                       0x08001c08   Section        0  stm32f10x_rcc.o(i.RCC_ADCCLKConfig)
    i.RCC_APB1PeriphClockCmd                 0x08001c20   Section        0  stm32f10x_rcc.o(i.RCC_APB1PeriphClockCmd)
    i.RCC_APB1PeriphResetCmd                 0x08001c40   Section        0  stm32f10x_rcc.o(i.RCC_APB1PeriphResetCmd)
    i.RCC_APB2PeriphClockCmd                 0x08001c60   Section        0  stm32f10x_rcc.o(i.RCC_APB2PeriphClockCmd)
    i.RCC_APB2PeriphResetCmd                 0x08001c80   Section        0  stm32f10x_rcc.o(i.RCC_APB2PeriphResetCmd)
    i.RCC_GetClocksFreq                      0x08001ca0   Section        0  stm32f10x_rcc.o(i.RCC_GetClocksFreq)
    i.SPI1_Init                              0x08001d74   Section        0  spi1.o(i.SPI1_Init)
    i.SPI1_ReadWriteByte                     0x08001e18   Section        0  spi1.o(i.SPI1_ReadWriteByte)
    i.SPI2_Init                              0x08001e4c   Section        0  spi2.o(i.SPI2_Init)
    i.SPI2_ReadWrite16Bit                    0x08001ed4   Section        0  spi2.o(i.SPI2_ReadWrite16Bit)
    i.SPI_Cmd                                0x08001f08   Section        0  stm32f10x_spi.o(i.SPI_Cmd)
    i.SPI_I2S_GetFlagStatus                  0x08001f20   Section        0  stm32f10x_spi.o(i.SPI_I2S_GetFlagStatus)
    i.SPI_I2S_ReceiveData                    0x08001f32   Section        0  stm32f10x_spi.o(i.SPI_I2S_ReceiveData)
    i.SPI_I2S_SendData                       0x08001f38   Section        0  stm32f10x_spi.o(i.SPI_I2S_SendData)
    i.SPI_Init                               0x08001f3c   Section        0  stm32f10x_spi.o(i.SPI_Init)
    i.SVC_Handler                            0x08001f78   Section        0  stm32f10x_it.o(i.SVC_Handler)
    i.SetSysClock                            0x08001f7a   Section        0  system_stm32f10x.o(i.SetSysClock)
    SetSysClock                              0x08001f7b   Thumb Code     8  system_stm32f10x.o(i.SetSysClock)
    i.SetSysClockTo72                        0x08001f84   Section        0  system_stm32f10x.o(i.SetSysClockTo72)
    SetSysClockTo72                          0x08001f85   Thumb Code   214  system_stm32f10x.o(i.SetSysClockTo72)
    i.Svpwm_Module                           0x08002064   Section        0  svpwm.o(i.Svpwm_Module)
    i.SysTick_CLKSourceConfig                0x0800264c   Section        0  misc.o(i.SysTick_CLKSourceConfig)
    i.SysTick_Configuration                  0x08002674   Section        0  board.o(i.SysTick_Configuration)
    i.SysTick_Handler                        0x080026e8   Section        0  stm32f10x_it.o(i.SysTick_Handler)
    i.SystemInit                             0x08002748   Section        0  system_stm32f10x.o(i.SystemInit)
    i.TDT_Loop                               0x080027a8   Section        0  schedule.o(i.TDT_Loop)
    i.TDT_Loop_10000Hz                       0x08002814   Section        0  schedule.o(i.TDT_Loop_10000Hz)
    i.TDT_Loop_1000Hz                        0x080028dc   Section        0  schedule.o(i.TDT_Loop_1000Hz)
    i.TDT_Loop_100Hz                         0x080028e8   Section        0  schedule.o(i.TDT_Loop_100Hz)
    i.TDT_Loop_200Hz                         0x080028f4   Section        0  schedule.o(i.TDT_Loop_200Hz)
    i.TDT_Loop_20Hz                          0x080028f8   Section        0  schedule.o(i.TDT_Loop_20Hz)
    i.TDT_Loop_500Hz                         0x08002924   Section        0  schedule.o(i.TDT_Loop_500Hz)
    i.TDT_Loop_50Hz                          0x08002930   Section        0  schedule.o(i.TDT_Loop_50Hz)
    i.TIM1_Init                              0x08002934   Section        0  tim1.o(i.TIM1_Init)
    i.TIM1_UP_IRQHandler                     0x08002aec   Section        0  tim1.o(i.TIM1_UP_IRQHandler)
    i.TIM_ARRPreloadConfig                   0x08002b2c   Section        0  stm32f10x_tim.o(i.TIM_ARRPreloadConfig)
    i.TIM_BDTRConfig                         0x08002b44   Section        0  stm32f10x_tim.o(i.TIM_BDTRConfig)
    i.TIM_ClearITPendingBit                  0x08002b64   Section        0  stm32f10x_tim.o(i.TIM_ClearITPendingBit)
    i.TIM_Cmd                                0x08002b6a   Section        0  stm32f10x_tim.o(i.TIM_Cmd)
    i.TIM_CtrlPWMOutputs                     0x08002b82   Section        0  stm32f10x_tim.o(i.TIM_CtrlPWMOutputs)
    i.TIM_DeInit                             0x08002ba0   Section        0  stm32f10x_tim.o(i.TIM_DeInit)
    i.TIM_GenerateEvent                      0x08002d88   Section        0  stm32f10x_tim.o(i.TIM_GenerateEvent)
    i.TIM_GetITStatus                        0x08002d8c   Section        0  stm32f10x_tim.o(i.TIM_GetITStatus)
    i.TIM_ITConfig                           0x08002dae   Section        0  stm32f10x_tim.o(i.TIM_ITConfig)
    i.TIM_OC1Init                            0x08002dc0   Section        0  stm32f10x_tim.o(i.TIM_OC1Init)
    i.TIM_OC1PreloadConfig                   0x08002e58   Section        0  stm32f10x_tim.o(i.TIM_OC1PreloadConfig)
    i.TIM_OC2Init                            0x08002e6c   Section        0  stm32f10x_tim.o(i.TIM_OC2Init)
    i.TIM_OC2PreloadConfig                   0x08002f10   Section        0  stm32f10x_tim.o(i.TIM_OC2PreloadConfig)
    i.TIM_OC3Init                            0x08002f2c   Section        0  stm32f10x_tim.o(i.TIM_OC3Init)
    i.TIM_OC3PreloadConfig                   0x08002fcc   Section        0  stm32f10x_tim.o(i.TIM_OC3PreloadConfig)
    i.TIM_OC4Init                            0x08002fe0   Section        0  stm32f10x_tim.o(i.TIM_OC4Init)
    i.TIM_OC4PolarityConfig                  0x0800305c   Section        0  stm32f10x_tim.o(i.TIM_OC4PolarityConfig)
    i.TIM_OC4PreloadConfig                   0x08003076   Section        0  stm32f10x_tim.o(i.TIM_OC4PreloadConfig)
    i.TIM_SelectInputTrigger                 0x08003090   Section        0  stm32f10x_tim.o(i.TIM_SelectInputTrigger)
    i.TIM_SelectMasterSlaveMode              0x080030a2   Section        0  stm32f10x_tim.o(i.TIM_SelectMasterSlaveMode)
    i.TIM_SelectOutputTrigger                0x080030b4   Section        0  stm32f10x_tim.o(i.TIM_SelectOutputTrigger)
    i.TIM_SelectSlaveMode                    0x080030c6   Section        0  stm32f10x_tim.o(i.TIM_SelectSlaveMode)
    i.TIM_TimeBaseInit                       0x080030d8   Section        0  stm32f10x_tim.o(i.TIM_TimeBaseInit)
    i.UsageFault_Handler                     0x0800317c   Section        0  stm32f10x_it.o(i.UsageFault_Handler)
    i.__ARM_fpclassifyf                      0x08003180   Section        0  fpclassifyf.o(i.__ARM_fpclassifyf)
    i.__mathlib_flt_infnan                   0x080031a6   Section        0  funder.o(i.__mathlib_flt_infnan)
    i.__mathlib_flt_invalid                  0x080031ac   Section        0  funder.o(i.__mathlib_flt_invalid)
    i.__mathlib_flt_underflow                0x080031b4   Section        0  funder.o(i.__mathlib_flt_underflow)
    i.__mathlib_rredf2                       0x080031c0   Section        0  rredf.o(i.__mathlib_rredf2)
    i.__scatterload_copy                     0x08003328   Section       14  handlers.o(i.__scatterload_copy)
    i.__scatterload_null                     0x08003336   Section        2  handlers.o(i.__scatterload_null)
    i.__scatterload_zeroinit                 0x08003338   Section       14  handlers.o(i.__scatterload_zeroinit)
    i.__set_errno                            0x08003348   Section        0  errno.o(i.__set_errno)
    i.as5048_singelread_angle                0x08003354   Section        0  as5048a.o(i.as5048_singelread_angle)
    i.cosf                                   0x08003388   Section        0  cosf.o(i.cosf)
    i.lpf_k_init                             0x08003504   Section        0  filter.o(i.lpf_k_init)
    i.main                                   0x0800353c   Section        0  main.o(i.main)
    i.tanf                                   0x08003544   Section        0  tanf.o(i.tanf)
    .constdata                               0x080036b8   Section    14400  model_ident.o(.constdata)
    .constdata                               0x08006ef8   Section       32  rredf.o(.constdata)
    twooverpi                                0x08006ef8   Data          32  rredf.o(.constdata)
    .data                                    0x20000000   Section       13  schedule.o(.data)
    timer_50ms                               0x2000000c   Data           1  schedule.o(.data)
    .data                                    0x20000010   Section       14  board.o(.data)
    .data                                    0x20000020   Section       40  svpwm.o(.data)
    mysin                                    0x20000044   Data           4  svpwm.o(.data)
    .data                                    0x20000048   Section        8  foc.o(.data)
    .data                                    0x20000050   Section       20  stm32f10x_rcc.o(.data)
    APBAHBPrescTable                         0x20000050   Data          16  stm32f10x_rcc.o(.data)
    ADCPrescTable                            0x20000060   Data           4  stm32f10x_rcc.o(.data)
    .data                                    0x20000064   Section        4  errno.o(.data)
    _errno                                   0x20000064   Data           4  errno.o(.data)
    .bss                                     0x20000068   Section       14  stm32f10x_it.o(.bss)
    infantrySchedule                         0x20000068   Data          14  stm32f10x_it.o(.bss)
    .bss                                     0x20000078   Section       20  board.o(.bss)
    .bss                                     0x2000008c   Section      120  time.o(.bss)
    .bss                                     0x20000104   Section       40  as5048a.o(.bss)
    .bss                                     0x2000012c   Section      180  foc.o(.bss)
    .bss                                     0x200001e0   Section      320  filter.o(.bss)
    lpf4                                     0x200001e0   Data         320  filter.o(.bss)
    STACK                                    0x20000320   Section     1024  startup_stm32f10x_md.o(STACK)

    Global Symbols

    Symbol Name                              Value     Ov Type        Size  Object(Section)

    BuildAttributes$$THM_ISAv4$P$D$K$B$S$PE$A:L22UL41UL21$X:L11$S22US41US21$IEEE1$IW$USESV6$~STKCKD$USESV7$~SHL$OTIME$ROPI$IEEEX$EBA8$MICROLIB$REQ8$PRES8$EABIv2 0x00000000   Number         0  anon$$obj.o ABSOLUTE
    __ARM_use_no_argv                        0x00000000   Number         0  main.o ABSOLUTE
    __cpp_initialize__aeabi_                  - Undefined Weak Reference
    __cxa_finalize                            - Undefined Weak Reference
    __decompress                              - Undefined Weak Reference
    _clock_init                               - Undefined Weak Reference
    _microlib_exit                            - Undefined Weak Reference
    __Vectors_Size                           0x000000ec   Number         0  startup_stm32f10x_md.o ABSOLUTE
    __Vectors                                0x08000000   Data           4  startup_stm32f10x_md.o(RESET)
    __Vectors_End                            0x080000ec   Data           0  startup_stm32f10x_md.o(RESET)
    __main                                   0x080000ed   Thumb Code     0  entry.o(.ARM.Collect$$$$00000000)
    _main_stk                                0x080000ed   Thumb Code     0  entry2.o(.ARM.Collect$$$$00000001)
    _main_scatterload                        0x080000f1   Thumb Code     0  entry5.o(.ARM.Collect$$$$00000004)
    __main_after_scatterload                 0x080000f5   Thumb Code     0  entry5.o(.ARM.Collect$$$$00000004)
    _main_clock                              0x080000f5   Thumb Code     0  entry7b.o(.ARM.Collect$$$$00000008)
    _main_cpp_init                           0x080000f5   Thumb Code     0  entry8b.o(.ARM.Collect$$$$0000000A)
    _main_init                               0x080000f5   Thumb Code     0  entry9a.o(.ARM.Collect$$$$0000000B)
    __rt_final_cpp                           0x080000fd   Thumb Code     0  entry10a.o(.ARM.Collect$$$$0000000D)
    __rt_final_exit                          0x080000fd   Thumb Code     0  entry11a.o(.ARM.Collect$$$$0000000F)
    Reset_Handler                            0x08000101   Thumb Code     8  startup_stm32f10x_md.o(.text)
    CAN1_RX1_IRQHandler                      0x0800011b   Thumb Code     0  startup_stm32f10x_md.o(.text)
    CAN1_SCE_IRQHandler                      0x0800011b   Thumb Code     0  startup_stm32f10x_md.o(.text)
    DMA1_Channel1_IRQHandler                 0x0800011b   Thumb Code     0  startup_stm32f10x_md.o(.text)
    DMA1_Channel2_IRQHandler                 0x0800011b   Thumb Code     0  startup_stm32f10x_md.o(.text)
    DMA1_Channel3_IRQHandler                 0x0800011b   Thumb Code     0  startup_stm32f10x_md.o(.text)
    DMA1_Channel4_IRQHandler                 0x0800011b   Thumb Code     0  startup_stm32f10x_md.o(.text)
    DMA1_Channel5_IRQHandler                 0x0800011b   Thumb Code     0  startup_stm32f10x_md.o(.text)
    DMA1_Channel6_IRQHandler                 0x0800011b   Thumb Code     0  startup_stm32f10x_md.o(.text)
    DMA1_Channel7_IRQHandler                 0x0800011b   Thumb Code     0  startup_stm32f10x_md.o(.text)
    EXTI0_IRQHandler                         0x0800011b   Thumb Code     0  startup_stm32f10x_md.o(.text)
    EXTI15_10_IRQHandler                     0x0800011b   Thumb Code     0  startup_stm32f10x_md.o(.text)
    EXTI1_IRQHandler                         0x0800011b   Thumb Code     0  startup_stm32f10x_md.o(.text)
    EXTI2_IRQHandler                         0x0800011b   Thumb Code     0  startup_stm32f10x_md.o(.text)
    EXTI3_IRQHandler                         0x0800011b   Thumb Code     0  startup_stm32f10x_md.o(.text)
    EXTI4_IRQHandler                         0x0800011b   Thumb Code     0  startup_stm32f10x_md.o(.text)
    EXTI9_5_IRQHandler                       0x0800011b   Thumb Code     0  startup_stm32f10x_md.o(.text)
    FLASH_IRQHandler                         0x0800011b   Thumb Code     0  startup_stm32f10x_md.o(.text)
    I2C1_ER_IRQHandler                       0x0800011b   Thumb Code     0  startup_stm32f10x_md.o(.text)
    I2C1_EV_IRQHandler                       0x0800011b   Thumb Code     0  startup_stm32f10x_md.o(.text)
    I2C2_ER_IRQHandler                       0x0800011b   Thumb Code     0  startup_stm32f10x_md.o(.text)
    I2C2_EV_IRQHandler                       0x0800011b   Thumb Code     0  startup_stm32f10x_md.o(.text)
    PVD_IRQHandler                           0x0800011b   Thumb Code     0  startup_stm32f10x_md.o(.text)
    RCC_IRQHandler                           0x0800011b   Thumb Code     0  startup_stm32f10x_md.o(.text)
    RTCAlarm_IRQHandler                      0x0800011b   Thumb Code     0  startup_stm32f10x_md.o(.text)
    RTC_IRQHandler                           0x0800011b   Thumb Code     0  startup_stm32f10x_md.o(.text)
    SPI1_IRQHandler                          0x0800011b   Thumb Code     0  startup_stm32f10x_md.o(.text)
    SPI2_IRQHandler                          0x0800011b   Thumb Code     0  startup_stm32f10x_md.o(.text)
    TAMPER_IRQHandler                        0x0800011b   Thumb Code     0  startup_stm32f10x_md.o(.text)
    TIM1_BRK_IRQHandler                      0x0800011b   Thumb Code     0  startup_stm32f10x_md.o(.text)
    TIM1_CC_IRQHandler                       0x0800011b   Thumb Code     0  startup_stm32f10x_md.o(.text)
    TIM1_TRG_COM_IRQHandler                  0x0800011b   Thumb Code     0  startup_stm32f10x_md.o(.text)
    TIM2_IRQHandler                          0x0800011b   Thumb Code     0  startup_stm32f10x_md.o(.text)
    TIM3_IRQHandler                          0x0800011b   Thumb Code     0  startup_stm32f10x_md.o(.text)
    TIM4_IRQHandler                          0x0800011b   Thumb Code     0  startup_stm32f10x_md.o(.text)
    USART1_IRQHandler                        0x0800011b   Thumb Code     0  startup_stm32f10x_md.o(.text)
    USART2_IRQHandler                        0x0800011b   Thumb Code     0  startup_stm32f10x_md.o(.text)
    USART3_IRQHandler                        0x0800011b   Thumb Code     0  startup_stm32f10x_md.o(.text)
    USBWakeUp_IRQHandler                     0x0800011b   Thumb Code     0  startup_stm32f10x_md.o(.text)
    USB_HP_CAN1_TX_IRQHandler                0x0800011b   Thumb Code     0  startup_stm32f10x_md.o(.text)
    USB_LP_CAN1_RX0_IRQHandler               0x0800011b   Thumb Code     0  startup_stm32f10x_md.o(.text)
    WWDG_IRQHandler                          0x0800011b   Thumb Code     0  startup_stm32f10x_md.o(.text)
    __aeabi_fadd                             0x08000125   Thumb Code   164  fadd.o(.text)
    __aeabi_fsub                             0x080001c9   Thumb Code     6  fadd.o(.text)
    __aeabi_frsub                            0x080001cf   Thumb Code     6  fadd.o(.text)
    __aeabi_fmul                             0x080001d5   Thumb Code   100  fmul.o(.text)
    __aeabi_fdiv                             0x08000239   Thumb Code   124  fdiv.o(.text)
    __aeabi_dadd                             0x080002b5   Thumb Code   322  dadd.o(.text)
    __aeabi_dsub                             0x080003f7   Thumb Code     6  dadd.o(.text)
    __aeabi_drsub                            0x080003fd   Thumb Code     6  dadd.o(.text)
    __aeabi_dmul                             0x08000403   Thumb Code   228  dmul.o(.text)
    __aeabi_ddiv                             0x080004e7   Thumb Code   222  ddiv.o(.text)
    __aeabi_i2f                              0x080005c5   Thumb Code    18  fflti.o(.text)
    __aeabi_ui2f                             0x080005d7   Thumb Code    10  ffltui.o(.text)
    __aeabi_i2d                              0x080005e1   Thumb Code    34  dflti.o(.text)
    __aeabi_ui2d                             0x08000603   Thumb Code    26  dfltui.o(.text)
    __aeabi_f2iz                             0x0800061d   Thumb Code    50  ffixi.o(.text)
    __aeabi_d2iz                             0x0800064f   Thumb Code    62  dfixi.o(.text)
    __aeabi_cfcmpeq                          0x0800068d   Thumb Code     0  cfcmple.o(.text)
    __aeabi_cfcmple                          0x0800068d   Thumb Code    20  cfcmple.o(.text)
    __aeabi_cfrcmple                         0x080006a1   Thumb Code    20  cfrcmple.o(.text)
    __aeabi_llsl                             0x080006b5   Thumb Code    30  llshl.o(.text)
    _ll_shift_l                              0x080006b5   Thumb Code     0  llshl.o(.text)
    __aeabi_llsr                             0x080006d3   Thumb Code    32  llushr.o(.text)
    _ll_ushift_r                             0x080006d3   Thumb Code     0  llushr.o(.text)
    __aeabi_lasr                             0x080006f3   Thumb Code    36  llsshr.o(.text)
    _ll_sshift_r                             0x080006f3   Thumb Code     0  llsshr.o(.text)
    __I$use$fp                               0x08000717   Thumb Code     0  iusefp.o(.text)
    _float_round                             0x08000717   Thumb Code    18  fepilogue.o(.text)
    _float_epilogue                          0x08000729   Thumb Code    92  fepilogue.o(.text)
    _frnd                                    0x08000785   Thumb Code    60  frnd.o(.text)
    _double_round                            0x080007c1   Thumb Code    30  depilogue.o(.text)
    _double_epilogue                         0x080007df   Thumb Code   156  depilogue.o(.text)
    __scatterload                            0x0800087d   Thumb Code    28  init.o(.text)
    __scatterload_rt2                        0x0800087d   Thumb Code     0  init.o(.text)
    __ARM_scalbnf                            0x080008a1   Thumb Code    24  fscalb.o(.text)
    scalbnf                                  0x080008a1   Thumb Code     0  fscalb.o(.text)
    ADC1_2_IRQHandler                        0x080008b9   Thumb Code   362  adc.o(i.ADC1_2_IRQHandler)
    ADC_AutoInjectedConvCmd                  0x08000a39   Thumb Code    22  stm32f10x_adc.o(i.ADC_AutoInjectedConvCmd)
    ADC_ClearITPendingBit                    0x08000a4f   Thumb Code    10  stm32f10x_adc.o(i.ADC_ClearITPendingBit)
    ADC_Cmd                                  0x08000a59   Thumb Code    22  stm32f10x_adc.o(i.ADC_Cmd)
    ADC_DeInit                               0x08000a71   Thumb Code    78  stm32f10x_adc.o(i.ADC_DeInit)
    ADC_DiscModeCmd                          0x08000acd   Thumb Code    22  stm32f10x_adc.o(i.ADC_DiscModeCmd)
    ADC_ExternalTrigInjectedConvCmd          0x08000ae3   Thumb Code    22  stm32f10x_adc.o(i.ADC_ExternalTrigInjectedConvCmd)
    ADC_ExternalTrigInjectedConvConfig       0x08000af9   Thumb Code    16  stm32f10x_adc.o(i.ADC_ExternalTrigInjectedConvConfig)
    ADC_GetITStatus                          0x08000b09   Thumb Code    36  stm32f10x_adc.o(i.ADC_GetITStatus)
    ADC_GetResetCalibrationStatus            0x08000b2d   Thumb Code    20  stm32f10x_adc.o(i.ADC_GetResetCalibrationStatus)
    ADC_ITConfig                             0x08000b41   Thumb Code    24  stm32f10x_adc.o(i.ADC_ITConfig)
    ADC_Init                                 0x08000b59   Thumb Code    70  stm32f10x_adc.o(i.ADC_Init)
    ADC_InjectedChannelConfig                0x08000ba9   Thumb Code   130  stm32f10x_adc.o(i.ADC_InjectedChannelConfig)
    ADC_InjectedDiscModeCmd                  0x08000c2b   Thumb Code    22  stm32f10x_adc.o(i.ADC_InjectedDiscModeCmd)
    ADC_InjectedSequencerLengthConfig        0x08000c41   Thumb Code    24  stm32f10x_adc.o(i.ADC_InjectedSequencerLengthConfig)
    ADC_ResetCalibration                     0x08000c59   Thumb Code    10  stm32f10x_adc.o(i.ADC_ResetCalibration)
    ADC_SetInjectedOffset                    0x08000c63   Thumb Code    20  stm32f10x_adc.o(i.ADC_SetInjectedOffset)
    ADC_SoftwareStartConvCmd                 0x08000c77   Thumb Code    22  stm32f10x_adc.o(i.ADC_SoftwareStartConvCmd)
    ADC_StartCalibration                     0x08000c8d   Thumb Code    10  stm32f10x_adc.o(i.ADC_StartCalibration)
    AS5048_Init                              0x08000c99   Thumb Code    54  as5048a.o(i.AS5048_Init)
    Anti_Park_Calc                           0x08000cd5   Thumb Code   118  svpwm.o(i.Anti_Park_Calc)
    Board_ALL_Init                           0x08000d59   Thumb Code   106  board.o(i.Board_ALL_Init)
    BusFault_Handler                         0x08000dd1   Thumb Code     4  stm32f10x_it.o(i.BusFault_Handler)
    Clarke_Trans                             0x08000dd5   Thumb Code    56  foc.o(i.Clarke_Trans)
    Cycle_Time_Init                          0x08000e19   Thumb Code    22  time.o(i.Cycle_Time_Init)
    DRV8305_Init                             0x08000e31   Thumb Code    64  drv8305.o(i.DRV8305_Init)
    DebugMon_Handler                         0x08000e75   Thumb Code     2  stm32f10x_it.o(i.DebugMon_Handler)
    DelayMs                                  0x08000e77   Thumb Code    24  board.o(i.DelayMs)
    DelayUs                                  0x08000e8f   Thumb Code    24  board.o(i.DelayUs)
    FOC_NIVC_IRQ                             0x08000ea7   Thumb Code    90  nvic_irq.o(i.FOC_NIVC_IRQ)
    GPIO_AFIODeInit                          0x08000f01   Thumb Code    20  stm32f10x_gpio.o(i.GPIO_AFIODeInit)
    GPIO_Init                                0x08000f15   Thumb Code   278  stm32f10x_gpio.o(i.GPIO_Init)
    GPIO_PinRemapConfig                      0x0800102d   Thumb Code   138  stm32f10x_gpio.o(i.GPIO_PinRemapConfig)
    GPIO_ResetBits                           0x080010bd   Thumb Code     4  stm32f10x_gpio.o(i.GPIO_ResetBits)
    GPIO_SetBits                             0x080010c1   Thumb Code     4  stm32f10x_gpio.o(i.GPIO_SetBits)
    GetSysTime_us                            0x080010c5   Thumb Code    46  board.o(i.GetSysTime_us)
    Get_Cycle_T                              0x080010f9   Thumb Code   104  time.o(i.Get_Cycle_T)
    HardFault_Handler                        0x08001169   Thumb Code     4  stm32f10x_it.o(i.HardFault_Handler)
    Id_PI_Controller                         0x0800116d   Thumb Code   170  foc.o(i.Id_PI_Controller)
    Iq_PI_Controller                         0x08001221   Thumb Code   170  foc.o(i.Iq_PI_Controller)
    LED_Configuration                        0x080012d5   Thumb Code    40  key.o(i.LED_Configuration)
    LPF2pApply                               0x08001301   Thumb Code   162  filter.o(i.LPF2pApply)
    LPF2pSetCutoffFreq                       0x080013a9   Thumb Code   258  filter.o(i.LPF2pSetCutoffFreq)
    MemManage_Handler                        0x080014b9   Thumb Code     4  stm32f10x_it.o(i.MemManage_Handler)
    NMI_Handler                              0x080014bd   Thumb Code     2  stm32f10x_it.o(i.NMI_Handler)
    NVIC_Init                                0x080014c1   Thumb Code   100  misc.o(i.NVIC_Init)
    NVIC_PriorityGroupConfig                 0x08001531   Thumb Code    10  misc.o(i.NVIC_PriorityGroupConfig)
    Parameter_Init                           0x08001545   Thumb Code    44  board.o(i.Parameter_Init)
    Park_Trans                               0x08001581   Thumb Code   184  foc.o(i.Park_Trans)
    PendSV_Handler                           0x08001641   Thumb Code     2  stm32f10x_it.o(i.PendSV_Handler)
    Protect_AdcInit                          0x08001645   Thumb Code   358  adc.o(i.Protect_AdcInit)
    R3LM1_Init                               0x080017b9   Thumb Code   134  nvic_irq.o(i.R3LM1_Init)
    R3LM1_SetADCSampPointSect1               0x08001849   Thumb Code   144  nvic_irq.o(i.R3LM1_SetADCSampPointSect1)
    R3LM1_SetADCSampPointSect2               0x080018e9   Thumb Code   144  nvic_irq.o(i.R3LM1_SetADCSampPointSect2)
    R3LM1_SetADCSampPointSect3               0x08001989   Thumb Code   144  nvic_irq.o(i.R3LM1_SetADCSampPointSect3)
    R3LM1_SetADCSampPointSect4               0x08001a29   Thumb Code   144  nvic_irq.o(i.R3LM1_SetADCSampPointSect4)
    R3LM1_SetADCSampPointSect5               0x08001ac9   Thumb Code   144  nvic_irq.o(i.R3LM1_SetADCSampPointSect5)
    R3LM1_SetADCSampPointSect6               0x08001b69   Thumb Code   144  nvic_irq.o(i.R3LM1_SetADCSampPointSect6)
    RCC_ADCCLKConfig                         0x08001c09   Thumb Code    18  stm32f10x_rcc.o(i.RCC_ADCCLKConfig)
    RCC_APB1PeriphClockCmd                   0x08001c21   Thumb Code    26  stm32f10x_rcc.o(i.RCC_APB1PeriphClockCmd)
    RCC_APB1PeriphResetCmd                   0x08001c41   Thumb Code    26  stm32f10x_rcc.o(i.RCC_APB1PeriphResetCmd)
    RCC_APB2PeriphClockCmd                   0x08001c61   Thumb Code    26  stm32f10x_rcc.o(i.RCC_APB2PeriphClockCmd)
    RCC_APB2PeriphResetCmd                   0x08001c81   Thumb Code    26  stm32f10x_rcc.o(i.RCC_APB2PeriphResetCmd)
    RCC_GetClocksFreq                        0x08001ca1   Thumb Code   192  stm32f10x_rcc.o(i.RCC_GetClocksFreq)
    SPI1_Init                                0x08001d75   Thumb Code   152  spi1.o(i.SPI1_Init)
    SPI1_ReadWriteByte                       0x08001e19   Thumb Code    48  spi1.o(i.SPI1_ReadWriteByte)
    SPI2_Init                                0x08001e4d   Thumb Code   126  spi2.o(i.SPI2_Init)
    SPI2_ReadWrite16Bit                      0x08001ed5   Thumb Code    48  spi2.o(i.SPI2_ReadWrite16Bit)
    SPI_Cmd                                  0x08001f09   Thumb Code    24  stm32f10x_spi.o(i.SPI_Cmd)
    SPI_I2S_GetFlagStatus                    0x08001f21   Thumb Code    18  stm32f10x_spi.o(i.SPI_I2S_GetFlagStatus)
    SPI_I2S_ReceiveData                      0x08001f33   Thumb Code     6  stm32f10x_spi.o(i.SPI_I2S_ReceiveData)
    SPI_I2S_SendData                         0x08001f39   Thumb Code     4  stm32f10x_spi.o(i.SPI_I2S_SendData)
    SPI_Init                                 0x08001f3d   Thumb Code    60  stm32f10x_spi.o(i.SPI_Init)
    SVC_Handler                              0x08001f79   Thumb Code     2  stm32f10x_it.o(i.SVC_Handler)
    Svpwm_Module                             0x08002065   Thumb Code  1484  svpwm.o(i.Svpwm_Module)
    SysTick_CLKSourceConfig                  0x0800264d   Thumb Code    40  misc.o(i.SysTick_CLKSourceConfig)
    SysTick_Configuration                    0x08002675   Thumb Code   102  board.o(i.SysTick_Configuration)
    SysTick_Handler                          0x080026e9   Thumb Code    84  stm32f10x_it.o(i.SysTick_Handler)
    SystemInit                               0x08002749   Thumb Code    78  system_stm32f10x.o(i.SystemInit)
    TDT_Loop                                 0x080027a9   Thumb Code   106  schedule.o(i.TDT_Loop)
    TDT_Loop_10000Hz                         0x08002815   Thumb Code   166  schedule.o(i.TDT_Loop_10000Hz)
    TDT_Loop_1000Hz                          0x080028dd   Thumb Code    12  schedule.o(i.TDT_Loop_1000Hz)
    TDT_Loop_100Hz                           0x080028e9   Thumb Code    12  schedule.o(i.TDT_Loop_100Hz)
    TDT_Loop_200Hz                           0x080028f5   Thumb Code     2  schedule.o(i.TDT_Loop_200Hz)
    TDT_Loop_20Hz                            0x080028f9   Thumb Code    34  schedule.o(i.TDT_Loop_20Hz)
    TDT_Loop_500Hz                           0x08002925   Thumb Code    12  schedule.o(i.TDT_Loop_500Hz)
    TDT_Loop_50Hz                            0x08002931   Thumb Code     2  schedule.o(i.TDT_Loop_50Hz)
    TIM1_Init                                0x08002935   Thumb Code   422  tim1.o(i.TIM1_Init)
    TIM1_UP_IRQHandler                       0x08002aed   Thumb Code    58  tim1.o(i.TIM1_UP_IRQHandler)
    TIM_ARRPreloadConfig                     0x08002b2d   Thumb Code    24  stm32f10x_tim.o(i.TIM_ARRPreloadConfig)
    TIM_BDTRConfig                           0x08002b45   Thumb Code    32  stm32f10x_tim.o(i.TIM_BDTRConfig)
    TIM_ClearITPendingBit                    0x08002b65   Thumb Code     6  stm32f10x_tim.o(i.TIM_ClearITPendingBit)
    TIM_Cmd                                  0x08002b6b   Thumb Code    24  stm32f10x_tim.o(i.TIM_Cmd)
    TIM_CtrlPWMOutputs                       0x08002b83   Thumb Code    30  stm32f10x_tim.o(i.TIM_CtrlPWMOutputs)
    TIM_DeInit                               0x08002ba1   Thumb Code   424  stm32f10x_tim.o(i.TIM_DeInit)
    TIM_GenerateEvent                        0x08002d89   Thumb Code     4  stm32f10x_tim.o(i.TIM_GenerateEvent)
    TIM_GetITStatus                          0x08002d8d   Thumb Code    34  stm32f10x_tim.o(i.TIM_GetITStatus)
    TIM_ITConfig                             0x08002daf   Thumb Code    18  stm32f10x_tim.o(i.TIM_ITConfig)
    TIM_OC1Init                              0x08002dc1   Thumb Code   132  stm32f10x_tim.o(i.TIM_OC1Init)
    TIM_OC1PreloadConfig                     0x08002e59   Thumb Code    18  stm32f10x_tim.o(i.TIM_OC1PreloadConfig)
    TIM_OC2Init                              0x08002e6d   Thumb Code   154  stm32f10x_tim.o(i.TIM_OC2Init)
    TIM_OC2PreloadConfig                     0x08002f11   Thumb Code    26  stm32f10x_tim.o(i.TIM_OC2PreloadConfig)
    TIM_OC3Init                              0x08002f2d   Thumb Code   150  stm32f10x_tim.o(i.TIM_OC3Init)
    TIM_OC3PreloadConfig                     0x08002fcd   Thumb Code    18  stm32f10x_tim.o(i.TIM_OC3PreloadConfig)
    TIM_OC4Init                              0x08002fe1   Thumb Code   114  stm32f10x_tim.o(i.TIM_OC4Init)
    TIM_OC4PolarityConfig                    0x0800305d   Thumb Code    26  stm32f10x_tim.o(i.TIM_OC4PolarityConfig)
    TIM_OC4PreloadConfig                     0x08003077   Thumb Code    26  stm32f10x_tim.o(i.TIM_OC4PreloadConfig)
    TIM_SelectInputTrigger                   0x08003091   Thumb Code    18  stm32f10x_tim.o(i.TIM_SelectInputTrigger)
    TIM_SelectMasterSlaveMode                0x080030a3   Thumb Code    18  stm32f10x_tim.o(i.TIM_SelectMasterSlaveMode)
    TIM_SelectOutputTrigger                  0x080030b5   Thumb Code    18  stm32f10x_tim.o(i.TIM_SelectOutputTrigger)
    TIM_SelectSlaveMode                      0x080030c7   Thumb Code    18  stm32f10x_tim.o(i.TIM_SelectSlaveMode)
    TIM_TimeBaseInit                         0x080030d9   Thumb Code   122  stm32f10x_tim.o(i.TIM_TimeBaseInit)
    UsageFault_Handler                       0x0800317d   Thumb Code     4  stm32f10x_it.o(i.UsageFault_Handler)
    __ARM_fpclassifyf                        0x08003181   Thumb Code    38  fpclassifyf.o(i.__ARM_fpclassifyf)
    __mathlib_flt_infnan                     0x080031a7   Thumb Code     6  funder.o(i.__mathlib_flt_infnan)
    __mathlib_flt_invalid                    0x080031ad   Thumb Code     8  funder.o(i.__mathlib_flt_invalid)
    __mathlib_flt_underflow                  0x080031b5   Thumb Code    10  funder.o(i.__mathlib_flt_underflow)
    __mathlib_rredf2                         0x080031c1   Thumb Code   344  rredf.o(i.__mathlib_rredf2)
    __scatterload_copy                       0x08003329   Thumb Code    14  handlers.o(i.__scatterload_copy)
    __scatterload_null                       0x08003337   Thumb Code     2  handlers.o(i.__scatterload_null)
    __scatterload_zeroinit                   0x08003339   Thumb Code    14  handlers.o(i.__scatterload_zeroinit)
    __set_errno                              0x08003349   Thumb Code     6  errno.o(i.__set_errno)
    as5048_singelread_angle                  0x08003355   Thumb Code    42  as5048a.o(i.as5048_singelread_angle)
    cosf                                     0x08003389   Thumb Code   328  cosf.o(i.cosf)
    lpf_k_init                               0x08003505   Thumb Code    34  filter.o(i.lpf_k_init)
    main                                     0x0800353d   Thumb Code     8  main.o(i.main)
    tanf                                     0x08003545   Thumb Code   314  tanf.o(i.tanf)
    SinTable                                 0x080036b8   Data       14400  model_ident.o(.constdata)
    Region$$Table$$Base                      0x08006f18   Number         0  anon$$obj.o(Region$$Table)
    Region$$Table$$Limit                     0x08006f38   Number         0  anon$$obj.o(Region$$Table)
    Time_1ms                                 0x20000000   Data           4  schedule.o(.data)
    Feedback_Theta                           0x20000004   Data           4  schedule.o(.data)
    SetAdvance_Theta                         0x20000008   Data           4  schedule.o(.data)
    Init_OK                                  0x20000010   Data           1  board.o(.data)
    i                                        0x20000014   Data           4  board.o(.data)
    sysTickUptime                            0x20000018   Data           4  board.o(.data)
    DRV                                      0x2000001c   Data           2  board.o(.data)
    Step_Flag                                0x20000020   Data           1  svpwm.o(.data)
    PWMA                                     0x20000024   Data           4  svpwm.o(.data)
    PWMB                                     0x20000028   Data           4  svpwm.o(.data)
    PWMC                                     0x2000002c   Data           4  svpwm.o(.data)
    UAA                                      0x20000030   Data           4  svpwm.o(.data)
    UBB                                      0x20000034   Data           4  svpwm.o(.data)
    Section                                  0x20000038   Data           4  svpwm.o(.data)
    Test                                     0x2000003c   Data           4  svpwm.o(.data)
    Sum_OverMod                              0x20000040   Data           4  svpwm.o(.data)
    Outmax_Id                                0x20000048   Data           4  foc.o(.data)
    Outmax_Iq                                0x2000004c   Data           4  foc.o(.data)
    rcc_clocks                               0x20000078   Data          20  board.o(.bss)
    Cycle_T                                  0x2000008c   Data         120  time.o(.bss)
    as5048_A                                 0x20000104   Data          20  as5048a.o(.bss)
    as5048_B                                 0x20000118   Data          20  as5048a.o(.bss)
    DRV8305                                  0x2000012c   Data         180  foc.o(.bss)
    __initial_sp                             0x20000720   Data           0  startup_stm32f10x_md.o(STACK)



==============================================================================

Memory Map of the image

  Image Entry point : 0x080000ed

  Load Region LR_IROM1 (Base: 0x08000000, Size: 0x00006fa0, Max: 0x00010000, ABSOLUTE)

    Execution Region ER_IROM1 (Exec base: 0x08000000, Load base: 0x08000000, Size: 0x00006f38, Max: 0x00010000, ABSOLUTE)

    Exec Addr    Load Addr    Size         Type   Attr      Idx    E Section Name        Object

    0x08000000   0x08000000   0x000000ec   Data   RO         2642    RESET               startup_stm32f10x_md.o
    0x080000ec   0x080000ec   0x00000000   Code   RO         2714  * .ARM.Collect$$$$00000000  mc_w.l(entry.o)
    0x080000ec   0x080000ec   0x00000004   Code   RO         2798    .ARM.Collect$$$$00000001  mc_w.l(entry2.o)
    0x080000f0   0x080000f0   0x00000004   Code   RO         2801    .ARM.Collect$$$$00000004  mc_w.l(entry5.o)
    0x080000f4   0x080000f4   0x00000000   Code   RO         2803    .ARM.Collect$$$$00000008  mc_w.l(entry7b.o)
    0x080000f4   0x080000f4   0x00000000   Code   RO         2805    .ARM.Collect$$$$0000000A  mc_w.l(entry8b.o)
    0x080000f4   0x080000f4   0x00000008   Code   RO         2806    .ARM.Collect$$$$0000000B  mc_w.l(entry9a.o)
    0x080000fc   0x080000fc   0x00000000   Code   RO         2808    .ARM.Collect$$$$0000000D  mc_w.l(entry10a.o)
    0x080000fc   0x080000fc   0x00000000   Code   RO         2810    .ARM.Collect$$$$0000000F  mc_w.l(entry11a.o)
    0x080000fc   0x080000fc   0x00000004   Code   RO         2799    .ARM.Collect$$$$00002712  mc_w.l(entry2.o)
    0x08000100   0x08000100   0x00000024   Code   RO         2643    .text               startup_stm32f10x_md.o
    0x08000124   0x08000124   0x000000b0   Code   RO         2717    .text               mf_w.l(fadd.o)
    0x080001d4   0x080001d4   0x00000064   Code   RO         2719    .text               mf_w.l(fmul.o)
    0x08000238   0x08000238   0x0000007c   Code   RO         2721    .text               mf_w.l(fdiv.o)
    0x080002b4   0x080002b4   0x0000014e   Code   RO         2723    .text               mf_w.l(dadd.o)
    0x08000402   0x08000402   0x000000e4   Code   RO         2725    .text               mf_w.l(dmul.o)
    0x080004e6   0x080004e6   0x000000de   Code   RO         2727    .text               mf_w.l(ddiv.o)
    0x080005c4   0x080005c4   0x00000012   Code   RO         2729    .text               mf_w.l(fflti.o)
    0x080005d6   0x080005d6   0x0000000a   Code   RO         2731    .text               mf_w.l(ffltui.o)
    0x080005e0   0x080005e0   0x00000022   Code   RO         2733    .text               mf_w.l(dflti.o)
    0x08000602   0x08000602   0x0000001a   Code   RO         2735    .text               mf_w.l(dfltui.o)
    0x0800061c   0x0800061c   0x00000032   Code   RO         2737    .text               mf_w.l(ffixi.o)
    0x0800064e   0x0800064e   0x0000003e   Code   RO         2741    .text               mf_w.l(dfixi.o)
    0x0800068c   0x0800068c   0x00000014   Code   RO         2747    .text               mf_w.l(cfcmple.o)
    0x080006a0   0x080006a0   0x00000014   Code   RO         2749    .text               mf_w.l(cfrcmple.o)
    0x080006b4   0x080006b4   0x0000001e   Code   RO         2812    .text               mc_w.l(llshl.o)
    0x080006d2   0x080006d2   0x00000020   Code   RO         2814    .text               mc_w.l(llushr.o)
    0x080006f2   0x080006f2   0x00000024   Code   RO         2816    .text               mc_w.l(llsshr.o)
    0x08000716   0x08000716   0x00000000   Code   RO         2825    .text               mc_w.l(iusefp.o)
    0x08000716   0x08000716   0x0000006e   Code   RO         2826    .text               mf_w.l(fepilogue.o)
    0x08000784   0x08000784   0x0000003c   Code   RO         2828    .text               mf_w.l(frnd.o)
    0x080007c0   0x080007c0   0x000000ba   Code   RO         2830    .text               mf_w.l(depilogue.o)
    0x0800087a   0x0800087a   0x00000002   PAD
    0x0800087c   0x0800087c   0x00000024   Code   RO         2836    .text               mc_w.l(init.o)
    0x080008a0   0x080008a0   0x00000018   Code   RO         2838    .text               mf_w.l(fscalb.o)
    0x080008b8   0x080008b8   0x00000180   Code   RO          487    i.ADC1_2_IRQHandler  adc.o
    0x08000a38   0x08000a38   0x00000016   Code   RO          768    i.ADC_AutoInjectedConvCmd  stm32f10x_adc.o
    0x08000a4e   0x08000a4e   0x0000000a   Code   RO          770    i.ADC_ClearITPendingBit  stm32f10x_adc.o
    0x08000a58   0x08000a58   0x00000016   Code   RO          771    i.ADC_Cmd           stm32f10x_adc.o
    0x08000a6e   0x08000a6e   0x00000002   PAD
    0x08000a70   0x08000a70   0x0000005c   Code   RO          773    i.ADC_DeInit        stm32f10x_adc.o
    0x08000acc   0x08000acc   0x00000016   Code   RO          775    i.ADC_DiscModeCmd   stm32f10x_adc.o
    0x08000ae2   0x08000ae2   0x00000016   Code   RO          777    i.ADC_ExternalTrigInjectedConvCmd  stm32f10x_adc.o
    0x08000af8   0x08000af8   0x00000010   Code   RO          778    i.ADC_ExternalTrigInjectedConvConfig  stm32f10x_adc.o
    0x08000b08   0x08000b08   0x00000024   Code   RO          783    i.ADC_GetITStatus   stm32f10x_adc.o
    0x08000b2c   0x08000b2c   0x00000014   Code   RO          785    i.ADC_GetResetCalibrationStatus  stm32f10x_adc.o
    0x08000b40   0x08000b40   0x00000018   Code   RO          788    i.ADC_ITConfig      stm32f10x_adc.o
    0x08000b58   0x08000b58   0x00000050   Code   RO          789    i.ADC_Init          stm32f10x_adc.o
    0x08000ba8   0x08000ba8   0x00000082   Code   RO          790    i.ADC_InjectedChannelConfig  stm32f10x_adc.o
    0x08000c2a   0x08000c2a   0x00000016   Code   RO          791    i.ADC_InjectedDiscModeCmd  stm32f10x_adc.o
    0x08000c40   0x08000c40   0x00000018   Code   RO          792    i.ADC_InjectedSequencerLengthConfig  stm32f10x_adc.o
    0x08000c58   0x08000c58   0x0000000a   Code   RO          794    i.ADC_ResetCalibration  stm32f10x_adc.o
    0x08000c62   0x08000c62   0x00000014   Code   RO          795    i.ADC_SetInjectedOffset  stm32f10x_adc.o
    0x08000c76   0x08000c76   0x00000016   Code   RO          796    i.ADC_SoftwareStartConvCmd  stm32f10x_adc.o
    0x08000c8c   0x08000c8c   0x0000000a   Code   RO          798    i.ADC_StartCalibration  stm32f10x_adc.o
    0x08000c96   0x08000c96   0x00000002   PAD
    0x08000c98   0x08000c98   0x0000003c   Code   RO          511    i.AS5048_Init       as5048a.o
    0x08000cd4   0x08000cd4   0x00000084   Code   RO          573    i.Anti_Park_Calc    svpwm.o
    0x08000d58   0x08000d58   0x00000078   Code   RO          274    i.Board_ALL_Init    board.o
    0x08000dd0   0x08000dd0   0x00000004   Code   RO            1    i.BusFault_Handler  stm32f10x_it.o
    0x08000dd4   0x08000dd4   0x00000044   Code   RO          601    i.Clarke_Trans      foc.o
    0x08000e18   0x08000e18   0x00000016   Code   RO          358    i.Cycle_Time_Init   time.o
    0x08000e2e   0x08000e2e   0x00000002   PAD
    0x08000e30   0x08000e30   0x00000044   Code   RO         1142    i.DRV8305_Init      drv8305.o
    0x08000e74   0x08000e74   0x00000002   Code   RO            2    i.DebugMon_Handler  stm32f10x_it.o
    0x08000e76   0x08000e76   0x00000018   Code   RO          275    i.DelayMs           board.o
    0x08000e8e   0x08000e8e   0x00000018   Code   RO          276    i.DelayUs           board.o
    0x08000ea6   0x08000ea6   0x0000005a   Code   RO          639    i.FOC_NIVC_IRQ      nvic_irq.o
    0x08000f00   0x08000f00   0x00000014   Code   RO         1154    i.GPIO_AFIODeInit   stm32f10x_gpio.o
    0x08000f14   0x08000f14   0x00000116   Code   RO         1160    i.GPIO_Init         stm32f10x_gpio.o
    0x0800102a   0x0800102a   0x00000002   PAD
    0x0800102c   0x0800102c   0x00000090   Code   RO         1162    i.GPIO_PinRemapConfig  stm32f10x_gpio.o
    0x080010bc   0x080010bc   0x00000004   Code   RO         1167    i.GPIO_ResetBits    stm32f10x_gpio.o
    0x080010c0   0x080010c0   0x00000004   Code   RO         1168    i.GPIO_SetBits      stm32f10x_gpio.o
    0x080010c4   0x080010c4   0x00000034   Code   RO          277    i.GetSysTime_us     board.o
    0x080010f8   0x080010f8   0x00000070   Code   RO          359    i.Get_Cycle_T       time.o
    0x08001168   0x08001168   0x00000004   Code   RO            3    i.HardFault_Handler  stm32f10x_it.o
    0x0800116c   0x0800116c   0x000000b4   Code   RO          602    i.Id_PI_Controller  foc.o
    0x08001220   0x08001220   0x000000b4   Code   RO          603    i.Iq_PI_Controller  foc.o
    0x080012d4   0x080012d4   0x0000002c   Code   RO          328    i.LED_Configuration  key.o
    0x08001300   0x08001300   0x000000a8   Code   RO          693    i.LPF2pApply        filter.o
    0x080013a8   0x080013a8   0x00000110   Code   RO          694    i.LPF2pSetCutoffFreq  filter.o
    0x080014b8   0x080014b8   0x00000004   Code   RO            4    i.MemManage_Handler  stm32f10x_it.o
    0x080014bc   0x080014bc   0x00000002   Code   RO            5    i.NMI_Handler       stm32f10x_it.o
    0x080014be   0x080014be   0x00000002   PAD
    0x080014c0   0x080014c0   0x00000070   Code   RO          729    i.NVIC_Init         misc.o
    0x08001530   0x08001530   0x00000014   Code   RO          730    i.NVIC_PriorityGroupConfig  misc.o
    0x08001544   0x08001544   0x0000003c   Code   RO          278    i.Parameter_Init    board.o
    0x08001580   0x08001580   0x000000c0   Code   RO          604    i.Park_Trans        foc.o
    0x08001640   0x08001640   0x00000002   Code   RO            6    i.PendSV_Handler    stm32f10x_it.o
    0x08001642   0x08001642   0x00000002   PAD
    0x08001644   0x08001644   0x00000174   Code   RO          488    i.Protect_AdcInit   adc.o
    0x080017b8   0x080017b8   0x00000090   Code   RO          640    i.R3LM1_Init        nvic_irq.o
    0x08001848   0x08001848   0x000000a0   Code   RO          641    i.R3LM1_SetADCSampPointSect1  nvic_irq.o
    0x080018e8   0x080018e8   0x000000a0   Code   RO          642    i.R3LM1_SetADCSampPointSect2  nvic_irq.o
    0x08001988   0x08001988   0x000000a0   Code   RO          643    i.R3LM1_SetADCSampPointSect3  nvic_irq.o
    0x08001a28   0x08001a28   0x000000a0   Code   RO          644    i.R3LM1_SetADCSampPointSect4  nvic_irq.o
    0x08001ac8   0x08001ac8   0x000000a0   Code   RO          645    i.R3LM1_SetADCSampPointSect5  nvic_irq.o
    0x08001b68   0x08001b68   0x000000a0   Code   RO          646    i.R3LM1_SetADCSampPointSect6  nvic_irq.o
    0x08001c08   0x08001c08   0x00000018   Code   RO         1268    i.RCC_ADCCLKConfig  stm32f10x_rcc.o
    0x08001c20   0x08001c20   0x00000020   Code   RO         1270    i.RCC_APB1PeriphClockCmd  stm32f10x_rcc.o
    0x08001c40   0x08001c40   0x00000020   Code   RO         1271    i.RCC_APB1PeriphResetCmd  stm32f10x_rcc.o
    0x08001c60   0x08001c60   0x00000020   Code   RO         1272    i.RCC_APB2PeriphClockCmd  stm32f10x_rcc.o
    0x08001c80   0x08001c80   0x00000020   Code   RO         1273    i.RCC_APB2PeriphResetCmd  stm32f10x_rcc.o
    0x08001ca0   0x08001ca0   0x000000d4   Code   RO         1280    i.RCC_GetClocksFreq  stm32f10x_rcc.o
    0x08001d74   0x08001d74   0x000000a4   Code   RO          428    i.SPI1_Init         spi1.o
    0x08001e18   0x08001e18   0x00000034   Code   RO          429    i.SPI1_ReadWriteByte  spi1.o
    0x08001e4c   0x08001e4c   0x00000088   Code   RO          451    i.SPI2_Init         spi2.o
    0x08001ed4   0x08001ed4   0x00000034   Code   RO          452    i.SPI2_ReadWrite16Bit  spi2.o
    0x08001f08   0x08001f08   0x00000018   Code   RO         2501    i.SPI_Cmd           stm32f10x_spi.o
    0x08001f20   0x08001f20   0x00000012   Code   RO         2509    i.SPI_I2S_GetFlagStatus  stm32f10x_spi.o
    0x08001f32   0x08001f32   0x00000006   Code   RO         2512    i.SPI_I2S_ReceiveData  stm32f10x_spi.o
    0x08001f38   0x08001f38   0x00000004   Code   RO         2513    i.SPI_I2S_SendData  stm32f10x_spi.o
    0x08001f3c   0x08001f3c   0x0000003c   Code   RO         2514    i.SPI_Init          stm32f10x_spi.o
    0x08001f78   0x08001f78   0x00000002   Code   RO            7    i.SVC_Handler       stm32f10x_it.o
    0x08001f7a   0x08001f7a   0x00000008   Code   RO         2648    i.SetSysClock       system_stm32f10x.o
    0x08001f82   0x08001f82   0x00000002   PAD
    0x08001f84   0x08001f84   0x000000e0   Code   RO         2649    i.SetSysClockTo72   system_stm32f10x.o
    0x08002064   0x08002064   0x000005e8   Code   RO          574    i.Svpwm_Module      svpwm.o
    0x0800264c   0x0800264c   0x00000028   Code   RO          733    i.SysTick_CLKSourceConfig  misc.o
    0x08002674   0x08002674   0x00000074   Code   RO          279    i.SysTick_Configuration  board.o
    0x080026e8   0x080026e8   0x00000060   Code   RO            8    i.SysTick_Handler   stm32f10x_it.o
    0x08002748   0x08002748   0x00000060   Code   RO         2651    i.SystemInit        system_stm32f10x.o
    0x080027a8   0x080027a8   0x0000006a   Code   RO          213    i.TDT_Loop          schedule.o
    0x08002812   0x08002812   0x00000002   PAD
    0x08002814   0x08002814   0x000000c8   Code   RO          214    i.TDT_Loop_10000Hz  schedule.o
    0x080028dc   0x080028dc   0x0000000c   Code   RO          215    i.TDT_Loop_1000Hz   schedule.o
    0x080028e8   0x080028e8   0x0000000c   Code   RO          216    i.TDT_Loop_100Hz    schedule.o
    0x080028f4   0x080028f4   0x00000002   Code   RO          217    i.TDT_Loop_200Hz    schedule.o
    0x080028f6   0x080028f6   0x00000002   PAD
    0x080028f8   0x080028f8   0x0000002c   Code   RO          218    i.TDT_Loop_20Hz     schedule.o
    0x08002924   0x08002924   0x0000000c   Code   RO          219    i.TDT_Loop_500Hz    schedule.o
    0x08002930   0x08002930   0x00000002   Code   RO          220    i.TDT_Loop_50Hz     schedule.o
    0x08002932   0x08002932   0x00000002   PAD
    0x08002934   0x08002934   0x000001b8   Code   RO          469    i.TIM1_Init         tim1.o
    0x08002aec   0x08002aec   0x00000040   Code   RO          470    i.TIM1_UP_IRQHandler  tim1.o
    0x08002b2c   0x08002b2c   0x00000018   Code   RO         1472    i.TIM_ARRPreloadConfig  stm32f10x_tim.o
    0x08002b44   0x08002b44   0x00000020   Code   RO         1473    i.TIM_BDTRConfig    stm32f10x_tim.o
    0x08002b64   0x08002b64   0x00000006   Code   RO         1479    i.TIM_ClearITPendingBit  stm32f10x_tim.o
    0x08002b6a   0x08002b6a   0x00000018   Code   RO         1484    i.TIM_Cmd           stm32f10x_tim.o
    0x08002b82   0x08002b82   0x0000001e   Code   RO         1486    i.TIM_CtrlPWMOutputs  stm32f10x_tim.o
    0x08002ba0   0x08002ba0   0x000001e8   Code   RO         1489    i.TIM_DeInit        stm32f10x_tim.o
    0x08002d88   0x08002d88   0x00000004   Code   RO         1498    i.TIM_GenerateEvent  stm32f10x_tim.o
    0x08002d8c   0x08002d8c   0x00000022   Code   RO         1505    i.TIM_GetITStatus   stm32f10x_tim.o
    0x08002dae   0x08002dae   0x00000012   Code   RO         1509    i.TIM_ITConfig      stm32f10x_tim.o
    0x08002dc0   0x08002dc0   0x00000098   Code   RO         1513    i.TIM_OC1Init       stm32f10x_tim.o
    0x08002e58   0x08002e58   0x00000012   Code   RO         1516    i.TIM_OC1PreloadConfig  stm32f10x_tim.o
    0x08002e6a   0x08002e6a   0x00000002   PAD
    0x08002e6c   0x08002e6c   0x000000a4   Code   RO         1518    i.TIM_OC2Init       stm32f10x_tim.o
    0x08002f10   0x08002f10   0x0000001a   Code   RO         1521    i.TIM_OC2PreloadConfig  stm32f10x_tim.o
    0x08002f2a   0x08002f2a   0x00000002   PAD
    0x08002f2c   0x08002f2c   0x000000a0   Code   RO         1523    i.TIM_OC3Init       stm32f10x_tim.o
    0x08002fcc   0x08002fcc   0x00000012   Code   RO         1526    i.TIM_OC3PreloadConfig  stm32f10x_tim.o
    0x08002fde   0x08002fde   0x00000002   PAD
    0x08002fe0   0x08002fe0   0x0000007c   Code   RO         1528    i.TIM_OC4Init       stm32f10x_tim.o
    0x0800305c   0x0800305c   0x0000001a   Code   RO         1529    i.TIM_OC4PolarityConfig  stm32f10x_tim.o
    0x08003076   0x08003076   0x0000001a   Code   RO         1530    i.TIM_OC4PreloadConfig  stm32f10x_tim.o
    0x08003090   0x08003090   0x00000012   Code   RO         1537    i.TIM_SelectInputTrigger  stm32f10x_tim.o
    0x080030a2   0x080030a2   0x00000012   Code   RO         1538    i.TIM_SelectMasterSlaveMode  stm32f10x_tim.o
    0x080030b4   0x080030b4   0x00000012   Code   RO         1541    i.TIM_SelectOutputTrigger  stm32f10x_tim.o
    0x080030c6   0x080030c6   0x00000012   Code   RO         1542    i.TIM_SelectSlaveMode  stm32f10x_tim.o
    0x080030d8   0x080030d8   0x000000a4   Code   RO         1555    i.TIM_TimeBaseInit  stm32f10x_tim.o
    0x0800317c   0x0800317c   0x00000004   Code   RO            9    i.UsageFault_Handler  stm32f10x_it.o
    0x08003180   0x08003180   0x00000026   Code   RO         2768    i.__ARM_fpclassifyf  m_ws.l(fpclassifyf.o)
    0x080031a6   0x080031a6   0x00000006   Code   RO         2771    i.__mathlib_flt_infnan  m_ws.l(funder.o)
    0x080031ac   0x080031ac   0x00000008   Code   RO         2773    i.__mathlib_flt_invalid  m_ws.l(funder.o)
    0x080031b4   0x080031b4   0x0000000a   Code   RO         2776    i.__mathlib_flt_underflow  m_ws.l(funder.o)
    0x080031be   0x080031be   0x00000002   PAD
    0x080031c0   0x080031c0   0x00000168   Code   RO         2789    i.__mathlib_rredf2  m_ws.l(rredf.o)
    0x08003328   0x08003328   0x0000000e   Code   RO         2844    i.__scatterload_copy  mc_w.l(handlers.o)
    0x08003336   0x08003336   0x00000002   Code   RO         2845    i.__scatterload_null  mc_w.l(handlers.o)
    0x08003338   0x08003338   0x0000000e   Code   RO         2846    i.__scatterload_zeroinit  mc_w.l(handlers.o)
    0x08003346   0x08003346   0x00000002   PAD
    0x08003348   0x08003348   0x0000000c   Code   RO         2820    i.__set_errno       mc_w.l(errno.o)
    0x08003354   0x08003354   0x00000034   Code   RO          513    i.as5048_singelread_angle  as5048a.o
    0x08003388   0x08003388   0x0000017c   Code   RO         2691    i.cosf              m_ws.l(cosf.o)
    0x08003504   0x08003504   0x00000038   Code   RO          695    i.lpf_k_init        filter.o
    0x0800353c   0x0800353c   0x00000008   Code   RO          198    i.main              main.o
    0x08003544   0x08003544   0x00000174   Code   RO         2707    i.tanf              m_ws.l(tanf.o)
    0x080036b8   0x080036b8   0x00003840   Data   RO          545    .constdata          model_ident.o
    0x08006ef8   0x08006ef8   0x00000020   Data   RO         2790    .constdata          m_ws.l(rredf.o)
    0x08006f18   0x08006f18   0x00000020   Data   RO         2842    Region$$Table       anon$$obj.o


    Execution Region RW_IRAM1 (Exec base: 0x20000000, Load base: 0x08006f38, Size: 0x00000720, Max: 0x00005000, ABSOLUTE)

    Exec Addr    Load Addr    Size         Type   Attr      Idx    E Section Name        Object

    0x20000000   0x08006f38   0x0000000d   Data   RW          221    .data               schedule.o
    0x2000000d   0x08006f45   0x00000003   PAD
    0x20000010   0x08006f48   0x0000000e   Data   RW          281    .data               board.o
    0x2000001e   0x08006f56   0x00000002   PAD
    0x20000020   0x08006f58   0x00000028   Data   RW          575    .data               svpwm.o
    0x20000048   0x08006f80   0x00000008   Data   RW          606    .data               foc.o
    0x20000050   0x08006f88   0x00000014   Data   RW         1300    .data               stm32f10x_rcc.o
    0x20000064   0x08006f9c   0x00000004   Data   RW         2821    .data               mc_w.l(errno.o)
    0x20000068        -       0x0000000e   Zero   RW           10    .bss                stm32f10x_it.o
    0x20000076   0x08006fa0   0x00000002   PAD
    0x20000078        -       0x00000014   Zero   RW          280    .bss                board.o
    0x2000008c        -       0x00000078   Zero   RW          360    .bss                time.o
    0x20000104        -       0x00000028   Zero   RW          514    .bss                as5048a.o
    0x2000012c        -       0x000000b4   Zero   RW          605    .bss                foc.o
    0x200001e0        -       0x00000140   Zero   RW          696    .bss                filter.o
    0x20000320        -       0x00000400   Zero   RW         2640    STACK               startup_stm32f10x_md.o


==============================================================================

Image component sizes


      Code (inc. data)   RO Data    RW Data    ZI Data      Debug   Object Name

       756         44          0          0          0       1486   adc.o
       112         16          0          0         40       1940   as5048a.o
       396         50          0         14         20      18738   board.o
        68          4          0          0          0        487   drv8305.o
       496         42          0          0        320       3273   filter.o
       620         40          0          8        180       3700   foc.o
        44          4          0          0          0        472   key.o
         8          0          0          0          0        411   main.o
       172         22          0          0          0       1905   misc.o
         0          0      14400          0          0        631   model_ident.o
      1194        106          0          0          0       4422   nvic_irq.o
       390         44          0         13          0       4970   schedule.o
       216         16          0          0          0       1113   spi1.o
       188         14          0          0          0       1102   spi2.o
        36          8        236          0       1024        840   startup_stm32f10x_md.o
       604         24          0          0          0      12221   stm32f10x_adc.o
       450          6          0          0          0       4156   stm32f10x_gpio.o
       120         12          0          0         14     266204   stm32f10x_it.o
       364         50          0         20          0       5855   stm32f10x_rcc.o
       112          0          0          0          0       3618   stm32f10x_spi.o
      1610        156          0          0          0      13849   stm32f10x_tim.o
      1644         88          0         40          0       2228   svpwm.o
       328         28          0          0          0       1925   system_stm32f10x.o
       504         24          0          0          0       1381   tim1.o
       134          8          0          0        120       1458   time.o

    ----------------------------------------------------------------------
     10592        806      14668        100       1720     358385   Object Totals
         0          0         32          0          0          0   (incl. Generated)
        26          0          0          5          2          0   (incl. Padding)

    ----------------------------------------------------------------------

      Code (inc. data)   RO Data    RW Data    ZI Data      Debug   Library Member Name

       380         52          0          0          0        124   cosf.o
        38          0          0          0          0         68   fpclassifyf.o
        24          0          0          0          0        204   funder.o
       360         16         32          0          0         88   rredf.o
       372         58          0          0          0        124   tanf.o
         0          0          0          0          0          0   entry.o
         0          0          0          0          0          0   entry10a.o
         0          0          0          0          0          0   entry11a.o
         8          4          0          0          0          0   entry2.o
         4          0          0          0          0          0   entry5.o
         0          0          0          0          0          0   entry7b.o
         0          0          0          0          0          0   entry8b.o
         8          4          0          0          0          0   entry9a.o
        12          6          0          4          0         68   errno.o
        30          0          0          0          0          0   handlers.o
        36          8          0          0          0         68   init.o
         0          0          0          0          0          0   iusefp.o
        30          0          0          0          0         68   llshl.o
        36          0          0          0          0         68   llsshr.o
        32          0          0          0          0         68   llushr.o
        20          0          0          0          0         68   cfcmple.o
        20          0          0          0          0         68   cfrcmple.o
       334          0          0          0          0        148   dadd.o
       222          0          0          0          0        100   ddiv.o
       186          0          0          0          0        176   depilogue.o
        62          0          0          0          0         80   dfixi.o
        34          0          0          0          0         76   dflti.o
        26          0          0          0          0         76   dfltui.o
       228          0          0          0          0         96   dmul.o
       176          0          0          0          0        140   fadd.o
       124          0          0          0          0         88   fdiv.o
       110          0          0          0          0        168   fepilogue.o
        50          0          0          0          0         68   ffixi.o
        18          0          0          0          0         68   fflti.o
        10          0          0          0          0         68   ffltui.o
       100          0          0          0          0         76   fmul.o
        60          0          0          0          0         76   frnd.o
        24          0          0          0          0         68   fscalb.o

    ----------------------------------------------------------------------
      3180        148         32          4          0       2656   Library Totals
         6          0          0          0          0          0   (incl. Padding)

    ----------------------------------------------------------------------

      Code (inc. data)   RO Data    RW Data    ZI Data      Debug   Library Name

      1174        126         32          0          0        608   m_ws.l
       196         22          0          4          0        340   mc_w.l
      1804          0          0          0          0       1708   mf_w.l

    ----------------------------------------------------------------------
      3180        148         32          4          0       2656   Library Totals

    ----------------------------------------------------------------------

==============================================================================


      Code (inc. data)   RO Data    RW Data    ZI Data      Debug   

     13772        954      14700        104       1720     353809   Grand Totals
     13772        954      14700        104       1720     353809   ELF Image Totals
     13772        954      14700        104          0          0   ROM Totals

==============================================================================

    Total RO  Size (Code + RO Data)                28472 (  27.80kB)
    Total RW  Size (RW Data + ZI Data)              1824 (   1.78kB)
    Total ROM Size (Code + RO Data + RW Data)      28576 (  27.91kB)

==============================================================================

