Component: ARM Compiler 5.05 update 1 (build 106) Tool: armlink [4d0efa]

==============================================================================

Section Cross References

    stm32f10x_it.o(i.SysTick_Handler) refers to schedule.o(i.TDT_Loop) for TDT_Loop
    stm32f10x_it.o(i.SysTick_Handler) refers to board.o(.data) for sysTickUptime
    stm32f10x_it.o(i.SysTick_Handler) refers to stm32f10x_it.o(.bss) for infantrySchedule
    main.o(i.main) refers to board.o(i.Board_ALL_Init) for Board_ALL_Init
    main.o(i.main) refers to stm32f10x_gpio.o(i.GPIO_ResetBits) for GPIO_ResetBits
    main.o(i.main) refers to spi1.o(i.SPI1_ReadWriteByte) for SPI1_ReadWriteByte
    main.o(i.main) refers to board.o(i.DelayMs) for DelayMs
    main.o(i.main) refers to stm32f10x_gpio.o(i.GPIO_SetBits) for GPIO_SetBits
    main.o(i.main) refers to board.o(i.DelayUs) for DelayUs
    main.o(i.main) refers to main.o(.data) for Set_80V
    schedule.o(i.TDT_Loop) refers to schedule.o(i.TDT_Loop_10000Hz) for TDT_Loop_10000Hz
    schedule.o(i.TDT_Loop) refers to schedule.o(i.TDT_Loop_1000Hz) for TDT_Loop_1000Hz
    schedule.o(i.TDT_Loop) refers to schedule.o(i.TDT_Loop_500Hz) for TDT_Loop_500Hz
    schedule.o(i.TDT_Loop) refers to schedule.o(i.TDT_Loop_200Hz) for TDT_Loop_200Hz
    schedule.o(i.TDT_Loop) refers to schedule.o(i.TDT_Loop_100Hz) for TDT_Loop_100Hz
    schedule.o(i.TDT_Loop) refers to schedule.o(i.TDT_Loop_50Hz) for TDT_Loop_50Hz
    schedule.o(i.TDT_Loop) refers to schedule.o(i.TDT_Loop_20Hz) for TDT_Loop_20Hz
    schedule.o(i.TDT_Loop_10000Hz) refers to time.o(i.Get_Cycle_T) for Get_Cycle_T
    schedule.o(i.TDT_Loop_1000Hz) refers to time.o(i.Get_Cycle_T) for Get_Cycle_T
    schedule.o(i.TDT_Loop_100Hz) refers to time.o(i.Get_Cycle_T) for Get_Cycle_T
    schedule.o(i.TDT_Loop_20Hz) refers to schedule.o(.data) for timer_50ms
    schedule.o(i.TDT_Loop_500Hz) refers to time.o(i.Get_Cycle_T) for Get_Cycle_T
    board.o(i.Board_ALL_Init) refers to misc.o(i.NVIC_PriorityGroupConfig) for NVIC_PriorityGroupConfig
    board.o(i.Board_ALL_Init) refers to board.o(i.SysTick_Configuration) for SysTick_Configuration
    board.o(i.Board_ALL_Init) refers to key.o(i.LED_Configuration) for LED_Configuration
    board.o(i.Board_ALL_Init) refers to tim1.o(i.TIM1_Init) for TIM1_Init
    board.o(i.Board_ALL_Init) refers to adc.o(i.Protect_AdcInit) for Protect_AdcInit
    board.o(i.Board_ALL_Init) refers to time.o(i.Cycle_Time_Init) for Cycle_Time_Init
    board.o(i.Board_ALL_Init) refers to drv8305.o(i.DRV8305_Init) for DRV8305_Init
    board.o(i.Board_ALL_Init) refers to as5048a.o(i.AS5048_Init) for AS5048_Init
    board.o(i.Board_ALL_Init) refers to board.o(.data) for Init_OK
    board.o(i.DelayMs) refers to board.o(i.DelayUs) for DelayUs
    board.o(i.DelayUs) refers to board.o(i.GetSysTime_us) for GetSysTime_us
    board.o(i.GetSysTime_us) refers to board.o(.data) for sysTickUptime
    board.o(i.SysTick_Configuration) refers to stm32f10x_rcc.o(i.RCC_GetClocksFreq) for RCC_GetClocksFreq
    board.o(i.SysTick_Configuration) refers to misc.o(i.SysTick_CLKSourceConfig) for SysTick_CLKSourceConfig
    board.o(i.SysTick_Configuration) refers to board.o(.bss) for rcc_clocks
    key.o(i.LED_Configuration) refers to stm32f10x_rcc.o(i.RCC_APB2PeriphClockCmd) for RCC_APB2PeriphClockCmd
    key.o(i.LED_Configuration) refers to stm32f10x_gpio.o(i.GPIO_Init) for GPIO_Init
    time.o(i.Cycle_Time_Init) refers to time.o(i.Get_Cycle_T) for Get_Cycle_T
    time.o(i.Get_Cycle_T) refers to board.o(i.GetSysTime_us) for GetSysTime_us
    time.o(i.Get_Cycle_T) refers to ffltui.o(.text) for __aeabi_ui2f
    time.o(i.Get_Cycle_T) refers to fdiv.o(.text) for __aeabi_fdiv
    time.o(i.Get_Cycle_T) refers to fadd.o(.text) for __aeabi_fsub
    time.o(i.Get_Cycle_T) refers to time.o(.bss) for Cycle_T
    pwm.o(i.PWM_OUT) refers to stm32f10x_tim.o(i.TIM_SetCompare1) for TIM_SetCompare1
    pwm.o(i.PWM_OUT) refers to stm32f10x_tim.o(i.TIM_SetCompare2) for TIM_SetCompare2
    pwm.o(i.PWM_OUT) refers to stm32f10x_tim.o(i.TIM_SetCompare3) for TIM_SetCompare3
    pwm.o(i.PWM_OUT) refers to stm32f10x_tim.o(i.TIM_SetCompare4) for TIM_SetCompare4
    pwm.o(i.TIM2_pwm_init) refers to stm32f10x_rcc.o(i.RCC_APB2PeriphClockCmd) for RCC_APB2PeriphClockCmd
    pwm.o(i.TIM2_pwm_init) refers to stm32f10x_rcc.o(i.RCC_APB1PeriphClockCmd) for RCC_APB1PeriphClockCmd
    pwm.o(i.TIM2_pwm_init) refers to stm32f10x_gpio.o(i.GPIO_Init) for GPIO_Init
    pwm.o(i.TIM2_pwm_init) refers to stm32f10x_tim.o(i.TIM_TimeBaseInit) for TIM_TimeBaseInit
    pwm.o(i.TIM2_pwm_init) refers to stm32f10x_tim.o(i.TIM_OC1Init) for TIM_OC1Init
    pwm.o(i.TIM2_pwm_init) refers to stm32f10x_tim.o(i.TIM_OC2Init) for TIM_OC2Init
    pwm.o(i.TIM2_pwm_init) refers to stm32f10x_tim.o(i.TIM_OC3Init) for TIM_OC3Init
    pwm.o(i.TIM2_pwm_init) refers to stm32f10x_tim.o(i.TIM_OC4Init) for TIM_OC4Init
    pwm.o(i.TIM2_pwm_init) refers to stm32f10x_tim.o(i.TIM_OC1PreloadConfig) for TIM_OC1PreloadConfig
[...]
    cos_x.o(i.____softfp_cos$lsc) refers to cos_x.o(i.__cos$lsc) for __cos$lsc
    cos_x.o(i.__cos$lsc) refers (Special) to iusefp.o(.text) for __I$use$fp
    cos_x.o(i.__cos$lsc) refers to errno.o(i.__set_errno) for __set_errno
    cos_x.o(i.__cos$lsc) refers to dunder.o(i.__mathlib_dbl_infnan) for __mathlib_dbl_infnan
    cos_x.o(i.__cos$lsc) refers to rred.o(i.__ieee754_rem_pio2) for __ieee754_rem_pio2
    cos_x.o(i.__cos$lsc) refers to sin_i.o(i.__kernel_sin) for __kernel_sin
    cos_x.o(i.__cos$lsc) refers to cos_i.o(i.__kernel_cos) for __kernel_cos
    sin.o(i.__softfp_sin) refers (Special) to iusefp.o(.text) for __I$use$fp
    sin.o(i.__softfp_sin) refers to sin.o(i.sin) for sin
    sin.o(i.sin) refers (Special) to iusefp.o(.text) for __I$use$fp
    sin.o(i.sin) refers to errno.o(i.__set_errno) for __set_errno
    sin.o(i.sin) refers to dunder.o(i.__mathlib_dbl_invalid) for __mathlib_dbl_invalid
    sin.o(i.sin) refers to dunder.o(i.__mathlib_dbl_infnan) for __mathlib_dbl_infnan
    sin.o(i.sin) refers to rred.o(i.__ieee754_rem_pio2) for __ieee754_rem_pio2
    sin.o(i.sin) refers to cos_i.o(i.__kernel_cos) for __kernel_cos
    sin.o(i.sin) refers to sin_i.o(i.__kernel_sin) for __kernel_sin
    sin_x.o(i.____softfp_sin$lsc) refers (Special) to iusefp.o(.text) for __I$use$fp
    sin_x.o(i.____softfp_sin$lsc) refers to sin_x.o(i.__sin$lsc) for __sin$lsc
    sin_x.o(i.__sin$lsc) refers (Special) to iusefp.o(.text) for __I$use$fp
    sin_x.o(i.__sin$lsc) refers to errno.o(i.__set_errno) for __set_errno
    sin_x.o(i.__sin$lsc) refers to dunder.o(i.__mathlib_dbl_infnan) for __mathlib_dbl_infnan
    sin_x.o(i.__sin$lsc) refers to rred.o(i.__ieee754_rem_pio2) for __ieee754_rem_pio2
    sin_x.o(i.__sin$lsc) refers to cos_i.o(i.__kernel_cos) for __kernel_cos
    sin_x.o(i.__sin$lsc) refers to sin_i.o(i.__kernel_sin) for __kernel_sin
    entry.o(.ARM.Collect$$$$00000000) refers (Special) to entry10a.o(.ARM.Collect$$$$0000000D) for __rt_final_cpp
    entry.o(.ARM.Collect$$$$00000000) refers (Special) to entry11a.o(.ARM.Collect$$$$0000000F) for __rt_final_exit
    entry.o(.ARM.Collect$$$$00000000) refers (Special) to entry7b.o(.ARM.Collect$$$$00000008) for _main_clock
    entry.o(.ARM.Collect$$$$00000000) refers (Special) to entry8b.o(.ARM.Collect$$$$0000000A) for _main_cpp_init
    entry.o(.ARM.Collect$$$$00000000) refers (Special) to entry9a.o(.ARM.Collect$$$$0000000B) for _main_init
    entry.o(.ARM.Collect$$$$00000000) refers (Special) to entry5.o(.ARM.Collect$$$$00000004) for _main_scatterload
    entry.o(.ARM.Collect$$$$00000000) refers (Special) to entry2.o(.ARM.Collect$$$$00000001) for _main_stk
    fadd.o(.text) refers (Special) to iusefp.o(.text) for __I$use$fp
    fadd.o(.text) refers to fepilogue.o(.text) for _float_epilogue
    fmul.o(.text) refers (Special) to iusefp.o(.text) for __I$use$fp
    fdiv.o(.text) refers (Special) to iusefp.o(.text) for __I$use$fp
    fdiv.o(.text) refers to fepilogue.o(.text) for _float_round
    dadd.o(.text) refers (Special) to iusefp.o(.text) for __I$use$fp
    dadd.o(.text) refers to llshl.o(.text) for __aeabi_llsl
    dadd.o(.text) refers to llsshr.o(.text) for __aeabi_lasr
    dadd.o(.text) refers to depilogue.o(.text) for _double_epilogue
    dmul.o(.text) refers (Special) to iusefp.o(.text) for __I$use$fp
    dmul.o(.text) refers to depilogue.o(.text) for _double_epilogue
    ddiv.o(.text) refers (Special) to iusefp.o(.text) for __I$use$fp
    ddiv.o(.text) refers to depilogue.o(.text) for _double_round
    fflti.o(.text) refers (Special) to iusefp.o(.text) for __I$use$fp
    fflti.o(.text) refers to fepilogue.o(.text) for _float_epilogue
    ffltui.o(.text) refers (Special) to iusefp.o(.text) for __I$use$fp
    ffltui.o(.text) refers to fepilogue.o(.text) for _float_epilogue
    dfltui.o(.text) refers (Special) to iusefp.o(.text) for __I$use$fp
    dfltui.o(.text) refers to depilogue.o(.text) for _double_epilogue
    ffixi.o(.text) refers (Special) to iusefp.o(.text) for __I$use$fp
    ffixui.o(.text) refers (Special) to iusefp.o(.text) for __I$use$fp
    dfixi.o(.text) refers (Special) to iusefp.o(.text) for __I$use$fp
    dfixi.o(.text) refers to llushr.o(.text) for __aeabi_llsr
    f2d.o(.text) refers (Special) to iusefp.o(.text) for __I$use$fp
    d2f.o(.text) refers (Special) to iusefp.o(.text) for __I$use$fp
    d2f.o(.text) refers to fepilogue.o(.text) for _float_round
    cfrcmple.o(.text) refers (Special) to iusefp.o(.text) for __I$use$fp
    cos_i.o(i.__kernel_cos) refers (Special) to iusefp.o(.text) for __I$use$fp
    cos_i.o(i.__kernel_cos) refers to dfixi.o(.text) for __aeabi_d2iz
    cos_i.o(i.__kernel_cos) refers to dmul.o(.text) for __aeabi_dmul
    cos_i.o(i.__kernel_cos) refers to poly.o(i.__kernel_poly) for __kernel_poly
    cos_i.o(i.__kernel_cos) refers to dadd.o(.text) for __aeabi_dsub
    cos_i.o(i.__kernel_cos) refers to dscalb.o(.text) for __ARM_scalbn
    cos_i.o(i.__kernel_cos) refers to cos_i.o(.constdata) for .constdata
    cos_i.o(.constdata) refers (Special) to iusefp.o(.text) for __I$use$fp
    dunder.o(i.__mathlib_dbl_divzero) refers to ddiv.o(.text) for __aeabi_ddiv
    dunder.o(i.__mathlib_dbl_infnan) refers to dscalb.o(.text) for __ARM_scalbn
    dunder.o(i.__mathlib_dbl_infnan2) refers to dadd.o(.text) for __aeabi_dadd
    dunder.o(i.__mathlib_dbl_invalid) refers to ddiv.o(.text) for __aeabi_ddiv
    dunder.o(i.__mathlib_dbl_overflow) refers to dscalb.o(.text) for __ARM_scalbn
    dunder.o(i.__mathlib_dbl_posinfnan) refers to dmul.o(.text) for __aeabi_dmul
    dunder.o(i.__mathlib_dbl_underflow) refers to dscalb.o(.text) for __ARM_scalbn
    rred.o(i.__ieee754_rem_pio2) refers (Special) to iusefp.o(.text) for __I$use$fp
    rred.o(i.__ieee754_rem_pio2) refers to dadd.o(.text) for __aeabi_dsub
    rred.o(i.__ieee754_rem_pio2) refers to dmul.o(.text) for __aeabi_dmul
    rred.o(i.__ieee754_rem_pio2) refers to dfixi.o(.text) for __aeabi_d2iz
    rred.o(i.__ieee754_rem_pio2) refers to dflti.o(.text) for __aeabi_i2d
    rred.o(i.__ieee754_rem_pio2) refers to dfltui.o(.text) for __aeabi_ui2d
    rred.o(i.__ieee754_rem_pio2) refers to dscalb.o(.text) for __ARM_scalbn
    rred.o(i.__ieee754_rem_pio2) refers to rred.o(.constdata) for .constdata
    rred.o(i.__use_accurate_range_reduction) refers (Special) to iusefp.o(.text) for __I$use$fp
    rred.o(.constdata) refers (Special) to iusefp.o(.text) for __I$use$fp
    sin_i.o(i.__kernel_sin) refers (Special) to iusefp.o(.text) for __I$use$fp
    sin_i.o(i.__kernel_sin) refers to fpclassify.o(i.__ARM_fpclassify) for __ARM_fpclassify
    sin_i.o(i.__kernel_sin) refers to dunder.o(i.__mathlib_dbl_underflow) for __mathlib_dbl_underflow
    sin_i.o(i.__kernel_sin) refers to dmul.o(.text) for __aeabi_dmul
    sin_i.o(i.__kernel_sin) refers to poly.o(i.__kernel_poly) for __kernel_poly
    sin_i.o(i.__kernel_sin) refers to dscalb.o(.text) for __ARM_scalbn
    sin_i.o(i.__kernel_sin) refers to dadd.o(.text) for __aeabi_dsub
    sin_i.o(i.__kernel_sin) refers to sin_i.o(.constdata) for .constdata
    sin_i.o(.constdata) refers (Special) to iusefp.o(.text) for __I$use$fp
    sin_i_x.o(i.____kernel_sin$lsc) refers (Special) to iusefp.o(.text) for __I$use$fp
    sin_i_x.o(i.____kernel_sin$lsc) refers to dmul.o(.text) for __aeabi_dmul
    sin_i_x.o(i.____kernel_sin$lsc) refers to poly.o(i.__kernel_poly) for __kernel_poly
    sin_i_x.o(i.____kernel_sin$lsc) refers to dscalb.o(.text) for __ARM_scalbn
    sin_i_x.o(i.____kernel_sin$lsc) refers to dadd.o(.text) for __aeabi_dsub
    sin_i_x.o(i.____kernel_sin$lsc) refers to sin_i_x.o(.constdata) for .constdata
    sin_i_x.o(.constdata) refers (Special) to iusefp.o(.text) for __I$use$fp
    entry2.o(.ARM.Collect$$$$00000001) refers to entry2.o(.ARM.Collect$$$$00002712) for __lit__00000000
    entry2.o(.ARM.Collect$$$$00002712) refers to startup_stm32f10x_md.o(STACK) for __initial_sp
    entry2.o(__vectab_stack_and_reset_area) refers to startup_stm32f10x_md.o(STACK) for __initial_sp
    entry2.o(__vectab_stack_and_reset_area) refers to entry.o(.ARM.Collect$$$$00000000) for __main
    entry5.o(.ARM.Collect$$$$00000004) refers to init.o(.text) for __scatterload
    entry9a.o(.ARM.Collect$$$$0000000B) refers to main.o(i.main) for main
    entry9b.o(.ARM.Collect$$$$0000000C) refers to main.o(i.main) for main
    errno.o(i.__aeabi_errno_addr) refers to errno.o(.data) for .data
    errno.o(i.__read_errno) refers to errno.o(.data) for .data
    errno.o(i.__set_errno) refers to errno.o(.data) for .data
    depilogue.o(.text) refers to llshl.o(.text) for __aeabi_llsl
    depilogue.o(.text) refers to llushr.o(.text) for __aeabi_llsr
    fpclassify.o(i.__ARM_fpclassify) refers (Special) to iusefp.o(.text) for __I$use$fp
    poly.o(i.__kernel_poly) refers (Special) to iusefp.o(.text) for __I$use$fp
    poly.o(i.__kernel_poly) refers to dmul.o(.text) for __aeabi_dmul
    poly.o(i.__kernel_poly) refers to dadd.o(.text) for __aeabi_dadd
    init.o(.text) refers to entry5.o(.ARM.Collect$$$$00000004) for __main_after_scatterload
    dflti.o(.text) refers to depilogue.o(.text) for _double_epilogue


==============================================================================

Removing Unused input sections from the image.

    Removing delay.o(i.delay_ms), (28 bytes).
    Removing delay.o(i.delay_us), (26 bytes).
    Removing pwm.o(i.PWM_OUT), (152 bytes).
    Removing pwm.o(i.TIM2_pwm_init), (196 bytes).
    Removing pwm.o(i.TIM3_pwm_init), (220 bytes).
    Removing pwm.o(i.TIM4_pwm_init), (192 bytes).
    Removing input.o(i.Input_init), (76 bytes).
    Removing input.o(i.Output_init), (44 bytes).
    Removing spi1.o(i.SPI1_Function), (38 bytes).
    Removing adc.o(i.Adcdma_Init), (348 bytes).
    Removing as5048a.o(i.as5048_data_prepare), (2 bytes).
    Removing as5048a.o(.data), (2 bytes).
    Removing model_ident.o(i.model_ident_cos), (252 bytes).
    Removing model_ident.o(i.model_ident_sin), (296 bytes).
    Removing model_ident.o(i.model_ident_sin1), (292 bytes).
    Removing misc.o(i.NVIC_SetVectorTable), (20 bytes).
    Removing misc.o(i.NVIC_SystemLPConfig), (32 bytes).
    Removing stm32f10x_adc.o(i.ADC_AnalogWatchdogCmd), (20 bytes).
    Removing stm32f10x_adc.o(i.ADC_AnalogWatchdogSingleChannelConfig), (16 bytes).
    Removing stm32f10x_adc.o(i.ADC_AnalogWatchdogThresholdsConfig), (6 bytes).
    Removing stm32f10x_adc.o(i.ADC_ClearFlag), (6 bytes).
    Removing stm32f10x_adc.o(i.ADC_DMACmd), (22 bytes).
    Removing stm32f10x_adc.o(i.ADC_DiscModeChannelCountConfig), (24 bytes).
    Removing stm32f10x_adc.o(i.ADC_ExternalTrigConvCmd), (22 bytes).
    Removing stm32f10x_adc.o(i.ADC_GetCalibrationStatus), (20 bytes).
    Removing stm32f10x_adc.o(i.ADC_GetConversionValue), (8 bytes).
    Removing stm32f10x_adc.o(i.ADC_GetDualModeConversionValue), (12 bytes).
    Removing stm32f10x_adc.o(i.ADC_GetFlagStatus), (18 bytes).
    Removing stm32f10x_adc.o(i.ADC_GetSoftwareStartConvStatus), (20 bytes).
    Removing stm32f10x_adc.o(i.ADC_GetSoftwareStartInjectedConvCmdStatus), (20 bytes).
    Removing stm32f10x_adc.o(i.ADC_RegularChannelConfig), (184 bytes).
    Removing stm32f10x_adc.o(i.ADC_SoftwareStartConvCmd), (22 bytes).
    Removing stm32f10x_adc.o(i.ADC_SoftwareStartInjectedConvCmd), (22 bytes).
    Removing stm32f10x_adc.o(i.ADC_StartCalibration), (10 bytes).
    Removing stm32f10x_adc.o(i.ADC_StructInit), (18 bytes).
    Removing stm32f10x_adc.o(i.ADC_TempSensorVrefintCmd), (36 bytes).
    Removing stm32f10x_can.o(i.CAN_CancelTransmit), (48 bytes).
    Removing stm32f10x_can.o(i.CAN_ClearFlag), (56 bytes).
    Removing stm32f10x_can.o(i.CAN_ClearITPendingBit), (168 bytes).
    Removing stm32f10x_can.o(i.CAN_DBGFreeze), (22 bytes).
    Removing stm32f10x_can.o(i.CAN_DeInit), (56 bytes).
    Removing stm32f10x_can.o(i.CAN_FIFORelease), (22 bytes).
    Removing stm32f10x_can.o(i.CAN_FilterInit), (264 bytes).
    Removing stm32f10x_can.o(i.CAN_GetFlagStatus), (120 bytes).
    Removing stm32f10x_can.o(i.CAN_GetITStatus), (288 bytes).
    Removing stm32f10x_can.o(i.CAN_GetLSBTransmitErrorCounter), (12 bytes).
    Removing stm32f10x_can.o(i.CAN_GetLastErrorCode), (12 bytes).
    Removing stm32f10x_can.o(i.CAN_GetReceiveErrorCounter), (10 bytes).
    Removing stm32f10x_can.o(i.CAN_ITConfig), (18 bytes).
    Removing stm32f10x_can.o(i.CAN_Init), (276 bytes).
    Removing stm32f10x_can.o(i.CAN_MessagePending), (30 bytes).
    Removing stm32f10x_can.o(i.CAN_OperatingModeRequest), (162 bytes).
    Removing stm32f10x_can.o(i.CAN_Receive), (240 bytes).
    Removing stm32f10x_can.o(i.CAN_SlaveStartBank), (52 bytes).
    Removing stm32f10x_can.o(i.CAN_Sleep), (30 bytes).
    Removing stm32f10x_can.o(i.CAN_StructInit), (32 bytes).
    Removing stm32f10x_can.o(i.CAN_TTComModeCmd), (118 bytes).
    Removing stm32f10x_can.o(i.CAN_Transmit), (294 bytes).
    Removing stm32f10x_can.o(i.CAN_TransmitStatus), (160 bytes).
    Removing stm32f10x_can.o(i.CAN_WakeUp), (48 bytes).
    Removing stm32f10x_can.o(i.CheckITStatus), (18 bytes).
    Removing stm32f10x_gpio.o(i.GPIO_DeInit), (200 bytes).
    Removing stm32f10x_gpio.o(i.GPIO_ETH_MediaInterfaceConfig), (12 bytes).
    Removing stm32f10x_gpio.o(i.GPIO_EXTILineConfig), (64 bytes).
    Removing stm32f10x_gpio.o(i.GPIO_EventOutputCmd), (12 bytes).
    Removing stm32f10x_gpio.o(i.GPIO_EventOutputConfig), (32 bytes).
    Removing stm32f10x_gpio.o(i.GPIO_PinLockConfig), (18 bytes).
    Removing stm32f10x_gpio.o(i.GPIO_ReadInputData), (8 bytes).
    Removing stm32f10x_gpio.o(i.GPIO_ReadInputDataBit), (18 bytes).
    Removing stm32f10x_gpio.o(i.GPIO_ReadOutputData), (8 bytes).
    Removing stm32f10x_gpio.o(i.GPIO_ReadOutputDataBit), (18 bytes).
    Removing stm32f10x_gpio.o(i.GPIO_StructInit), (16 bytes).
    Removing stm32f10x_gpio.o(i.GPIO_Write), (4 bytes).
    Removing stm32f10x_gpio.o(i.GPIO_WriteBit), (10 bytes).
    Removing stm32f10x_rcc.o(i.RCC_AHBPeriphClockCmd), (32 bytes).
    Removing stm32f10x_rcc.o(i.RCC_AdjustHSICalibrationValue), (24 bytes).
    Removing stm32f10x_rcc.o(i.RCC_BackupResetCmd), (12 bytes).
    Removing stm32f10x_rcc.o(i.RCC_ClearFlag), (20 bytes).
    Removing stm32f10x_rcc.o(i.RCC_ClearITPendingBit), (12 bytes).
    Removing stm32f10x_rcc.o(i.RCC_ClockSecuritySystemCmd), (12 bytes).
    Removing stm32f10x_rcc.o(i.RCC_DeInit), (76 bytes).
    Removing stm32f10x_rcc.o(i.RCC_GetFlagStatus), (60 bytes).
    Removing stm32f10x_rcc.o(i.RCC_GetITStatus), (24 bytes).
    Removing stm32f10x_rcc.o(i.RCC_GetSYSCLKSource), (16 bytes).
    Removing stm32f10x_rcc.o(i.RCC_HCLKConfig), (24 bytes).
    Removing stm32f10x_rcc.o(i.RCC_HSEConfig), (76 bytes).
    Removing stm32f10x_rcc.o(i.RCC_HSICmd), (12 bytes).
    Removing stm32f10x_rcc.o(i.RCC_ITConfig), (32 bytes).
    Removing stm32f10x_rcc.o(i.RCC_LSEConfig), (52 bytes).
    Removing stm32f10x_rcc.o(i.RCC_LSICmd), (12 bytes).
    Removing stm32f10x_rcc.o(i.RCC_MCOConfig), (12 bytes).
    Removing stm32f10x_rcc.o(i.RCC_PCLK1Config), (24 bytes).
    Removing stm32f10x_rcc.o(i.RCC_PCLK2Config), (24 bytes).
    Removing stm32f10x_rcc.o(i.RCC_PLLCmd), (12 bytes).
    Removing stm32f10x_rcc.o(i.RCC_PLLConfig), (28 bytes).
    Removing stm32f10x_rcc.o(i.RCC_RTCCLKCmd), (12 bytes).
    Removing stm32f10x_rcc.o(i.RCC_RTCCLKConfig), (16 bytes).
    Removing stm32f10x_rcc.o(i.RCC_SYSCLKConfig), (24 bytes).
    Removing stm32f10x_rcc.o(i.RCC_USBCLKConfig), (12 bytes).
    Removing stm32f10x_rcc.o(i.RCC_WaitForHSEStartUp), (56 bytes).
    Removing stm32f10x_tim.o(i.TI1_Config), (128 bytes).
    Removing stm32f10x_tim.o(i.TI2_Config), (152 bytes).
    Removing stm32f10x_tim.o(i.TI3_Config), (144 bytes).
    Removing stm32f10x_tim.o(i.TI4_Config), (152 bytes).
    Removing stm32f10x_tim.o(i.TIM_ARRPreloadConfig), (24 bytes).
    Removing stm32f10x_tim.o(i.TIM_BDTRStructInit), (18 bytes).
    Removing stm32f10x_tim.o(i.TIM_CCPreloadControl), (24 bytes).
    Removing stm32f10x_tim.o(i.TIM_CCxCmd), (30 bytes).
    Removing stm32f10x_tim.o(i.TIM_CCxNCmd), (30 bytes).
    Removing stm32f10x_tim.o(i.TIM_ClearOC1Ref), (18 bytes).
    Removing stm32f10x_tim.o(i.TIM_ClearOC2Ref), (24 bytes).
    Removing stm32f10x_tim.o(i.TIM_ClearOC3Ref), (18 bytes).
    Removing stm32f10x_tim.o(i.TIM_ClearOC4Ref), (24 bytes).
    Removing stm32f10x_tim.o(i.TIM_CounterModeConfig), (18 bytes).
    Removing stm32f10x_tim.o(i.TIM_CtrlPWMOutputs), (30 bytes).
    Removing stm32f10x_tim.o(i.TIM_DMACmd), (18 bytes).
    Removing stm32f10x_tim.o(i.TIM_DMAConfig), (10 bytes).
    Removing stm32f10x_tim.o(i.TIM_ETRClockMode1Config), (54 bytes).
    Removing stm32f10x_tim.o(i.TIM_ETRClockMode2Config), (32 bytes).
    Removing stm32f10x_tim.o(i.TIM_ETRConfig), (28 bytes).
    Removing stm32f10x_tim.o(i.TIM_EncoderInterfaceConfig), (66 bytes).
    Removing stm32f10x_tim.o(i.TIM_ForcedOC1Config), (18 bytes).
    Removing stm32f10x_tim.o(i.TIM_ForcedOC2Config), (26 bytes).
    Removing stm32f10x_tim.o(i.TIM_ForcedOC3Config), (18 bytes).
    Removing stm32f10x_tim.o(i.TIM_ForcedOC4Config), (26 bytes).
    Removing stm32f10x_tim.o(i.TIM_GetCapture1), (6 bytes).
    Removing stm32f10x_tim.o(i.TIM_GetCapture2), (6 bytes).
    Removing stm32f10x_tim.o(i.TIM_GetCapture3), (6 bytes).
    Removing stm32f10x_tim.o(i.TIM_GetCapture4), (8 bytes).
    Removing stm32f10x_tim.o(i.TIM_GetCounter), (6 bytes).
    Removing stm32f10x_tim.o(i.TIM_GetFlagStatus), (18 bytes).
    Removing stm32f10x_tim.o(i.TIM_GetPrescaler), (6 bytes).
    Removing stm32f10x_tim.o(i.TIM_ICInit), (172 bytes).
    Removing stm32f10x_tim.o(i.TIM_ICStructInit), (18 bytes).
    Removing stm32f10x_tim.o(i.TIM_ITRxExternalClockConfig), (24 bytes).
    Removing stm32f10x_tim.o(i.TIM_InternalClockConfig), (12 bytes).
    Removing stm32f10x_tim.o(i.TIM_OC1FastConfig), (18 bytes).
    Removing stm32f10x_tim.o(i.TIM_OC1NPolarityConfig), (18 bytes).
    Removing stm32f10x_tim.o(i.TIM_OC1PolarityConfig), (18 bytes).
    Removing stm32f10x_tim.o(i.TIM_OC2FastConfig), (26 bytes).
    Removing stm32f10x_tim.o(i.TIM_OC2NPolarityConfig), (26 bytes).
    Removing stm32f10x_tim.o(i.TIM_OC2PolarityConfig), (26 bytes).
    Removing stm32f10x_tim.o(i.TIM_OC3FastConfig), (18 bytes).
    Removing stm32f10x_tim.o(i.TIM_OC3NPolarityConfig), (26 bytes).
    Removing stm32f10x_tim.o(i.TIM_OC3PolarityConfig), (26 bytes).
    Removing stm32f10x_tim.o(i.TIM_OC4FastConfig), (26 bytes).
    Removing stm32f10x_tim.o(i.TIM_OC4PolarityConfig), (26 bytes).
    Removing stm32f10x_tim.o(i.TIM_OCStructInit), (20 bytes).
    Removing stm32f10x_tim.o(i.TIM_PWMIConfig), (124 bytes).
    Removing stm32f10x_tim.o(i.TIM_PrescalerConfig), (6 bytes).
    Removing stm32f10x_tim.o(i.TIM_SelectCCDMA), (24 bytes).
    Removing stm32f10x_tim.o(i.TIM_SelectCOM), (24 bytes).
    Removing stm32f10x_tim.o(i.TIM_SelectHallSensor), (24 bytes).
    Removing stm32f10x_tim.o(i.TIM_SelectInputTrigger), (18 bytes).
    Removing stm32f10x_tim.o(i.TIM_SelectMasterSlaveMode), (18 bytes).
    Removing stm32f10x_tim.o(i.TIM_SelectOCxM), (82 bytes).
    Removing stm32f10x_tim.o(i.TIM_SelectOnePulseMode), (18 bytes).
    Removing stm32f10x_tim.o(i.TIM_SelectSlaveMode), (18 bytes).
    Removing stm32f10x_tim.o(i.TIM_SetAutoreload), (4 bytes).
    Removing stm32f10x_tim.o(i.TIM_SetClockDivision), (18 bytes).
    Removing stm32f10x_tim.o(i.TIM_SetCompare1), (4 bytes).
    Removing stm32f10x_tim.o(i.TIM_SetCompare2), (4 bytes).
    Removing stm32f10x_tim.o(i.TIM_SetCompare3), (4 bytes).
    Removing stm32f10x_tim.o(i.TIM_SetCompare4), (6 bytes).
    Removing stm32f10x_tim.o(i.TIM_SetCounter), (4 bytes).
    Removing stm32f10x_tim.o(i.TIM_SetIC1Prescaler), (18 bytes).
    Removing stm32f10x_tim.o(i.TIM_SetIC2Prescaler), (26 bytes).
    Removing stm32f10x_tim.o(i.TIM_SetIC3Prescaler), (18 bytes).
    Removing stm32f10x_tim.o(i.TIM_SetIC4Prescaler), (26 bytes).
    Removing stm32f10x_tim.o(i.TIM_TIxExternalClockConfig), (62 bytes).
    Removing stm32f10x_tim.o(i.TIM_TimeBaseStructInit), (18 bytes).
    Removing stm32f10x_tim.o(i.TIM_UpdateDisableConfig), (24 bytes).
    Removing stm32f10x_tim.o(i.TIM_UpdateRequestConfig), (24 bytes).
    Removing stm32f10x_usart.o(i.USART_ClearFlag), (18 bytes).
    Removing stm32f10x_usart.o(i.USART_ClearITPendingBit), (30 bytes).
    Removing stm32f10x_usart.o(i.USART_ClockInit), (34 bytes).
    Removing stm32f10x_usart.o(i.USART_ClockStructInit), (12 bytes).
    Removing stm32f10x_usart.o(i.USART_Cmd), (24 bytes).
    Removing stm32f10x_usart.o(i.USART_DMACmd), (18 bytes).
    Removing stm32f10x_usart.o(i.USART_DeInit), (156 bytes).
    Removing stm32f10x_usart.o(i.USART_GetFlagStatus), (26 bytes).
    Removing stm32f10x_usart.o(i.USART_GetITStatus), (84 bytes).
    Removing stm32f10x_usart.o(i.USART_HalfDuplexCmd), (24 bytes).
    Removing stm32f10x_usart.o(i.USART_ITConfig), (74 bytes).
    Removing stm32f10x_usart.o(i.USART_Init), (216 bytes).
    Removing stm32f10x_usart.o(i.USART_IrDACmd), (24 bytes).
    Removing stm32f10x_usart.o(i.USART_IrDAConfig), (18 bytes).
    Removing stm32f10x_usart.o(i.USART_LINBreakDetectLengthConfig), (18 bytes).
    Removing stm32f10x_usart.o(i.USART_LINCmd), (24 bytes).
    Removing stm32f10x_usart.o(i.USART_OneBitMethodCmd), (24 bytes).
    Removing stm32f10x_usart.o(i.USART_OverSampling8Cmd), (22 bytes).
    Removing stm32f10x_usart.o(i.USART_ReceiveData), (10 bytes).
    Removing stm32f10x_usart.o(i.USART_ReceiverWakeUpCmd), (24 bytes).
    Removing stm32f10x_usart.o(i.USART_SendBreak), (10 bytes).
    Removing stm32f10x_usart.o(i.USART_SendData), (8 bytes).
    Removing stm32f10x_usart.o(i.USART_SetAddress), (18 bytes).
    Removing stm32f10x_usart.o(i.USART_SetGuardTime), (16 bytes).
    Removing stm32f10x_usart.o(i.USART_SetPrescaler), (16 bytes).
    Removing stm32f10x_usart.o(i.USART_SmartCardCmd), (24 bytes).
    Removing stm32f10x_usart.o(i.USART_SmartCardNACKCmd), (24 bytes).
    Removing stm32f10x_usart.o(i.USART_StructInit), (24 bytes).
    Removing stm32f10x_usart.o(i.USART_WakeUpConfig), (18 bytes).
    Removing stm32f10x_dma.o(i.DMA_ClearFlag), (28 bytes).
    Removing stm32f10x_dma.o(i.DMA_ClearITPendingBit), (28 bytes).
    Removing stm32f10x_dma.o(i.DMA_Cmd), (24 bytes).
    Removing stm32f10x_dma.o(i.DMA_DeInit), (332 bytes).
    Removing stm32f10x_dma.o(i.DMA_GetCurrDataCounter), (8 bytes).
    Removing stm32f10x_dma.o(i.DMA_GetFlagStatus), (44 bytes).
    Removing stm32f10x_dma.o(i.DMA_GetITStatus), (44 bytes).
    Removing stm32f10x_dma.o(i.DMA_ITConfig), (18 bytes).
    Removing stm32f10x_dma.o(i.DMA_Init), (60 bytes).
    Removing stm32f10x_dma.o(i.DMA_SetCurrDataCounter), (4 bytes).
    Removing stm32f10x_dma.o(i.DMA_StructInit), (26 bytes).
    Removing stm32f10x_flash.o(i.FLASH_ClearFlag), (12 bytes).
    Removing stm32f10x_flash.o(i.FLASH_EnableWriteProtection), (196 bytes).
    Removing stm32f10x_flash.o(i.FLASH_EraseAllBank1Pages), (72 bytes).
    Removing stm32f10x_flash.o(i.FLASH_EraseAllPages), (72 bytes).
    Removing stm32f10x_flash.o(i.FLASH_EraseOptionBytes), (168 bytes).
    Removing stm32f10x_flash.o(i.FLASH_ErasePage), (76 bytes).
    Removing stm32f10x_flash.o(i.FLASH_GetBank1Status), (52 bytes).
    Removing stm32f10x_flash.o(i.FLASH_GetFlagStatus), (48 bytes).
    Removing stm32f10x_flash.o(i.FLASH_GetPrefetchBufferStatus), (24 bytes).
    Removing stm32f10x_flash.o(i.FLASH_GetReadOutProtectionStatus), (24 bytes).
    Removing stm32f10x_flash.o(i.FLASH_GetStatus), (52 bytes).
    Removing stm32f10x_flash.o(i.FLASH_GetUserOptionByte), (12 bytes).
    Removing stm32f10x_flash.o(i.FLASH_GetWriteProtectionOptionByte), (12 bytes).
    Removing stm32f10x_flash.o(i.FLASH_HalfCycleAccessCmd), (28 bytes).
    Removing stm32f10x_flash.o(i.FLASH_ITConfig), (32 bytes).
    Removing stm32f10x_flash.o(i.FLASH_Lock), (20 bytes).
    Removing stm32f10x_flash.o(i.FLASH_LockBank1), (20 bytes).
    Removing stm32f10x_flash.o(i.FLASH_PrefetchBufferCmd), (28 bytes).
    Removing stm32f10x_flash.o(i.FLASH_ProgramHalfWord), (64 bytes).
    Removing stm32f10x_flash.o(i.FLASH_ProgramOptionByteData), (84 bytes).
    Removing stm32f10x_flash.o(i.FLASH_ProgramWord), (108 bytes).
    Removing stm32f10x_flash.o(i.FLASH_ReadOutProtection), (172 bytes).
    Removing stm32f10x_flash.o(i.FLASH_SetLatency), (24 bytes).
    Removing stm32f10x_flash.o(i.FLASH_Unlock), (24 bytes).
    Removing stm32f10x_flash.o(i.FLASH_UnlockBank1), (24 bytes).
    Removing stm32f10x_flash.o(i.FLASH_UserOptionByteConfig), (104 bytes).
    Removing stm32f10x_flash.o(i.FLASH_WaitForLastBank1Operation), (38 bytes).
    Removing stm32f10x_flash.o(i.FLASH_WaitForLastOperation), (38 bytes).
    Removing stm32f10x_exti.o(i.EXTI_ClearFlag), (12 bytes).
    Removing stm32f10x_exti.o(i.EXTI_ClearITPendingBit), (12 bytes).
    Removing stm32f10x_exti.o(i.EXTI_DeInit), (36 bytes).
    Removing stm32f10x_exti.o(i.EXTI_GenerateSWInterrupt), (16 bytes).
    Removing stm32f10x_exti.o(i.EXTI_GetFlagStatus), (24 bytes).
    Removing stm32f10x_exti.o(i.EXTI_GetITStatus), (40 bytes).
    Removing stm32f10x_exti.o(i.EXTI_Init), (148 bytes).
    Removing stm32f10x_exti.o(i.EXTI_StructInit), (16 bytes).
    Removing stm32f10x_spi.o(i.I2S_Cmd), (24 bytes).
    Removing stm32f10x_spi.o(i.I2S_Init), (232 bytes).
    Removing stm32f10x_spi.o(i.I2S_StructInit), (20 bytes).
    Removing stm32f10x_spi.o(i.SPI_BiDirectionalLineConfig), (28 bytes).
    Removing stm32f10x_spi.o(i.SPI_CalculateCRC), (24 bytes).
    Removing stm32f10x_spi.o(i.SPI_DataSizeConfig), (18 bytes).
    Removing stm32f10x_spi.o(i.SPI_GetCRC), (16 bytes).
    Removing stm32f10x_spi.o(i.SPI_GetCRCPolynomial), (6 bytes).
    Removing stm32f10x_spi.o(i.SPI_I2S_ClearFlag), (6 bytes).
    Removing stm32f10x_spi.o(i.SPI_I2S_ClearITPendingBit), (20 bytes).
    Removing stm32f10x_spi.o(i.SPI_I2S_DMACmd), (18 bytes).
    Removing stm32f10x_spi.o(i.SPI_I2S_DeInit), (88 bytes).
    Removing stm32f10x_spi.o(i.SPI_I2S_GetITStatus), (52 bytes).
    Removing stm32f10x_spi.o(i.SPI_I2S_ITConfig), (32 bytes).
    Removing stm32f10x_spi.o(i.SPI_NSSInternalSoftwareConfig), (30 bytes).
    Removing stm32f10x_spi.o(i.SPI_SSOutputCmd), (24 bytes).
    Removing stm32f10x_spi.o(i.SPI_StructInit), (24 bytes).
    Removing stm32f10x_spi.o(i.SPI_TransmitCRC), (10 bytes).
    Removing startup_stm32f10x_md.o(HEAP), (512 bytes).
    Removing system_stm32f10x.o(i.SystemCoreClockUpdate), (164 bytes).
    Removing system_stm32f10x.o(.data), (20 bytes).
    Removing ffixui.o(.text), (40 bytes).
    Removing f2d.o(.text), (38 bytes).
    Removing d2f.o(.text), (56 bytes).
    Removing cfrcmple.o(.text), (20 bytes).
    Removing dscalb.o(.text), (46 bytes).
    Removing dflti.o(.text), (34 bytes).

276 unused section(s) (total 13904 bytes) removed from the image.

==============================================================================

Image Symbol Table

    Local Symbols

    Symbol Name                              Value     Ov Type        Size  Object(Section)

    ../clib/../cmprslib/lz77c.c              0x00000000   Number         0  __dclz77c.o ABSOLUTE
    ../clib/microlib/errno.c                 0x00000000   Number         0  errno.o ABSOLUTE
    ../clib/microlib/init/entry.s            0x00000000   Number         0  entry5.o ABSOLUTE
    ../clib/microlib/init/entry.s            0x00000000   Number         0  entry11b.o ABSOLUTE
    ../clib/microlib/init/entry.s            0x00000000   Number         0  entry8b.o ABSOLUTE
    ../clib/microlib/init/entry.s            0x00000000   Number         0  entry10a.o ABSOLUTE
    ../clib/microlib/init/entry.s            0x00000000   Number         0  entry7a.o ABSOLUTE
    ../clib/microlib/init/entry.s            0x00000000   Number         0  entry7b.o ABSOLUTE
    ../clib/microlib/init/entry.s            0x00000000   Number         0  entry8a.o ABSOLUTE
    ../clib/microlib/init/entry.s            0x00000000   Number         0  entry9a.o ABSOLUTE
    ../clib/microlib/init/entry.s            0x00000000   Number         0  entry11a.o ABSOLUTE
    ../clib/microlib/init/entry.s            0x00000000   Number         0  entry10b.o ABSOLUTE
    ../clib/microlib/init/entry.s            0x00000000   Number         0  entry9b.o ABSOLUTE
    ../clib/microlib/init/entry.s            0x00000000   Number         0  entry.o ABSOLUTE
    ../clib/microlib/init/entry.s            0x00000000   Number         0  entry2.o ABSOLUTE
    ../clib/microlib/longlong.c              0x00000000   Number         0  llushr.o ABSOLUTE
    ../clib/microlib/longlong.c              0x00000000   Number         0  llshl.o ABSOLUTE
    ../clib/microlib/longlong.c              0x00000000   Number         0  llsshr.o ABSOLUTE
    ../clib/microlib/stubs.s                 0x00000000   Number         0  iusefp.o ABSOLUTE
    ../fplib/microlib/d2f.c                  0x00000000   Number         0  d2f.o ABSOLUTE
    ../fplib/microlib/f2d.c                  0x00000000   Number         0  f2d.o ABSOLUTE
    ../fplib/microlib/fpadd.c                0x00000000   Number         0  dadd.o ABSOLUTE
    ../fplib/microlib/fpadd.c                0x00000000   Number         0  fadd.o ABSOLUTE
    ../fplib/microlib/fpdiv.c                0x00000000   Number         0  fdiv.o ABSOLUTE
    ../fplib/microlib/fpdiv.c                0x00000000   Number         0  ddiv.o ABSOLUTE
    ../fplib/microlib/fpepilogue.c           0x00000000   Number         0  depilogue.o ABSOLUTE
    ../fplib/microlib/fpepilogue.c           0x00000000   Number         0  fepilogue.o ABSOLUTE
    ../fplib/microlib/fpfix.c                0x00000000   Number         0  ffixi.o ABSOLUTE
    ../fplib/microlib/fpfix.c                0x00000000   Number         0  ffixui.o ABSOLUTE
    ../fplib/microlib/fpfix.c                0x00000000   Number         0  dfixi.o ABSOLUTE
    ../fplib/microlib/fpflt.c                0x00000000   Number         0  ffltui.o ABSOLUTE
    ../fplib/microlib/fpflt.c                0x00000000   Number         0  dflti.o ABSOLUTE
    ../fplib/microlib/fpflt.c                0x00000000   Number         0  dfltui.o ABSOLUTE
    ../fplib/microlib/fpflt.c                0x00000000   Number         0  fflti.o ABSOLUTE
    ../fplib/microlib/fpmul.c                0x00000000   Number         0  dmul.o ABSOLUTE
    ../fplib/microlib/fpmul.c                0x00000000   Number         0  fmul.o ABSOLUTE
    ../fplib/microlib/fpscalb.c              0x00000000   Number         0  dscalb.o ABSOLUTE
    ../mathlib/cos.c                         0x00000000   Number         0  cos_x.o ABSOLUTE
    ../mathlib/cos.c                         0x00000000   Number         0  cos.o ABSOLUTE
    ../mathlib/cos_i.c                       0x00000000   Number         0  cos_i.o ABSOLUTE
    ../mathlib/dunder.c                      0x00000000   Number         0  dunder.o ABSOLUTE
    ../mathlib/fpclassify.c                  0x00000000   Number         0  fpclassify.o ABSOLUTE
    ../mathlib/poly.c                        0x00000000   Number         0  poly.o ABSOLUTE
    ../mathlib/rred.c                        0x00000000   Number         0  rred.o ABSOLUTE
    ../mathlib/sin.c                         0x00000000   Number         0  sin_x.o ABSOLUTE
    ../mathlib/sin.c                         0x00000000   Number         0  sin.o ABSOLUTE
    ../mathlib/sin_i.c                       0x00000000   Number         0  sin_i.o ABSOLUTE
    ../mathlib/sin_i.c                       0x00000000   Number         0  sin_i_x.o ABSOLUTE
    ..\Libraries\misc.c                      0x00000000   Number         0  misc.o ABSOLUTE
    ..\Libraries\stm32f10x_adc.c             0x00000000   Number         0  stm32f10x_adc.o ABSOLUTE
    ..\Libraries\stm32f10x_can.c             0x00000000   Number         0  stm32f10x_can.o ABSOLUTE
    ..\Libraries\stm32f10x_dma.c             0x00000000   Number         0  stm32f10x_dma.o ABSOLUTE
    ..\Libraries\stm32f10x_exti.c            0x00000000   Number         0  stm32f10x_exti.o ABSOLUTE
    ..\Libraries\stm32f10x_flash.c           0x00000000   Number         0  stm32f10x_flash.o ABSOLUTE
    ..\Libraries\stm32f10x_gpio.c            0x00000000   Number         0  stm32f10x_gpio.o ABSOLUTE
    ..\Libraries\stm32f10x_rcc.c             0x00000000   Number         0  stm32f10x_rcc.o ABSOLUTE
    ..\Libraries\stm32f10x_spi.c             0x00000000   Number         0  stm32f10x_spi.o ABSOLUTE
    ..\Libraries\stm32f10x_tim.c             0x00000000   Number         0  stm32f10x_tim.o ABSOLUTE
    ..\Libraries\stm32f10x_usart.c           0x00000000   Number         0  stm32f10x_usart.o ABSOLUTE
    ..\Mylib\ADC.c                           0x00000000   Number         0  adc.o ABSOLUTE
    ..\Mylib\AS5048a.c                       0x00000000   Number         0  as5048a.o ABSOLUTE
    ..\Mylib\DRV8305.c                       0x00000000   Number         0  drv8305.o ABSOLUTE
    ..\Mylib\Foc.c                           0x00000000   Number         0  foc.o ABSOLUTE
    ..\Mylib\Input.c                         0x00000000   Number         0  input.o ABSOLUTE
    ..\Mylib\SPI1.c                          0x00000000   Number         0  spi1.o ABSOLUTE
    ..\Mylib\SPI2.c                          0x00000000   Number         0  spi2.o ABSOLUTE
    ..\Mylib\SVPWM.c                         0x00000000   Number         0  svpwm.o ABSOLUTE
    ..\Mylib\TIM1.c                          0x00000000   Number         0  tim1.o ABSOLUTE
    ..\Mylib\board.c                         0x00000000   Number         0  board.o ABSOLUTE
    ..\Mylib\delay.c                         0x00000000   Number         0  delay.o ABSOLUTE
    ..\Mylib\key.c                           0x00000000   Number         0  key.o ABSOLUTE
    ..\Mylib\model_ident.c                   0x00000000   Number         0  model_ident.o ABSOLUTE
    ..\Mylib\pwm.c                           0x00000000   Number         0  pwm.o ABSOLUTE
    ..\Mylib\schedule.c                      0x00000000   Number         0  schedule.o ABSOLUTE
    ..\Mylib\time.c                          0x00000000   Number         0  time.o ABSOLUTE
    ..\User\main.c                           0x00000000   Number         0  main.o ABSOLUTE
    ..\User\stm32f10x_it.c                   0x00000000   Number         0  stm32f10x_it.o ABSOLUTE
    RTE\Device\STM32F103C8\startup_stm32f10x_md.s 0x00000000   Number         0  startup_stm32f10x_md.o ABSOLUTE
    RTE\Device\STM32F103C8\system_stm32f10x.c 0x00000000   Number         0  system_stm32f10x.o ABSOLUTE
    cfrcmple.s                               0x00000000   Number         0  cfrcmple.o ABSOLUTE
    dc.s                                     0x00000000   Number         0  dc.o ABSOLUTE
    handlers.s                               0x00000000   Number         0  handlers.o ABSOLUTE
    init.s                                   0x00000000   Number         0  init.o ABSOLUTE
    RESET                                    0x08000000   Section      236  startup_stm32f10x_md.o(RESET)
    .ARM.Collect$$$$00000000                 0x080000ec   Section        0  entry.o(.ARM.Collect$$$$00000000)
    .ARM.Collect$$$$00000001                 0x080000ec   Section        4  entry2.o(.ARM.Collect$$$$00000001)
    .ARM.Collect$$$$00000004                 0x080000f0   Section        4  entry5.o(.ARM.Collect$$$$00000004)
    .ARM.Collect$$$$00000008                 0x080000f4   Section        0  entry7b.o(.ARM.Collect$$$$00000008)
    .ARM.Collect$$$$0000000A                 0x080000f4   Section        0  entry8b.o(.ARM.Collect$$$$0000000A)
    .ARM.Collect$$$$0000000B                 0x080000f4   Section        8  entry9a.o(.ARM.Collect$$$$0000000B)
    .ARM.Collect$$$$0000000D                 0x080000fc   Section        0  entry10a.o(.ARM.Collect$$$$0000000D)
    .ARM.Collect$$$$0000000F                 0x080000fc   Section        0  entry11a.o(.ARM.Collect$$$$0000000F)
    .ARM.Collect$$$$00002712                 0x080000fc   Section        4  entry2.o(.ARM.Collect$$$$00002712)
    __lit__00000000                          0x080000fc   Data           4  entry2.o(.ARM.Collect$$$$00002712)
    .text                                    0x08000100   Section       36  startup_stm32f10x_md.o(.text)
    .text                                    0x08000124   Section        0  fadd.o(.text)
    .text                                    0x080001d4   Section        0  fmul.o(.text)
    .text                                    0x08000238   Section        0  fdiv.o(.text)
    .text                                    0x080002b4   Section        0  dadd.o(.text)
    .text                                    0x08000402   Section        0  dmul.o(.text)
    .text                                    0x080004e6   Section        0  ddiv.o(.text)
    .text                                    0x080005c4   Section        0  fflti.o(.text)
    .text                                    0x080005d6   Section        0  ffltui.o(.text)
    .text                                    0x080005e0   Section        0  dfltui.o(.text)
    .text                                    0x080005fa   Section        0  ffixi.o(.text)
    .text                                    0x0800062c   Section        0  dfixi.o(.text)
    .text                                    0x0800066a   Section        0  llshl.o(.text)
    .text                                    0x08000688   Section        0  llushr.o(.text)
    .text                                    0x080006a8   Section        0  llsshr.o(.text)
    .text                                    0x080006cc   Section        0  iusefp.o(.text)
    .text                                    0x080006cc   Section        0  fepilogue.o(.text)
    .text                                    0x0800073a   Section        0  depilogue.o(.text)
    .text                                    0x080007f4   Section       36  init.o(.text)
    .text                                    0x08000818   Section        0  __dclz77c.o(.text)
    i.ADC1_2_IRQHandler                      0x08000878   Section        0  adc.o(i.ADC1_2_IRQHandler)
    i.ADC_AutoInjectedConvCmd                0x08000998   Section        0  stm32f10x_adc.o(i.ADC_AutoInjectedConvCmd)
    i.ADC_ClearITPendingBit                  0x080009ae   Section        0  stm32f10x_adc.o(i.ADC_ClearITPendingBit)
    i.ADC_Cmd                                0x080009b8   Section        0  stm32f10x_adc.o(i.ADC_Cmd)
    i.ADC_DeInit                             0x080009d0   Section        0  stm32f10x_adc.o(i.ADC_DeInit)
    i.ADC_DiscModeCmd                        0x08000a2c   Section        0  stm32f10x_adc.o(i.ADC_DiscModeCmd)
    i.ADC_ExternalTrigInjectedConvCmd        0x08000a42   Section        0  stm32f10x_adc.o(i.ADC_ExternalTrigInjectedConvCmd)
    i.ADC_ExternalTrigInjectedConvConfig     0x08000a58   Section        0  stm32f10x_adc.o(i.ADC_ExternalTrigInjectedConvConfig)
    i.ADC_GetITStatus                        0x08000a68   Section        0  stm32f10x_adc.o(i.ADC_GetITStatus)
    i.ADC_GetInjectedConversionValue         0x08000a8c   Section        0  stm32f10x_adc.o(i.ADC_GetInjectedConversionValue)
    i.ADC_GetResetCalibrationStatus          0x08000aa8   Section        0  stm32f10x_adc.o(i.ADC_GetResetCalibrationStatus)
    i.ADC_ITConfig                           0x08000abc   Section        0  stm32f10x_adc.o(i.ADC_ITConfig)
    i.ADC_Init                               0x08000ad4   Section        0  stm32f10x_adc.o(i.ADC_Init)
    i.ADC_InjectedChannelConfig              0x08000b24   Section        0  stm32f10x_adc.o(i.ADC_InjectedChannelConfig)
    i.ADC_InjectedDiscModeCmd                0x08000ba6   Section        0  stm32f10x_adc.o(i.ADC_InjectedDiscModeCmd)
    i.ADC_InjectedSequencerLengthConfig      0x08000bbc   Section        0  stm32f10x_adc.o(i.ADC_InjectedSequencerLengthConfig)
    i.ADC_ResetCalibration                   0x08000bd4   Section        0  stm32f10x_adc.o(i.ADC_ResetCalibration)
    i.ADC_SetInjectedOffset                  0x08000bde   Section        0  stm32f10x_adc.o(i.ADC_SetInjectedOffset)
    i.AS5048_Init                            0x08000bf4   Section        0  as5048a.o(i.AS5048_Init)
    i.Anti_Park_Calc                         0x08000c30   Section        0  svpwm.o(i.Anti_Park_Calc)
    i.Board_ALL_Init                         0x08000cb0   Section        0  board.o(i.Board_ALL_Init)
    i.BusFault_Handler                       0x08000ce8   Section        0  stm32f10x_it.o(i.BusFault_Handler)
    i.Cycle_Time_Init                        0x08000cec   Section        0  time.o(i.Cycle_Time_Init)
    i.DRV8305_Init                           0x08000d04   Section        0  drv8305.o(i.DRV8305_Init)
    i.DebugMon_Handler                       0x08000d48   Section        0  stm32f10x_it.o(i.DebugMon_Handler)
    i.DelayMs                                0x08000d4a   Section        0  board.o(i.DelayMs)
    i.DelayUs                                0x08000d62   Section        0  board.o(i.DelayUs)
    i.GPIO_AFIODeInit                        0x08000d7a   Section        0  stm32f10x_gpio.o(i.GPIO_AFIODeInit)
    i.GPIO_Init                              0x08000d8e   Section        0  stm32f10x_gpio.o(i.GPIO_Init)
    i.GPIO_PinRemapConfig                    0x08000ea4   Section        0  stm32f10x_gpio.o(i.GPIO_PinRemapConfig)
    i.GPIO_ResetBits                         0x08000f34   Section        0  stm32f10x_gpio.o(i.GPIO_ResetBits)
    i.GPIO_SetBits                           0x08000f38   Section        0  stm32f10x_gpio.o(i.GPIO_SetBits)
    i.GetSysTime_us                          0x08000f3c   Section        0  board.o(i.GetSysTime_us)
    i.Get_Cycle_T                            0x08000f70   Section        0  time.o(i.Get_Cycle_T)
    i.HardFault_Handler                      0x08000fe0   Section        0  stm32f10x_it.o(i.HardFault_Handler)
    i.LED_Configuration                      0x08000fe4   Section        0  key.o(i.LED_Configuration)
    i.MemManage_Handler                      0x08001010   Section        0  stm32f10x_it.o(i.MemManage_Handler)
    i.NMI_Handler                            0x08001014   Section        0  stm32f10x_it.o(i.NMI_Handler)
    i.NVIC_Init                              0x08001018   Section        0  misc.o(i.NVIC_Init)
    i.NVIC_PriorityGroupConfig               0x08001088   Section        0  misc.o(i.NVIC_PriorityGroupConfig)
    i.PendSV_Handler                         0x0800109c   Section        0  stm32f10x_it.o(i.PendSV_Handler)
    i.Protect_AdcInit                        0x080010a0   Section        0  adc.o(i.Protect_AdcInit)
    i.RCC_ADCCLKConfig                       0x08001260   Section        0  stm32f10x_rcc.o(i.RCC_ADCCLKConfig)
    i.RCC_APB1PeriphClockCmd                 0x08001278   Section        0  stm32f10x_rcc.o(i.RCC_APB1PeriphClockCmd)
    i.RCC_APB1PeriphResetCmd                 0x08001298   Section        0  stm32f10x_rcc.o(i.RCC_APB1PeriphResetCmd)
    i.RCC_APB2PeriphClockCmd                 0x080012b8   Section        0  stm32f10x_rcc.o(i.RCC_APB2PeriphClockCmd)
    i.RCC_APB2PeriphResetCmd                 0x080012d8   Section        0  stm32f10x_rcc.o(i.RCC_APB2PeriphResetCmd)
    i.RCC_GetClocksFreq                      0x080012f8   Section        0  stm32f10x_rcc.o(i.RCC_GetClocksFreq)
    i.SPI1_Init                              0x080013cc   Section        0  spi1.o(i.SPI1_Init)
    i.SPI1_ReadWriteByte                     0x08001470   Section        0  spi1.o(i.SPI1_ReadWriteByte)
    i.SPI2_Init                              0x080014a4   Section        0  spi2.o(i.SPI2_Init)
    i.SPI2_ReadWrite16Bit                    0x0800152c   Section        0  spi2.o(i.SPI2_ReadWrite16Bit)
    i.SPI_Cmd                                0x08001560   Section        0  stm32f10x_spi.o(i.SPI_Cmd)
    i.SPI_I2S_GetFlagStatus                  0x08001578   Section        0  stm32f10x_spi.o(i.SPI_I2S_GetFlagStatus)
    i.SPI_I2S_ReceiveData                    0x0800158a   Section        0  stm32f10x_spi.o(i.SPI_I2S_ReceiveData)
    i.SPI_I2S_SendData                       0x08001590   Section        0  stm32f10x_spi.o(i.SPI_I2S_SendData)
    i.SPI_Init                               0x08001594   Section        0  stm32f10x_spi.o(i.SPI_Init)
    i.SVC_Handler                            0x080015d0   Section        0  stm32f10x_it.o(i.SVC_Handler)
    i.SetSysClock                            0x080015d2   Section        0  system_stm32f10x.o(i.SetSysClock)
    SetSysClock                              0x080015d3   Thumb Code     8  system_stm32f10x.o(i.SetSysClock)
    i.SetSysClockTo72                        0x080015dc   Section        0  system_stm32f10x.o(i.SetSysClockTo72)
    SetSysClockTo72                          0x080015dd   Thumb Code   214  system_stm32f10x.o(i.SetSysClockTo72)
    i.Svpwm_Module                           0x080016bc   Section        0  svpwm.o(i.Svpwm_Module)
    i.SysTick_CLKSourceConfig                0x08001c5c   Section        0  misc.o(i.SysTick_CLKSourceConfig)
    i.SysTick_Configuration                  0x08001c84   Section        0  board.o(i.SysTick_Configuration)
    i.SysTick_Handler                        0x08001cf8   Section        0  stm32f10x_it.o(i.SysTick_Handler)
    i.SystemInit                             0x08001d58   Section        0  system_stm32f10x.o(i.SystemInit)
    i.TDT_Loop                               0x08001db8   Section        0  schedule.o(i.TDT_Loop)
    i.TDT_Loop_10000Hz                       0x08001e22   Section        0  schedule.o(i.TDT_Loop_10000Hz)
    i.TDT_Loop_1000Hz                        0x08001e2e   Section        0  schedule.o(i.TDT_Loop_1000Hz)
    i.TDT_Loop_100Hz                         0x08001e3a   Section        0  schedule.o(i.TDT_Loop_100Hz)
    i.TDT_Loop_200Hz                         0x08001e46   Section        0  schedule.o(i.TDT_Loop_200Hz)
    i.TDT_Loop_20Hz                          0x08001e48   Section        0  schedule.o(i.TDT_Loop_20Hz)
    i.TDT_Loop_500Hz                         0x08001e74   Section        0  schedule.o(i.TDT_Loop_500Hz)
    i.TDT_Loop_50Hz                          0x08001e80   Section        0  schedule.o(i.TDT_Loop_50Hz)
    i.TIM1_Init                              0x08001e84   Section        0  tim1.o(i.TIM1_Init)
    i.TIM1_UP_IRQHandler                     0x08002094   Section        0  tim1.o(i.TIM1_UP_IRQHandler)
    i.TIM_BDTRConfig                         0x080020d4   Section        0  stm32f10x_tim.o(i.TIM_BDTRConfig)
    i.TIM_ClearFlag                          0x080020f4   Section        0  stm32f10x_tim.o(i.TIM_ClearFlag)
    i.TIM_ClearITPendingBit                  0x080020fa   Section        0  stm32f10x_tim.o(i.TIM_ClearITPendingBit)
    i.TIM_Cmd                                0x08002100   Section        0  stm32f10x_tim.o(i.TIM_Cmd)
    i.TIM_DeInit                             0x08002118   Section        0  stm32f10x_tim.o(i.TIM_DeInit)
    i.TIM_GenerateEvent                      0x08002300   Section        0  stm32f10x_tim.o(i.TIM_GenerateEvent)
    i.TIM_GetITStatus                        0x08002304   Section        0  stm32f10x_tim.o(i.TIM_GetITStatus)
    i.TIM_ITConfig                           0x08002326   Section        0  stm32f10x_tim.o(i.TIM_ITConfig)
    i.TIM_OC1Init                            0x08002338   Section        0  stm32f10x_tim.o(i.TIM_OC1Init)
    i.TIM_OC1PreloadConfig                   0x080023d0   Section        0  stm32f10x_tim.o(i.TIM_OC1PreloadConfig)
    i.TIM_OC2Init                            0x080023e4   Section        0  stm32f10x_tim.o(i.TIM_OC2Init)
    i.TIM_OC2PreloadConfig                   0x08002488   Section        0  stm32f10x_tim.o(i.TIM_OC2PreloadConfig)
    i.TIM_OC3Init                            0x080024a4   Section        0  stm32f10x_tim.o(i.TIM_OC3Init)
    i.TIM_OC3PreloadConfig                   0x08002544   Section        0  stm32f10x_tim.o(i.TIM_OC3PreloadConfig)
    i.TIM_OC4Init                            0x08002558   Section        0  stm32f10x_tim.o(i.TIM_OC4Init)
    i.TIM_OC4PreloadConfig                   0x080025d4   Section        0  stm32f10x_tim.o(i.TIM_OC4PreloadConfig)
    i.TIM_SelectOutputTrigger                0x080025ee   Section        0  stm32f10x_tim.o(i.TIM_SelectOutputTrigger)
    i.TIM_TimeBaseInit                       0x08002600   Section        0  stm32f10x_tim.o(i.TIM_TimeBaseInit)
    i.UsageFault_Handler                     0x080026a4   Section        0  stm32f10x_it.o(i.UsageFault_Handler)
    i.__scatterload_copy                     0x080026a8   Section       14  handlers.o(i.__scatterload_copy)
    i.__scatterload_null                     0x080026b6   Section        2  handlers.o(i.__scatterload_null)
    i.__scatterload_zeroinit                 0x080026b8   Section       14  handlers.o(i.__scatterload_zeroinit)
    i.as5048_singelread_angle                0x080026c8   Section        0  as5048a.o(i.as5048_singelread_angle)
    i.main                                   0x080026fc   Section        0  main.o(i.main)
    .data                                    0x20000000   Section       16  main.o(.data)
    .data                                    0x20000010   Section        5  schedule.o(.data)
    timer_50ms                               0x20000014   Data           1  schedule.o(.data)
    .data                                    0x20000018   Section       12  board.o(.data)
    .data                                    0x20000024   Section        8  adc.o(.data)
    .data                                    0x2000002c   Section    14440  model_ident.o(.data)
    ident_start                              0x20003870   Data           1  model_ident.o(.data)
    freq                                     0x20003874   Data           4  model_ident.o(.data)
    cnt                                      0x20003878   Data           4  model_ident.o(.data)
    ident_start                              0x2000387c   Data           1  model_ident.o(.data)
    freq                                     0x20003880   Data           4  model_ident.o(.data)
    cnt                                      0x20003884   Data           4  model_ident.o(.data)
    ident_start                              0x20003888   Data           1  model_ident.o(.data)
    freq                                     0x2000388c   Data           4  model_ident.o(.data)
    cnt                                      0x20003890   Data           4  model_ident.o(.data)
    .data                                    0x20003894   Section       36  svpwm.o(.data)
    mysin                                    0x200038b4   Data           4  svpwm.o(.data)
    .data                                    0x200038b8   Section       20  stm32f10x_rcc.o(.data)
    APBAHBPrescTable                         0x200038b8   Data          16  stm32f10x_rcc.o(.data)
    ADCPrescTable                            0x200038c8   Data           4  stm32f10x_rcc.o(.data)
    .bss                                     0x200038cc   Section       14  stm32f10x_it.o(.bss)
    infantrySchedule                         0x200038cc   Data          14  stm32f10x_it.o(.bss)
    .bss                                     0x200038dc   Section       20  board.o(.bss)
    .bss                                     0x200038f0   Section      120  time.o(.bss)
    .bss                                     0x20003968   Section       28  adc.o(.bss)
    .bss                                     0x20003984   Section       40  as5048a.o(.bss)
    .bss                                     0x200039ac   Section      136  foc.o(.bss)
    STACK                                    0x20003a38   Section     1024  startup_stm32f10x_md.o(STACK)

    Global Symbols

    Symbol Name                              Value     Ov Type        Size  Object(Section)

    BuildAttributes$$THM_ISAv4$P$D$K$B$S$PE$A:L22UL41UL21$X:L11$S22US41US21$IEEE1$IW$USESV6$~STKCKD$USESV7$~SHL$OTIME$ROPI$IEEEX$EBA8$MICROLIB$REQ8$PRES8$EABIv2 0x00000000   Number         0  anon$$obj.o ABSOLUTE
    __ARM_use_no_argv                        0x00000000   Number         0  main.o ABSOLUTE
    __cpp_initialize__aeabi_                  - Undefined Weak Reference
    __cxa_finalize                            - Undefined Weak Reference
    _clock_init                               - Undefined Weak Reference
    _microlib_exit                            - Undefined Weak Reference
    __Vectors_Size                           0x000000ec   Number         0  startup_stm32f10x_md.o ABSOLUTE
    __Vectors                                0x08000000   Data           4  startup_stm32f10x_md.o(RESET)
    __Vectors_End                            0x080000ec   Data           0  startup_stm32f10x_md.o(RESET)
    __main                                   0x080000ed   Thumb Code     0  entry.o(.ARM.Collect$$$$00000000)
    _main_stk                                0x080000ed   Thumb Code     0  entry2.o(.ARM.Collect$$$$00000001)
    _main_scatterload                        0x080000f1   Thumb Code     0  entry5.o(.ARM.Collect$$$$00000004)
    __main_after_scatterload                 0x080000f5   Thumb Code     0  entry5.o(.ARM.Collect$$$$00000004)
    _main_clock                              0x080000f5   Thumb Code     0  entry7b.o(.ARM.Collect$$$$00000008)
    _main_cpp_init                           0x080000f5   Thumb Code     0  entry8b.o(.ARM.Collect$$$$0000000A)
    _main_init                               0x080000f5   Thumb Code     0  entry9a.o(.ARM.Collect$$$$0000000B)
    __rt_final_cpp                           0x080000fd   Thumb Code     0  entry10a.o(.ARM.Collect$$$$0000000D)
    __rt_final_exit                          0x080000fd   Thumb Code     0  entry11a.o(.ARM.Collect$$$$0000000F)
    Reset_Handler                            0x08000101   Thumb Code     8  startup_stm32f10x_md.o(.text)
    CAN1_RX1_IRQHandler                      0x0800011b   Thumb Code     0  startup_stm32f10x_md.o(.text)
    CAN1_SCE_IRQHandler                      0x0800011b   Thumb Code     0  startup_stm32f10x_md.o(.text)
    DMA1_Channel1_IRQHandler                 0x0800011b   Thumb Code     0  startup_stm32f10x_md.o(.text)
    DMA1_Channel2_IRQHandler                 0x0800011b   Thumb Code     0  startup_stm32f10x_md.o(.text)
    DMA1_Channel3_IRQHandler                 0x0800011b   Thumb Code     0  startup_stm32f10x_md.o(.text)
    DMA1_Channel4_IRQHandler                 0x0800011b   Thumb Code     0  startup_stm32f10x_md.o(.text)
    DMA1_Channel5_IRQHandler                 0x0800011b   Thumb Code     0  startup_stm32f10x_md.o(.text)
    DMA1_Channel6_IRQHandler                 0x0800011b   Thumb Code     0  startup_stm32f10x_md.o(.text)
    DMA1_Channel7_IRQHandler                 0x0800011b   Thumb Code     0  startup_stm32f10x_md.o(.text)
    EXTI0_IRQHandler                         0x0800011b   Thumb Code     0  startup_stm32f10x_md.o(.text)
    EXTI15_10_IRQHandler                     0x0800011b   Thumb Code     0  startup_stm32f10x_md.o(.text)
    EXTI1_IRQHandler                         0x0800011b   Thumb Code     0  startup_stm32f10x_md.o(.text)
    EXTI2_IRQHandler                         0x0800011b   Thumb Code     0  startup_stm32f10x_md.o(.text)
    EXTI3_IRQHandler                         0x0800011b   Thumb Code     0  startup_stm32f10x_md.o(.text)
    EXTI4_IRQHandler                         0x0800011b   Thumb Code     0  startup_stm32f10x_md.o(.text)
    EXTI9_5_IRQHandler                       0x0800011b   Thumb Code     0  startup_stm32f10x_md.o(.text)
    FLASH_IRQHandler                         0x0800011b   Thumb Code     0  startup_stm32f10x_md.o(.text)
    I2C1_ER_IRQHandler                       0x0800011b   Thumb Code     0  startup_stm32f10x_md.o(.text)
    I2C1_EV_IRQHandler                       0x0800011b   Thumb Code     0  startup_stm32f10x_md.o(.text)
    I2C2_ER_IRQHandler                       0x0800011b   Thumb Code     0  startup_stm32f10x_md.o(.text)
    I2C2_EV_IRQHandler                       0x0800011b   Thumb Code     0  startup_stm32f10x_md.o(.text)
    PVD_IRQHandler                           0x0800011b   Thumb Code     0  startup_stm32f10x_md.o(.text)
    RCC_IRQHandler                           0x0800011b   Thumb Code     0  startup_stm32f10x_md.o(.text)
    RTCAlarm_IRQHandler                      0x0800011b   Thumb Code     0  startup_stm32f10x_md.o(.text)
    RTC_IRQHandler                           0x0800011b   Thumb Code     0  startup_stm32f10x_md.o(.text)
    SPI1_IRQHandler                          0x0800011b   Thumb Code     0  startup_stm32f10x_md.o(.text)
    SPI2_IRQHandler                          0x0800011b   Thumb Code     0  startup_stm32f10x_md.o(.text)
    TAMPER_IRQHandler                        0x0800011b   Thumb Code     0  startup_stm32f10x_md.o(.text)
    TIM1_BRK_IRQHandler                      0x0800011b   Thumb Code     0  startup_stm32f10x_md.o(.text)
    TIM1_CC_IRQHandler                       0x0800011b   Thumb Code     0  startup_stm32f10x_md.o(.text)
    TIM1_TRG_COM_IRQHandler                  0x0800011b   Thumb Code     0  startup_stm32f10x_md.o(.text)
    TIM2_IRQHandler                          0x0800011b   Thumb Code     0  startup_stm32f10x_md.o(.text)
    TIM3_IRQHandler                          0x0800011b   Thumb Code     0  startup_stm32f10x_md.o(.text)
    TIM4_IRQHandler                          0x0800011b   Thumb Code     0  startup_stm32f10x_md.o(.text)
    USART1_IRQHandler                        0x0800011b   Thumb Code     0  startup_stm32f10x_md.o(.text)
    USART2_IRQHandler                        0x0800011b   Thumb Code     0  startup_stm32f10x_md.o(.text)
    USART3_IRQHandler                        0x0800011b   Thumb Code     0  startup_stm32f10x_md.o(.text)
    USBWakeUp_IRQHandler                     0x0800011b   Thumb Code     0  startup_stm32f10x_md.o(.text)
    USB_HP_CAN1_TX_IRQHandler                0x0800011b   Thumb Code     0  startup_stm32f10x_md.o(.text)
    USB_LP_CAN1_RX0_IRQHandler               0x0800011b   Thumb Code     0  startup_stm32f10x_md.o(.text)
    WWDG_IRQHandler                          0x0800011b   Thumb Code     0  startup_stm32f10x_md.o(.text)
    __aeabi_fadd                             0x08000125   Thumb Code   164  fadd.o(.text)
    __aeabi_fsub                             0x080001c9   Thumb Code     6  fadd.o(.text)
    __aeabi_frsub                            0x080001cf   Thumb Code     6  fadd.o(.text)
    __aeabi_fmul                             0x080001d5   Thumb Code   100  fmul.o(.text)
    __aeabi_fdiv                             0x08000239   Thumb Code   124  fdiv.o(.text)
    __aeabi_dadd                             0x080002b5   Thumb Code   322  dadd.o(.text)
    __aeabi_dsub                             0x080003f7   Thumb Code     6  dadd.o(.text)
    __aeabi_drsub                            0x080003fd   Thumb Code     6  dadd.o(.text)
    __aeabi_dmul                             0x08000403   Thumb Code   228  dmul.o(.text)
    __aeabi_ddiv                             0x080004e7   Thumb Code   222  ddiv.o(.text)
    __aeabi_i2f                              0x080005c5   Thumb Code    18  fflti.o(.text)
    __aeabi_ui2f                             0x080005d7   Thumb Code    10  ffltui.o(.text)
    __aeabi_ui2d                             0x080005e1   Thumb Code    26  dfltui.o(.text)
    __aeabi_f2iz                             0x080005fb   Thumb Code    50  ffixi.o(.text)
    __aeabi_d2iz                             0x0800062d   Thumb Code    62  dfixi.o(.text)
    __aeabi_llsl                             0x0800066b   Thumb Code    30  llshl.o(.text)
    _ll_shift_l                              0x0800066b   Thumb Code     0  llshl.o(.text)
    __aeabi_llsr                             0x08000689   Thumb Code    32  llushr.o(.text)
    _ll_ushift_r                             0x08000689   Thumb Code     0  llushr.o(.text)
    __aeabi_lasr                             0x080006a9   Thumb Code    36  llsshr.o(.text)
    _ll_sshift_r                             0x080006a9   Thumb Code     0  llsshr.o(.text)
    __I$use$fp                               0x080006cd   Thumb Code     0  iusefp.o(.text)
    _float_round                             0x080006cd   Thumb Code    18  fepilogue.o(.text)
    _float_epilogue                          0x080006df   Thumb Code    92  fepilogue.o(.text)
    _double_round                            0x0800073b   Thumb Code    30  depilogue.o(.text)
    _double_epilogue                         0x08000759   Thumb Code   156  depilogue.o(.text)
    __scatterload                            0x080007f5   Thumb Code    28  init.o(.text)
    __scatterload_rt2                        0x080007f5   Thumb Code     0  init.o(.text)
    __decompress                             0x08000819   Thumb Code     0  __dclz77c.o(.text)
    __decompress2                            0x08000819   Thumb Code    94  __dclz77c.o(.text)
    ADC1_2_IRQHandler                        0x08000879   Thumb Code   246  adc.o(i.ADC1_2_IRQHandler)
    ADC_AutoInjectedConvCmd                  0x08000999   Thumb Code    22  stm32f10x_adc.o(i.ADC_AutoInjectedConvCmd)
    ADC_ClearITPendingBit                    0x080009af   Thumb Code    10  stm32f10x_adc.o(i.ADC_ClearITPendingBit)
    ADC_Cmd                                  0x080009b9   Thumb Code    22  stm32f10x_adc.o(i.ADC_Cmd)
    ADC_DeInit                               0x080009d1   Thumb Code    78  stm32f10x_adc.o(i.ADC_DeInit)
    ADC_DiscModeCmd                          0x08000a2d   Thumb Code    22  stm32f10x_adc.o(i.ADC_DiscModeCmd)
    ADC_ExternalTrigInjectedConvCmd          0x08000a43   Thumb Code    22  stm32f10x_adc.o(i.ADC_ExternalTrigInjectedConvCmd)
    ADC_ExternalTrigInjectedConvConfig       0x08000a59   Thumb Code    16  stm32f10x_adc.o(i.ADC_ExternalTrigInjectedConvConfig)
    ADC_GetITStatus                          0x08000a69   Thumb Code    36  stm32f10x_adc.o(i.ADC_GetITStatus)
    ADC_GetInjectedConversionValue           0x08000a8d   Thumb Code    28  stm32f10x_adc.o(i.ADC_GetInjectedConversionValue)
    ADC_GetResetCalibrationStatus            0x08000aa9   Thumb Code    20  stm32f10x_adc.o(i.ADC_GetResetCalibrationStatus)
    ADC_ITConfig                             0x08000abd   Thumb Code    24  stm32f10x_adc.o(i.ADC_ITConfig)
    ADC_Init                                 0x08000ad5   Thumb Code    70  stm32f10x_adc.o(i.ADC_Init)
    ADC_InjectedChannelConfig                0x08000b25   Thumb Code   130  stm32f10x_adc.o(i.ADC_InjectedChannelConfig)
    ADC_InjectedDiscModeCmd                  0x08000ba7   Thumb Code    22  stm32f10x_adc.o(i.ADC_InjectedDiscModeCmd)
    ADC_InjectedSequencerLengthConfig        0x08000bbd   Thumb Code    24  stm32f10x_adc.o(i.ADC_InjectedSequencerLengthConfig)
    ADC_ResetCalibration                     0x08000bd5   Thumb Code    10  stm32f10x_adc.o(i.ADC_ResetCalibration)
    ADC_SetInjectedOffset                    0x08000bdf   Thumb Code    20  stm32f10x_adc.o(i.ADC_SetInjectedOffset)
    AS5048_Init                              0x08000bf5   Thumb Code    54  as5048a.o(i.AS5048_Init)
    Anti_Park_Calc                           0x08000c31   Thumb Code   118  svpwm.o(i.Anti_Park_Calc)
    Board_ALL_Init                           0x08000cb1   Thumb Code    52  board.o(i.Board_ALL_Init)
    BusFault_Handler                         0x08000ce9   Thumb Code     4  stm32f10x_it.o(i.BusFault_Handler)
    Cycle_Time_Init                          0x08000ced   Thumb Code    22  time.o(i.Cycle_Time_Init)
    DRV8305_Init                             0x08000d05   Thumb Code    64  drv8305.o(i.DRV8305_Init)
    DebugMon_Handler                         0x08000d49   Thumb Code     2  stm32f10x_it.o(i.DebugMon_Handler)
    DelayMs                                  0x08000d4b   Thumb Code    24  board.o(i.DelayMs)
    DelayUs                                  0x08000d63   Thumb Code    24  board.o(i.DelayUs)
    GPIO_AFIODeInit                          0x08000d7b   Thumb Code    20  stm32f10x_gpio.o(i.GPIO_AFIODeInit)
    GPIO_Init                                0x08000d8f   Thumb Code   278  stm32f10x_gpio.o(i.GPIO_Init)
    GPIO_PinRemapConfig                      0x08000ea5   Thumb Code   138  stm32f10x_gpio.o(i.GPIO_PinRemapConfig)
    GPIO_ResetBits                           0x08000f35   Thumb Code     4  stm32f10x_gpio.o(i.GPIO_ResetBits)
    GPIO_SetBits                             0x08000f39   Thumb Code     4  stm32f10x_gpio.o(i.GPIO_SetBits)
    GetSysTime_us                            0x08000f3d   Thumb Code    46  board.o(i.GetSysTime_us)
    Get_Cycle_T                              0x08000f71   Thumb Code   104  time.o(i.Get_Cycle_T)
    HardFault_Handler                        0x08000fe1   Thumb Code     4  stm32f10x_it.o(i.HardFault_Handler)
    LED_Configuration                        0x08000fe5   Thumb Code    40  key.o(i.LED_Configuration)
    MemManage_Handler                        0x08001011   Thumb Code     4  stm32f10x_it.o(i.MemManage_Handler)
    NMI_Handler                              0x08001015   Thumb Code     2  stm32f10x_it.o(i.NMI_Handler)
    NVIC_Init                                0x08001019   Thumb Code   100  misc.o(i.NVIC_Init)
    NVIC_PriorityGroupConfig                 0x08001089   Thumb Code    10  misc.o(i.NVIC_PriorityGroupConfig)
    PendSV_Handler                           0x0800109d   Thumb Code     2  stm32f10x_it.o(i.PendSV_Handler)
    Protect_AdcInit                          0x080010a1   Thumb Code   436  adc.o(i.Protect_AdcInit)
    RCC_ADCCLKConfig                         0x08001261   Thumb Code    18  stm32f10x_rcc.o(i.RCC_ADCCLKConfig)
    RCC_APB1PeriphClockCmd                   0x08001279   Thumb Code    26  stm32f10x_rcc.o(i.RCC_APB1PeriphClockCmd)
    RCC_APB1PeriphResetCmd                   0x08001299   Thumb Code    26  stm32f10x_rcc.o(i.RCC_APB1PeriphResetCmd)
    RCC_APB2PeriphClockCmd                   0x080012b9   Thumb Code    26  stm32f10x_rcc.o(i.RCC_APB2PeriphClockCmd)
    RCC_APB2PeriphResetCmd                   0x080012d9   Thumb Code    26  stm32f10x_rcc.o(i.RCC_APB2PeriphResetCmd)
    RCC_GetClocksFreq                        0x080012f9   Thumb Code   192  stm32f10x_rcc.o(i.RCC_GetClocksFreq)
    SPI1_Init                                0x080013cd   Thumb Code   152  spi1.o(i.SPI1_Init)
    SPI1_ReadWriteByte                       0x08001471   Thumb Code    48  spi1.o(i.SPI1_ReadWriteByte)
    SPI2_Init                                0x080014a5   Thumb Code   126  spi2.o(i.SPI2_Init)
    SPI2_ReadWrite16Bit                      0x0800152d   Thumb Code    48  spi2.o(i.SPI2_ReadWrite16Bit)
    SPI_Cmd                                  0x08001561   Thumb Code    24  stm32f10x_spi.o(i.SPI_Cmd)
    SPI_I2S_GetFlagStatus                    0x08001579   Thumb Code    18  stm32f10x_spi.o(i.SPI_I2S_GetFlagStatus)
    SPI_I2S_ReceiveData                      0x0800158b   Thumb Code     6  stm32f10x_spi.o(i.SPI_I2S_ReceiveData)
    SPI_I2S_SendData                         0x08001591   Thumb Code     4  stm32f10x_spi.o(i.SPI_I2S_SendData)
    SPI_Init                                 0x08001595   Thumb Code    60  stm32f10x_spi.o(i.SPI_Init)
    SVC_Handler                              0x080015d1   Thumb Code     2  stm32f10x_it.o(i.SVC_Handler)
    Svpwm_Module                             0x080016bd   Thumb Code  1410  svpwm.o(i.Svpwm_Module)
    SysTick_CLKSourceConfig                  0x08001c5d   Thumb Code    40  misc.o(i.SysTick_CLKSourceConfig)
    SysTick_Configuration                    0x08001c85   Thumb Code   102  board.o(i.SysTick_Configuration)
    SysTick_Handler                          0x08001cf9   Thumb Code    84  stm32f10x_it.o(i.SysTick_Handler)
    SystemInit                               0x08001d59   Thumb Code    78  system_stm32f10x.o(i.SystemInit)
    TDT_Loop                                 0x08001db9   Thumb Code   106  schedule.o(i.TDT_Loop)
    TDT_Loop_10000Hz                         0x08001e23   Thumb Code    12  schedule.o(i.TDT_Loop_10000Hz)
    TDT_Loop_1000Hz                          0x08001e2f   Thumb Code    12  schedule.o(i.TDT_Loop_1000Hz)
    TDT_Loop_100Hz                           0x08001e3b   Thumb Code    12  schedule.o(i.TDT_Loop_100Hz)
    TDT_Loop_200Hz                           0x08001e47   Thumb Code     2  schedule.o(i.TDT_Loop_200Hz)
    TDT_Loop_20Hz                            0x08001e49   Thumb Code    34  schedule.o(i.TDT_Loop_20Hz)
    TDT_Loop_500Hz                           0x08001e75   Thumb Code    12  schedule.o(i.TDT_Loop_500Hz)
    TDT_Loop_50Hz                            0x08001e81   Thumb Code     2  schedule.o(i.TDT_Loop_50Hz)
    TIM1_Init                                0x08001e85   Thumb Code   506  tim1.o(i.TIM1_Init)
    TIM1_UP_IRQHandler                       0x08002095   Thumb Code    58  tim1.o(i.TIM1_UP_IRQHandler)
    TIM_BDTRConfig                           0x080020d5   Thumb Code    32  stm32f10x_tim.o(i.TIM_BDTRConfig)
    TIM_ClearFlag                            0x080020f5   Thumb Code     6  stm32f10x_tim.o(i.TIM_ClearFlag)
    TIM_ClearITPendingBit                    0x080020fb   Thumb Code     6  stm32f10x_tim.o(i.TIM_ClearITPendingBit)
    TIM_Cmd                                  0x08002101   Thumb Code    24  stm32f10x_tim.o(i.TIM_Cmd)
    TIM_DeInit                               0x08002119   Thumb Code   424  stm32f10x_tim.o(i.TIM_DeInit)
    TIM_GenerateEvent                        0x08002301   Thumb Code     4  stm32f10x_tim.o(i.TIM_GenerateEvent)
    TIM_GetITStatus                          0x08002305   Thumb Code    34  stm32f10x_tim.o(i.TIM_GetITStatus)
    TIM_ITConfig                             0x08002327   Thumb Code    18  stm32f10x_tim.o(i.TIM_ITConfig)
    TIM_OC1Init                              0x08002339   Thumb Code   132  stm32f10x_tim.o(i.TIM_OC1Init)
    TIM_OC1PreloadConfig                     0x080023d1   Thumb Code    18  stm32f10x_tim.o(i.TIM_OC1PreloadConfig)
    TIM_OC2Init                              0x080023e5   Thumb Code   154  stm32f10x_tim.o(i.TIM_OC2Init)
    TIM_OC2PreloadConfig                     0x08002489   Thumb Code    26  stm32f10x_tim.o(i.TIM_OC2PreloadConfig)
    TIM_OC3Init                              0x080024a5   Thumb Code   150  stm32f10x_tim.o(i.TIM_OC3Init)
    TIM_OC3PreloadConfig                     0x08002545   Thumb Code    18  stm32f10x_tim.o(i.TIM_OC3PreloadConfig)
    TIM_OC4Init                              0x08002559   Thumb Code   114  stm32f10x_tim.o(i.TIM_OC4Init)
    TIM_OC4PreloadConfig                     0x080025d5   Thumb Code    26  stm32f10x_tim.o(i.TIM_OC4PreloadConfig)
    TIM_SelectOutputTrigger                  0x080025ef   Thumb Code    18  stm32f10x_tim.o(i.TIM_SelectOutputTrigger)
    TIM_TimeBaseInit                         0x08002601   Thumb Code   122  stm32f10x_tim.o(i.TIM_TimeBaseInit)
    UsageFault_Handler                       0x080026a5   Thumb Code     4  stm32f10x_it.o(i.UsageFault_Handler)
    __scatterload_copy                       0x080026a9   Thumb Code    14  handlers.o(i.__scatterload_copy)
    __scatterload_null                       0x080026b7   Thumb Code     2  handlers.o(i.__scatterload_null)
    __scatterload_zeroinit                   0x080026b9   Thumb Code    14  handlers.o(i.__scatterload_zeroinit)
    as5048_singelread_angle                  0x080026c9   Thumb Code    42  as5048a.o(i.as5048_singelread_angle)
    main                                     0x080026fd   Thumb Code    58  main.o(i.main)
    Region$$Table$$Base                      0x08002744   Number         0  anon$$obj.o(Region$$Table)
    Region$$Table$$Limit                     0x08002764   Number         0  anon$$obj.o(Region$$Table)
    DRV                                      0x20000000   Data           2  main.o(.data)
    Set_80V                                  0x20000002   Data           2  main.o(.data)
    Set_40V                                  0x20000004   Data           2  main.o(.data)
    Set_20V                                  0x20000006   Data           2  main.o(.data)
    FOC_T                                    0x20000008   Data           4  main.o(.data)
    Change                                   0x2000000c   Data           4  main.o(.data)
    Time_1ms                                 0x20000010   Data           4  schedule.o(.data)
    Init_OK                                  0x20000018   Data           1  board.o(.data)
    i                                        0x2000001c   Data           4  board.o(.data)
    sysTickUptime                            0x20000020   Data           4  board.o(.data)
    Feedback_Theta                           0x20000024   Data           4  adc.o(.data)
    SetAdvance_Theta                         0x20000028   Data           4  adc.o(.data)
    my_freq                                  0x2000002c   Data           4  model_ident.o(.data)
    SinTable                                 0x20000030   Data       14400  model_ident.o(.data)
    Step_Flag                                0x20003894   Data           1  svpwm.o(.data)
    PWMA                                     0x20003898   Data           4  svpwm.o(.data)
    PWMB                                     0x2000389c   Data           4  svpwm.o(.data)
    PWMC                                     0x200038a0   Data           4  svpwm.o(.data)
    UAA                                      0x200038a4   Data           4  svpwm.o(.data)
    UBB                                      0x200038a8   Data           4  svpwm.o(.data)
    Section                                  0x200038ac   Data           4  svpwm.o(.data)
    Sum_OverMod                              0x200038b0   Data           4  svpwm.o(.data)
    rcc_clocks                               0x200038dc   Data          20  board.o(.bss)
    Cycle_T                                  0x200038f0   Data         120  time.o(.bss)
    ADCBUFF                                  0x20003968   Data          14  adc.o(.bss)
    inj_v1                                   0x20003978   Data          12  adc.o(.bss)
    as5048_A                                 0x20003984   Data          20  as5048a.o(.bss)
    as5048_B                                 0x20003998   Data          20  as5048a.o(.bss)
    DRV8305                                  0x200039ac   Data         136  foc.o(.bss)
    __initial_sp                             0x20003e38   Data           0  startup_stm32f10x_md.o(STACK)



==============================================================================

Memory Map of the image

  Image Entry point : 0x080000ed

  Load Region LR_IROM1 (Base: 0x08000000, Size: 0x00006030, Max: 0x00010000, ABSOLUTE, COMPRESSED[0x00005d84])

    Execution Region ER_IROM1 (Base: 0x08000000, Size: 0x00002764, Max: 0x00010000, ABSOLUTE)

    Base Addr    Size         Type   Attr      Idx    E Section Name        Object

    0x08000000   0x000000ec   Data   RO         2513    RESET               startup_stm32f10x_md.o
    0x080000ec   0x00000000   Code   RO         2569  * .ARM.Collect$$$$00000000  mc_w.l(entry.o)
    0x080000ec   0x00000004   Code   RO         2630    .ARM.Collect$$$$00000001  mc_w.l(entry2.o)
    0x080000f0   0x00000004   Code   RO         2633    .ARM.Collect$$$$00000004  mc_w.l(entry5.o)
    0x080000f4   0x00000000   Code   RO         2635    .ARM.Collect$$$$00000008  mc_w.l(entry7b.o)
    0x080000f4   0x00000000   Code   RO         2637    .ARM.Collect$$$$0000000A  mc_w.l(entry8b.o)
    0x080000f4   0x00000008   Code   RO         2638    .ARM.Collect$$$$0000000B  mc_w.l(entry9a.o)
    0x080000fc   0x00000000   Code   RO         2640    .ARM.Collect$$$$0000000D  mc_w.l(entry10a.o)
    0x080000fc   0x00000000   Code   RO         2642    .ARM.Collect$$$$0000000F  mc_w.l(entry11a.o)
    0x080000fc   0x00000004   Code   RO         2631    .ARM.Collect$$$$00002712  mc_w.l(entry2.o)
    0x08000100   0x00000024   Code   RO         2514    .text               startup_stm32f10x_md.o
    0x08000124   0x000000b0   Code   RO         2572    .text               mf_w.l(fadd.o)
    0x080001d4   0x00000064   Code   RO         2574    .text               mf_w.l(fmul.o)
    0x08000238   0x0000007c   Code   RO         2576    .text               mf_w.l(fdiv.o)
    0x080002b4   0x0000014e   Code   RO         2578    .text               mf_w.l(dadd.o)
    0x08000402   0x000000e4   Code   RO         2580    .text               mf_w.l(dmul.o)
    0x080004e6   0x000000de   Code   RO         2582    .text               mf_w.l(ddiv.o)
    0x080005c4   0x00000012   Code   RO         2584    .text               mf_w.l(fflti.o)
    0x080005d6   0x0000000a   Code   RO         2586    .text               mf_w.l(ffltui.o)
    0x080005e0   0x0000001a   Code   RO         2588    .text               mf_w.l(dfltui.o)
    0x080005fa   0x00000032   Code   RO         2590    .text               mf_w.l(ffixi.o)
    0x0800062c   0x0000003e   Code   RO         2594    .text               mf_w.l(dfixi.o)
    0x0800066a   0x0000001e   Code   RO         2644    .text               mc_w.l(llshl.o)
    0x08000688   0x00000020   Code   RO         2646    .text               mc_w.l(llushr.o)
    0x080006a8   0x00000024   Code   RO         2648    .text               mc_w.l(llsshr.o)
    0x080006cc   0x00000000   Code   RO         2657    .text               mc_w.l(iusefp.o)
    0x080006cc   0x0000006e   Code   RO         2658    .text               mf_w.l(fepilogue.o)
    0x0800073a   0x000000ba   Code   RO         2660    .text               mf_w.l(depilogue.o)
    0x080007f4   0x00000024   Code   RO         2666    .text               mc_w.l(init.o)
    0x08000818   0x0000005e   Code   RO         2680    .text               mc_w.l(__dclz77c.o)
    0x08000876   0x00000002   PAD
    0x08000878   0x00000120   Code   RO          467    i.ADC1_2_IRQHandler  adc.o
    0x08000998   0x00000016   Code   RO          651    i.ADC_AutoInjectedConvCmd  stm32f10x_adc.o
    0x080009ae   0x0000000a   Code   RO          653    i.ADC_ClearITPendingBit  stm32f10x_adc.o
    0x080009b8   0x00000016   Code   RO          654    i.ADC_Cmd           stm32f10x_adc.o
    0x080009ce   0x00000002   PAD
    0x080009d0   0x0000005c   Code   RO          656    i.ADC_DeInit        stm32f10x_adc.o
    0x08000a2c   0x00000016   Code   RO          658    i.ADC_DiscModeCmd   stm32f10x_adc.o
    0x08000a42   0x00000016   Code   RO          660    i.ADC_ExternalTrigInjectedConvCmd  stm32f10x_adc.o
    0x08000a58   0x00000010   Code   RO          661    i.ADC_ExternalTrigInjectedConvConfig  stm32f10x_adc.o
    0x08000a68   0x00000024   Code   RO          666    i.ADC_GetITStatus   stm32f10x_adc.o
    0x08000a8c   0x0000001c   Code   RO          667    i.ADC_GetInjectedConversionValue  stm32f10x_adc.o
    0x08000aa8   0x00000014   Code   RO          668    i.ADC_GetResetCalibrationStatus  stm32f10x_adc.o
    0x08000abc   0x00000018   Code   RO          671    i.ADC_ITConfig      stm32f10x_adc.o
    0x08000ad4   0x00000050   Code   RO          672    i.ADC_Init          stm32f10x_adc.o
    0x08000b24   0x00000082   Code   RO          673    i.ADC_InjectedChannelConfig  stm32f10x_adc.o
    0x08000ba6   0x00000016   Code   RO          674    i.ADC_InjectedDiscModeCmd  stm32f10x_adc.o
    0x08000bbc   0x00000018   Code   RO          675    i.ADC_InjectedSequencerLengthConfig  stm32f10x_adc.o
    0x08000bd4   0x0000000a   Code   RO          677    i.ADC_ResetCalibration  stm32f10x_adc.o
    0x08000bde   0x00000014   Code   RO          678    i.ADC_SetInjectedOffset  stm32f10x_adc.o
    0x08000bf2   0x00000002   PAD
    0x08000bf4   0x0000003c   Code   RO          510    i.AS5048_Init       as5048a.o
    0x08000c30   0x00000080   Code   RO          571    i.Anti_Park_Calc    svpwm.o
    0x08000cb0   0x00000038   Code   RO          260    i.Board_ALL_Init    board.o
    0x08000ce8   0x00000004   Code   RO            1    i.BusFault_Handler  stm32f10x_it.o
    0x08000cec   0x00000016   Code   RO          338    i.Cycle_Time_Init   time.o
    0x08000d02   0x00000002   PAD
    0x08000d04   0x00000044   Code   RO          498    i.DRV8305_Init      drv8305.o
    0x08000d48   0x00000002   Code   RO            2    i.DebugMon_Handler  stm32f10x_it.o
    0x08000d4a   0x00000018   Code   RO          261    i.DelayMs           board.o
    0x08000d62   0x00000018   Code   RO          262    i.DelayUs           board.o
    0x08000d7a   0x00000014   Code   RO         1025    i.GPIO_AFIODeInit   stm32f10x_gpio.o
    0x08000d8e   0x00000116   Code   RO         1031    i.GPIO_Init         stm32f10x_gpio.o
    0x08000ea4   0x00000090   Code   RO         1033    i.GPIO_PinRemapConfig  stm32f10x_gpio.o
    0x08000f34   0x00000004   Code   RO         1038    i.GPIO_ResetBits    stm32f10x_gpio.o
    0x08000f38   0x00000004   Code   RO         1039    i.GPIO_SetBits      stm32f10x_gpio.o
    0x08000f3c   0x00000034   Code   RO          263    i.GetSysTime_us     board.o
    0x08000f70   0x00000070   Code   RO          339    i.Get_Cycle_T       time.o
    0x08000fe0   0x00000004   Code   RO            3    i.HardFault_Handler  stm32f10x_it.o
    0x08000fe4   0x0000002c   Code   RO          308    i.LED_Configuration  key.o
    0x08001010   0x00000004   Code   RO            4    i.MemManage_Handler  stm32f10x_it.o
    0x08001014   0x00000002   Code   RO            5    i.NMI_Handler       stm32f10x_it.o
    0x08001016   0x00000002   PAD
    0x08001018   0x00000070   Code   RO          612    i.NVIC_Init         misc.o
    0x08001088   0x00000014   Code   RO          613    i.NVIC_PriorityGroupConfig  misc.o
    0x0800109c   0x00000002   Code   RO            6    i.PendSV_Handler    stm32f10x_it.o
    0x0800109e   0x00000002   PAD
    0x080010a0   0x000001c0   Code   RO          469    i.Protect_AdcInit   adc.o
    0x08001260   0x00000018   Code   RO         1139    i.RCC_ADCCLKConfig  stm32f10x_rcc.o
    0x08001278   0x00000020   Code   RO         1141    i.RCC_APB1PeriphClockCmd  stm32f10x_rcc.o
    0x08001298   0x00000020   Code   RO         1142    i.RCC_APB1PeriphResetCmd  stm32f10x_rcc.o
    0x080012b8   0x00000020   Code   RO         1143    i.RCC_APB2PeriphClockCmd  stm32f10x_rcc.o
    0x080012d8   0x00000020   Code   RO         1144    i.RCC_APB2PeriphResetCmd  stm32f10x_rcc.o
    0x080012f8   0x000000d4   Code   RO         1151    i.RCC_GetClocksFreq  stm32f10x_rcc.o
    0x080013cc   0x000000a4   Code   RO          408    i.SPI1_Init         spi1.o
    0x08001470   0x00000034   Code   RO          409    i.SPI1_ReadWriteByte  spi1.o
    0x080014a4   0x00000088   Code   RO          431    i.SPI2_Init         spi2.o
    0x0800152c   0x00000034   Code   RO          432    i.SPI2_ReadWrite16Bit  spi2.o
    0x08001560   0x00000018   Code   RO         2372    i.SPI_Cmd           stm32f10x_spi.o
    0x08001578   0x00000012   Code   RO         2380    i.SPI_I2S_GetFlagStatus  stm32f10x_spi.o
    0x0800158a   0x00000006   Code   RO         2383    i.SPI_I2S_ReceiveData  stm32f10x_spi.o
    0x08001590   0x00000004   Code   RO         2384    i.SPI_I2S_SendData  stm32f10x_spi.o
    0x08001594   0x0000003c   Code   RO         2385    i.SPI_Init          stm32f10x_spi.o
    0x080015d0   0x00000002   Code   RO            7    i.SVC_Handler       stm32f10x_it.o
    0x080015d2   0x00000008   Code   RO         2519    i.SetSysClock       system_stm32f10x.o
    0x080015da   0x00000002   PAD
    0x080015dc   0x000000e0   Code   RO         2520    i.SetSysClockTo72   system_stm32f10x.o
    0x080016bc   0x000005a0   Code   RO          572    i.Svpwm_Module      svpwm.o
    0x08001c5c   0x00000028   Code   RO          616    i.SysTick_CLKSourceConfig  misc.o
    0x08001c84   0x00000074   Code   RO          264    i.SysTick_Configuration  board.o
    0x08001cf8   0x00000060   Code   RO            8    i.SysTick_Handler   stm32f10x_it.o
    0x08001d58   0x00000060   Code   RO         2522    i.SystemInit        system_stm32f10x.o
    0x08001db8   0x0000006a   Code   RO          203    i.TDT_Loop          schedule.o
    0x08001e22   0x0000000c   Code   RO          204    i.TDT_Loop_10000Hz  schedule.o
    0x08001e2e   0x0000000c   Code   RO          205    i.TDT_Loop_1000Hz   schedule.o
    0x08001e3a   0x0000000c   Code   RO          206    i.TDT_Loop_100Hz    schedule.o
    0x08001e46   0x00000002   Code   RO          207    i.TDT_Loop_200Hz    schedule.o
    0x08001e48   0x0000002c   Code   RO          208    i.TDT_Loop_20Hz     schedule.o
    0x08001e74   0x0000000c   Code   RO          209    i.TDT_Loop_500Hz    schedule.o
    0x08001e80   0x00000002   Code   RO          210    i.TDT_Loop_50Hz     schedule.o
    0x08001e82   0x00000002   PAD
    0x08001e84   0x00000210   Code   RO          449    i.TIM1_Init         tim1.o
    0x08002094   0x00000040   Code   RO          450    i.TIM1_UP_IRQHandler  tim1.o
    0x080020d4   0x00000020   Code   RO         1344    i.TIM_BDTRConfig    stm32f10x_tim.o
    0x080020f4   0x00000006   Code   RO         1349    i.TIM_ClearFlag     stm32f10x_tim.o
    0x080020fa   0x00000006   Code   RO         1350    i.TIM_ClearITPendingBit  stm32f10x_tim.o
    0x08002100   0x00000018   Code   RO         1355    i.TIM_Cmd           stm32f10x_tim.o
    0x08002118   0x000001e8   Code   RO         1360    i.TIM_DeInit        stm32f10x_tim.o
    0x08002300   0x00000004   Code   RO         1369    i.TIM_GenerateEvent  stm32f10x_tim.o
    0x08002304   0x00000022   Code   RO         1376    i.TIM_GetITStatus   stm32f10x_tim.o
    0x08002326   0x00000012   Code   RO         1380    i.TIM_ITConfig      stm32f10x_tim.o
    0x08002338   0x00000098   Code   RO         1384    i.TIM_OC1Init       stm32f10x_tim.o
    0x080023d0   0x00000012   Code   RO         1387    i.TIM_OC1PreloadConfig  stm32f10x_tim.o
    0x080023e2   0x00000002   PAD
    0x080023e4   0x000000a4   Code   RO         1389    i.TIM_OC2Init       stm32f10x_tim.o
    0x08002488   0x0000001a   Code   RO         1392    i.TIM_OC2PreloadConfig  stm32f10x_tim.o
    0x080024a2   0x00000002   PAD
    0x080024a4   0x000000a0   Code   RO         1394    i.TIM_OC3Init       stm32f10x_tim.o
    0x08002544   0x00000012   Code   RO         1397    i.TIM_OC3PreloadConfig  stm32f10x_tim.o
    0x08002556   0x00000002   PAD
    0x08002558   0x0000007c   Code   RO         1399    i.TIM_OC4Init       stm32f10x_tim.o
    0x080025d4   0x0000001a   Code   RO         1401    i.TIM_OC4PreloadConfig  stm32f10x_tim.o
    0x080025ee   0x00000012   Code   RO         1412    i.TIM_SelectOutputTrigger  stm32f10x_tim.o
    0x08002600   0x000000a4   Code   RO         1426    i.TIM_TimeBaseInit  stm32f10x_tim.o
    0x080026a4   0x00000004   Code   RO            9    i.UsageFault_Handler  stm32f10x_it.o
    0x080026a8   0x0000000e   Code   RO         2674    i.__scatterload_copy  mc_w.l(handlers.o)
    0x080026b6   0x00000002   Code   RO         2675    i.__scatterload_null  mc_w.l(handlers.o)
    0x080026b8   0x0000000e   Code   RO         2676    i.__scatterload_zeroinit  mc_w.l(handlers.o)
    0x080026c6   0x00000002   PAD
    0x080026c8   0x00000034   Code   RO          512    i.as5048_singelread_angle  as5048a.o
    0x080026fc   0x00000048   Code   RO          188    i.main              main.o
    0x08002744   0x00000020   Data   RO         2672    Region$$Table       anon$$obj.o


    Execution Region RW_IRAM1 (Base: 0x20000000, Size: 0x00003e38, Max: 0x00005000, ABSOLUTE, COMPRESSED[0x00003620])

    Base Addr    Size         Type   Attr      Idx    E Section Name        Object

    0x20000000   0x00000010   Data   RW          189    .data               main.o
    0x20000010   0x00000005   Data   RW          211    .data               schedule.o
    0x20000015   0x00000003   PAD
    0x20000018   0x0000000c   Data   RW          266    .data               board.o
    0x20000024   0x00000008   Data   RW          471    .data               adc.o
    0x2000002c   0x00003868   Data   RW          544    .data               model_ident.o
    0x20003894   0x00000024   Data   RW          573    .data               svpwm.o
    0x200038b8   0x00000014   Data   RW         1171    .data               stm32f10x_rcc.o
    0x200038cc   0x0000000e   Zero   RW           10    .bss                stm32f10x_it.o
    0x200038da   0x00000002   PAD
    0x200038dc   0x00000014   Zero   RW          265    .bss                board.o
    0x200038f0   0x00000078   Zero   RW          340    .bss                time.o
    0x20003968   0x0000001c   Zero   RW          470    .bss                adc.o
    0x20003984   0x00000028   Zero   RW          513    .bss                as5048a.o
    0x200039ac   0x00000088   Zero   RW          599    .bss                foc.o
    0x20003a34   0x00000004   PAD
    0x20003a38   0x00000400   Zero   RW         2511    STACK               startup_stm32f10x_md.o


==============================================================================

Image component sizes


      Code (inc. data)   RO Data    RW Data    ZI Data      Debug   Object Name

       736         54          0          8         28       2275   adc.o
       112         16          0          0         40       1940   as5048a.o
       272         24          0         12         20      18225   board.o
        68          4          0          0          0        487   drv8305.o
         0          0          0          0        136       1190   foc.o
        44          4          0          0          0        472   key.o
        72         14          0         16          0        806   main.o
       172         22          0          0          0       1905   misc.o
         0          0          0      14440          0       3026   model_ident.o
       202         10          0          5          0       4178   schedule.o
       216         16          0          0          0       1101   spi1.o
       188         14          0          0          0       1090   spi2.o
        36          8        236          0       1024        840   startup_stm32f10x_md.o
       600         24          0          0          0      11744   stm32f10x_adc.o
       450          6          0          0          0       4132   stm32f10x_gpio.o
       120         12          0          0         14     265506   stm32f10x_it.o
       364         50          0         20          0       5843   stm32f10x_rcc.o
       112          0          0          0          0       3594   stm32f10x_spi.o
      1482        156          0          0          0      11038   stm32f10x_tim.o
      1568         86          0         36          0       2159   svpwm.o
       328         28          0          0          0       1925   system_stm32f10x.o
       592         28          0          0          0       1445   tim1.o
       134          8          0          0        120       1446   time.o

    ----------------------------------------------------------------------
      7888        584        268      14540       1388     346367   Object Totals
         0          0         32          0          0          0   (incl. Generated)
        20          0          0          3          6          0   (incl. Padding)

    ----------------------------------------------------------------------

      Code (inc. data)   RO Data    RW Data    ZI Data      Debug   Library Member Name

        94          0          0          0          0          0   __dclz77c.o
         0          0          0          0          0          0   entry.o
         0          0          0          0          0          0   entry10a.o
         0          0          0          0          0          0   entry11a.o
         8          4          0          0          0          0   entry2.o
         4          0          0          0          0          0   entry5.o
         0          0          0          0          0          0   entry7b.o
         0          0          0          0          0          0   entry8b.o
         8          4          0          0          0          0   entry9a.o
        30          0          0          0          0          0   handlers.o
        36          8          0          0          0         68   init.o
         0          0          0          0          0          0   iusefp.o
        30          0          0          0          0         68   llshl.o
        36          0          0          0          0         68   llsshr.o
        32          0          0          0          0         68   llushr.o
       334          0          0          0          0        148   dadd.o
       222          0          0          0          0        100   ddiv.o
       186          0          0          0          0        176   depilogue.o
        62          0          0          0          0         80   dfixi.o
        26          0          0          0          0         76   dfltui.o
       228          0          0          0          0         96   dmul.o
       176          0          0          0          0        140   fadd.o
       124          0          0          0          0         88   fdiv.o
       110          0          0          0          0        168   fepilogue.o
        50          0          0          0          0         68   ffixi.o
        18          0          0          0          0         68   fflti.o
        10          0          0          0          0         68   ffltui.o
       100          0          0          0          0         76   fmul.o

    ----------------------------------------------------------------------
      1928         16          0          0          0       1624   Library Totals
         4          0          0          0          0          0   (incl. Padding)

    ----------------------------------------------------------------------

      Code (inc. data)   RO Data    RW Data    ZI Data      Debug   Library Name

       278         16          0          0          0        272   mc_w.l
      1646          0          0          0          0       1352   mf_w.l

    ----------------------------------------------------------------------
      1928         16          0          0          0       1624   Library Totals

    ----------------------------------------------------------------------

==============================================================================


      Code (inc. data)   RO Data    RW Data    ZI Data      Debug   

      9816        600        268      14540       1388     342659   Grand Totals
      9816        600        268      13856       1388     342659   ELF Image Totals (compressed)
      9816        600        268      13856          0          0   ROM Totals

==============================================================================

    Total RO  Size (Code + RO Data)                10084 (   9.85kB)
    Total RW  Size (RW Data + ZI Data)             15928 (  15.55kB)
    Total ROM Size (Code + RO Data + RW Data)      23940 (  23.38kB)

==============================================================================

